**********************
Início da transcrição do Windows PowerShell
Hora de início: 20260727101857
Nome de Usuário: CAPUTTI_TECH\peter
Executar como Usuário: CAPUTTI_TECH\peter
Nome da Configuração: 
Computador: CAPUTTI_TECH (Microsoft Windows NT 10.0.26200.0)
Aplicativo Host: C:\Windows\System32\WindowsPowerShell\v1.0\powershell.exe -noexit -command try { . "c:\Users\peter\AppData\Local\Programs\Microsoft VS Code\1b6a188127\resources\app\out\vs\workbench\contrib\terminal\common\scripts\shellIntegration.ps1" } catch {}
ID do Processo: 28588
PSVersion: 5.1.26100.8894
PSEdition: Desktop
PSCompatibleVersions: 1.0, 2.0, 3.0, 4.0, 5.0, 5.1.26100.8894
BuildVersion: 10.0.26100.8894
CLRVersion: 4.0.30319.42000
WSManStackVersion: 3.0
PSRemotingProtocolVersion: 2.3
SerializationVersion: 1.1.0.1
**********************
[2026-07-27 10:18:57.474] [INFO] Início da simulação. Nenhuma operação de gravação será executada.
[2026-07-27 10:18:57.479] [INFO] Datasource: 01SSRV305.ECSC.ECORODOVIAS.CORP:ecorodovias-pw-01
[2026-07-27 10:18:57.481] [INFO] Usuário: admin
[2026-07-27 10:18:57.482] [INFO] Pesquisa: Scripts\Docs_projetista
[2026-07-27 10:18:57.482] [INFO] Limite local: nenhum; todos os resultados da pesquisa serão analisados.
[2026-07-27 10:18:57.483] [INFO] Arquivo de log: C:\Users\peter\OneDrive - Grupo Ecorodovias\Área de Trabalho\Scritps_novos\Logs\DevolveDocumentosProjetista_Simulacao_20260727_101857.log
[2026-07-27 10:18:57.483] [INFO] Iniciando login lógico no ProjectWise.
[2026-07-27 10:19:03.346] [INFO] Login no ProjectWise concluído.
[2026-07-27 10:19:03.350] [INFO] Iniciando consulta da pesquisa 'Scripts\Docs_projetista'.
