**********************
Início da transcrição do Windows PowerShell
Hora de início: 20260727095751
Nome de Usuário: CAPUTTI_TECH\peter
Executar como Usuário: CAPUTTI_TECH\peter
Nome da Configuração: 
Computador: CAPUTTI_TECH (Microsoft Windows NT 10.0.26200.0)
Aplicativo Host: C:\Windows\System32\WindowsPowerShell\v1.0\powershell.exe -Command try { [Console]::OutputEncoding=[System.Text.Encoding]::UTF8 } catch {}
& '.\DevolveDocumentosProjetista.Simulacao.ps1' -MaxDocuments 50
ID do Processo: 11844
PSVersion: 5.1.26100.8894
PSEdition: Desktop
PSCompatibleVersions: 1.0, 2.0, 3.0, 4.0, 5.0, 5.1.26100.8894
BuildVersion: 10.0.26100.8894
CLRVersion: 4.0.30319.42000
WSManStackVersion: 3.0
PSRemotingProtocolVersion: 2.3
SerializationVersion: 1.1.0.1
**********************
[2026-07-27 09:57:51.778] [INFO] Início da simulação. Nenhuma operação de gravação será executada.
[2026-07-27 09:57:51.784] [INFO] Datasource: 01SSRV305.ECSC.ECORODOVIAS.CORP:ecorodovias-pw-01
[2026-07-27 09:57:51.785] [INFO] Usuário: admin
[2026-07-27 09:57:51.786] [INFO] Pesquisa: Scripts\Docs_projetista
[2026-07-27 09:57:51.787] [INFO] Limite local: 50 documento(s)
[2026-07-27 09:57:51.787] [INFO] Arquivo de log: C:\Users\peter\OneDrive - Grupo Ecorodovias\Área de Trabalho\Scritps_novos\Logs\DevolveDocumentosProjetista_Simulacao_20260727_095751.log
[2026-07-27 09:57:51.789] [INFO] Iniciando login lógico no ProjectWise.
[2026-07-27 09:57:58.000] [INFO] Login no ProjectWise concluído.
[2026-07-27 09:57:58.006] [INFO] Iniciando consulta da pesquisa 'Scripts\Docs_projetista'.
[2026-07-27 09:58:41.318] [INFO] Tempo total da consulta: 00:00:43.
[2026-07-27 09:58:41.321] [INFO] Consulta concluída. Itens recebidos pelo simulador: 51.
[2026-07-27 09:58:41.325] [AVISO] A pesquisa possui mais de 50 documentos. A simulação considerará somente os primeiros 50.
[2026-07-27 09:58:41.325] [INFO] Agrupando documentos por Unidade e Projeto.
[2026-07-27 09:58:41.367] [INFO] Total de grupos encontrados: 1.
[2026-07-27 09:58:41.371] [INFO] Analisando grupo 'GRD-COM-ECNO-02.04.03.02.03' com 50 documento(s).
[2026-07-27 09:58:41.628] [INFO] Grupo 'GRD-COM-ECNO-02.04.03.02.03': GRD prevista 'GRD-COM-ECNO-02.04.03.02.03-0000001'; environment 'dmsGRDRetornoARTESP'; destino 'Engenharia\Ecovias Noroeste Paulista\Projetos\02.04.03.02.03\Area de Transferencia\Saida'.

[2026-07-27 09:58:41.644] [INFO] SIMULAÇÃO CONCLUÍDA — nenhuma pasta ou documento foi alterado.
[2026-07-27 09:58:41.645] [INFO] Documentos considerados: 50 (limite configurado: 50).

Grupo                       GRDPrevista                         Documento EstadoAtual             EstadoPrevisto
-----                       -----------                         --------- -----------             --------------
GRD-COM-ECNO-02.04.03.02.03 GRD-COM-ECNO-02.04.03.02.03-0000001           Emitido pela Engenharia Emitido pela Engen...
GRD-COM-ECNO-02.04.03.02.03 GRD-COM-ECNO-02.04.03.02.03-0000001           Emitido pela Engenharia Emitido pela Engen...
GRD-COM-ECNO-02.04.03.02.03 GRD-COM-ECNO-02.04.03.02.03-0000001           Emitido pela Engenharia Emitido pela Engen...
GRD-COM-ECNO-02.04.03.02.03 GRD-COM-ECNO-02.04.03.02.03-0000001           Emitido pela Engenharia Emitido pela Engen...
GRD-COM-ECNO-02.04.03.02.03 GRD-COM-ECNO-02.04.03.02.03-0000001           Emitido pela Engenharia Emitido pela Engen...
GRD-COM-ECNO-02.04.03.02.03 GRD-COM-ECNO-02.04.03.02.03-0000001           Emitido pela Engenharia Emitido pela Engen...
GRD-COM-ECNO-02.04.03.02.03 GRD-COM-ECNO-02.04.03.02.03-0000001           Emitido pela Engenharia Emitido pela Engen...
GRD-COM-ECNO-02.04.03.02.03 GRD-COM-ECNO-02.04.03.02.03-0000001           Emitido pela Engenharia Emitido pela Engen...
GRD-COM-ECNO-02.04.03.02.03 GRD-COM-ECNO-02.04.03.02.03-0000001           Emitido pela Engenharia Emitido pela Engen...
GRD-COM-ECNO-02.04.03.02.03 GRD-COM-ECNO-02.04.03.02.03-0000001           Emitido pela Engenharia Emitido pela Engen...
GRD-COM-ECNO-02.04.03.02.03 GRD-COM-ECNO-02.04.03.02.03-0000001           Emitido pela Engenharia Emitido pela Engen...
GRD-COM-ECNO-02.04.03.02.03 GRD-COM-ECNO-02.04.03.02.03-0000001           Emitido pela Engenharia Emitido pela Engen...
GRD-COM-ECNO-02.04.03.02.03 GRD-COM-ECNO-02.04.03.02.03-0000001           Emitido pela Engenharia Emitido pela Engen...
GRD-COM-ECNO-02.04.03.02.03 GRD-COM-ECNO-02.04.03.02.03-0000001           Emitido pela Engenharia Emitido pela Engen...
GRD-COM-ECNO-02.04.03.02.03 GRD-COM-ECNO-02.04.03.02.03-0000001           Emitido pela Engenharia Emitido pela Engen...
GRD-COM-ECNO-02.04.03.02.03 GRD-COM-ECNO-02.04.03.02.03-0000001           Emitido pela Engenharia Emitido pela Engen...
GRD-COM-ECNO-02.04.03.02.03 GRD-COM-ECNO-02.04.03.02.03-0000001           Emitido pela Engenharia Emitido pela Engen...
GRD-COM-ECNO-02.04.03.02.03 GRD-COM-ECNO-02.04.03.02.03-0000001           Emitido pela Engenharia Emitido pela Engen...
GRD-COM-ECNO-02.04.03.02.03 GRD-COM-ECNO-02.04.03.02.03-0000001           Emitido pela Engenharia Emitido pela Engen...
GRD-COM-ECNO-02.04.03.02.03 GRD-COM-ECNO-02.04.03.02.03-0000001           Emitido pela Engenharia Emitido pela Engen...
GRD-COM-ECNO-02.04.03.02.03 GRD-COM-ECNO-02.04.03.02.03-0000001           Emitido pela Engenharia Emitido pela Engen...
GRD-COM-ECNO-02.04.03.02.03 GRD-COM-ECNO-02.04.03.02.03-0000001           Emitido pela Engenharia Emitido pela Engen...
GRD-COM-ECNO-02.04.03.02.03 GRD-COM-ECNO-02.04.03.02.03-0000001           Emitido pela Engenharia Emitido pela Engen...
GRD-COM-ECNO-02.04.03.02.03 GRD-COM-ECNO-02.04.03.02.03-0000001           Emitido pela Engenharia Emitido pela Engen...
GRD-COM-ECNO-02.04.03.02.03 GRD-COM-ECNO-02.04.03.02.03-0000001           Emitido pela Engenharia Emitido pela Engen...
GRD-COM-ECNO-02.04.03.02.03 GRD-COM-ECNO-02.04.03.02.03-0000001           Emitido pela Engenharia Emitido pela Engen...
GRD-COM-ECNO-02.04.03.02.03 GRD-COM-ECNO-02.04.03.02.03-0000001           Emitido pela Engenharia Emitido pela Engen...
GRD-COM-ECNO-02.04.03.02.03 GRD-COM-ECNO-02.04.03.02.03-0000001           Emitido pela Engenharia Emitido pela Engen...
GRD-COM-ECNO-02.04.03.02.03 GRD-COM-ECNO-02.04.03.02.03-0000001           Emitido pela Engenharia Emitido pela Engen...
GRD-COM-ECNO-02.04.03.02.03 GRD-COM-ECNO-02.04.03.02.03-0000001           Emitido pela Engenharia Emitido pela Engen...
GRD-COM-ECNO-02.04.03.02.03 GRD-COM-ECNO-02.04.03.02.03-0000001           Emitido pela Engenharia Emitido pela Engen...
GRD-COM-ECNO-02.04.03.02.03 GRD-COM-ECNO-02.04.03.02.03-0000001           Emitido pela Engenharia Emitido pela Engen...
GRD-COM-ECNO-02.04.03.02.03 GRD-COM-ECNO-02.04.03.02.03-0000001           Emitido pela Engenharia Emitido pela Engen...
GRD-COM-ECNO-02.04.03.02.03 GRD-COM-ECNO-02.04.03.02.03-0000001           Emitido pela Engenharia Emitido pela Engen...
GRD-COM-ECNO-02.04.03.02.03 GRD-COM-ECNO-02.04.03.02.03-0000001           Emitido pela Engenharia Emitido pela Engen...
GRD-COM-ECNO-02.04.03.02.03 GRD-COM-ECNO-02.04.03.02.03-0000001           Emitido pela Engenharia Emitido pela Engen...
GRD-COM-ECNO-02.04.03.02.03 GRD-COM-ECNO-02.04.03.02.03-0000001           Emitido pela Engenharia Emitido pela Engen...
GRD-COM-ECNO-02.04.03.02.03 GRD-COM-ECNO-02.04.03.02.03-0000001           Emitido pela Engenharia Emitido pela Engen...
GRD-COM-ECNO-02.04.03.02.03 GRD-COM-ECNO-02.04.03.02.03-0000001           Emitido pela Engenharia Emitido pela Engen...
GRD-COM-ECNO-02.04.03.02.03 GRD-COM-ECNO-02.04.03.02.03-0000001           Emitido pela Engenharia Emitido pela Engen...
GRD-COM-ECNO-02.04.03.02.03 GRD-COM-ECNO-02.04.03.02.03-0000001           Emitido pela Engenharia Emitido pela Engen...
GRD-COM-ECNO-02.04.03.02.03 GRD-COM-ECNO-02.04.03.02.03-0000001           Emitido pela Engenharia Emitido pela Engen...
GRD-COM-ECNO-02.04.03.02.03 GRD-COM-ECNO-02.04.03.02.03-0000001           Emitido pela Engenharia Emitido pela Engen...
GRD-COM-ECNO-02.04.03.02.03 GRD-COM-ECNO-02.04.03.02.03-0000001           Emitido pela Engenharia Emitido pela Engen...
GRD-COM-ECNO-02.04.03.02.03 GRD-COM-ECNO-02.04.03.02.03-0000001           Emitido pela Engenharia Emitido pela Engen...
GRD-COM-ECNO-02.04.03.02.03 GRD-COM-ECNO-02.04.03.02.03-0000001           Emitido pela Engenharia Emitido pela Engen...
GRD-COM-ECNO-02.04.03.02.03 GRD-COM-ECNO-02.04.03.02.03-0000001           Emitido pela Engenharia Emitido pela Engen...
GRD-COM-ECNO-02.04.03.02.03 GRD-COM-ECNO-02.04.03.02.03-0000001           Emitido pela Engenharia Emitido pela Engen...
GRD-COM-ECNO-02.04.03.02.03 GRD-COM-ECNO-02.04.03.02.03-0000001           Emitido pela Engenharia Emitido pela Engen...
GRD-COM-ECNO-02.04.03.02.03 GRD-COM-ECNO-02.04.03.02.03-0000001           Emitido pela Engenharia Emitido pela Engen...



Resumo:

Grupo                       GRDPrevista                         Documentos Copiados Ignorados
-----                       -----------                         ---------- -------- ---------
GRD-COM-ECNO-02.04.03.02.03 GRD-COM-ECNO-02.04.03.02.03-0000001          0        0         0


[2026-07-27 09:58:41.735] [INFO] Encerrando login no ProjectWise.
[2026-07-27 09:58:41.819] [INFO] Logout concluído.
[2026-07-27 09:58:41.820] [INFO] Fim da execução. Log: C:\Users\peter\OneDrive - Grupo Ecorodovias\Área de Trabalho\Scritps_novos\Logs\DevolveDocumentosProjetista_Simulacao_20260727_095751.log
**********************
Fim da transcrição do Windows PowerShell
Hora de término: 20260727095841
**********************
