**********************
Início da transcrição do Windows PowerShell
Hora de início: 20260727094619
Nome de Usuário: CAPUTTI_TECH\peter
Executar como Usuário: CAPUTTI_TECH\peter
Nome da Configuração: 
Computador: CAPUTTI_TECH (Microsoft Windows NT 10.0.26200.0)
Aplicativo Host: C:\Windows\System32\WindowsPowerShell\v1.0\powershell.exe -Command try { [Console]::OutputEncoding=[System.Text.Encoding]::UTF8 } catch {}
$scriptPath=(Resolve-Path -LiteralPath '.\DevolveDocumentosProjetista.Simulacao.ps1').Path; $content=[System.IO.File]::ReadAllText($scriptPath); [System.IO.File]::WriteAllText($scriptPath,$content,[System.Text.UTF8Encoding]::new($true)); $errors=$null; [void][System.Management.Automation.Language.Parser]::ParseFile($scriptPath,[ref]$null,[ref]$errors); if($errors.Count){$errors|Format-List *; exit 1}; Push-Location 'C:\'; try { & $scriptPath -SomenteTestarLogin } finally { Pop-Location }
ID do Processo: 3964
PSVersion: 5.1.26100.8894
PSEdition: Desktop
PSCompatibleVersions: 1.0, 2.0, 3.0, 4.0, 5.0, 5.1.26100.8894
BuildVersion: 10.0.26100.8894
CLRVersion: 4.0.30319.42000
WSManStackVersion: 3.0
PSRemotingProtocolVersion: 2.3
SerializationVersion: 1.1.0.1
**********************
[2026-07-27 09:46:19.805] [INFO] Início da simulação. Nenhuma operação de gravação será executada.
[2026-07-27 09:46:19.811] [INFO] Datasource: 01SSRV305.ECSC.ECORODOVIAS.CORP:ecorodovias-pw-01
[2026-07-27 09:46:19.812] [INFO] Usuário: admin
[2026-07-27 09:46:19.813] [INFO] Pesquisa: Scripts\Docs_projetista
[2026-07-27 09:46:19.814] [INFO] Limite local: 50 documento(s)
[2026-07-27 09:46:19.815] [INFO] Arquivo de log: C:\Users\peter\OneDrive - Grupo Ecorodovias\Área de Trabalho\Scritps_novos\Logs\DevolveDocumentosProjetista_Simulacao_20260727_094619.log
[2026-07-27 09:46:19.817] [INFO] Iniciando login lógico no ProjectWise.
[2026-07-27 09:46:25.846] [INFO] Login no ProjectWise concluído.
[2026-07-27 09:46:25.850] [INFO] Teste de login concluído. A pesquisa não será executada.
[2026-07-27 09:46:25.851] [INFO] Encerrando login no ProjectWise.
[2026-07-27 09:46:25.952] [INFO] Logout concluído.
[2026-07-27 09:46:25.953] [INFO] Fim da execução. Log: C:\Users\peter\OneDrive - Grupo Ecorodovias\Área de Trabalho\Scritps_novos\Logs\DevolveDocumentosProjetista_Simulacao_20260727_094619.log
**********************
Fim da transcrição do Windows PowerShell
Hora de término: 20260727094625
**********************
