**********************
Início da transcrição do Windows PowerShell
Hora de início: 20260727101518
Nome de Usuário: CAPUTTI_TECH\peter
Executar como Usuário: CAPUTTI_TECH\peter
Nome da Configuração: 
Computador: CAPUTTI_TECH (Microsoft Windows NT 10.0.26200.0)
Aplicativo Host: C:\Windows\System32\WindowsPowerShell\v1.0\powershell.exe -noexit -command try { . "c:\Users\peter\AppData\Local\Programs\Microsoft VS Code\1b6a188127\resources\app\out\vs\workbench\contrib\terminal\common\scripts\shellIntegration.ps1" } catch {}
ID do Processo: 12652
PSVersion: 5.1.26100.8894
PSEdition: Desktop
PSCompatibleVersions: 1.0, 2.0, 3.0, 4.0, 5.0, 5.1.26100.8894
BuildVersion: 10.0.26100.8894
CLRVersion: 4.0.30319.42000
WSManStackVersion: 3.0
PSRemotingProtocolVersion: 2.3
SerializationVersion: 1.1.0.1
**********************
[2026-07-27 10:15:18.408] [INFO] Início da simulação. Nenhuma operação de gravação será executada.
[2026-07-27 10:15:18.410] [INFO] Datasource: 01SSRV305.ECSC.ECORODOVIAS.CORP:ecorodovias-pw-01
[2026-07-27 10:15:18.410] [INFO] Usuário: admin
[2026-07-27 10:15:18.411] [INFO] Pesquisa: Scripts\Docs_projetista
[2026-07-27 10:15:18.412] [INFO] Limite local: nenhum; todos os resultados da pesquisa serão analisados.
[2026-07-27 10:15:18.412] [INFO] Arquivo de log: C:\Users\peter\OneDrive - Grupo Ecorodovias\Área de Trabalho\Scritps_novos\Logs\DevolveDocumentosProjetista_Simulacao_20260727_101518.log
[2026-07-27 10:15:18.413] [INFO] Iniciando login lógico no ProjectWise.
[2026-07-27 10:15:20.518] [INFO] Login no ProjectWise concluído.
[2026-07-27 10:15:20.519] [INFO] Iniciando consulta da pesquisa 'Scripts\Docs_projetista'.
[2026-07-27 10:16:00.599] [INFO] Tempo total da consulta: 00:00:40.
[2026-07-27 10:16:00.600] [INFO] Consulta concluída. Itens recebidos pelo simulador: 373.
[2026-07-27 10:16:00.603] [INFO] Agrupando documentos por Unidade e Projeto.
[2026-07-27 10:16:00.647] [INFO] Total de grupos encontrados: 3.
[2026-07-27 10:16:00.652] [INFO] Analisando grupo 'GRD-COM-ECNO-02.04.03.02.03' com 125 documento(s).
[2026-07-27 10:16:00.958] [INFO] Grupo 'GRD-COM-ECNO-02.04.03.02.03': GRD prevista 'GRD-COM-ECNO-02.04.03.02.03-0000001'; environment 'dmsGRDRetornoARTESP'; destino 'Engenharia\Ecovias Noroeste Paulista\Projetos\02.04.03.02.03\Area de Transferencia\Saida'.
[2026-07-27 10:16:00.977] [INFO] Analisando grupo 'GRD-COM-ECNO-02.04.03.02.02' com 68 documento(s).
[2026-07-27 10:16:01.188] [INFO] Grupo 'GRD-COM-ECNO-02.04.03.02.02': GRD prevista 'GRD-COM-ECNO-02.04.03.02.02-0000001'; environment 'dmsGRDRetornoARTESP'; destino 'Engenharia\Ecovias Noroeste Paulista\Projetos\02.04.03.02.02\Area de Transferencia\Saida'.
[2026-07-27 10:16:01.193] [INFO] Analisando grupo 'GRD-COM-ECNO-02.04.03.02.04' com 180 documento(s).
[2026-07-27 10:16:01.542] [INFO] Grupo 'GRD-COM-ECNO-02.04.03.02.04': GRD prevista 'GRD-COM-ECNO-02.04.03.02.04-0000001'; environment 'dmsGRDRetornoARTESP'; destino 'Engenharia\Ecovias Noroeste Paulista\Projetos\02.04.03.02.04\Area de Transferencia\Saida'.

[2026-07-27 10:16:01.554] [INFO] SIMULAÇÃO CONCLUÍDA — nenhuma pasta ou documento foi alterado.
[2026-07-27 10:16:01.555] [INFO] Documentos considerados: 373 (pesquisa completa).

Grupo                       GRDPrevista                         Documento                                  EstadoAtual             E
                                                                                                                                   s
                                                                                                                                   t
                                                                                                                                   a
                                                                                                                                   d
                                                                                                                                   o
                                                                                                                                   P
                                                                                                                                   r
                                                                                                                                   e
                                                                                                                                   v
                                                                                                                                   i
                                                                                                                                   s
                                                                                                                                   t
                                                                                                                                   o
-----                       -----------                         ---------                                  -----------             -
GRD-COM-ECNO-02.04.03.02.03 GRD-COM-ECNO-02.04.03.02.03-0000001 CL-SP0000326-293.380-531-F01-001-R00a.docx Emitido pela Engenharia E
GRD-COM-ECNO-02.04.03.02.03 GRD-COM-ECNO-02.04.03.02.03-0000001 CL-SP0000326-293.380-531-F01-001-R00a.pdf  Emitido pela Engenharia E
GRD-COM-ECNO-02.04.03.02.03 GRD-COM-ECNO-02.04.03.02.03-0000001 CL-SP0000326-293.380-531-F01-001-R00a.xlsx Emitido pela Engenharia E
GRD-COM-ECNO-02.04.03.02.03 GRD-COM-ECNO-02.04.03.02.03-0000001 DE-SP0000326-293.380-531-F01-016-R02a.dwg  Emitido pela Engenharia E
GRD-COM-ECNO-02.04.03.02.03 GRD-COM-ECNO-02.04.03.02.03-0000001 DE-SP0000326-293.380-531-F01-001-R02a.pdf  Emitido pela Engenharia E
GRD-COM-ECNO-02.04.03.02.03 GRD-COM-ECNO-02.04.03.02.03-0000001 DE-SP0000326-293.380-531-F01-059-R02a.dwg  Emitido pela Engenharia E
GRD-COM-ECNO-02.04.03.02.03 GRD-COM-ECNO-02.04.03.02.03-0000001 DE-SP0000326-293.380-531-F01-009-R02a.dwg  Emitido pela Engenharia E
GRD-COM-ECNO-02.04.03.02.03 GRD-COM-ECNO-02.04.03.02.03-0000001 DE-SP0000326-293.380-531-F01-017-R02a.dwg  Emitido pela Engenharia E
GRD-COM-ECNO-02.04.03.02.03 GRD-COM-ECNO-02.04.03.02.03-0000001 DE-SP0000326-293.380-531-F01-057-R02a.dwg  Emitido pela Engenharia E
GRD-COM-ECNO-02.04.03.02.03 GRD-COM-ECNO-02.04.03.02.03-0000001 DE-SP0000326-293.380-531-F01-042-R02a.pdf  Emitido pela Engenharia E
GRD-COM-ECNO-02.04.03.02.03 GRD-COM-ECNO-02.04.03.02.03-0000001 DE-SP0000326-293.380-531-F01-025-R02a.dwg  Emitido pela Engenharia E
GRD-COM-ECNO-02.04.03.02.03 GRD-COM-ECNO-02.04.03.02.03-0000001 DE-SP0000326-293.380-531-F01-049-R02a.dwg  Emitido pela Engenharia E
GRD-COM-ECNO-02.04.03.02.03 GRD-COM-ECNO-02.04.03.02.03-0000001 DE-SP0000326-293.380-531-F01-003-R02a.dwg  Emitido pela Engenharia E
GRD-COM-ECNO-02.04.03.02.03 GRD-COM-ECNO-02.04.03.02.03-0000001 DE-SP0000326-293.380-531-F01-024-R02a.dwg  Emitido pela Engenharia E
GRD-COM-ECNO-02.04.03.02.03 GRD-COM-ECNO-02.04.03.02.03-0000001 DE-SP0000326-293.380-531-F01-026-R02a.pdf  Emitido pela Engenharia E
GRD-COM-ECNO-02.04.03.02.03 GRD-COM-ECNO-02.04.03.02.03-0000001 DE-SP0000326-293.380-531-F01-004-R02a.pdf  Emitido pela Engenharia E
GRD-COM-ECNO-02.04.03.02.03 GRD-COM-ECNO-02.04.03.02.03-0000001 DE-SP0000326-293.380-531-F01-043-R02a.dwg  Emitido pela Engenharia E
GRD-COM-ECNO-02.04.03.02.03 GRD-COM-ECNO-02.04.03.02.03-0000001 DE-SP0000326-293.380-531-F01-043-R02a.pdf  Emitido pela Engenharia E
GRD-COM-ECNO-02.04.03.02.03 GRD-COM-ECNO-02.04.03.02.03-0000001 DE-SP0000326-293.380-531-F01-012-R02a.pdf  Emitido pela Engenharia E
GRD-COM-ECNO-02.04.03.02.03 GRD-COM-ECNO-02.04.03.02.03-0000001 DE-SP0000326-293.380-531-F01-006-R02a.pdf  Emitido pela Engenharia E
GRD-COM-ECNO-02.04.03.02.03 GRD-COM-ECNO-02.04.03.02.03-0000001 DE-SP0000326-293.380-531-F01-020-R02a.pdf  Emitido pela Engenharia E
GRD-COM-ECNO-02.04.03.02.03 GRD-COM-ECNO-02.04.03.02.03-0000001 DE-SP0000326-293.380-531-F01-060-R01a.dwg  Emitido pela Engenharia E
GRD-COM-ECNO-02.04.03.02.03 GRD-COM-ECNO-02.04.03.02.03-0000001 DE-SP0000326-293.380-531-F01-055-R02a.pdf  Emitido pela Engenharia E
GRD-COM-ECNO-02.04.03.02.03 GRD-COM-ECNO-02.04.03.02.03-0000001 DE-SP0000326-293.380-531-F01-055-R02a.dwg  Emitido pela Engenharia E
GRD-COM-ECNO-02.04.03.02.03 GRD-COM-ECNO-02.04.03.02.03-0000001 DE-SP0000326-293.380-531-F01-002-R02a.dwg  Emitido pela Engenharia E
GRD-COM-ECNO-02.04.03.02.03 GRD-COM-ECNO-02.04.03.02.03-0000001 DE-SP0000326-293.380-531-F01-036-R02a.dwg  Emitido pela Engenharia E
GRD-COM-ECNO-02.04.03.02.03 GRD-COM-ECNO-02.04.03.02.03-0000001 DE-SP0000326-293.380-531-F01-001-R02a.dwg  Emitido pela Engenharia E
GRD-COM-ECNO-02.04.03.02.03 GRD-COM-ECNO-02.04.03.02.03-0000001 DE-SP0000326-293.380-531-F01-011-R02a.dwg  Emitido pela Engenharia E
GRD-COM-ECNO-02.04.03.02.03 GRD-COM-ECNO-02.04.03.02.03-0000001 DE-SP0000326-293.380-531-F01-005-R02a.pdf  Emitido pela Engenharia E
GRD-COM-ECNO-02.04.03.02.03 GRD-COM-ECNO-02.04.03.02.03-0000001 DE-SP0000326-293.380-531-F01-056-R02a.dwg  Emitido pela Engenharia E
GRD-COM-ECNO-02.04.03.02.03 GRD-COM-ECNO-02.04.03.02.03-0000001 DE-SP0000326-293.380-531-F01-029-R02a.dwg  Emitido pela Engenharia E
GRD-COM-ECNO-02.04.03.02.03 GRD-COM-ECNO-02.04.03.02.03-0000001 DE-SP0000326-293.380-531-F01-033-R02a.pdf  Emitido pela Engenharia E
GRD-COM-ECNO-02.04.03.02.03 GRD-COM-ECNO-02.04.03.02.03-0000001 DE-SP0000326-293.380-531-F01-035-R02a.dwg  Emitido pela Engenharia E
GRD-COM-ECNO-02.04.03.02.03 GRD-COM-ECNO-02.04.03.02.03-0000001 DE-SP0000326-293.380-531-F01-034-R02a.dwg  Emitido pela Engenharia E
GRD-COM-ECNO-02.04.03.02.03 GRD-COM-ECNO-02.04.03.02.03-0000001 DE-SP0000326-293.380-531-F01-005-R02a.dwg  Emitido pela Engenharia E
GRD-COM-ECNO-02.04.03.02.03 GRD-COM-ECNO-02.04.03.02.03-0000001 DE-SP0000326-293.380-531-F01-007-R02a.pdf  Emitido pela Engenharia E
GRD-COM-ECNO-02.04.03.02.03 GRD-COM-ECNO-02.04.03.02.03-0000001 DE-SP0000326-293.380-531-F01-016-R02a.pdf  Emitido pela Engenharia E
GRD-COM-ECNO-02.04.03.02.03 GRD-COM-ECNO-02.04.03.02.03-0000001 DE-SP0000326-293.380-531-F01-029-R02a.pdf  Emitido pela Engenharia E
GRD-COM-ECNO-02.04.03.02.03 GRD-COM-ECNO-02.04.03.02.03-0000001 DE-SP0000326-293.380-531-F01-059-R02a.pdf  Emitido pela Engenharia E
GRD-COM-ECNO-02.04.03.02.03 GRD-COM-ECNO-02.04.03.02.03-0000001 DE-SP0000326-293.380-531-F01-008-R02a.pdf  Emitido pela Engenharia E
GRD-COM-ECNO-02.04.03.02.03 GRD-COM-ECNO-02.04.03.02.03-0000001 DE-SP0000326-293.380-531-F01-046-R02a.pdf  Emitido pela Engenharia E
GRD-COM-ECNO-02.04.03.02.03 GRD-COM-ECNO-02.04.03.02.03-0000001 DE-SP0000326-293.380-531-F01-003-R02a.pdf  Emitido pela Engenharia E
GRD-COM-ECNO-02.04.03.02.03 GRD-COM-ECNO-02.04.03.02.03-0000001 DE-SP0000326-293.380-531-F01-042-R02a.dwg  Emitido pela Engenharia E
GRD-COM-ECNO-02.04.03.02.03 GRD-COM-ECNO-02.04.03.02.03-0000001 DE-SP0000326-293.380-531-F01-022-R02a.dwg  Emitido pela Engenharia E
GRD-COM-ECNO-02.04.03.02.03 GRD-COM-ECNO-02.04.03.02.03-0000001 DE-SP0000326-293.380-531-F01-022-R02a.pdf  Emitido pela Engenharia E
GRD-COM-ECNO-02.04.03.02.03 GRD-COM-ECNO-02.04.03.02.03-0000001 DE-SP0000326-293.380-531-F01-018-R02a.dwg  Emitido pela Engenharia E
GRD-COM-ECNO-02.04.03.02.03 GRD-COM-ECNO-02.04.03.02.03-0000001 DE-SP0000326-293.380-531-F01-057-R02a.pdf  Emitido pela Engenharia E
GRD-COM-ECNO-02.04.03.02.03 GRD-COM-ECNO-02.04.03.02.03-0000001 DE-SP0000326-293.380-531-F01-026-R02a.dwg  Emitido pela Engenharia E
GRD-COM-ECNO-02.04.03.02.03 GRD-COM-ECNO-02.04.03.02.03-0000001 DE-SP0000326-293.380-531-F01-037-R02a.pdf  Emitido pela Engenharia E
GRD-COM-ECNO-02.04.03.02.03 GRD-COM-ECNO-02.04.03.02.03-0000001 DE-SP0000326-293.380-531-F01-019-R02a.pdf  Emitido pela Engenharia E
GRD-COM-ECNO-02.04.03.02.03 GRD-COM-ECNO-02.04.03.02.03-0000001 DE-SP0000326-293.380-531-F01-041-R02a.pdf  Emitido pela Engenharia E
GRD-COM-ECNO-02.04.03.02.03 GRD-COM-ECNO-02.04.03.02.03-0000001 DE-SP0000326-293.380-531-F01-021-R02a.dwg  Emitido pela Engenharia E
GRD-COM-ECNO-02.04.03.02.03 GRD-COM-ECNO-02.04.03.02.03-0000001 DE-SP0000326-293.380-531-F01-034-R02a.pdf  Emitido pela Engenharia E
GRD-COM-ECNO-02.04.03.02.03 GRD-COM-ECNO-02.04.03.02.03-0000001 DE-SP0000326-293.380-531-F01-046-R02a.dwg  Emitido pela Engenharia E
GRD-COM-ECNO-02.04.03.02.03 GRD-COM-ECNO-02.04.03.02.03-0000001 DE-SP0000326-293.380-531-F01-054-R02a.dwg  Emitido pela Engenharia E
GRD-COM-ECNO-02.04.03.02.03 GRD-COM-ECNO-02.04.03.02.03-0000001 DE-SP0000326-293.380-531-F01-007-R02a.dwg  Emitido pela Engenharia E
GRD-COM-ECNO-02.04.03.02.03 GRD-COM-ECNO-02.04.03.02.03-0000001 DE-SP0000326-293.380-531-F01-038-R02a.pdf  Emitido pela Engenharia E
GRD-COM-ECNO-02.04.03.02.03 GRD-COM-ECNO-02.04.03.02.03-0000001 DE-SP0000326-293.380-531-F01-021-R02a.pdf  Emitido pela Engenharia E
GRD-COM-ECNO-02.04.03.02.03 GRD-COM-ECNO-02.04.03.02.03-0000001 DE-SP0000326-293.380-531-F01-008-R02a.dwg  Emitido pela Engenharia E
GRD-COM-ECNO-02.04.03.02.03 GRD-COM-ECNO-02.04.03.02.03-0000001 DE-SP0000326-293.380-531-F01-025-R02a.pdf  Emitido pela Engenharia E
GRD-COM-ECNO-02.04.03.02.03 GRD-COM-ECNO-02.04.03.02.03-0000001 DE-SP0000326-293.380-531-F01-038-R02a.dwg  Emitido pela Engenharia E
GRD-COM-ECNO-02.04.03.02.03 GRD-COM-ECNO-02.04.03.02.03-0000001 DE-SP0000326-293.380-531-F01-058-R02a.pdf  Emitido pela Engenharia E
GRD-COM-ECNO-02.04.03.02.03 GRD-COM-ECNO-02.04.03.02.03-0000001 DE-SP0000326-293.380-531-F01-051-R02a.pdf  Emitido pela Engenharia E
GRD-COM-ECNO-02.04.03.02.03 GRD-COM-ECNO-02.04.03.02.03-0000001 DE-SP0000326-293.380-531-F01-051-R02a.dwg  Emitido pela Engenharia E
GRD-COM-ECNO-02.04.03.02.03 GRD-COM-ECNO-02.04.03.02.03-0000001 DE-SP0000326-293.380-531-F01-044-R02a.pdf  Emitido pela Engenharia E
GRD-COM-ECNO-02.04.03.02.03 GRD-COM-ECNO-02.04.03.02.03-0000001 DE-SP0000326-293.380-531-F01-023-R02a.pdf  Emitido pela Engenharia E
GRD-COM-ECNO-02.04.03.02.03 GRD-COM-ECNO-02.04.03.02.03-0000001 DE-SP0000326-293.380-531-F01-032-R02a.pdf  Emitido pela Engenharia E
GRD-COM-ECNO-02.04.03.02.03 GRD-COM-ECNO-02.04.03.02.03-0000001 DE-SP0000326-293.380-531-F01-030-R02a.pdf  Emitido pela Engenharia E
GRD-COM-ECNO-02.04.03.02.03 GRD-COM-ECNO-02.04.03.02.03-0000001 DE-SP0000326-293.380-531-F01-015-R02a.dwg  Emitido pela Engenharia E
GRD-COM-ECNO-02.04.03.02.03 GRD-COM-ECNO-02.04.03.02.03-0000001 DE-SP0000326-293.380-531-F01-011-R02a.pdf  Emitido pela Engenharia E
GRD-COM-ECNO-02.04.03.02.03 GRD-COM-ECNO-02.04.03.02.03-0000001 DE-SP0000326-293.380-531-F01-040-R02a.pdf  Emitido pela Engenharia E
GRD-COM-ECNO-02.04.03.02.03 GRD-COM-ECNO-02.04.03.02.03-0000001 DE-SP0000326-293.380-531-F01-013-R02a.dwg  Emitido pela Engenharia E
GRD-COM-ECNO-02.04.03.02.03 GRD-COM-ECNO-02.04.03.02.03-0000001 DE-SP0000326-293.380-531-F01-024-R02a.pdf  Emitido pela Engenharia E
GRD-COM-ECNO-02.04.03.02.03 GRD-COM-ECNO-02.04.03.02.03-0000001 DE-SP0000326-293.380-531-F01-036-R02a.pdf  Emitido pela Engenharia E
GRD-COM-ECNO-02.04.03.02.03 GRD-COM-ECNO-02.04.03.02.03-0000001 DE-SP0000326-293.380-531-F01-054-R02a.pdf  Emitido pela Engenharia E
GRD-COM-ECNO-02.04.03.02.03 GRD-COM-ECNO-02.04.03.02.03-0000001 RT-SP0000326-293.380-531-F01-001-R03a.docx Emitido pela Engenharia E
GRD-COM-ECNO-02.04.03.02.03 GRD-COM-ECNO-02.04.03.02.03-0000001 DE-SP0000326-293.380-531-F01-039-R02a.pdf  Emitido pela Engenharia E
GRD-COM-ECNO-02.04.03.02.03 GRD-COM-ECNO-02.04.03.02.03-0000001 DE-SP0000326-293.380-531-F01-050-R02a.dwg  Emitido pela Engenharia E
GRD-COM-ECNO-02.04.03.02.03 GRD-COM-ECNO-02.04.03.02.03-0000001 DE-SP0000326-293.380-531-F01-028-R02a.pdf  Emitido pela Engenharia E
GRD-COM-ECNO-02.04.03.02.03 GRD-COM-ECNO-02.04.03.02.03-0000001 DE-SP0000326-293.380-531-F01-052-R02a.pdf  Emitido pela Engenharia E
GRD-COM-ECNO-02.04.03.02.03 GRD-COM-ECNO-02.04.03.02.03-0000001 DE-SP0000326-293.380-531-F01-013-R02a.pdf  Emitido pela Engenharia E
GRD-COM-ECNO-02.04.03.02.03 GRD-COM-ECNO-02.04.03.02.03-0000001 DE-SP0000326-293.380-531-F01-010-R02a.pdf  Emitido pela Engenharia E
GRD-COM-ECNO-02.04.03.02.03 GRD-COM-ECNO-02.04.03.02.03-0000001 DE-SP0000326-293.380-531-F01-028-R02a.dwg  Emitido pela Engenharia E
GRD-COM-ECNO-02.04.03.02.03 GRD-COM-ECNO-02.04.03.02.03-0000001 DE-SP0000326-293.380-531-F01-045-R02a.pdf  Emitido pela Engenharia E
GRD-COM-ECNO-02.04.03.02.03 GRD-COM-ECNO-02.04.03.02.03-0000001 DE-SP0000326-293.380-531-F01-060-R01a.pdf  Emitido pela Engenharia E
GRD-COM-ECNO-02.04.03.02.03 GRD-COM-ECNO-02.04.03.02.03-0000001 DE-SP0000326-293.380-531-F01-012-R02a.dwg  Emitido pela Engenharia E
GRD-COM-ECNO-02.04.03.02.03 GRD-COM-ECNO-02.04.03.02.03-0000001 DE-SP0000326-293.380-531-F01-010-R02a.dwg  Emitido pela Engenharia E
GRD-COM-ECNO-02.04.03.02.03 GRD-COM-ECNO-02.04.03.02.03-0000001 RT-SP0000326-293.380-531-F01-001-R03a.pdf  Emitido pela Engenharia E
GRD-COM-ECNO-02.04.03.02.03 GRD-COM-ECNO-02.04.03.02.03-0000001 DE-SP0000326-293.380-531-F01-009-R02a.pdf  Emitido pela Engenharia E
GRD-COM-ECNO-02.04.03.02.03 GRD-COM-ECNO-02.04.03.02.03-0000001 DE-SP0000326-293.380-531-F01-027-R02a.dwg  Emitido pela Engenharia E
GRD-COM-ECNO-02.04.03.02.03 GRD-COM-ECNO-02.04.03.02.03-0000001 DE-SP0000326-293.380-531-F01-002-R02a.pdf  Emitido pela Engenharia E
GRD-COM-ECNO-02.04.03.02.03 GRD-COM-ECNO-02.04.03.02.03-0000001 DE-SP0000326-293.380-531-F01-031-R02a.dwg  Emitido pela Engenharia E
GRD-COM-ECNO-02.04.03.02.03 GRD-COM-ECNO-02.04.03.02.03-0000001 DE-SP0000326-293.380-531-F01-020-R02a.dwg  Emitido pela Engenharia E
GRD-COM-ECNO-02.04.03.02.03 GRD-COM-ECNO-02.04.03.02.03-0000001 DE-SP0000326-293.380-531-F01-023-R02a.dwg  Emitido pela Engenharia E
GRD-COM-ECNO-02.04.03.02.03 GRD-COM-ECNO-02.04.03.02.03-0000001 DE-SP0000326-293.380-531-F01-049-R02a.pdf  Emitido pela Engenharia E
GRD-COM-ECNO-02.04.03.02.03 GRD-COM-ECNO-02.04.03.02.03-0000001 DE-SP0000326-293.380-531-F01-033-R02a.dwg  Emitido pela Engenharia E
GRD-COM-ECNO-02.04.03.02.03 GRD-COM-ECNO-02.04.03.02.03-0000001 DE-SP0000326-293.380-531-F01-052-R02a.dwg  Emitido pela Engenharia E
GRD-COM-ECNO-02.04.03.02.03 GRD-COM-ECNO-02.04.03.02.03-0000001 DE-SP0000326-293.380-531-F01-039-R02a.dwg  Emitido pela Engenharia E
GRD-COM-ECNO-02.04.03.02.03 GRD-COM-ECNO-02.04.03.02.03-0000001 DE-SP0000326-293.380-531-F01-048-R02a.dwg  Emitido pela Engenharia E
GRD-COM-ECNO-02.04.03.02.03 GRD-COM-ECNO-02.04.03.02.03-0000001 DE-SP0000326-293.380-531-F01-040-R02a.dwg  Emitido pela Engenharia E
GRD-COM-ECNO-02.04.03.02.03 GRD-COM-ECNO-02.04.03.02.03-0000001 DE-SP0000326-293.380-531-F01-047-R02a.dwg  Emitido pela Engenharia E
GRD-COM-ECNO-02.04.03.02.03 GRD-COM-ECNO-02.04.03.02.03-0000001 DE-SP0000326-293.380-531-F01-027-R02a.pdf  Emitido pela Engenharia E
GRD-COM-ECNO-02.04.03.02.03 GRD-COM-ECNO-02.04.03.02.03-0000001 DE-SP0000326-293.380-531-F01-006-R02a.dwg  Emitido pela Engenharia E
GRD-COM-ECNO-02.04.03.02.03 GRD-COM-ECNO-02.04.03.02.03-0000001 DE-SP0000326-293.380-531-F01-045-R02a.dwg  Emitido pela Engenharia E
GRD-COM-ECNO-02.04.03.02.03 GRD-COM-ECNO-02.04.03.02.03-0000001 DE-SP0000326-293.380-531-F01-053-R02a.dwg  Emitido pela Engenharia E
GRD-COM-ECNO-02.04.03.02.03 GRD-COM-ECNO-02.04.03.02.03-0000001 DE-SP0000326-293.380-531-F01-056-R02a.pdf  Emitido pela Engenharia E
GRD-COM-ECNO-02.04.03.02.03 GRD-COM-ECNO-02.04.03.02.03-0000001 DE-SP0000326-293.380-531-F01-058-R02a.dwg  Emitido pela Engenharia E
GRD-COM-ECNO-02.04.03.02.03 GRD-COM-ECNO-02.04.03.02.03-0000001 DE-SP0000326-293.380-531-F01-015-R02a.pdf  Emitido pela Engenharia E
GRD-COM-ECNO-02.04.03.02.03 GRD-COM-ECNO-02.04.03.02.03-0000001 DE-SP0000326-293.380-531-F01-047-R02a.pdf  Emitido pela Engenharia E
GRD-COM-ECNO-02.04.03.02.03 GRD-COM-ECNO-02.04.03.02.03-0000001 DE-SP0000326-293.380-531-F01-014-R02a.pdf  Emitido pela Engenharia E
GRD-COM-ECNO-02.04.03.02.03 GRD-COM-ECNO-02.04.03.02.03-0000001 DE-SP0000326-293.380-531-F01-035-R02a.pdf  Emitido pela Engenharia E
GRD-COM-ECNO-02.04.03.02.03 GRD-COM-ECNO-02.04.03.02.03-0000001 DE-SP0000326-293.380-531-F01-048-R02a.pdf  Emitido pela Engenharia E
GRD-COM-ECNO-02.04.03.02.03 GRD-COM-ECNO-02.04.03.02.03-0000001 DE-SP0000326-293.380-531-F01-044-R02a.dwg  Emitido pela Engenharia E
GRD-COM-ECNO-02.04.03.02.03 GRD-COM-ECNO-02.04.03.02.03-0000001 DE-SP0000326-293.380-531-F01-037-R02a.dwg  Emitido pela Engenharia E
GRD-COM-ECNO-02.04.03.02.03 GRD-COM-ECNO-02.04.03.02.03-0000001 DE-SP0000326-293.380-531-F01-053-R02a.pdf  Emitido pela Engenharia E
GRD-COM-ECNO-02.04.03.02.03 GRD-COM-ECNO-02.04.03.02.03-0000001 DE-SP0000326-293.380-531-F01-031-R02a.pdf  Emitido pela Engenharia E
GRD-COM-ECNO-02.04.03.02.03 GRD-COM-ECNO-02.04.03.02.03-0000001 DE-SP0000326-293.380-531-F01-030-R02a.dwg  Emitido pela Engenharia E
GRD-COM-ECNO-02.04.03.02.03 GRD-COM-ECNO-02.04.03.02.03-0000001 DE-SP0000326-293.380-531-F01-050-R02a.pdf  Emitido pela Engenharia E
GRD-COM-ECNO-02.04.03.02.03 GRD-COM-ECNO-02.04.03.02.03-0000001 DE-SP0000326-293.380-531-F01-017-R02a.pdf  Emitido pela Engenharia E
GRD-COM-ECNO-02.04.03.02.03 GRD-COM-ECNO-02.04.03.02.03-0000001 DE-SP0000326-293.380-531-F01-032-R02a.dwg  Emitido pela Engenharia E
GRD-COM-ECNO-02.04.03.02.03 GRD-COM-ECNO-02.04.03.02.03-0000001 DE-SP0000326-293.380-531-F01-019-R02a.dwg  Emitido pela Engenharia E
GRD-COM-ECNO-02.04.03.02.03 GRD-COM-ECNO-02.04.03.02.03-0000001 DE-SP0000326-293.380-531-F01-014-R02a.dwg  Emitido pela Engenharia E
GRD-COM-ECNO-02.04.03.02.03 GRD-COM-ECNO-02.04.03.02.03-0000001 DE-SP0000326-293.380-531-F01-018-R02a.pdf  Emitido pela Engenharia E
GRD-COM-ECNO-02.04.03.02.03 GRD-COM-ECNO-02.04.03.02.03-0000001 DE-SP0000326-293.380-531-F01-004-R02a.dwg  Emitido pela Engenharia E
GRD-COM-ECNO-02.04.03.02.03 GRD-COM-ECNO-02.04.03.02.03-0000001 DE-SP0000326-293.380-531-F01-041-R02a.dwg  Emitido pela Engenharia E
GRD-COM-ECNO-02.04.03.02.02 GRD-COM-ECNO-02.04.03.02.02-0000001 RT-SP0000323-000.046-531-F01-001-R00a.docx Emitido pela Engenharia E
GRD-COM-ECNO-02.04.03.02.02 GRD-COM-ECNO-02.04.03.02.02-0000001 RT-SP0000323-000.046-531-F01-001-R00a.pdf  Emitido pela Engenharia E
GRD-COM-ECNO-02.04.03.02.02 GRD-COM-ECNO-02.04.03.02.02-0000001 DE-SP0000323-000.046-531-F01-014-R00a.dwg  Emitido pela Engenharia E
GRD-COM-ECNO-02.04.03.02.02 GRD-COM-ECNO-02.04.03.02.02-0000001 DE-SP0000323-000.046-531-F01-030-R00a.pdf  Emitido pela Engenharia E
GRD-COM-ECNO-02.04.03.02.02 GRD-COM-ECNO-02.04.03.02.02-0000001 DE-SP0000323-000.046-531-F01-025-R00a.dwg  Emitido pela Engenharia E
GRD-COM-ECNO-02.04.03.02.02 GRD-COM-ECNO-02.04.03.02.02-0000001 DE-SP0000323-000.046-531-F01-020-R00a.dwg  Emitido pela Engenharia E
GRD-COM-ECNO-02.04.03.02.02 GRD-COM-ECNO-02.04.03.02.02-0000001 DE-SP0000323-000.046-531-F01-031-R00a.pdf  Emitido pela Engenharia E
GRD-COM-ECNO-02.04.03.02.02 GRD-COM-ECNO-02.04.03.02.02-0000001 DE-SP0000323-000.046-531-F01-010-R00a.dwg  Emitido pela Engenharia E
GRD-COM-ECNO-02.04.03.02.02 GRD-COM-ECNO-02.04.03.02.02-0000001 DE-SP0000323-000.046-531-F01-003-R00a.pdf  Emitido pela Engenharia E
GRD-COM-ECNO-02.04.03.02.02 GRD-COM-ECNO-02.04.03.02.02-0000001 DE-SP0000323-000.046-531-F01-004-R00a.dwg  Emitido pela Engenharia E
GRD-COM-ECNO-02.04.03.02.02 GRD-COM-ECNO-02.04.03.02.02-0000001 DE-SP0000323-000.046-531-F01-003-R00a.dwg  Emitido pela Engenharia E
GRD-COM-ECNO-02.04.03.02.02 GRD-COM-ECNO-02.04.03.02.02-0000001 DE-SP0000323-000.046-531-F01-002-R00a.pdf  Emitido pela Engenharia E
GRD-COM-ECNO-02.04.03.02.02 GRD-COM-ECNO-02.04.03.02.02-0000001 DE-SP0000323-000.046-531-F01-020-R00a.pdf  Emitido pela Engenharia E
GRD-COM-ECNO-02.04.03.02.02 GRD-COM-ECNO-02.04.03.02.02-0000001 DE-SP0000323-000.046-531-F01-015-R00a.dwg  Emitido pela Engenharia E
GRD-COM-ECNO-02.04.03.02.02 GRD-COM-ECNO-02.04.03.02.02-0000001 DE-SP0000323-000.046-531-F01-030-R00a.dwg  Emitido pela Engenharia E
GRD-COM-ECNO-02.04.03.02.02 GRD-COM-ECNO-02.04.03.02.02-0000001 DE-SP0000323-000.046-531-F01-011-R00a.dwg  Emitido pela Engenharia E
GRD-COM-ECNO-02.04.03.02.02 GRD-COM-ECNO-02.04.03.02.02-0000001 DE-SP0000323-000.046-531-F01-024-R00a.pdf  Emitido pela Engenharia E
GRD-COM-ECNO-02.04.03.02.02 GRD-COM-ECNO-02.04.03.02.02-0000001 DE-SP0000323-000.046-531-F01-022-R00a.dwg  Emitido pela Engenharia E
GRD-COM-ECNO-02.04.03.02.02 GRD-COM-ECNO-02.04.03.02.02-0000001 DE-SP0000323-000.046-531-F01-016-R00a.dwg  Emitido pela Engenharia E
GRD-COM-ECNO-02.04.03.02.02 GRD-COM-ECNO-02.04.03.02.02-0000001 DE-SP0000323-000.046-531-F01-019-R00a.pdf  Emitido pela Engenharia E
GRD-COM-ECNO-02.04.03.02.02 GRD-COM-ECNO-02.04.03.02.02-0000001 DE-SP0000323-000.046-531-F01-016-R00a.pdf  Emitido pela Engenharia E
GRD-COM-ECNO-02.04.03.02.02 GRD-COM-ECNO-02.04.03.02.02-0000001 DE-SP0000323-000.046-531-F01-001-R00a.dwg  Emitido pela Engenharia E
GRD-COM-ECNO-02.04.03.02.02 GRD-COM-ECNO-02.04.03.02.02-0000001 DE-SP0000323-000.046-531-F01-029-R00a.pdf  Emitido pela Engenharia E
GRD-COM-ECNO-02.04.03.02.02 GRD-COM-ECNO-02.04.03.02.02-0000001 DE-SP0000323-000.046-531-F01-009-R00a.dwg  Emitido pela Engenharia E
GRD-COM-ECNO-02.04.03.02.02 GRD-COM-ECNO-02.04.03.02.02-0000001 DE-SP0000323-000.046-531-F01-029-R00a.dwg  Emitido pela Engenharia E
GRD-COM-ECNO-02.04.03.02.02 GRD-COM-ECNO-02.04.03.02.02-0000001 DE-SP0000323-000.046-531-F01-018-R00a.pdf  Emitido pela Engenharia E
GRD-COM-ECNO-02.04.03.02.02 GRD-COM-ECNO-02.04.03.02.02-0000001 DE-SP0000323-000.046-531-F01-014-R00a.pdf  Emitido pela Engenharia E
GRD-COM-ECNO-02.04.03.02.02 GRD-COM-ECNO-02.04.03.02.02-0000001 DE-SP0000323-000.046-531-F01-026-R00a.pdf  Emitido pela Engenharia E
GRD-COM-ECNO-02.04.03.02.02 GRD-COM-ECNO-02.04.03.02.02-0000001 DE-SP0000323-000.046-531-F01-023-R00a.pdf  Emitido pela Engenharia E
GRD-COM-ECNO-02.04.03.02.02 GRD-COM-ECNO-02.04.03.02.02-0000001 DE-SP0000323-000.046-531-F01-018-R00a.dwg  Emitido pela Engenharia E
GRD-COM-ECNO-02.04.03.02.02 GRD-COM-ECNO-02.04.03.02.02-0000001 DE-SP0000323-000.046-531-F01-027-R00a.pdf  Emitido pela Engenharia E
GRD-COM-ECNO-02.04.03.02.02 GRD-COM-ECNO-02.04.03.02.02-0000001 DE-SP0000323-000.046-531-F01-031-R00a.dwg  Emitido pela Engenharia E
GRD-COM-ECNO-02.04.03.02.02 GRD-COM-ECNO-02.04.03.02.02-0000001 DE-SP0000323-000.046-531-F01-010-R00a.pdf  Emitido pela Engenharia E
GRD-COM-ECNO-02.04.03.02.02 GRD-COM-ECNO-02.04.03.02.02-0000001 DE-SP0000323-000.046-531-F01-012-R00a.dwg  Emitido pela Engenharia E
GRD-COM-ECNO-02.04.03.02.02 GRD-COM-ECNO-02.04.03.02.02-0000001 DE-SP0000323-000.046-531-F01-002-R00a.dwg  Emitido pela Engenharia E
GRD-COM-ECNO-02.04.03.02.02 GRD-COM-ECNO-02.04.03.02.02-0000001 DE-SP0000323-000.046-531-F01-024-R00a.dwg  Emitido pela Engenharia E
GRD-COM-ECNO-02.04.03.02.02 GRD-COM-ECNO-02.04.03.02.02-0000001 DE-SP0000323-000.046-531-F01-023-R00a.dwg  Emitido pela Engenharia E
GRD-COM-ECNO-02.04.03.02.02 GRD-COM-ECNO-02.04.03.02.02-0000001 DE-SP0000323-000.046-531-F01-032-R00a.pdf  Emitido pela Engenharia E
GRD-COM-ECNO-02.04.03.02.02 GRD-COM-ECNO-02.04.03.02.02-0000001 DE-SP0000323-000.046-531-F01-005-R00a.pdf  Emitido pela Engenharia E
GRD-COM-ECNO-02.04.03.02.02 GRD-COM-ECNO-02.04.03.02.02-0000001 DE-SP0000323-000.046-531-F01-028-R00a.dwg  Emitido pela Engenharia E
GRD-COM-ECNO-02.04.03.02.02 GRD-COM-ECNO-02.04.03.02.02-0000001 DE-SP0000323-000.046-531-F01-007-R00a.pdf  Emitido pela Engenharia E
GRD-COM-ECNO-02.04.03.02.02 GRD-COM-ECNO-02.04.03.02.02-0000001 CL-SP0000323-000.046-531-F01-001-R00a.xlsx Emitido pela Engenharia E
GRD-COM-ECNO-02.04.03.02.02 GRD-COM-ECNO-02.04.03.02.02-0000001 DE-SP0000323-000.046-531-F01-005-R00a.dwg  Emitido pela Engenharia E
GRD-COM-ECNO-02.04.03.02.02 GRD-COM-ECNO-02.04.03.02.02-0000001 DE-SP0000323-000.046-531-F01-011-R00a.pdf  Emitido pela Engenharia E
GRD-COM-ECNO-02.04.03.02.02 GRD-COM-ECNO-02.04.03.02.02-0000001 DE-SP0000323-000.046-531-F01-028-R00a.pdf  Emitido pela Engenharia E
GRD-COM-ECNO-02.04.03.02.02 GRD-COM-ECNO-02.04.03.02.02-0000001 DE-SP0000323-000.046-531-F01-013-R00a.dwg  Emitido pela Engenharia E
GRD-COM-ECNO-02.04.03.02.02 GRD-COM-ECNO-02.04.03.02.02-0000001 DE-SP0000323-000.046-531-F01-022-R00a.pdf  Emitido pela Engenharia E
GRD-COM-ECNO-02.04.03.02.02 GRD-COM-ECNO-02.04.03.02.02-0000001 DE-SP0000323-000.046-531-F01-021-R00a.dwg  Emitido pela Engenharia E
GRD-COM-ECNO-02.04.03.02.02 GRD-COM-ECNO-02.04.03.02.02-0000001 DE-SP0000323-000.046-531-F01-017-R00a.dwg  Emitido pela Engenharia E
GRD-COM-ECNO-02.04.03.02.02 GRD-COM-ECNO-02.04.03.02.02-0000001 DE-SP0000323-000.046-531-F01-025-R00a.pdf  Emitido pela Engenharia E
GRD-COM-ECNO-02.04.03.02.02 GRD-COM-ECNO-02.04.03.02.02-0000001 DE-SP0000323-000.046-531-F01-008-R00a.dwg  Emitido pela Engenharia E
GRD-COM-ECNO-02.04.03.02.02 GRD-COM-ECNO-02.04.03.02.02-0000001 DE-SP0000323-000.046-531-F01-026-R00a.dwg  Emitido pela Engenharia E
GRD-COM-ECNO-02.04.03.02.02 GRD-COM-ECNO-02.04.03.02.02-0000001 DE-SP0000323-000.046-531-F01-009-R00a.pdf  Emitido pela Engenharia E
GRD-COM-ECNO-02.04.03.02.02 GRD-COM-ECNO-02.04.03.02.02-0000001 DE-SP0000323-000.046-531-F01-012-R00a.pdf  Emitido pela Engenharia E
GRD-COM-ECNO-02.04.03.02.02 GRD-COM-ECNO-02.04.03.02.02-0000001 DE-SP0000323-000.046-531-F01-013-R00a.pdf  Emitido pela Engenharia E
GRD-COM-ECNO-02.04.03.02.02 GRD-COM-ECNO-02.04.03.02.02-0000001 CL-SP0000323-000.046-531-F01-001-R00a.pdf  Emitido pela Engenharia E
GRD-COM-ECNO-02.04.03.02.02 GRD-COM-ECNO-02.04.03.02.02-0000001 DE-SP0000323-000.046-531-F01-008-R00a.pdf  Emitido pela Engenharia E
GRD-COM-ECNO-02.04.03.02.02 GRD-COM-ECNO-02.04.03.02.02-0000001 DE-SP0000323-000.046-531-F01-001-R00a.pdf  Emitido pela Engenharia E
GRD-COM-ECNO-02.04.03.02.02 GRD-COM-ECNO-02.04.03.02.02-0000001 DE-SP0000323-000.046-531-F01-015-R00a.pdf  Emitido pela Engenharia E
GRD-COM-ECNO-02.04.03.02.02 GRD-COM-ECNO-02.04.03.02.02-0000001 DE-SP0000323-000.046-531-F01-006-R00a.dwg  Emitido pela Engenharia E
GRD-COM-ECNO-02.04.03.02.02 GRD-COM-ECNO-02.04.03.02.02-0000001 DE-SP0000323-000.046-531-F01-021-R00a.pdf  Emitido pela Engenharia E
GRD-COM-ECNO-02.04.03.02.02 GRD-COM-ECNO-02.04.03.02.02-0000001 DE-SP0000323-000.046-531-F01-007-R00a.dwg  Emitido pela Engenharia E
GRD-COM-ECNO-02.04.03.02.02 GRD-COM-ECNO-02.04.03.02.02-0000001 DE-SP0000323-000.046-531-F01-006-R00a.pdf  Emitido pela Engenharia E
GRD-COM-ECNO-02.04.03.02.02 GRD-COM-ECNO-02.04.03.02.02-0000001 DE-SP0000323-000.046-531-F01-027-R00a.dwg  Emitido pela Engenharia E
GRD-COM-ECNO-02.04.03.02.02 GRD-COM-ECNO-02.04.03.02.02-0000001 DE-SP0000323-000.046-531-F01-004-R00a.pdf  Emitido pela Engenharia E
GRD-COM-ECNO-02.04.03.02.02 GRD-COM-ECNO-02.04.03.02.02-0000001 DE-SP0000323-000.046-531-F01-017-R00a.pdf  Emitido pela Engenharia E
GRD-COM-ECNO-02.04.03.02.02 GRD-COM-ECNO-02.04.03.02.02-0000001 DE-SP0000323-000.046-531-F01-019-R00a.dwg  Emitido pela Engenharia E
GRD-COM-ECNO-02.04.03.02.02 GRD-COM-ECNO-02.04.03.02.02-0000001 DE-SP0000323-000.046-531-F01-032-R00a.dwg  Emitido pela Engenharia E
GRD-COM-ECNO-02.04.03.02.04 GRD-COM-ECNO-02.04.03.02.04-0000001 DE-SP0000333-083.213-631-F01-089-R00a.pdf  Emitido pela Engenharia E
GRD-COM-ECNO-02.04.03.02.04 GRD-COM-ECNO-02.04.03.02.04-0000001 DE-SP0000333-083.213-631-F01-089-R00a.dwg  Emitido pela Engenharia E
GRD-COM-ECNO-02.04.03.02.04 GRD-COM-ECNO-02.04.03.02.04-0000001 DE-SP0000333-083.213-631-F01-034-R01a.pdf  Emitido pela Engenharia E
GRD-COM-ECNO-02.04.03.02.04 GRD-COM-ECNO-02.04.03.02.04-0000001 DE-SP0000333-083.213-631-F01-056-R01a.pdf  Emitido pela Engenharia E
GRD-COM-ECNO-02.04.03.02.04 GRD-COM-ECNO-02.04.03.02.04-0000001 DE-SP0000333-083.213-631-F01-055-R01a.pdf  Emitido pela Engenharia E
GRD-COM-ECNO-02.04.03.02.04 GRD-COM-ECNO-02.04.03.02.04-0000001 DE-SP0000333-083.213-631-F01-035-R01a.pdf  Emitido pela Engenharia E
GRD-COM-ECNO-02.04.03.02.04 GRD-COM-ECNO-02.04.03.02.04-0000001 DE-SP0000333-083.213-631-F01-055-R01a.dwg  Emitido pela Engenharia E
GRD-COM-ECNO-02.04.03.02.04 GRD-COM-ECNO-02.04.03.02.04-0000001 DE-SP0000333-083.213-631-F01-072-R01a.pdf  Emitido pela Engenharia E
GRD-COM-ECNO-02.04.03.02.04 GRD-COM-ECNO-02.04.03.02.04-0000001 DE-SP0000333-083.213-631-F01-018-R01a.pdf  Emitido pela Engenharia E
GRD-COM-ECNO-02.04.03.02.04 GRD-COM-ECNO-02.04.03.02.04-0000001 DE-SP0000333-083.213-631-F01-045-R01a.pdf  Emitido pela Engenharia E
GRD-COM-ECNO-02.04.03.02.04 GRD-COM-ECNO-02.04.03.02.04-0000001 DE-SP0000333-083.213-631-F01-073-R01a.pdf  Emitido pela Engenharia E
GRD-COM-ECNO-02.04.03.02.04 GRD-COM-ECNO-02.04.03.02.04-0000001 DE-SP0000333-083.213-631-F01-066-R01a.dwg  Emitido pela Engenharia E
GRD-COM-ECNO-02.04.03.02.04 GRD-COM-ECNO-02.04.03.02.04-0000001 DE-SP0000333-083.213-631-F01-009-R01a.pdf  Emitido pela Engenharia E
GRD-COM-ECNO-02.04.03.02.04 GRD-COM-ECNO-02.04.03.02.04-0000001 DE-SP0000333-083.213-631-F01-016-R01a.dwg  Emitido pela Engenharia E
GRD-COM-ECNO-02.04.03.02.04 GRD-COM-ECNO-02.04.03.02.04-0000001 DE-SP0000333-083.213-631-F01-005-R01a.pdf  Emitido pela Engenharia E
GRD-COM-ECNO-02.04.03.02.04 GRD-COM-ECNO-02.04.03.02.04-0000001 DE-SP0000333-083.213-631-F01-063-R01a.pdf  Emitido pela Engenharia E
GRD-COM-ECNO-02.04.03.02.04 GRD-COM-ECNO-02.04.03.02.04-0000001 DE-SP0000333-083.213-631-F01-007-R01a.dwg  Emitido pela Engenharia E
GRD-COM-ECNO-02.04.03.02.04 GRD-COM-ECNO-02.04.03.02.04-0000001 DE-SP0000333-083.213-631-F01-079-R01a.pdf  Emitido pela Engenharia E
GRD-COM-ECNO-02.04.03.02.04 GRD-COM-ECNO-02.04.03.02.04-0000001 DE-SP0000333-083.213-631-F01-016-R01a.pdf  Emitido pela Engenharia E
GRD-COM-ECNO-02.04.03.02.04 GRD-COM-ECNO-02.04.03.02.04-0000001 DE-SP0000333-083.213-631-F01-074-R01a.dwg  Emitido pela Engenharia E
GRD-COM-ECNO-02.04.03.02.04 GRD-COM-ECNO-02.04.03.02.04-0000001 DE-SP0000333-083.213-631-F01-012-R01a.pdf  Emitido pela Engenharia E
GRD-COM-ECNO-02.04.03.02.04 GRD-COM-ECNO-02.04.03.02.04-0000001 DE-SP0000333-083.213-631-F01-047-R01a.pdf  Emitido pela Engenharia E
GRD-COM-ECNO-02.04.03.02.04 GRD-COM-ECNO-02.04.03.02.04-0000001 DE-SP0000333-083.213-631-F01-077-R01a.dwg  Emitido pela Engenharia E
GRD-COM-ECNO-02.04.03.02.04 GRD-COM-ECNO-02.04.03.02.04-0000001 DE-SP0000333-083.213-631-F01-088-R01a.dwg  Emitido pela Engenharia E
GRD-COM-ECNO-02.04.03.02.04 GRD-COM-ECNO-02.04.03.02.04-0000001 DE-SP0000333-083.213-631-F01-034-R01a.dwg  Emitido pela Engenharia E
GRD-COM-ECNO-02.04.03.02.04 GRD-COM-ECNO-02.04.03.02.04-0000001 DE-SP0000333-083.213-631-F01-088-R01a.pdf  Emitido pela Engenharia E
GRD-COM-ECNO-02.04.03.02.04 GRD-COM-ECNO-02.04.03.02.04-0000001 DE-SP0000333-083.213-631-F01-086-R01a.dwg  Emitido pela Engenharia E
GRD-COM-ECNO-02.04.03.02.04 GRD-COM-ECNO-02.04.03.02.04-0000001 DE-SP0000333-083.213-631-F01-026-R01a.dwg  Emitido pela Engenharia E
GRD-COM-ECNO-02.04.03.02.04 GRD-COM-ECNO-02.04.03.02.04-0000001 DE-SP0000333-083.213-631-F01-065-R01a.pdf  Emitido pela Engenharia E
GRD-COM-ECNO-02.04.03.02.04 GRD-COM-ECNO-02.04.03.02.04-0000001 DE-SP0000333-083.213-631-F01-033-R01a.dwg  Emitido pela Engenharia E
GRD-COM-ECNO-02.04.03.02.04 GRD-COM-ECNO-02.04.03.02.04-0000001 DE-SP0000333-083.213-631-F01-032-R01a.pdf  Emitido pela Engenharia E
GRD-COM-ECNO-02.04.03.02.04 GRD-COM-ECNO-02.04.03.02.04-0000001 DE-SP0000333-083.213-631-F01-085-R01a.pdf  Emitido pela Engenharia E
GRD-COM-ECNO-02.04.03.02.04 GRD-COM-ECNO-02.04.03.02.04-0000001 DE-SP0000333-083.213-631-F01-061-R01a.dwg  Emitido pela Engenharia E
GRD-COM-ECNO-02.04.03.02.04 GRD-COM-ECNO-02.04.03.02.04-0000001 DE-SP0000333-083.213-631-F01-029-R01a.dwg  Emitido pela Engenharia E
GRD-COM-ECNO-02.04.03.02.04 GRD-COM-ECNO-02.04.03.02.04-0000001 DE-SP0000333-083.213-631-F01-027-R01a.dwg  Emitido pela Engenharia E
GRD-COM-ECNO-02.04.03.02.04 GRD-COM-ECNO-02.04.03.02.04-0000001 DE-SP0000333-083.213-631-F01-027-R01a.pdf  Emitido pela Engenharia E
GRD-COM-ECNO-02.04.03.02.04 GRD-COM-ECNO-02.04.03.02.04-0000001 DE-SP0000333-083.213-631-F01-076-R01a.pdf  Emitido pela Engenharia E
GRD-COM-ECNO-02.04.03.02.04 GRD-COM-ECNO-02.04.03.02.04-0000001 DE-SP0000333-083.213-631-F01-033-R01a.pdf  Emitido pela Engenharia E
GRD-COM-ECNO-02.04.03.02.04 GRD-COM-ECNO-02.04.03.02.04-0000001 DE-SP0000333-083.213-631-F01-062-R01a.dwg  Emitido pela Engenharia E
GRD-COM-ECNO-02.04.03.02.04 GRD-COM-ECNO-02.04.03.02.04-0000001 DE-SP0000333-083.213-631-F01-044-R01a.pdf  Emitido pela Engenharia E
GRD-COM-ECNO-02.04.03.02.04 GRD-COM-ECNO-02.04.03.02.04-0000001 DE-SP0000333-083.213-631-F01-024-R01a.dwg  Emitido pela Engenharia E
GRD-COM-ECNO-02.04.03.02.04 GRD-COM-ECNO-02.04.03.02.04-0000001 DE-SP0000333-083.213-631-F01-087-R01a.pdf  Emitido pela Engenharia E
GRD-COM-ECNO-02.04.03.02.04 GRD-COM-ECNO-02.04.03.02.04-0000001 DE-SP0000333-083.213-631-F01-087-R01a.dwg  Emitido pela Engenharia E
GRD-COM-ECNO-02.04.03.02.04 GRD-COM-ECNO-02.04.03.02.04-0000001 DE-SP0000333-083.213-631-F01-076-R01a.dwg  Emitido pela Engenharia E
GRD-COM-ECNO-02.04.03.02.04 GRD-COM-ECNO-02.04.03.02.04-0000001 DE-SP0000333-083.213-631-F01-075-R01a.dwg  Emitido pela Engenharia E
GRD-COM-ECNO-02.04.03.02.04 GRD-COM-ECNO-02.04.03.02.04-0000001 DE-SP0000333-083.213-631-F01-077-R01a.pdf  Emitido pela Engenharia E
GRD-COM-ECNO-02.04.03.02.04 GRD-COM-ECNO-02.04.03.02.04-0000001 DE-SP0000333-083.213-631-F01-015-R01a.pdf  Emitido pela Engenharia E
GRD-COM-ECNO-02.04.03.02.04 GRD-COM-ECNO-02.04.03.02.04-0000001 DE-SP0000333-083.213-631-F01-028-R01a.pdf  Emitido pela Engenharia E
GRD-COM-ECNO-02.04.03.02.04 GRD-COM-ECNO-02.04.03.02.04-0000001 DE-SP0000333-083.213-631-F01-082-R01a.pdf  Emitido pela Engenharia E
GRD-COM-ECNO-02.04.03.02.04 GRD-COM-ECNO-02.04.03.02.04-0000001 DE-SP0000333-083.213-631-F01-078-R01a.dwg  Emitido pela Engenharia E
GRD-COM-ECNO-02.04.03.02.04 GRD-COM-ECNO-02.04.03.02.04-0000001 DE-SP0000333-083.213-631-F01-083-R01a.pdf  Emitido pela Engenharia E
GRD-COM-ECNO-02.04.03.02.04 GRD-COM-ECNO-02.04.03.02.04-0000001 DE-SP0000333-083.213-631-F01-008-R01a.dwg  Emitido pela Engenharia E
GRD-COM-ECNO-02.04.03.02.04 GRD-COM-ECNO-02.04.03.02.04-0000001 DE-SP0000333-083.213-631-F01-036-R01a.pdf  Emitido pela Engenharia E
GRD-COM-ECNO-02.04.03.02.04 GRD-COM-ECNO-02.04.03.02.04-0000001 DE-SP0000333-083.213-631-F01-048-R01a.dwg  Emitido pela Engenharia E
GRD-COM-ECNO-02.04.03.02.04 GRD-COM-ECNO-02.04.03.02.04-0000001 DE-SP0000333-083.213-631-F01-025-R01a.pdf  Emitido pela Engenharia E
GRD-COM-ECNO-02.04.03.02.04 GRD-COM-ECNO-02.04.03.02.04-0000001 DE-SP0000333-083.213-631-F01-052-R01a.dwg  Emitido pela Engenharia E
GRD-COM-ECNO-02.04.03.02.04 GRD-COM-ECNO-02.04.03.02.04-0000001 DE-SP0000333-083.213-631-F01-057-R01a.dwg  Emitido pela Engenharia E
GRD-COM-ECNO-02.04.03.02.04 GRD-COM-ECNO-02.04.03.02.04-0000001 DE-SP0000333-083.213-631-F01-047-R01a.dwg  Emitido pela Engenharia E
GRD-COM-ECNO-02.04.03.02.04 GRD-COM-ECNO-02.04.03.02.04-0000001 DE-SP0000333-083.213-631-F01-020-R01a.pdf  Emitido pela Engenharia E
GRD-COM-ECNO-02.04.03.02.04 GRD-COM-ECNO-02.04.03.02.04-0000001 DE-SP0000333-083.213-631-F01-026-R01a.pdf  Emitido pela Engenharia E
GRD-COM-ECNO-02.04.03.02.04 GRD-COM-ECNO-02.04.03.02.04-0000001 DE-SP0000333-083.213-631-F01-039-R01a.dwg  Emitido pela Engenharia E
GRD-COM-ECNO-02.04.03.02.04 GRD-COM-ECNO-02.04.03.02.04-0000001 DE-SP0000333-083.213-631-F01-060-R01a.dwg  Emitido pela Engenharia E
GRD-COM-ECNO-02.04.03.02.04 GRD-COM-ECNO-02.04.03.02.04-0000001 DE-SP0000333-083.213-631-F01-039-R01a.pdf  Emitido pela Engenharia E
GRD-COM-ECNO-02.04.03.02.04 GRD-COM-ECNO-02.04.03.02.04-0000001 DE-SP0000333-083.213-631-F01-069-R01a.dwg  Emitido pela Engenharia E
GRD-COM-ECNO-02.04.03.02.04 GRD-COM-ECNO-02.04.03.02.04-0000001 DE-SP0000333-083.213-631-F01-019-R01a.dwg  Emitido pela Engenharia E
GRD-COM-ECNO-02.04.03.02.04 GRD-COM-ECNO-02.04.03.02.04-0000001 DE-SP0000333-083.213-631-F01-013-R01a.dwg  Emitido pela Engenharia E
GRD-COM-ECNO-02.04.03.02.04 GRD-COM-ECNO-02.04.03.02.04-0000001 DE-SP0000333-083.213-631-F01-081-R01a.pdf  Emitido pela Engenharia E
GRD-COM-ECNO-02.04.03.02.04 GRD-COM-ECNO-02.04.03.02.04-0000001 DE-SP0000333-083.213-631-F01-074-R01a.pdf  Emitido pela Engenharia E
GRD-COM-ECNO-02.04.03.02.04 GRD-COM-ECNO-02.04.03.02.04-0000001 DE-SP0000333-083.213-631-F01-003-R01a.pdf  Emitido pela Engenharia E
GRD-COM-ECNO-02.04.03.02.04 GRD-COM-ECNO-02.04.03.02.04-0000001 DE-SP0000333-083.213-631-F01-042-R01a.dwg  Emitido pela Engenharia E
GRD-COM-ECNO-02.04.03.02.04 GRD-COM-ECNO-02.04.03.02.04-0000001 DE-SP0000333-083.213-631-F01-007-R01a.pdf  Emitido pela Engenharia E
GRD-COM-ECNO-02.04.03.02.04 GRD-COM-ECNO-02.04.03.02.04-0000001 DE-SP0000333-083.213-631-F01-022-R01a.pdf  Emitido pela Engenharia E
GRD-COM-ECNO-02.04.03.02.04 GRD-COM-ECNO-02.04.03.02.04-0000001 DE-SP0000333-083.213-631-F01-031-R01a.pdf  Emitido pela Engenharia E
GRD-COM-ECNO-02.04.03.02.04 GRD-COM-ECNO-02.04.03.02.04-0000001 DE-SP0000333-083.213-631-F01-004-R01a.pdf  Emitido pela Engenharia E
GRD-COM-ECNO-02.04.03.02.04 GRD-COM-ECNO-02.04.03.02.04-0000001 DE-SP0000333-083.213-631-F01-005-R01a.dwg  Emitido pela Engenharia E
GRD-COM-ECNO-02.04.03.02.04 GRD-COM-ECNO-02.04.03.02.04-0000001 DE-SP0000333-083.213-631-F01-060-R01a.pdf  Emitido pela Engenharia E
GRD-COM-ECNO-02.04.03.02.04 GRD-COM-ECNO-02.04.03.02.04-0000001 DE-SP0000333-083.213-631-F01-002-R01a.pdf  Emitido pela Engenharia E
GRD-COM-ECNO-02.04.03.02.04 GRD-COM-ECNO-02.04.03.02.04-0000001 DE-SP0000333-083.213-631-F01-008-R01a.pdf  Emitido pela Engenharia E
GRD-COM-ECNO-02.04.03.02.04 GRD-COM-ECNO-02.04.03.02.04-0000001 DE-SP0000333-083.213-631-F01-042-R01a.pdf  Emitido pela Engenharia E
GRD-COM-ECNO-02.04.03.02.04 GRD-COM-ECNO-02.04.03.02.04-0000001 DE-SP0000333-083.213-631-F01-053-R01a.dwg  Emitido pela Engenharia E
GRD-COM-ECNO-02.04.03.02.04 GRD-COM-ECNO-02.04.03.02.04-0000001 DE-SP0000333-083.213-631-F01-041-R01a.pdf  Emitido pela Engenharia E
GRD-COM-ECNO-02.04.03.02.04 GRD-COM-ECNO-02.04.03.02.04-0000001 DE-SP0000333-083.213-631-F01-071-R01a.pdf  Emitido pela Engenharia E
GRD-COM-ECNO-02.04.03.02.04 GRD-COM-ECNO-02.04.03.02.04-0000001 DE-SP0000333-083.213-631-F01-030-R01a.pdf  Emitido pela Engenharia E
GRD-COM-ECNO-02.04.03.02.04 GRD-COM-ECNO-02.04.03.02.04-0000001 DE-SP0000333-083.213-631-F01-064-R01a.pdf  Emitido pela Engenharia E
GRD-COM-ECNO-02.04.03.02.04 GRD-COM-ECNO-02.04.03.02.04-0000001 DE-SP0000333-083.213-631-F01-057-R01a.pdf  Emitido pela Engenharia E
GRD-COM-ECNO-02.04.03.02.04 GRD-COM-ECNO-02.04.03.02.04-0000001 DE-SP0000333-083.213-631-F01-070-R01a.dwg  Emitido pela Engenharia E
GRD-COM-ECNO-02.04.03.02.04 GRD-COM-ECNO-02.04.03.02.04-0000001 DE-SP0000333-083.213-631-F01-048-R01a.pdf  Emitido pela Engenharia E
GRD-COM-ECNO-02.04.03.02.04 GRD-COM-ECNO-02.04.03.02.04-0000001 DE-SP0000333-083.213-631-F01-014-R01a.pdf  Emitido pela Engenharia E
GRD-COM-ECNO-02.04.03.02.04 GRD-COM-ECNO-02.04.03.02.04-0000001 DE-SP0000333-083.213-631-F01-066-R01a.pdf  Emitido pela Engenharia E
GRD-COM-ECNO-02.04.03.02.04 GRD-COM-ECNO-02.04.03.02.04-0000001 DE-SP0000333-083.213-631-F01-075-R01a.pdf  Emitido pela Engenharia E
GRD-COM-ECNO-02.04.03.02.04 GRD-COM-ECNO-02.04.03.02.04-0000001 DE-SP0000333-083.213-631-F01-029-R01a.pdf  Emitido pela Engenharia E
GRD-COM-ECNO-02.04.03.02.04 GRD-COM-ECNO-02.04.03.02.04-0000001 DE-SP0000333-083.213-631-F01-070-R01a.pdf  Emitido pela Engenharia E
GRD-COM-ECNO-02.04.03.02.04 GRD-COM-ECNO-02.04.03.02.04-0000001 DE-SP0000333-083.213-631-F01-058-R01a.pdf  Emitido pela Engenharia E
GRD-COM-ECNO-02.04.03.02.04 GRD-COM-ECNO-02.04.03.02.04-0000001 RT-SP0000333-083.213-631-F01-001-R02a.pdf  Emitido pela Engenharia E
GRD-COM-ECNO-02.04.03.02.04 GRD-COM-ECNO-02.04.03.02.04-0000001 DE-SP0000333-083.213-631-F01-010-R01a.dwg  Emitido pela Engenharia E
GRD-COM-ECNO-02.04.03.02.04 GRD-COM-ECNO-02.04.03.02.04-0000001 DE-SP0000333-083.213-631-F01-036-R01a.dwg  Emitido pela Engenharia E
GRD-COM-ECNO-02.04.03.02.04 GRD-COM-ECNO-02.04.03.02.04-0000001 DE-SP0000333-083.213-631-F01-043-R01a.dwg  Emitido pela Engenharia E
GRD-COM-ECNO-02.04.03.02.04 GRD-COM-ECNO-02.04.03.02.04-0000001 DE-SP0000333-083.213-631-F01-002-R01a.dwg  Emitido pela Engenharia E
GRD-COM-ECNO-02.04.03.02.04 GRD-COM-ECNO-02.04.03.02.04-0000001 DE-SP0000333-083.213-631-F01-084-R01a.dwg  Emitido pela Engenharia E
GRD-COM-ECNO-02.04.03.02.04 GRD-COM-ECNO-02.04.03.02.04-0000001 DE-SP0000333-083.213-631-F01-040-R01a.pdf  Emitido pela Engenharia E
GRD-COM-ECNO-02.04.03.02.04 GRD-COM-ECNO-02.04.03.02.04-0000001 DE-SP0000333-083.213-631-F01-038-R01a.dwg  Emitido pela Engenharia E
GRD-COM-ECNO-02.04.03.02.04 GRD-COM-ECNO-02.04.03.02.04-0000001 DE-SP0000333-083.213-631-F01-084-R01a.pdf  Emitido pela Engenharia E
GRD-COM-ECNO-02.04.03.02.04 GRD-COM-ECNO-02.04.03.02.04-0000001 DE-SP0000333-083.213-631-F01-065-R01a.dwg  Emitido pela Engenharia E
GRD-COM-ECNO-02.04.03.02.04 GRD-COM-ECNO-02.04.03.02.04-0000001 DE-SP0000333-083.213-631-F01-058-R01a.dwg  Emitido pela Engenharia E
GRD-COM-ECNO-02.04.03.02.04 GRD-COM-ECNO-02.04.03.02.04-0000001 DE-SP0000333-083.213-631-F01-067-R01a.dwg  Emitido pela Engenharia E
GRD-COM-ECNO-02.04.03.02.04 GRD-COM-ECNO-02.04.03.02.04-0000001 DE-SP0000333-083.213-631-F01-023-R01a.dwg  Emitido pela Engenharia E
GRD-COM-ECNO-02.04.03.02.04 GRD-COM-ECNO-02.04.03.02.04-0000001 DE-SP0000333-083.213-631-F01-085-R01a.dwg  Emitido pela Engenharia E
GRD-COM-ECNO-02.04.03.02.04 GRD-COM-ECNO-02.04.03.02.04-0000001 DE-SP0000333-083.213-631-F01-049-R01a.dwg  Emitido pela Engenharia E
GRD-COM-ECNO-02.04.03.02.04 GRD-COM-ECNO-02.04.03.02.04-0000001 DE-SP0000333-083.213-631-F01-050-R01a.pdf  Emitido pela Engenharia E
GRD-COM-ECNO-02.04.03.02.04 GRD-COM-ECNO-02.04.03.02.04-0000001 DE-SP0000333-083.213-631-F01-054-R01a.dwg  Emitido pela Engenharia E
GRD-COM-ECNO-02.04.03.02.04 GRD-COM-ECNO-02.04.03.02.04-0000001 DE-SP0000333-083.213-631-F01-031-R01a.dwg  Emitido pela Engenharia E
GRD-COM-ECNO-02.04.03.02.04 GRD-COM-ECNO-02.04.03.02.04-0000001 DE-SP0000333-083.213-631-F01-071-R01a.dwg  Emitido pela Engenharia E
GRD-COM-ECNO-02.04.03.02.04 GRD-COM-ECNO-02.04.03.02.04-0000001 DE-SP0000333-083.213-631-F01-013-R01a.pdf  Emitido pela Engenharia E
GRD-COM-ECNO-02.04.03.02.04 GRD-COM-ECNO-02.04.03.02.04-0000001 DE-SP0000333-083.213-631-F01-068-R01a.pdf  Emitido pela Engenharia E
GRD-COM-ECNO-02.04.03.02.04 GRD-COM-ECNO-02.04.03.02.04-0000001 DE-SP0000333-083.213-631-F01-003-R01a.dwg  Emitido pela Engenharia E
GRD-COM-ECNO-02.04.03.02.04 GRD-COM-ECNO-02.04.03.02.04-0000001 DE-SP0000333-083.213-631-F01-037-R01a.pdf  Emitido pela Engenharia E
GRD-COM-ECNO-02.04.03.02.04 GRD-COM-ECNO-02.04.03.02.04-0000001 DE-SP0000333-083.213-631-F01-056-R01a.dwg  Emitido pela Engenharia E
GRD-COM-ECNO-02.04.03.02.04 GRD-COM-ECNO-02.04.03.02.04-0000001 DE-SP0000333-083.213-631-F01-082-R01a.dwg  Emitido pela Engenharia E
GRD-COM-ECNO-02.04.03.02.04 GRD-COM-ECNO-02.04.03.02.04-0000001 DE-SP0000333-083.213-631-F01-010-R01a.pdf  Emitido pela Engenharia E
GRD-COM-ECNO-02.04.03.02.04 GRD-COM-ECNO-02.04.03.02.04-0000001 DE-SP0000333-083.213-631-F01-080-R01a.dwg  Emitido pela Engenharia E
GRD-COM-ECNO-02.04.03.02.04 GRD-COM-ECNO-02.04.03.02.04-0000001 DE-SP0000333-083.213-631-F01-059-R01a.dwg  Emitido pela Engenharia E
GRD-COM-ECNO-02.04.03.02.04 GRD-COM-ECNO-02.04.03.02.04-0000001 DE-SP0000333-083.213-631-F01-053-R01a.pdf  Emitido pela Engenharia E
GRD-COM-ECNO-02.04.03.02.04 GRD-COM-ECNO-02.04.03.02.04-0000001 DE-SP0000333-083.213-631-F01-015-R01a.dwg  Emitido pela Engenharia E
GRD-COM-ECNO-02.04.03.02.04 GRD-COM-ECNO-02.04.03.02.04-0000001 DE-SP0000333-083.213-631-F01-049-R01a.pdf  Emitido pela Engenharia E
GRD-COM-ECNO-02.04.03.02.04 GRD-COM-ECNO-02.04.03.02.04-0000001 DE-SP0000333-083.213-631-F01-072-R01a.dwg  Emitido pela Engenharia E
GRD-COM-ECNO-02.04.03.02.04 GRD-COM-ECNO-02.04.03.02.04-0000001 DE-SP0000333-083.213-631-F01-012-R01a.dwg  Emitido pela Engenharia E
GRD-COM-ECNO-02.04.03.02.04 GRD-COM-ECNO-02.04.03.02.04-0000001 DE-SP0000333-083.213-631-F01-006-R01a.pdf  Emitido pela Engenharia E
GRD-COM-ECNO-02.04.03.02.04 GRD-COM-ECNO-02.04.03.02.04-0000001 DE-SP0000333-083.213-631-F01-063-R01a.dwg  Emitido pela Engenharia E
GRD-COM-ECNO-02.04.03.02.04 GRD-COM-ECNO-02.04.03.02.04-0000001 DE-SP0000333-083.213-631-F01-078-R01a.pdf  Emitido pela Engenharia E
GRD-COM-ECNO-02.04.03.02.04 GRD-COM-ECNO-02.04.03.02.04-0000001 DE-SP0000333-083.213-631-F01-073-R01a.dwg  Emitido pela Engenharia E
GRD-COM-ECNO-02.04.03.02.04 GRD-COM-ECNO-02.04.03.02.04-0000001 DE-SP0000333-083.213-631-F01-054-R01a.pdf  Emitido pela Engenharia E
GRD-COM-ECNO-02.04.03.02.04 GRD-COM-ECNO-02.04.03.02.04-0000001 DE-SP0000333-083.213-631-F01-023-R01a.pdf  Emitido pela Engenharia E
GRD-COM-ECNO-02.04.03.02.04 GRD-COM-ECNO-02.04.03.02.04-0000001 DE-SP0000333-083.213-631-F01-040-R01a.dwg  Emitido pela Engenharia E
GRD-COM-ECNO-02.04.03.02.04 GRD-COM-ECNO-02.04.03.02.04-0000001 DE-SP0000333-083.213-631-F01-079-R01a.dwg  Emitido pela Engenharia E
GRD-COM-ECNO-02.04.03.02.04 GRD-COM-ECNO-02.04.03.02.04-0000001 DE-SP0000333-083.213-631-F01-011-R01a.pdf  Emitido pela Engenharia E
GRD-COM-ECNO-02.04.03.02.04 GRD-COM-ECNO-02.04.03.02.04-0000001 DE-SP0000333-083.213-631-F01-021-R01a.dwg  Emitido pela Engenharia E
GRD-COM-ECNO-02.04.03.02.04 GRD-COM-ECNO-02.04.03.02.04-0000001 DE-SP0000333-083.213-631-F01-041-R01a.dwg  Emitido pela Engenharia E
GRD-COM-ECNO-02.04.03.02.04 GRD-COM-ECNO-02.04.03.02.04-0000001 DE-SP0000333-083.213-631-F01-052-R01a.pdf  Emitido pela Engenharia E
GRD-COM-ECNO-02.04.03.02.04 GRD-COM-ECNO-02.04.03.02.04-0000001 DE-SP0000333-083.213-631-F01-064-R01a.dwg  Emitido pela Engenharia E
GRD-COM-ECNO-02.04.03.02.04 GRD-COM-ECNO-02.04.03.02.04-0000001 DE-SP0000333-083.213-631-F01-061-R01a.pdf  Emitido pela Engenharia E
GRD-COM-ECNO-02.04.03.02.04 GRD-COM-ECNO-02.04.03.02.04-0000001 DE-SP0000333-083.213-631-F01-017-R01a.dwg  Emitido pela Engenharia E
GRD-COM-ECNO-02.04.03.02.04 GRD-COM-ECNO-02.04.03.02.04-0000001 DE-SP0000333-083.213-631-F01-046-R01a.pdf  Emitido pela Engenharia E
GRD-COM-ECNO-02.04.03.02.04 GRD-COM-ECNO-02.04.03.02.04-0000001 DE-SP0000333-083.213-631-F01-069-R01a.pdf  Emitido pela Engenharia E
GRD-COM-ECNO-02.04.03.02.04 GRD-COM-ECNO-02.04.03.02.04-0000001 DE-SP0000333-083.213-631-F01-062-R01a.pdf  Emitido pela Engenharia E
GRD-COM-ECNO-02.04.03.02.04 GRD-COM-ECNO-02.04.03.02.04-0000001 DE-SP0000333-083.213-631-F01-080-R01a.pdf  Emitido pela Engenharia E
GRD-COM-ECNO-02.04.03.02.04 GRD-COM-ECNO-02.04.03.02.04-0000001 DE-SP0000333-083.213-631-F01-068-R01a.dwg  Emitido pela Engenharia E
GRD-COM-ECNO-02.04.03.02.04 GRD-COM-ECNO-02.04.03.02.04-0000001 DE-SP0000333-083.213-631-F01-022-R01a.dwg  Emitido pela Engenharia E
GRD-COM-ECNO-02.04.03.02.04 GRD-COM-ECNO-02.04.03.02.04-0000001 DE-SP0000333-083.213-631-F01-050-R01a.dwg  Emitido pela Engenharia E
GRD-COM-ECNO-02.04.03.02.04 GRD-COM-ECNO-02.04.03.02.04-0000001 DE-SP0000333-083.213-631-F01-038-R01a.pdf  Emitido pela Engenharia E
GRD-COM-ECNO-02.04.03.02.04 GRD-COM-ECNO-02.04.03.02.04-0000001 DE-SP0000333-083.213-631-F01-001-R01a.pdf  Emitido pela Engenharia E
GRD-COM-ECNO-02.04.03.02.04 GRD-COM-ECNO-02.04.03.02.04-0000001 DE-SP0000333-083.213-631-F01-083-R01a.dwg  Emitido pela Engenharia E
GRD-COM-ECNO-02.04.03.02.04 GRD-COM-ECNO-02.04.03.02.04-0000001 DE-SP0000333-083.213-631-F01-014-R01a.dwg  Emitido pela Engenharia E
GRD-COM-ECNO-02.04.03.02.04 GRD-COM-ECNO-02.04.03.02.04-0000001 DE-SP0000333-083.213-631-F01-051-R01a.pdf  Emitido pela Engenharia E
GRD-COM-ECNO-02.04.03.02.04 GRD-COM-ECNO-02.04.03.02.04-0000001 DE-SP0000333-083.213-631-F01-021-R01a.pdf  Emitido pela Engenharia E
GRD-COM-ECNO-02.04.03.02.04 GRD-COM-ECNO-02.04.03.02.04-0000001 DE-SP0000333-083.213-631-F01-059-R01a.pdf  Emitido pela Engenharia E
GRD-COM-ECNO-02.04.03.02.04 GRD-COM-ECNO-02.04.03.02.04-0000001 DE-SP0000333-083.213-631-F01-024-R01a.pdf  Emitido pela Engenharia E
GRD-COM-ECNO-02.04.03.02.04 GRD-COM-ECNO-02.04.03.02.04-0000001 DE-SP0000333-083.213-631-F01-011-R01a.dwg  Emitido pela Engenharia E
GRD-COM-ECNO-02.04.03.02.04 GRD-COM-ECNO-02.04.03.02.04-0000001 DE-SP0000333-083.213-631-F01-086-R01a.pdf  Emitido pela Engenharia E
GRD-COM-ECNO-02.04.03.02.04 GRD-COM-ECNO-02.04.03.02.04-0000001 DE-SP0000333-083.213-631-F01-045-R01a.dwg  Emitido pela Engenharia E
GRD-COM-ECNO-02.04.03.02.04 GRD-COM-ECNO-02.04.03.02.04-0000001 DE-SP0000333-083.213-631-F01-017-R01a.pdf  Emitido pela Engenharia E
GRD-COM-ECNO-02.04.03.02.04 GRD-COM-ECNO-02.04.03.02.04-0000001 DE-SP0000333-083.213-631-F01-046-R01a.dwg  Emitido pela Engenharia E
GRD-COM-ECNO-02.04.03.02.04 GRD-COM-ECNO-02.04.03.02.04-0000001 DE-SP0000333-083.213-631-F01-067-R01a.pdf  Emitido pela Engenharia E
GRD-COM-ECNO-02.04.03.02.04 GRD-COM-ECNO-02.04.03.02.04-0000001 DE-SP0000333-083.213-631-F01-009-R01a.dwg  Emitido pela Engenharia E
GRD-COM-ECNO-02.04.03.02.04 GRD-COM-ECNO-02.04.03.02.04-0000001 DE-SP0000333-083.213-631-F01-043-R01a.pdf  Emitido pela Engenharia E
GRD-COM-ECNO-02.04.03.02.04 GRD-COM-ECNO-02.04.03.02.04-0000001 DE-SP0000333-083.213-631-F01-028-R01a.dwg  Emitido pela Engenharia E
GRD-COM-ECNO-02.04.03.02.04 GRD-COM-ECNO-02.04.03.02.04-0000001 DE-SP0000333-083.213-631-F01-018-R01a.dwg  Emitido pela Engenharia E
GRD-COM-ECNO-02.04.03.02.04 GRD-COM-ECNO-02.04.03.02.04-0000001 RT-SP0000333-083.213-631-F01-001-R02a.docx Emitido pela Engenharia E
GRD-COM-ECNO-02.04.03.02.04 GRD-COM-ECNO-02.04.03.02.04-0000001 DE-SP0000333-083.213-631-F01-025-R01a.dwg  Emitido pela Engenharia E
GRD-COM-ECNO-02.04.03.02.04 GRD-COM-ECNO-02.04.03.02.04-0000001 DE-SP0000333-083.213-631-F01-001-R01a.dwg  Emitido pela Engenharia E
GRD-COM-ECNO-02.04.03.02.04 GRD-COM-ECNO-02.04.03.02.04-0000001 DE-SP0000333-083.213-631-F01-037-R01a.dwg  Emitido pela Engenharia E
GRD-COM-ECNO-02.04.03.02.04 GRD-COM-ECNO-02.04.03.02.04-0000001 DE-SP0000333-083.213-631-F01-019-R01a.pdf  Emitido pela Engenharia E
GRD-COM-ECNO-02.04.03.02.04 GRD-COM-ECNO-02.04.03.02.04-0000001 DE-SP0000333-083.213-631-F01-035-R01a.dwg  Emitido pela Engenharia E
GRD-COM-ECNO-02.04.03.02.04 GRD-COM-ECNO-02.04.03.02.04-0000001 DE-SP0000333-083.213-631-F01-081-R01a.dwg  Emitido pela Engenharia E
GRD-COM-ECNO-02.04.03.02.04 GRD-COM-ECNO-02.04.03.02.04-0000001 DE-SP0000333-083.213-631-F01-044-R01a.dwg  Emitido pela Engenharia E
GRD-COM-ECNO-02.04.03.02.04 GRD-COM-ECNO-02.04.03.02.04-0000001 DE-SP0000333-083.213-631-F01-006-R01a.dwg  Emitido pela Engenharia E
GRD-COM-ECNO-02.04.03.02.04 GRD-COM-ECNO-02.04.03.02.04-0000001 DE-SP0000333-083.213-631-F01-051-R01a.dwg  Emitido pela Engenharia E
GRD-COM-ECNO-02.04.03.02.04 GRD-COM-ECNO-02.04.03.02.04-0000001 DE-SP0000333-083.213-631-F01-020-R01a.dwg  Emitido pela Engenharia E
GRD-COM-ECNO-02.04.03.02.04 GRD-COM-ECNO-02.04.03.02.04-0000001 DE-SP0000333-083.213-631-F01-030-R01a.dwg  Emitido pela Engenharia E
GRD-COM-ECNO-02.04.03.02.04 GRD-COM-ECNO-02.04.03.02.04-0000001 DE-SP0000333-083.213-631-F01-004-R01a.dwg  Emitido pela Engenharia E
GRD-COM-ECNO-02.04.03.02.04 GRD-COM-ECNO-02.04.03.02.04-0000001 DE-SP0000333-083.213-631-F01-032-R01a.dwg  Emitido pela Engenharia E



Resumo:

Grupo                       GRDPrevista                         Documentos Copiados Ignorados
-----                       -----------                         ---------- -------- ---------
GRD-COM-ECNO-02.04.03.02.03 GRD-COM-ECNO-02.04.03.02.03-0000001        125        0         0
GRD-COM-ECNO-02.04.03.02.02 GRD-COM-ECNO-02.04.03.02.02-0000001         68        0         0
GRD-COM-ECNO-02.04.03.02.04 GRD-COM-ECNO-02.04.03.02.04-0000001        180        0         0


[2026-07-27 10:16:01.751] [INFO] Encerrando login no ProjectWise.
[2026-07-27 10:16:01.922] [INFO] Logout concluído.
[2026-07-27 10:16:01.924] [INFO] Fim da execução. Log: C:\Users\peter\OneDrive - Grupo Ecorodovias\Área de Trabalho\Scritps_novos\Logs\DevolveDocumentosProjetista_Simulacao_20260727_101518.log
**********************
Fim da transcrição do Windows PowerShell
Hora de término: 20260727101601
**********************
