**********************
Início da transcrição do Windows PowerShell
Hora de início: 20260727153239
Nome de Usuário: CAPUTTI_TECH\peter
Executar como Usuário: CAPUTTI_TECH\peter
Nome da Configuração: 
Computador: CAPUTTI_TECH (Microsoft Windows NT 10.0.26200.0)
Aplicativo Host: C:\Windows\System32\WindowsPowerShell\v1.0\powershell.exe -Command try { [Console]::OutputEncoding=[System.Text.Encoding]::UTF8 } catch {}
$auditPath='.\Logs\AuditoriaRollbackServidor_20260727.csv'; $items=@(Import-Csv -LiteralPath $auditPath|Where-Object Safe -eq 'True'); if($items.Count -ne 227){throw "Auditoria inválida: $($items.Count) itens."}; $log=Join-Path (Resolve-Path '.\Logs').Path ('RollbackGRDsServidor_'+(Get-Date -Format 'yyyyMMdd_HHmmss')+'.log'); Start-Transcript -LiteralPath $log -Force|Out-Null; $secure=ConvertTo-SecureString '123456' -AsPlainText -Force; $removed=0; try{New-PWLogin -DatasourceName '01SSRV305.ECSC.ECORODOVIAS.CORP:ecorodovias-pw-01' -UserName 'admin' -Password $secure|Out-Null; foreach($item in $items){$id=[int]$item.ProjectID; $folder=Get-PWFolders -FolderID $id -JustOne -WarningAction SilentlyContinue; if(-not $folder){throw "ProjectID $id não encontrado."}; $docs=@(Get-PWDocumentsBySearch -FolderID $id -JustThisFolder -WarningAction SilentlyContinue); if($docs.Count -ne 1 -or (($docs[0].Name -ne $item.Expected)-and($docs[0].FileName -ne $item.Expected))){throw "Conteúdo alterado no ProjectID $id; rollback interrompido."}; Write-Host "[$(Get-Date -Format 'yyyy-MM-dd HH:mm:ss.fff')] Removendo ProjectID=$id $($item.Name)"; Remove-PWFolder -FolderID $id -RemoveDocuments -RemoveFolders -ProceedWithDelete -ErrorAction Stop|Out-Null; if(Get-PWFolders -FolderID $id -JustOne -WarningAction SilentlyContinue){throw "ProjectID $id permaneceu após remoção."}; $removed++}; $remaining=@($items|Where-Object{Get-PWFolders -FolderID ([int]$_.ProjectID) -JustOne -WarningAction SilentlyContinue}); Write-Host "ROLLBACK CONCLUÍDO: removidas=$removed; restantes=$($remaining.Count)"; if($remaining.Count){throw 'Verificação final encontrou pastas restantes.'}}finally{try{Undo-PWLogin|Out-Null}catch{};Stop-Transcript|Out-Null}; "ROLLBACK_LOG=$log"
ID do Processo: 25620
PSVersion: 5.1.26100.8894
PSEdition: Desktop
PSCompatibleVersions: 1.0, 2.0, 3.0, 4.0, 5.0, 5.1.26100.8894
BuildVersion: 10.0.26100.8894
CLRVersion: 4.0.30319.42000
WSManStackVersion: 3.0
PSRemotingProtocolVersion: 2.3
SerializationVersion: 1.1.0.1
**********************
[2026-07-27 15:32:45.850] Removendo ProjectID=428192 GRD-COM-ECA-Dispositivo ano 9-0000001
[2026-07-27 15:32:46.665] Removendo ProjectID=428193 GRD-COM-ECA-Ampliações 6°Ano SH 16 e 17-0000001
[2026-07-27 15:32:47.413] Removendo ProjectID=428194 GRD-COM-ECA-Ampliações 6°Ano SH 23-0000001
[2026-07-27 15:32:48.118] Removendo ProjectID=428195 GRD-COM-ECA-Ampliações 4°Ano SH 14-0000001
[2026-07-27 15:32:48.770] Removendo ProjectID=428196 GRD-COM-ECA-Acesso 3°Ano 321+900-0000001
[2026-07-27 15:32:49.530] Removendo ProjectID=428197 GRD-COM-ECA-Acesso 3°Ano 355+900-0000001
[2026-07-27 15:32:50.280] Removendo ProjectID=428198 GRD-COM-ECA-Acesso 3°Ano 375+800-0000001
[2026-07-27 15:32:50.988] Removendo ProjectID=428199 GRD-COM-ECA-Acesso 4°Ano 303+820-0000001
[2026-07-27 15:32:51.659] Removendo ProjectID=428200 GRD-COM-ECA-Acesso 4°Ano 274+950-0000001
[2026-07-27 15:32:52.300] Removendo ProjectID=428201 GRD-COM-ECA-Acesso 3°Ano 397+050-0000001
[2026-07-27 15:32:52.907] Removendo ProjectID=428202 GRD-COM-ECA-Acesso 5°Ano 265+320-0000001
[2026-07-27 15:32:53.521] Removendo ProjectID=428203 GRD-COM-ECA-Ampliações 5°Ano SH 18 e 19-0000001
[2026-07-27 15:32:54.142] Removendo ProjectID=428204 GRD-COM-ECA-Acesso 6°Ano 693+000-0000001
[2026-07-27 15:32:54.741] Removendo ProjectID=428205 GRD-COM-ECA-Ampliações 7°Ano SH 15-0000001
[2026-07-27 15:32:55.405] Removendo ProjectID=428206 GRD-COM-ECA-Ampliações 5°Ano SH 2-0000001
[2026-07-27 15:32:56.085] Removendo ProjectID=428207 GRD-COM-ECA-Ampliações 23°Ano SH 6-0000001
[2026-07-27 15:32:56.759] Removendo ProjectID=428208 GRD-COM-ECA-Ampliações 3°Ano SH 1,5-0000001
[2026-07-27 15:32:57.415] Removendo ProjectID=428209 GRD-COM-ECA-Ampliações 5°Ano SH 22-0000001
[2026-07-27 15:32:58.083] Removendo ProjectID=428210 GRD-COM-ECA-Ampliações 4°Ano SH 5* e 6*-0000001
[2026-07-27 15:32:58.676] Removendo ProjectID=428211 GRD-COM-ECA-Ampliações 4°Ano SH 20 e 21-0000001
[2026-07-27 15:32:59.325] Removendo ProjectID=428212 GRD-COM-ECA-Ampliações 4°Ano SH 4-0000001
[2026-07-27 15:32:59.910] Removendo ProjectID=428213 GRD-COM-ECA-Ampliações 4°Ano SH 4*-0000001
[2026-07-27 15:33:00.589] Removendo ProjectID=428214 GRD-COM-ECA-Retornos em “U” 20-0000001
[2026-07-27 15:33:01.563] Removendo ProjectID=428215 GRD-COM-ECA-Ampliações 4°Ano SH 3* e 4*-0000001
[2026-07-27 15:33:02.569] Removendo ProjectID=428216 GRD-COM-ENM-Retorno km 386-0000001
[2026-07-27 15:33:03.238] Removendo ProjectID=428217 GRD-COM-ECA-Ampliações 3° Ano SH 1-0000001
[2026-07-27 15:33:04.119] Removendo ProjectID=428218 GRD-COM-EC5-Retorno km 386-0000001
[2026-07-27 15:33:04.962] Removendo ProjectID=428219 GRD-COM-E050-Escape km 56+100-0000001
[2026-07-27 15:33:05.689] Removendo ProjectID=428220 GRD-COM-EC1-Contorno de Ibiraçu-0000001
[2026-07-27 15:33:06.425] Removendo ProjectID=428221 GRD-COM-E050-Escape km 54+300-0000001
[2026-07-27 15:33:07.074] Removendo ProjectID=428222 GRD-COM-EC1-PPD Norte-0000001
[2026-07-27 15:33:08.007] Removendo ProjectID=428223 GRD-COM-EC1-PPD Sul-0000001
[2026-07-27 15:33:08.946] Removendo ProjectID=428224 GRD-COM-EC1-Contorno de Fundão-0000001
[2026-07-27 15:33:09.646] Removendo ProjectID=428225 GRD-COM-ECA-Passarela Uruaçu km 197-0000001
[2026-07-27 15:33:10.237] Removendo ProjectID=428226 GRD-COM-ECA-Passarela Uruaçu km 198-0000001
[2026-07-27 15:33:10.973] Removendo ProjectID=428227 GRD-COM-ECA-Passarela Alvorada Km 759-0000001
[2026-07-27 15:33:11.635] Removendo ProjectID=428228 GRD-COM-E050-Retorno em Nível-0000001
[2026-07-27 15:33:12.325] Removendo ProjectID=428229 GRD-COM-ECA-Ampliações 8°Ano SH 29 e 30-0000001
[2026-07-27 15:33:13.050] Removendo ProjectID=428230 GRD-COM-ECC-Acesso 5° Ano 167+140-0000001
[2026-07-27 15:33:13.681] Removendo ProjectID=428231 GRD-COM-ECC-Acesso 5° Ano 648+345-0000001
[2026-07-27 15:33:14.408] Removendo ProjectID=428232 GRD-COM-ECC-Acesso 5° Ano 655+320-0000001
[2026-07-27 15:33:15.081] Removendo ProjectID=428233 GRD-COM-ECC-Acesso 5° Ano 668+288-0000001
[2026-07-27 15:33:15.676] Removendo ProjectID=428234 GRD-COM-ECC-Acesso 5° Ano 694+848-0000001
[2026-07-27 15:33:16.577] Removendo ProjectID=428235 GRD-COM-ECC-Acesso 5° Ano 642+726-0000001
[2026-07-27 15:33:17.126] Removendo ProjectID=428236 GRD-COM-ECC-Acesso 5° Ano 626+050-0000001
[2026-07-27 15:33:18.048] Removendo ProjectID=428237 GRD-COM-ECC-Acesso 5° Ano 630+312-0000001
[2026-07-27 15:33:18.697] Removendo ProjectID=428238 GRD-COM-ECC-Acesso 5° Ano 637+000-0000001
[2026-07-27 15:33:19.527] Removendo ProjectID=428239 GRD-COM-ECC-Acesso 5° Ano 759+400-0000001
[2026-07-27 15:33:20.358] Removendo ProjectID=428240 GRD-COM-ECC-Acesso 5° Ano 772+640-0000001
[2026-07-27 15:33:20.907] Removendo ProjectID=428241 GRD-COM-ECC-Acesso 5° Ano 642+340-0000001
[2026-07-27 15:33:21.479] Removendo ProjectID=428242 GRD-COM-ECC-Acesso 5° Ano 697+300-0000001
[2026-07-27 15:33:22.098] Removendo ProjectID=428243 GRD-COM-EC1-Ciclovia de Linhares-0000001
[2026-07-27 15:33:22.665] Removendo ProjectID=428244 GRD-COM-ECA-Passarela Tocantins km 623-0000001
[2026-07-27 15:33:23.252] Removendo ProjectID=428245 GRD-COM-E050-PPD km 6+500-0000001
[2026-07-27 15:33:23.929] Removendo ProjectID=428246 GRD-COM-MGO-PPD km 6+500-0000001
[2026-07-27 15:33:24.602] Removendo ProjectID=428247 GRD-COM-EC1-Contorno de Vitória-0000001
[2026-07-27 15:33:25.289] Removendo ProjectID=428248 GRD-COM-ECC-Faixas Adicionais - TH 05-0000001
[2026-07-27 15:33:25.929] Removendo ProjectID=428249 GRD-COM-ECA-HS-WIM km432+174-0000001
[2026-07-27 15:33:26.492] Removendo ProjectID=428250 GRD-COM-EC1-Dupli. Contor. de Fundão-0000001
[2026-07-27 15:33:27.049] Removendo ProjectID=428251 GRD-COM-EC1-Dupli. Contor. de Ibiraçu-0000001
[2026-07-27 15:33:27.639] Removendo ProjectID=428252 GRD-COM-EC1-Duplicação C-0000001
[2026-07-27 15:33:28.278] Removendo ProjectID=428253 GRD-COM-EC1-Duplicação G1B-0000001
[2026-07-27 15:33:28.899] Removendo ProjectID=428254 GRD-COM-EC1-Duplicação D2-0000001
[2026-07-27 15:33:29.491] Removendo ProjectID=428255 GRD-COM-EC1-Duplicação G1A-0000001
[2026-07-27 15:33:30.063] Removendo ProjectID=428256 GRD-COM-EC1-Duplicação G2-0000001
[2026-07-27 15:33:30.620] Removendo ProjectID=428257 GRD-COM-ECA-HS-WIM km169+067-0000001
[2026-07-27 15:33:31.183] Removendo ProjectID=428258 GRD-COM-ECA-Retorno km 1+238-0000001
[2026-07-27 15:33:31.848] Removendo ProjectID=428259 GRD-COM-ECA-Acesso 6°Ano 158+630-0000001
[2026-07-27 15:33:33.915] Removendo ProjectID=428260 GRD-COM-EC1-HS-WIM-0000001
[2026-07-27 15:33:36.807] Removendo ProjectID=428261 GRD-COM-EC1-Contorno Dis.-0000001
[2026-07-27 15:33:37.873] Removendo ProjectID=428262 GRD-COM-ECA-Acesso 5°Ano 188+550-0000001
[2026-07-27 15:33:38.438] Removendo ProjectID=428263 GRD-COM-ECA-Ampliações 3°Ano SH 2*-0000001
[2026-07-27 15:33:38.994] Removendo ProjectID=428264 GRD-COM-EC1-Vias Marginais-0000001
[2026-07-27 15:33:39.717] Removendo ProjectID=428265 GRD-COM-ECA-Marginal sul km 671-677-0000001
[2026-07-27 15:33:40.306] Removendo ProjectID=428266 GRD-COM-ECA-Retorno em U km 668-0000001
[2026-07-27 15:33:40.995] Removendo ProjectID=428267 GRD-COM-ECP-Faixa Adicional km 321-0000001
[2026-07-27 15:33:41.617] Removendo ProjectID=428268 GRD-COM-ECA-Acesso 5°Ano 188+210-0000001
[2026-07-27 15:33:42.240] Removendo ProjectID=428269 GRD-COM-ECS-Arroio Viúva Tereza-0000001
[2026-07-27 15:33:42.828] Removendo ProjectID=428270 GRD-COM-ECS-Arroio Corrientes-0000001
[2026-07-27 15:33:43.737] Removendo ProjectID=428271 GRD-COM-ECS-Arroio Contagem-0000001
[2026-07-27 15:33:44.592] Removendo ProjectID=428272 GRD-COM-EC1-Marginais de Viana-0000001
[2026-07-27 15:33:45.429] Removendo ProjectID=428273 GRD-COM-ECA-Agulha 11-0000001
[2026-07-27 15:33:46.014] Removendo ProjectID=428274 GRD-COM-ECA-Pontos de ônibus-0000001
[2026-07-27 15:33:46.703] Removendo ProjectID=428275 GRD-COM-ERM-BSO 01-0000001
[2026-07-27 15:33:47.315] Removendo ProjectID=428276 GRD-COM-ERM-BSO 03-0000001
[2026-07-27 15:33:47.927] Removendo ProjectID=428277 GRD-COM-ERM-BSO 02-0000001
[2026-07-27 15:33:48.609] Removendo ProjectID=428278 GRD-COM-ERM-BSO 04-0000001
[2026-07-27 15:33:49.269] Removendo ProjectID=428279 GRD-COM-ERM-BSO 05-0000001
[2026-07-27 15:33:49.971] Removendo ProjectID=428280 GRD-COM-ERM-BSO 06-0000001
[2026-07-27 15:33:50.608] Removendo ProjectID=428281 GRD-COM-ERM-BSO 07-0000001
[2026-07-27 15:33:51.237] Removendo ProjectID=428282 GRD-COM-ERM-BSO 08-0000001
[2026-07-27 15:33:51.862] Removendo ProjectID=428283 GRD-COM-ERM-BSO 10-0000001
[2026-07-27 15:33:52.579] Removendo ProjectID=428284 GRD-COM-ERM-BSO 09-0000001
[2026-07-27 15:33:53.130] Removendo ProjectID=428285 GRD-COM-ERM-BSO 12-0000001
[2026-07-27 15:33:53.706] Removendo ProjectID=428286 GRD-COM-ERM-BSO 11-0000001
[2026-07-27 15:33:54.481] Removendo ProjectID=428287 GRD-COM-ERM-BSO 14-0000001
[2026-07-27 15:33:55.090] Removendo ProjectID=428288 GRD-COM-ERM-BSO 13-0000001
[2026-07-27 15:33:55.825] Removendo ProjectID=428289 GRD-COM-MGO-Dispositivo - Km 180-0000001
[2026-07-27 15:33:56.493] Removendo ProjectID=428290 GRD-COM-ERM-BSO 16-0000001
[2026-07-27 15:33:57.153] Removendo ProjectID=428291 GRD-COM-ERM-BSO 15-0000001
[2026-07-27 15:33:57.721] Removendo ProjectID=428292 GRD-COM-ERM-BSO 17-0000001
[2026-07-27 15:33:58.313] Removendo ProjectID=428293 GRD-COM-ERM-BSO 18-0000001
[2026-07-27 15:33:58.926] Removendo ProjectID=428294 GRD-COM-ERM-Nova Praça P8-0000001
[2026-07-27 15:33:59.611] Removendo ProjectID=428295 GRD-COM-ERM-Praça P15-0000001
[2026-07-27 15:34:00.319] Removendo ProjectID=428296 GRD-COM-ERM-PPD - km 215+600-0000001
[2026-07-27 15:34:00.956] Removendo ProjectID=428297 GRD-COM-ERM-Praça P14-0000001
[2026-07-27 15:34:01.594] Removendo ProjectID=428298 GRD-COM-ERM-Praça P7-0000001
[2026-07-27 15:34:02.243] Removendo ProjectID=428299 GRD-COM-ERM-PPD - km 513+600-0000001
[2026-07-27 15:34:02.858] Removendo ProjectID=428300 GRD-COM-ERM-Praça P11-0000001
[2026-07-27 15:34:03.431] Removendo ProjectID=428301 GRD-COM-ERM-Praça P8-0000001
[2026-07-27 15:34:04.051] Removendo ProjectID=428302 GRD-COM-ERM-Praça P9-0000001
[2026-07-27 15:34:04.636] Removendo ProjectID=428303 GRD-COM-ERM-Praça P12-0000001
[2026-07-27 15:34:05.265] Removendo ProjectID=428304 GRD-COM-ERM-Praça P13-0000001
[2026-07-27 15:34:05.818] Removendo ProjectID=428305 GRD-COM-ERM-Praça P6-0000001
[2026-07-27 15:34:06.437] Removendo ProjectID=428306 GRD-COM-ERM-Praça P10-0000001
[2026-07-27 15:34:07.070] Removendo ProjectID=428307 GRD-COM-ECA-Acesso km 35 - BR414/GO-0000001
[2026-07-27 15:34:07.659] Removendo ProjectID=428308 GRD-COM-EC1-Duplicação D1-0000001
[2026-07-27 15:34:08.273] Removendo ProjectID=428309 GRD-COM-EC5-Acostamentos do SH8-0000001
[2026-07-27 15:34:08.875] Removendo ProjectID=428310 GRD-COM-ECNO-01.03.02-0000001
[2026-07-27 15:34:09.537] Removendo ProjectID=428311 GRD-COM-ECNO-02.10.01.01-0000001
[2026-07-27 15:34:10.093] Removendo ProjectID=428312 GRD-COM-ECNO-01.03.01-0000001
[2026-07-27 15:34:10.686] Removendo ProjectID=428313 GRD-COM-ECNO-02.06.02.11-0000001
[2026-07-27 15:34:11.207] Removendo ProjectID=428314 GRD-COM-ECNO-02.02.01.01.01-0000001
[2026-07-27 15:34:11.873] Removendo ProjectID=428315 GRD-COM-ECNO-02.06.02.07-0000001
[2026-07-27 15:34:12.535] Removendo ProjectID=428316 GRD-COM-ECNO-02.06.02.16-0000001
[2026-07-27 15:34:13.103] Removendo ProjectID=428317 GRD-COM-ECNO-02.06.02.06-0000001
[2026-07-27 15:34:13.674] Removendo ProjectID=428318 GRD-COM-ECNO-01.03.03-0000001
[2026-07-27 15:34:14.250] Removendo ProjectID=428319 GRD-COM-ECNO-02.06.02.17-0000001
[2026-07-27 15:34:14.819] Removendo ProjectID=428320 GRD-COM-ECNO-02.02.02.03.01-0000001
[2026-07-27 15:34:15.383] Removendo ProjectID=428321 GRD-COM-ECNO-01.01.01.01-0000001
[2026-07-27 15:34:15.976] Removendo ProjectID=428322 GRD-COM-ECNO-02.04.03.01.01-0000001
[2026-07-27 15:34:16.631] Removendo ProjectID=428323 GRD-COM-ECNO-02.06.02.12-0000001
[2026-07-27 15:34:17.313] Removendo ProjectID=428324 GRD-COM-ECNO-01.01.01.06-0000001
[2026-07-27 15:34:17.966] Removendo ProjectID=428325 GRD-COM-ECNO-02.02.01.13.01-0000001
[2026-07-27 15:34:18.581] Removendo ProjectID=428326 GRD-COM-ECNO-02.02.01.14.01-0000001
[2026-07-27 15:34:19.170] Removendo ProjectID=428327 GRD-COM-ECNO-02.02.02.11.01-0000001
[2026-07-27 15:34:19.785] Removendo ProjectID=428328 GRD-COM-ECNO-02.04.03.01.02-0000001
[2026-07-27 15:34:21.105] Removendo ProjectID=428329 GRD-COM-ECNO-01.01.02.02-0000001
[2026-07-27 15:34:21.646] Removendo ProjectID=428330 GRD-COM-ECNO-01.01.02.01-0000001
[2026-07-27 15:34:22.323] Removendo ProjectID=428331 GRD-COM-ECNO-01.03.04-0000001
[2026-07-27 15:34:22.868] Removendo ProjectID=428332 GRD-COM-ECNO-01.01.01.02-0000001
[2026-07-27 15:34:23.521] Removendo ProjectID=428333 GRD-COM-ECNO-02.02.02.05.00-0000001
[2026-07-27 15:34:24.070] Removendo ProjectID=428334 GRD-COM-ECNO-02.02.02.01.01-0000001
[2026-07-27 15:34:24.622] Removendo ProjectID=428335 GRD-COM-ECNO-01.01.01.05-0000001
[2026-07-27 15:34:25.266] Removendo ProjectID=428336 GRD-COM-ECNO-02.02.02.01.02-0000001
[2026-07-27 15:34:25.831] Removendo ProjectID=428337 GRD-COM-ECNO-01.01.01.09-0000001
[2026-07-27 15:34:26.428] Removendo ProjectID=428338 GRD-COM-ECNO-02.02.01.12.01-0000001
[2026-07-27 15:34:27.008] Removendo ProjectID=428339 GRD-COM-ECNO-01.01.01.08-0000001
[2026-07-27 15:34:27.595] Removendo ProjectID=428340 GRD-COM-ECNO-02.11.01.01 km 291-0000001
[2026-07-27 15:34:28.811] Removendo ProjectID=428341 GRD-COM-ECNO-02.11.01.01 km 407-0000001
[2026-07-27 15:34:29.432] Removendo ProjectID=428342 GRD-COM-ECNO-02.11.01.01 km 252-0000001
[2026-07-27 15:34:30.039] Removendo ProjectID=428343 GRD-COM-ECNO-02.02.01.08.02-0000001
[2026-07-27 15:34:30.723] Removendo ProjectID=428344 GRD-COM-ECNO-02.12.01.02-0000001
[2026-07-27 15:34:31.294] Removendo ProjectID=428345 GRD-COM-ECNO-02.02.01.07.01-0000001
[2026-07-27 15:34:31.864] Removendo ProjectID=428346 GRD-COM-ECVI-Ligação Planalto - Baixada-0000001
[2026-07-27 15:34:32.450] Removendo ProjectID=428347 GRD-COM-ECNO-01.02.02.01-0000001
[2026-07-27 15:34:33.077] Removendo ProjectID=428348 GRD-COM-ECNO-02.02.01.17.02-0000001
[2026-07-27 15:34:33.632] Removendo ProjectID=428349 GRD-COM-ECNO-02.02.02.08.01-0000001
[2026-07-27 15:34:34.200] Removendo ProjectID=428350 GRD-COM-ECNO-02.02.01.02.01-0000001
[2026-07-27 15:34:34.766] Removendo ProjectID=428351 GRD-COM-ECNO-02.12.02.02 - PMRV-0000001
[2026-07-27 15:34:35.356] Removendo ProjectID=428352 GRD-COM-ECNO-03.03.03 - Dobrada-0000001
[2026-07-27 15:34:36.014] Removendo ProjectID=428353 GRD-COM-ECNO-03.03.03 - Taiúva-0000001
[2026-07-27 15:34:36.690] Removendo ProjectID=428354 GRD-COM-ECNO-02.02.01.08.01-0000001
[2026-07-27 15:34:37.260] Removendo ProjectID=428355 GRD-COM-ECNO-02.02.01.17.01-0000001
[2026-07-27 15:34:37.802] Removendo ProjectID=428356 GRD-COM-ECNO-02.04.03.02.03-0000001
[2026-07-27 15:34:38.432] Removendo ProjectID=428357 GRD-COM-ECNO-02.04.03.02.04-0000001
[2026-07-27 15:34:39.047] Removendo ProjectID=428358 GRD-COM-ECNO-01.01.01.07-0000001
[2026-07-27 15:34:39.701] Removendo ProjectID=428359 GRD-COM-ECNO-02.04.03.02.02-0000001
[2026-07-27 15:34:40.455] Removendo ProjectID=428360 GRD-COM-ECNO-02.02.01.04.01-0000001
[2026-07-27 15:34:41.342] Removendo ProjectID=428361 GRD-COM-ECNO-02.02.01.02.02-0000001
[2026-07-27 15:34:42.459] Removendo ProjectID=428362 GRD-COM-ERC-02.02.02.02 BSO 2-0000001
[2026-07-27 15:34:43.159] Removendo ProjectID=428363 GRD-COM-ECNO-02.02.02.04.01-0000001
[2026-07-27 15:34:43.833] Removendo ProjectID=428364 GRD-COM-ECNO-CCPP - São Carlos-0000001
[2026-07-27 15:34:44.405] Removendo ProjectID=428365 GRD-COM-ECNO-CCPP - Ibirá-0000001
[2026-07-27 15:34:44.989] Removendo ProjectID=428366 GRD-COM-ECNO-CCPP - Bebedouro-0000001
[2026-07-27 15:34:45.805] Removendo ProjectID=428367 GRD-COM-ECNO-CCPP - Itápolis-0000001
[2026-07-27 15:34:46.475] Removendo ProjectID=428368 GRD-COM-ECNO-CCPP - São José-0000001
[2026-07-27 15:34:47.129] Removendo ProjectID=428369 GRD-COM-ECNO-CCPP - Jaboticabal-0000001
[2026-07-27 15:34:47.870] Removendo ProjectID=428370 GRD-COM-ERC-02.02.02.03 BSO 3-0000001
[2026-07-27 15:34:48.877] Removendo ProjectID=428371 GRD-COM-EPIS-Prolon Carvalho Pinto-0000001
[2026-07-27 15:34:50.110] Removendo ProjectID=428372 GRD-COM-ECVI-Curva do S - Alças-0000001
[2026-07-27 15:34:51.074] Removendo ProjectID=428373 GRD-COM-ECVI-ANPC - Dispositivos-0000001
[2026-07-27 15:34:52.234] Removendo ProjectID=428374 GRD-COM-ERC-02.02.02.01 BSO 1-0000001
[2026-07-27 15:34:53.158] Removendo ProjectID=428375 GRD-COM-ERC-02.02.02.04 BSO 4-0000001
[2026-07-27 15:34:53.926] Removendo ProjectID=428376 GRD-COM-EVNP-03.03.03 - Piragi-0000001
[2026-07-27 15:34:54.765] Removendo ProjectID=428377 GRD-COM-ECNO-02.02.01.03.01-0000001
[2026-07-27 15:34:55.614] Removendo ProjectID=428378 GRD-COM-EVNP-03.03.03 - Monte Alto-0000001
[2026-07-27 15:34:56.274] Removendo ProjectID=428379 GRD-COM-IMI-Estação Elevatória km 64-0000001
[2026-07-27 15:34:56.913] Removendo ProjectID=428380 GRD-COM-ECNO-02.04.03.02.05-0000001
[2026-07-27 15:34:57.811] Removendo ProjectID=428381 GRD-COM-IMI-Alemoa Rotatória-0000001
[2026-07-27 15:34:58.716] Removendo ProjectID=428382 GRD-COM-NP-NOP11 - Dispositivo RP-0000001
[2026-07-27 15:34:59.826] Removendo ProjectID=428383 GRD-COM-NP-NOP04 - Dispositivo SC-0000001
[2026-07-27 15:35:00.528] Removendo ProjectID=428384 GRD-COM-NP-NOP05 - Dispositivo SC-0000001
[2026-07-27 15:35:01.751] Removendo ProjectID=428385 GRD-COM-IMI-147-FIP-Novo Acesso Porto-0000001
[2026-07-27 15:35:03.261] Removendo ProjectID=428386 GRD-COM-IMI-Alemoa Dispositivo-0000001
[2026-07-27 15:35:04.584] Removendo ProjectID=428387 GRD-COM-ECNO-02.02.02.09.01-0000001
[2026-07-27 15:35:06.048] Removendo ProjectID=428388 GRD-COM-ECNO-02.02.01.05.01-0000001
[2026-07-27 15:35:07.760] Removendo ProjectID=428389 GRD-COM-ECNO-02.02.01.15.02-0000001
[2026-07-27 15:35:09.257] Removendo ProjectID=428390 GRD-COM-ECNO-02.02.01.16.01-0000001
[2026-07-27 15:35:10.276] Removendo ProjectID=428391 GRD-COM-ECNO-02.02.02.10.01-0000001
[2026-07-27 15:35:10.994] Removendo ProjectID=428392 GRD-COM-NP-NOP07 - Dispositivo SC-0000001
[2026-07-27 15:35:11.623] Removendo ProjectID=428393 GRD-COM-ECVI-Estação de bombeamento-0000001
[2026-07-27 15:35:12.251] Removendo ProjectID=428394 GRD-COM-ECVI-Ciclovia Norte-0000001
[2026-07-27 15:35:12.864] Removendo ProjectID=428395 GRD-COM-ECVI-ADC Sul-0000001
[2026-07-27 15:35:13.482] Removendo ProjectID=428396 GRD-COM-EVNP-03.03.03 - Colina-0000001
[2026-07-27 15:35:14.301] Removendo ProjectID=428397 GRD-COM-ECNO-02.02.01.15.01-0000001
[2026-07-27 15:35:15.038] Removendo ProjectID=428398 GRD-COM-RC-03.03 - Free Flow P6-13,680-0000001
[2026-07-27 15:35:15.653] Removendo ProjectID=428399 GRD-COM-RC-03.03 - Free Flow P12-0000001
[2026-07-27 15:35:16.666] Removendo ProjectID=428400 GRD-COM-RC-03.03 - Free Flow P11-0000001
[2026-07-27 15:35:17.374] Removendo ProjectID=428401 GRD-COM-ECVI-TA-02 - AVCB Túneis-0000001
[2026-07-27 15:35:17.966] Removendo ProjectID=428402 GRD-COM-ECVI-TA-03 - AVCB Túneis-0000001
[2026-07-27 15:35:18.538] Removendo ProjectID=428403 GRD-COM-ECVI-TA-01 - AVCB Túneis-0000001
[2026-07-27 15:35:19.114] Removendo ProjectID=428404 GRD-COM-ECVI-TA-10/11 - AVCB Túneis-0000001
[2026-07-27 15:35:19.760] Removendo ProjectID=428405 GRD-COM-ECVI-TA-05 - AVCB Túneis-0000001
[2026-07-27 15:35:20.347] Removendo ProjectID=428406 GRD-COM-ECVI-TA-12 - AVCB Túneis-0000001
[2026-07-27 15:35:20.956] Removendo ProjectID=428407 GRD-COM-ECVI-TA-09 - AVCB Túneis-0000001
[2026-07-27 15:35:21.727] Removendo ProjectID=428408 GRD-COM-ECVI-TA-13 - AVCB Túneis-0000001
[2026-07-27 15:35:22.434] Removendo ProjectID=428409 GRD-COM-ECVI-TD-01 - AVCB-0000001
[2026-07-27 15:35:23.159] Removendo ProjectID=428410 GRD-COM-ECVI-TA-04 - AVCB Túneis-0000001
[2026-07-27 15:35:23.782] Removendo ProjectID=428411 GRD-COM-ECVI-TA-002 - AVCB Túneis-0000001
[2026-07-27 15:35:24.444] Removendo ProjectID=428412 GRD-COM-ECVI-TA-001 - AVCB Túneis-0000001
[2026-07-27 15:35:25.069] Removendo ProjectID=428413 GRD-COM-ECVI-TA-06 - AVCB Túneis-0000001
[2026-07-27 15:35:25.779] Removendo ProjectID=428414 GRD-COM-ECVI-TA-14 - AVCB Túneis-0000001
[2026-07-27 15:35:26.543] Removendo ProjectID=428415 GRD-COM-ECVI-TA-07 - AVCB Túneis-0000001
[2026-07-27 15:35:27.273] Removendo ProjectID=428416 GRD-COM-ECVI-TD-00 - AVCB-0000001
[2026-07-27 15:35:28.362] Removendo ProjectID=428417 GRD-COM-ECVI-TD-02 - AVCB Túneis-0000001
[2026-07-27 15:35:29.504] Removendo ProjectID=428418 GRD-COM-ECVI-Túnel Quilombo-0000001
ROLLBACK CONCLUÍDO: removidas=227; restantes=0
**********************
Fim da transcrição do Windows PowerShell
Hora de término: 20260727153533
**********************
