2026-08-03 09:54:45 | INFO | ProjectWise - criação de usuários em lote
2026-08-03 09:54:45 | INFO | Execução iniciada pela Central de Scripts ProjectWise.
2026-08-03 09:54:45 | INFO | Log: C:\Users\peter\OneDrive - Grupo Ecorodovias\Área de Trabalho\Scritps_novos\Scripts\ProjectWise\Central de Scripts ProjectWise\Rotinas\01-CriarUsuariosLote\Logs\PW_CriarUsuariosLote_20260803_095445.log
2026-08-03 09:54:45 | INFO | Abrindo a autenticação do ProjectWise...
2026-08-03 09:54:55 | OK | Autenticação realizada. Usuário atual: Peterson Caputti
2026-08-03 09:54:55 | INFO | Arquivo de entrada: C:\Users\peter\OneDrive - Grupo Ecorodovias\Área de Trabalho\Modelo_Criacao_Usuarios_ProjectWise.xlsx
2026-08-03 09:54:56 | INFO | Registros carregados: 2
2026-08-03 09:54:56 | OK | Linha 2: usuário criado - Esdras Emerson Pascoal Ferreira
2026-08-03 09:54:56 | OK | Linha 3: usuário criado - Thaissa Soares Silva
2026-08-03 09:54:57 | INFO | Sessão do ProjectWise encerrada.
2026-08-03 09:54:57 | INFO | 
2026-08-03 09:54:57 | INFO | ================ RESUMO FINAL ================
2026-08-03 09:54:57 | INFO | Total de linhas processadas : 2
2026-08-03 09:54:57 | OK | Usuários criados            : 2
2026-08-03 09:54:57 | OK | Usuários atualizados        : 0
2026-08-03 09:54:57 | WARN | Usuários já existentes      : 0
2026-08-03 09:54:57 | INFO | Linhas apenas validadas     : 0
2026-08-03 09:54:57 | OK | Linhas inválidas            : 0
2026-08-03 09:54:57 | OK | Erros de processamento      : 0
2026-08-03 09:54:57 | OK | Relatório completo          : C:\Users\peter\OneDrive - Grupo Ecorodovias\Área de Trabalho\Scritps_novos\Scripts\ProjectWise\Central de Scripts ProjectWise\Rotinas\01-CriarUsuariosLote\Logs\PW_CriarUsuariosLote_Relatorio_20260803_095445.csv
2026-08-03 09:54:57 | INFO | ==============================================
