2026-07-31 10:30:04 | INFO | ProjectWise - criacao de usuarios em lote
2026-07-31 10:30:04 | INFO | Execucao iniciada pela Central de Scripts ProjectWise.
2026-07-31 10:30:04 | INFO | Log: C:\Users\peter\OneDrive - Grupo Ecorodovias\Área de Trabalho\Scritps_novos\Scripts\ProjectWise\Central de Scripts ProjectWise\Rotinas\01-CriarUsuariosLote\Logs\PW_CriarUsuariosLote_20260731_103004.log
2026-07-31 10:30:04 | INFO | Modo SomenteValidar: login no ProjectWise nao sera executado.
2026-07-31 10:30:04 | INFO | Arquivo de entrada: C:\Users\peter\OneDrive - Grupo Ecorodovias\Área de Trabalho\Scritps_novos\Scripts\ProjectWise\Central de Scripts ProjectWise\Rotinas\01-CriarUsuariosLote\Tests\usuarios_validacao.csv
2026-07-31 10:30:04 | INFO | Registros carregados: 2
2026-07-31 10:30:04 | OK | Linha 2: valida - usuario.teste.visual
2026-07-31 10:30:04 | WARN | Linha 3: invalida - Name vazio; Email em formato invalido
2026-07-31 10:30:05 | INFO | Gerando arquivo da lista processada para descricao: Teste Migracao
2026-07-31 10:30:05 | OK | Arquivo gerado: C:\Users\peter\OneDrive - Grupo Ecorodovias\Área de Trabalho\Scritps_novos\Scripts\ProjectWise\Central de Scripts ProjectWise\Rotinas\01-CriarUsuariosLote\Tests\UsuariosPorDescricao_20260731_103004\Usuarios_Descricao_Teste Migracao.xlsx
2026-07-31 10:30:05 | INFO | Gerando arquivo da lista processada para descricao: Registro Invalido
2026-07-31 10:30:05 | OK | Arquivo gerado: C:\Users\peter\OneDrive - Grupo Ecorodovias\Área de Trabalho\Scritps_novos\Scripts\ProjectWise\Central de Scripts ProjectWise\Rotinas\01-CriarUsuariosLote\Tests\UsuariosPorDescricao_20260731_103004\Usuarios_Descricao_Registro Invalido.xlsx
2026-07-31 10:30:05 | INFO | 
2026-07-31 10:30:05 | INFO | ================ RESUMO FINAL ================
2026-07-31 10:30:05 | INFO | Total de linhas processadas : 2
2026-07-31 10:30:05 | OK | Usuarios criados            : 0
2026-07-31 10:30:05 | OK | Usuarios atualizados        : 0
2026-07-31 10:30:05 | WARN | Usuarios ja existentes      : 0
2026-07-31 10:30:05 | INFO | Linhas apenas validadas     : 1
2026-07-31 10:30:05 | WARN | Linhas invalidas            : 1
2026-07-31 10:30:05 | OK | Erros de processamento      : 0
2026-07-31 10:30:05 | OK | Relatorio completo          : C:\Users\peter\OneDrive - Grupo Ecorodovias\Área de Trabalho\Scritps_novos\Scripts\ProjectWise\Central de Scripts ProjectWise\Rotinas\01-CriarUsuariosLote\Logs\PW_CriarUsuariosLote_Relatorio_20260731_103004.csv
2026-07-31 10:30:05 | OK | Arquivos Excel por descricao:
2026-07-31 10:30:05 | OK | - C:\Users\peter\OneDrive - Grupo Ecorodovias\Área de Trabalho\Scritps_novos\Scripts\ProjectWise\Central de Scripts ProjectWise\Rotinas\01-CriarUsuariosLote\Tests\UsuariosPorDescricao_20260731_103004\Usuarios_Descricao_Teste Migracao.xlsx
2026-07-31 10:30:05 | OK | - C:\Users\peter\OneDrive - Grupo Ecorodovias\Área de Trabalho\Scritps_novos\Scripts\ProjectWise\Central de Scripts ProjectWise\Rotinas\01-CriarUsuariosLote\Tests\UsuariosPorDescricao_20260731_103004\Usuarios_Descricao_Registro Invalido.xlsx
2026-07-31 10:30:05 | INFO | 
2026-07-31 10:30:05 | WARN | Linhas que precisam de atencao:
2026-07-31 10:30:05 | WARN | - Linha 3 | INVALIDO |  | Name vazio; Email em formato invalido
2026-07-31 10:30:05 | INFO | ==============================================
