2026-07-31 11:04:23 | INFO | ProjectWise - criação de usuários em lote
2026-07-31 11:04:23 | INFO | Execução iniciada pela Central de Scripts ProjectWise.
2026-07-31 11:04:23 | INFO | Log: C:\Users\peter\OneDrive - Grupo Ecorodovias\Área de Trabalho\Scritps_novos\Scripts\ProjectWise\Central de Scripts ProjectWise\Rotinas\01-CriarUsuariosLote\Logs\PW_CriarUsuariosLote_20260731_110423.log
2026-07-31 11:04:23 | INFO | Modo 'Somente validar': a autenticação no ProjectWise não será realizada.
2026-07-31 11:04:23 | INFO | Arquivo de entrada: C:\Users\peter\OneDrive - Grupo Ecorodovias\Área de Trabalho\Scritps_novos\Scripts\ProjectWise\Central de Scripts ProjectWise\Rotinas\01-CriarUsuariosLote\Tests\usuarios_validacao.csv
2026-07-31 11:04:23 | INFO | Registros carregados: 2
2026-07-31 11:04:23 | OK | Linha 2: válida - usuario.teste.visual
2026-07-31 11:04:23 | WARN | Linha 3: inválida - Nome de usuário vazio; E-mail em formato inválido
2026-07-31 11:04:23 | INFO | 
2026-07-31 11:04:23 | INFO | ================ RESUMO FINAL ================
2026-07-31 11:04:23 | INFO | Total de linhas processadas : 2
2026-07-31 11:04:23 | OK | Usuários criados            : 0
2026-07-31 11:04:23 | OK | Usuários atualizados        : 0
2026-07-31 11:04:23 | WARN | Usuários já existentes      : 0
2026-07-31 11:04:23 | INFO | Linhas apenas validadas     : 1
2026-07-31 11:04:23 | WARN | Linhas inválidas            : 1
2026-07-31 11:04:23 | OK | Erros de processamento      : 0
2026-07-31 11:04:23 | OK | Relatório completo          : C:\Users\peter\OneDrive - Grupo Ecorodovias\Área de Trabalho\Scritps_novos\Scripts\ProjectWise\Central de Scripts ProjectWise\Rotinas\01-CriarUsuariosLote\Logs\PW_CriarUsuariosLote_Relatorio_20260731_110423.csv
2026-07-31 11:04:23 | INFO | 
2026-07-31 11:04:23 | WARN | Linhas que precisam de atenção:
2026-07-31 11:04:24 | WARN | - Linha 3 | INVALIDO |  | Nome de usuário vazio; E-mail em formato inválido
2026-07-31 11:04:24 | INFO | ==============================================
