**********************
Início da transcrição do Windows PowerShell
Hora de início: 20260612125411
Nome de Usuário: DESKTOP-AVMULEQ\Peterson
Executar como Usuário: DESKTOP-AVMULEQ\Peterson
Nome da Configuração: 
Computador: DESKTOP-AVMULEQ (Microsoft Windows NT 10.0.26200.0)
Aplicativo Host: C:\Windows\System32\WindowsPowerShell\v1.0\powershell.exe -NoProfile -ExecutionPolicy Bypass -Command Import-Module 'c:\Users\Peterson\.vscode\extensions\ms-vscode.powershell-2025.4.0\modules\PowerShellEditorServices\PowerShellEditorServices.psd1'; Start-EditorServices -HostName 'Visual Studio Code Host' -HostProfileId 'Microsoft.VSCode' -HostVersion '2025.4.0' -BundledModulesPath 'c:\Users\Peterson\.vscode\extensions\ms-vscode.powershell-2025.4.0\modules' -EnableConsoleRepl -StartupBanner "PowerShell Extension v2025.4.0
Copyright (c) Microsoft Corporation.

https://aka.ms/vscode-powershell
Type 'help' to get help.
" -LogLevel 'Warning' -LogPath 'c:\Users\Peterson\AppData\Roaming\Code\logs\20260612T115254\window1\exthost\ms-vscode.powershell' -SessionDetailsPath 'c:\Users\Peterson\AppData\Roaming\Code\User\globalStorage\ms-vscode.powershell\sessions\PSES-VSCode-10268-103358.json' -FeatureFlags @() 
ID do Processo: 5892
PSVersion: 5.1.26100.8655
PSEdition: Desktop
PSCompatibleVersions: 1.0, 2.0, 3.0, 4.0, 5.0, 5.1.26100.8655
BuildVersion: 10.0.26100.8655
CLRVersion: 4.0.30319.42000
WSManStackVersion: 3.0
PSRemotingProtocolVersion: 2.3
SerializationVersion: 1.1.0.1
**********************
AVISO: Error logging in to '' 0
Login no ProjectWise nao realizado.

===== RESUMO FINAL =====
Projetos processados               : [0]
Pastas encontradas                 : [0]
Pastas nao encontradas             : [0]
Permissoes de pasta aplicadas      : [0]
Permissoes de documento aplicadas  : [0]
Permissoes workflow/state aplicadas: [0]
Erros                              : [0]
=========================

**********************
Fim da transcrição do Windows PowerShell
Hora de término: 20260612125417
**********************
