**********************
Início da transcrição do Windows PowerShell
Hora de início: 20260611100950
Nome de Usuário: DESKTOP-AVMULEQ\Peterson
Executar como Usuário: DESKTOP-AVMULEQ\Peterson
Nome da Configuração: 
Computador: DESKTOP-AVMULEQ (Microsoft Windows NT 10.0.26200.0)
Aplicativo Host: C:\Windows\System32\WindowsPowerShell\v1.0\powershell.exe -file  C:\Users\Peterson\OneDrive - Grupo Ecorodovias\Área de Trabalho\Scritps_novos\Scripts\ProjectWise\ExecucaoManualUsuario\CorrigirAcessoDocumentosPW.ps1 
ID do Processo: 25704
PSVersion: 5.1.26100.8655
PSEdition: Desktop
PSCompatibleVersions: 1.0, 2.0, 3.0, 4.0, 5.0, 5.1.26100.8655
BuildVersion: 10.0.26100.8655
CLRVersion: 4.0.30319.42000
WSManStackVersion: 3.0
PSRemotingProtocolVersion: 2.3
SerializationVersion: 1.1.0.1
**********************

===== PARAMETROS RECEBIDOS =====
NomeConcessao                      : []
Projetos                           : []
AplicarWorkflowStates              : [False]
================================
Erro geral na execucao: Parametro NomeConcessao e obrigatorio.

===== RESUMO FINAL =====
Projetos processados               : [0]
Pastas encontradas                 : [0]
Pastas nao encontradas             : [0]
Permissoes de pasta aplicadas      : [0]
Permissoes de documento aplicadas  : [0]
Permissoes workflow/state aplicadas: [0]
Erros                              : [1]
=========================

**********************
Fim da transcrição do Windows PowerShell
Hora de término: 20260611100950
**********************
