2026-06-10 10:36:20 | INFO | ProjectWise - criacao de usuarios em lote
2026-06-10 10:36:20 | INFO | Log: C:\Users\Peterson\OneDrive - Grupo Ecorodovias\Área de Trabalho\Scritps_novos\Scripts\ProjectWise\ExecucaoManualUsuario\Logs\PW_CriarUsuariosLote_20260610_103620.log
2026-06-10 10:36:20 | INFO | Abrindo login no ProjectWise...
2026-06-10 10:36:36 | OK | Login realizado. Usuario atual: Peterson Caputti
2026-06-10 10:36:47 | INFO | Arquivo de entrada: C:\Users\Peterson\OneDrive - Grupo Ecorodovias\Área de Trabalho\Modelo_Criacao_Usuarios_ProjectWise.xlsx
2026-06-10 10:36:49 | INFO | Registros carregados: 5
2026-06-10 10:36:50 | WARN | Linha 2: usuario ja existe - Stella Silva (encontrado por Name)
2026-06-10 10:36:50 | WARN | Linha 3: usuario ja existe - João Wanka (encontrado por Name)
2026-06-10 10:36:50 | WARN | Linha 4: usuario ja existe - Leon Lima (encontrado por E-mail)
2026-06-10 10:36:51 | WARN | Linha 5: usuario ja existe - Daljosmar Magalhaes (encontrado por E-mail)
2026-06-10 10:36:51 | WARN | Linha 6: usuario ja existe - Alcir Guimarães (encontrado por E-mail)
2026-06-10 10:36:56 | WARN | Nenhuma pasta foi selecionada para a extracao. Usando pasta padrao: C:\Users\Peterson\OneDrive - Grupo Ecorodovias\Área de Trabalho\Scritps_novos\Scripts\ProjectWise\ExecucaoManualUsuario\Logs\UsuariosPorDescricao_20260610_103620
2026-06-10 10:36:56 | INFO | Gerando arquivo da lista processada para descricao: Especialista
2026-06-10 10:36:56 | OK | Arquivo gerado: C:\Users\Peterson\OneDrive - Grupo Ecorodovias\Área de Trabalho\Scritps_novos\Scripts\ProjectWise\ExecucaoManualUsuario\Logs\UsuariosPorDescricao_20260610_103620\Usuarios_Descricao_Especialista.xlsx
2026-06-10 10:36:57 | INFO | Sessao ProjectWise encerrada.
2026-06-10 10:36:57 | INFO | 
2026-06-10 10:36:57 | INFO | ================ RESUMO FINAL ================
2026-06-10 10:36:57 | INFO | Total de linhas processadas : 5
2026-06-10 10:36:57 | OK | Usuarios criados            : 0
2026-06-10 10:36:57 | OK | Usuarios atualizados        : 0
2026-06-10 10:36:57 | WARN | Usuarios ja existentes      : 5
2026-06-10 10:36:57 | INFO | Linhas apenas validadas     : 0
2026-06-10 10:36:57 | OK | Linhas invalidas            : 0
2026-06-10 10:36:57 | OK | Erros de processamento      : 0
2026-06-10 10:36:57 | OK | Relatorio completo          : C:\Users\Peterson\OneDrive - Grupo Ecorodovias\Área de Trabalho\Scritps_novos\Scripts\ProjectWise\ExecucaoManualUsuario\Logs\PW_CriarUsuariosLote_Relatorio_20260610_103620.csv
2026-06-10 10:36:57 | OK | Arquivos Excel por descricao:
2026-06-10 10:36:57 | OK | - C:\Users\Peterson\OneDrive - Grupo Ecorodovias\Área de Trabalho\Scritps_novos\Scripts\ProjectWise\ExecucaoManualUsuario\Logs\UsuariosPorDescricao_20260610_103620\Usuarios_Descricao_Especialista.xlsx
2026-06-10 10:36:57 | INFO | 
2026-06-10 10:36:57 | WARN | Usuarios que ja existiam e nao foram recriados:
2026-06-10 10:36:57 | WARN | - Linha 2 | Especialista | Stella Silva | stella.silva@itineraconstrucoes.com.br
2026-06-10 10:36:57 | WARN | - Linha 3 | Especialista | João Wanka | joao.wanka@appe-sc.com.br
2026-06-10 10:36:57 | WARN | - Linha 4 | Especialista | Leon Lima | T_Leon.Lima@ecovias.com.br
2026-06-10 10:36:57 | WARN | - Linha 5 | Especialista | Daljosmar Magalhaes | daljosmar.magalhaes@itineraconstrucoes.com.br
2026-06-10 10:36:57 | WARN | - Linha 6 | Especialista | Alcir Guimarães | alcir.guimaraes@crasainfra.com
2026-06-10 10:36:57 | INFO | ==============================================
