2026-07-16 09:58:41 | INFO | ProjectWise - criacao de usuarios em lote
2026-07-16 09:58:41 | INFO | Log: C:\Users\peter\OneDrive - Grupo Ecorodovias\Área de Trabalho\Scritps_novos\Scripts\ProjectWise\ExecucaoManualUsuario\Logs\PW_CriarUsuariosLote_20260716_095841.log
2026-07-16 09:58:42 | INFO | Abrindo login no ProjectWise...
2026-07-16 09:58:52 | OK | Login realizado. Usuario atual: Peterson Caputti
2026-07-16 09:59:05 | INFO | Arquivo de entrada: C:\Users\peter\OneDrive - Grupo Ecorodovias\Área de Trabalho\Modelo_Criacao_Usuarios_ProjectWise.xlsx
2026-07-16 09:59:05 | INFO | Registros carregados: 6
2026-07-16 09:59:06 | OK | Linha 2: usuario criado - Ivan Morais
2026-07-16 09:59:06 | WARN | Linha 3: usuario ja existe - Andre Augusto (encontrado por E-mail)
2026-07-16 09:59:06 | OK | Linha 4: usuario criado - Eduardo Oliviera
2026-07-16 09:59:07 | OK | Linha 5: usuario criado - Jaine Quadros
2026-07-16 09:59:07 | WARN | Linha 6: invalida - Name vazio; E-mail vazio
2026-07-16 09:59:07 | WARN | Linha 7: invalida - Name vazio; E-mail vazio
2026-07-16 09:59:12 | INFO | Gerando arquivo da lista processada para descricao: Projetista
2026-07-16 09:59:13 | OK | Arquivo gerado: C:\Users\peter\OneDrive\Desktop\UsuariosPorDescricao_20260716_095841\Usuarios_Descricao_Projetista.xlsx
2026-07-16 09:59:13 | INFO | Sessao ProjectWise encerrada.
2026-07-16 09:59:13 | INFO | 
2026-07-16 09:59:13 | INFO | ================ RESUMO FINAL ================
2026-07-16 09:59:13 | INFO | Total de linhas processadas : 6
2026-07-16 09:59:13 | OK | Usuarios criados            : 3
2026-07-16 09:59:13 | OK | Usuarios atualizados        : 0
2026-07-16 09:59:13 | WARN | Usuarios ja existentes      : 1
2026-07-16 09:59:13 | INFO | Linhas apenas validadas     : 0
2026-07-16 09:59:13 | WARN | Linhas invalidas            : 2
2026-07-16 09:59:13 | OK | Erros de processamento      : 0
2026-07-16 09:59:13 | OK | Relatorio completo          : C:\Users\peter\OneDrive - Grupo Ecorodovias\Área de Trabalho\Scritps_novos\Scripts\ProjectWise\ExecucaoManualUsuario\Logs\PW_CriarUsuariosLote_Relatorio_20260716_095841.csv
2026-07-16 09:59:13 | OK | Arquivos Excel por descricao:
2026-07-16 09:59:13 | OK | - C:\Users\peter\OneDrive\Desktop\UsuariosPorDescricao_20260716_095841\Usuarios_Descricao_Projetista.xlsx
2026-07-16 09:59:13 | INFO | 
2026-07-16 09:59:13 | WARN | Linhas que precisam de atencao:
2026-07-16 09:59:13 | WARN | - Linha 6 | INVALIDO |  | Name vazio; E-mail vazio
2026-07-16 09:59:13 | WARN | - Linha 7 | INVALIDO |  | Name vazio; E-mail vazio
2026-07-16 09:59:13 | INFO | 
2026-07-16 09:59:13 | WARN | Usuarios que ja existiam e nao foram recriados:
2026-07-16 09:59:13 | WARN | - Linha 3 | Projetista | Andre Augusto | andre.augusto@enprodes.com.br
2026-07-16 09:59:13 | INFO | ==============================================
