2026-07-23 16:30:49 | INFO | ProjectWise - criacao de usuarios em lote
2026-07-23 16:30:49 | INFO | Log: C:\Users\peter\OneDrive - Grupo Ecorodovias\Área de Trabalho\Scritps_novos\Scripts\ProjectWise\ExecucaoManualUsuario\Logs\PW_CriarUsuariosLote_20260723_163049.log
2026-07-23 16:30:49 | INFO | Abrindo login no ProjectWise...
2026-07-23 16:31:14 | OK | Login realizado. Usuario atual: Peterson Caputti
2026-07-23 16:31:20 | INFO | Arquivo de entrada: C:\Users\peter\OneDrive - Grupo Ecorodovias\Área de Trabalho\Modelo_Criacao_Usuarios_ProjectWise.xlsx
2026-07-23 16:31:21 | INFO | Registros carregados: 6
2026-07-23 16:31:23 | OK | Linha 2: usuario criado - Maria Izabel Bonafé Fujimori
2026-07-23 16:31:23 | WARN | Linha 3: usuario ja existe - Beatriz Souza Carrato (encontrado por Name)
2026-07-23 16:31:23 | WARN | Linha 4: usuario ja existe - Arthur Enrico Milare De Macedo (encontrado por Name)
2026-07-23 16:31:23 | OK | Linha 5: usuario criado - Bruno Nardelli
2026-07-23 16:31:23 | WARN | Linha 6: invalida - Name vazio; E-mail vazio
2026-07-23 16:31:23 | WARN | Linha 7: invalida - Name vazio; E-mail vazio
2026-07-23 16:31:27 | INFO | Gerando arquivo da lista processada para descricao: Gestor Unidade
2026-07-23 16:31:28 | OK | Arquivo gerado: C:\Users\peter\OneDrive\Desktop\UsuariosPorDescricao_20260723_163049\Usuarios_Descricao_Gestor Unidade.xlsx
2026-07-23 16:31:30 | INFO | Sessao ProjectWise encerrada.
2026-07-23 16:31:30 | INFO | 
2026-07-23 16:31:30 | INFO | ================ RESUMO FINAL ================
2026-07-23 16:31:30 | INFO | Total de linhas processadas : 6
2026-07-23 16:31:30 | OK | Usuarios criados            : 2
2026-07-23 16:31:30 | OK | Usuarios atualizados        : 0
2026-07-23 16:31:30 | WARN | Usuarios ja existentes      : 2
2026-07-23 16:31:30 | INFO | Linhas apenas validadas     : 0
2026-07-23 16:31:30 | WARN | Linhas invalidas            : 2
2026-07-23 16:31:30 | OK | Erros de processamento      : 0
2026-07-23 16:31:30 | OK | Relatorio completo          : C:\Users\peter\OneDrive - Grupo Ecorodovias\Área de Trabalho\Scritps_novos\Scripts\ProjectWise\ExecucaoManualUsuario\Logs\PW_CriarUsuariosLote_Relatorio_20260723_163049.csv
2026-07-23 16:31:30 | OK | Arquivos Excel por descricao:
2026-07-23 16:31:30 | OK | - C:\Users\peter\OneDrive\Desktop\UsuariosPorDescricao_20260723_163049\Usuarios_Descricao_Gestor Unidade.xlsx
2026-07-23 16:31:30 | INFO | 
2026-07-23 16:31:30 | WARN | Linhas que precisam de atencao:
2026-07-23 16:31:30 | WARN | - Linha 6 | INVALIDO |  | Name vazio; E-mail vazio
2026-07-23 16:31:30 | WARN | - Linha 7 | INVALIDO |  | Name vazio; E-mail vazio
2026-07-23 16:31:30 | INFO | 
2026-07-23 16:31:30 | WARN | Usuarios que ja existiam e nao foram recriados:
2026-07-23 16:31:30 | WARN | - Linha 3 | Gestor Unidade | Beatriz Souza Carrato | beatriz.carrato@ecorodovias.com.br;
2026-07-23 16:31:30 | WARN | - Linha 4 | Gestor Unidade | Arthur Enrico Milare De Macedo | arthur.macedo@ecorodovias.com.br;
2026-07-23 16:31:30 | INFO | ==============================================
