2026-06-03 11:00:07 | INFO | ProjectWise - criacao de usuarios em lote
2026-06-03 11:00:07 | INFO | Log: C:\Users\Peterson\OneDrive - Grupo Ecorodovias\Área de Trabalho\Scritps_novos\Scripts\ProjectWise\ExecucaoManualUsuario\Logs\PW_CriarUsuariosLote_20260603_110007.log
2026-06-03 11:00:07 | INFO | Abrindo login no ProjectWise...
2026-06-03 11:00:20 | OK | Login realizado. Usuario atual: Peterson Caputti
2026-06-03 11:00:59 | INFO | Arquivo de entrada: C:\Users\Peterson\Downloads\Modelo_Criacao_Usuarios_ProjectWise 2.xlsx
2026-06-03 11:01:04 | INFO | Registros carregados: 99
2026-06-03 11:01:04 | WARN | Linha 2: usuario ja existe - Airton De Melo Magalhaes (encontrado por Name)
2026-06-03 11:01:04 | WARN | Linha 3: usuario ja existe - Antonio Eduardo Ferreira De Carvalho (encontrado por Name)
2026-06-03 11:01:04 | WARN | Linha 4: usuario ja existe - Bruno Gustavo Queiros De Oliveira (encontrado por Name)
2026-06-03 11:01:05 | WARN | Linha 5: usuario ja existe - Camila Lacerda Assis (encontrado por Name)
2026-06-03 11:01:05 | WARN | Linha 6: usuario ja existe - Carlos Eduardo Da Silva (encontrado por Name)
2026-06-03 11:01:05 | WARN | Linha 7: usuario ja existe - Cleizer Madson Miranda (encontrado por Name)
2026-06-03 11:01:05 | WARN | Linha 8: usuario ja existe - Danillo Oliveira Dos Santos (encontrado por Name)
2026-06-03 11:01:05 | WARN | Linha 9: usuario ja existe - Darllieli Carolina Faustino De Almeida (encontrado por Name)
2026-06-03 11:01:05 | WARN | Linha 10: usuario ja existe - Diego Da Silva Theodoro (encontrado por Name)
2026-06-03 11:01:05 | WARN | Linha 11: usuario ja existe - Diego Jose Rodrigues Salomon (encontrado por Name)
2026-06-03 11:01:05 | WARN | Linha 12: usuario ja existe - Diogo Gomes Da Silva (encontrado por Name)
2026-06-03 11:01:05 | WARN | Linha 13: usuario ja existe - Eduardo Mello Do Amaral (encontrado por Name)
2026-06-03 11:01:05 | WARN | Linha 14: usuario ja existe - Elker Pires Da Silva Rocha (encontrado por Name)
2026-06-03 11:01:05 | WARN | Linha 15: usuario ja existe - Flavio De Castro Penna (encontrado por Name)
2026-06-03 11:01:05 | WARN | Linha 16: usuario ja existe - Gabriel Nogueira Rodrigues (encontrado por Name)
2026-06-03 11:01:05 | WARN | Linha 17: usuario ja existe - Gerson Aparecido da Luz (encontrado por Name)
2026-06-03 11:01:05 | WARN | Linha 18: usuario ja existe - Hugo Madeira Dias (encontrado por Name)
2026-06-03 11:01:05 | WARN | Linha 19: usuario ja existe - Italo Fernando Couto De Sousa (encontrado por Name)
2026-06-03 11:01:05 | WARN | Linha 20: usuario ja existe - Jairo Roberto Dos Santos (encontrado por Name)
2026-06-03 11:01:05 | WARN | Linha 21: usuario ja existe - Jean Morais Rodrigues (encontrado por Name)
2026-06-03 11:01:05 | WARN | Linha 22: usuario ja existe - Jessica Lais Dos Santos (encontrado por Name)
2026-06-03 11:01:05 | WARN | Linha 23: usuario ja existe - Joao Otavio Naibo Turmena (encontrado por Name)
2026-06-03 11:01:05 | WARN | Linha 24: usuario ja existe - Joao Vitor Correa Da Costa (encontrado por Name)
2026-06-03 11:01:05 | WARN | Linha 25: usuario ja existe - Jose Antonio Ferreira Dos Santos (encontrado por Name)
2026-06-03 11:01:05 | WARN | Linha 26: usuario ja existe - Jose Ricardo Da Silva Vieira (encontrado por Name)
2026-06-03 11:01:05 | WARN | Linha 27: usuario ja existe - Josilene De Souza Oliveira Honorio (encontrado por Name)
2026-06-03 11:01:05 | WARN | Linha 28: usuario ja existe - Karla Natálya Mendes (encontrado por Name)
2026-06-03 11:01:05 | WARN | Linha 29: usuario ja existe - Lenilcio Augusto Da Silva Filho (encontrado por Name)
2026-06-03 11:01:05 | WARN | Linha 30: usuario ja existe - Leticia Pereira Silva (encontrado por Name)
2026-06-03 11:01:06 | WARN | Linha 31: usuario ja existe - Luana Pereira Lemos (encontrado por Name)
2026-06-03 11:01:06 | WARN | Linha 32: usuario ja existe - Lucas Comarela (encontrado por Name)
2026-06-03 11:01:06 | WARN | Linha 33: usuario ja existe - Luis Carlos Lima Salvador (encontrado por Name)
2026-06-03 11:01:06 | WARN | Linha 34: usuario ja existe - Luis Fernando Goncalves (encontrado por Name)
2026-06-03 11:01:06 | WARN | Linha 35: usuario ja existe - Magdiane Do Amaral Francisco (encontrado por Name)
2026-06-03 11:01:06 | WARN | Linha 36: usuario ja existe - Marcos Vinicius Aguilar Botelho (encontrado por Name)
2026-06-03 11:01:06 | WARN | Linha 37: usuario ja existe - Marcus Vinicius Braga Da Costa (encontrado por Name)
2026-06-03 11:01:06 | WARN | Linha 38: usuario ja existe - Mayza Dias Pires Brito (encontrado por Name)
2026-06-03 11:01:06 | WARN | Linha 39: usuario ja existe - Miguel Dos Santos Rodrigues (encontrado por Name)
2026-06-03 11:01:06 | WARN | Linha 40: usuario ja existe - Milene Pereira Da Conceicao (encontrado por Name)
2026-06-03 11:01:06 | WARN | Linha 41: usuario ja existe - Patricia Cabral Rodrigues Dos Santos (encontrado por Name)
2026-06-03 11:01:06 | WARN | Linha 42: usuario ja existe - Patricia Ribas Espinosa (encontrado por Name)
2026-06-03 11:01:06 | WARN | Linha 43: usuario ja existe - Patrick Silva De Oliveira (encontrado por Name)
2026-06-03 11:01:06 | WARN | Linha 44: usuario ja existe - Paulo Andre Cassiano Da Silva (encontrado por Name)
2026-06-03 11:01:06 | WARN | Linha 45: usuario ja existe - Paulo Cesar Roza (encontrado por Name)
2026-06-03 11:01:06 | WARN | Linha 46: usuario ja existe - Rafael Santos De Freitas (encontrado por Name)
2026-06-03 11:01:06 | WARN | Linha 47: usuario ja existe - Renato Aparecido Camargo (encontrado por Name)
2026-06-03 11:01:06 | WARN | Linha 48: usuario ja existe - Saulo Bartolomeu De Paiva Junior (encontrado por Name)
2026-06-03 11:01:06 | WARN | Linha 49: usuario ja existe - Saulo de Castro S. Thiago (encontrado por Name)
2026-06-03 11:01:06 | WARN | Linha 50: usuario ja existe - Sebastiao Jose Jardim Menezes (encontrado por Name)
2026-06-03 11:01:06 | WARN | Linha 51: usuario ja existe - Severino Clementino Do Nascimento (encontrado por Name)
2026-06-03 11:01:06 | WARN | Linha 52: usuario ja existe - Silvio Antonio De Souza (encontrado por Name)
2026-06-03 11:01:06 | WARN | Linha 53: usuario ja existe - Tamara Calabria Dos Santos De Avila (encontrado por Name)
2026-06-03 11:01:06 | WARN | Linha 54: usuario ja existe - Thiago Freire Da Cunha (encontrado por Name)
2026-06-03 11:01:06 | WARN | Linha 55: usuario ja existe - Thiago Teixeira Ramiro (encontrado por Name)
2026-06-03 11:01:06 | WARN | Linha 56: usuario ja existe - Tiago Tibirica Silva (encontrado por Name)
2026-06-03 11:01:06 | WARN | Linha 57: usuario ja existe - Vagner De Melo Fonseca (encontrado por Name)
2026-06-03 11:01:07 | WARN | Linha 58: usuario ja existe - Vandelino Luiz Da Silva (encontrado por Name)
2026-06-03 11:01:07 | WARN | Linha 59: usuario ja existe - Vanessa Siqueira Brito (encontrado por Name)
2026-06-03 11:01:07 | WARN | Linha 60: usuario ja existe - Vinicius De Carvalho Eduardo (encontrado por Name)
2026-06-03 11:01:07 | WARN | Linha 61: usuario ja existe - Yanina Alice Gonzaga Ferreira (encontrado por Name)
2026-06-03 11:01:07 | WARN | Linha 62: usuario ja existe - EGIS BRASIL Entrega Erm Fdb (encontrado por Name)
2026-06-03 11:01:07 | WARN | Linha 63: usuario ja existe - Leticia de Moura Botan Avila (encontrado por Name)
2026-06-03 11:01:07 | WARN | Linha 64: usuario ja existe - Thiago Felipe Medeiros Pereira (encontrado por E-mail)
2026-06-03 11:01:07 | WARN | Linha 65: usuario ja existe - Andrea Ferreira (encontrado por Name)
2026-06-03 11:01:07 | WARN | Linha 66: usuario ja existe - Israel Correira Da Silva (encontrado por Name)
2026-06-03 11:01:07 | WARN | Linha 67: usuario ja existe - Annelise De Oliveira Ferreira (encontrado por Name)
2026-06-03 11:01:07 | WARN | Linha 68: usuario ja existe - Andressa Nunes Reis (encontrado por E-mail)
2026-06-03 11:01:07 | WARN | Linha 69: usuario ja existe - Rafaela Sobrinho (encontrado por Name)
2026-06-03 11:01:07 | WARN | Linha 70: usuario ja existe - Jorge Gustao Shimabukuro (encontrado por Name)
2026-06-03 11:01:07 | WARN | Linha 71: usuario ja existe - Taisi Campos (encontrado por Name)
2026-06-03 11:01:07 | WARN | Linha 72: usuario ja existe - EGIS TRANSPORTATION Qualidade Dp (encontrado por Name)
2026-06-03 11:01:07 | WARN | Linha 73: usuario ja existe - Daniel Gregoria Albino (encontrado por Name)
2026-06-03 11:01:07 | WARN | Linha 74: usuario ja existe - Daniela Massami Ide Teixeira (encontrado por Name)
2026-06-03 11:01:07 | WARN | Linha 75: usuario ja existe - Leandro Henrique Araujo (encontrado por Name)
2026-06-03 11:01:08 | WARN | Linha 76: usuario ja existe - Isadora Gomes Barros (encontrado por Name)
2026-06-03 11:01:08 | WARN | Linha 77: usuario ja existe - Kauane Aparecida Alcantara Da Silva (encontrado por E-mail)
2026-06-03 11:01:08 | WARN | Linha 78: usuario ja existe - Rafael Marques da Silva (encontrado por Name)
2026-06-03 11:01:08 | WARN | Linha 79: usuario ja existe - Jose Vinicius Silva Martins (encontrado por E-mail)
2026-06-03 11:01:08 | WARN | Linha 80: usuario ja existe - Glicia Kelly de Oliveira Almeida (encontrado por Name)
2026-06-03 11:01:08 | WARN | Linha 81: usuario ja existe - Beatriz De Assis Torres (encontrado por Name)
2026-06-03 11:01:08 | WARN | Linha 82: usuario ja existe - Silvia Motta (encontrado por Name)
2026-06-03 11:01:08 | WARN | Linha 83: usuario ja existe - Angela Martins Azevedo (encontrado por Name)
2026-06-03 11:01:08 | WARN | Linha 84: usuario ja existe - Maria Eduarda Odorizi Nunes (encontrado por Name)
2026-06-03 11:01:08 | WARN | Linha 85: usuario ja existe - Lucas Moscardo (encontrado por Name)
2026-06-03 11:01:08 | WARN | Linha 86: usuario ja existe - Sergio Fernando Souza de Mesquita (encontrado por Name)
2026-06-03 11:01:08 | WARN | Linha 87: usuario ja existe - Gabriela Santa Cruz Neves Kwok (encontrado por Name)
2026-06-03 11:01:08 | WARN | Linha 88: usuario ja existe - Cristiano Moreira (encontrado por Name)
2026-06-03 11:01:08 | WARN | Linha 89: usuario ja existe - Bianca Morcelli Ferreira (encontrado por E-mail)
2026-06-03 11:01:08 | WARN | Linha 90: usuario ja existe - Elisa Gonçalo de Sousa Ribeiro (encontrado por Name)
2026-06-03 11:01:08 | WARN | Linha 91: usuario ja existe - Menahem Castro Rodrigues (encontrado por Name)
2026-06-03 11:01:08 | WARN | Linha 92: usuario ja existe - Rafael Junqueira Villela (encontrado por Name)
2026-06-03 11:01:08 | WARN | Linha 93: usuario ja existe - Ana Clara Frota Quintelas (encontrado por Name)
2026-06-03 11:01:08 | WARN | Linha 94: usuario ja existe - Fabio Cardoso da Silva (encontrado por Name)
2026-06-03 11:01:08 | WARN | Linha 95: usuario ja existe - Antero Coimbra Alves (encontrado por Name)
2026-06-03 11:01:08 | WARN | Linha 96: usuario ja existe - Vitor Lucas Bernardo Ferreira (encontrado por Name)
2026-06-03 11:01:09 | WARN | Linha 97: usuario ja existe - Alexandre Camilo Simões (encontrado por Name)
2026-06-03 11:01:09 | WARN | Linha 98: usuario ja existe - Maria de Fatima (encontrado por Name)
2026-06-03 11:01:09 | WARN | Linha 99: usuario ja existe - Claudia Maria Alves dos Santos (encontrado por Name)
2026-06-03 11:01:09 | WARN | Linha 100: usuario ja existe - Walter Agostinho De Souza Neves Junior (encontrado por Name)
2026-06-03 11:01:12 | INFO | Gerando arquivo da lista processada para descricao: Consulta Todas as REV
2026-06-03 11:01:13 | OK | Arquivo gerado: C:\Users\Peterson\OneDrive\Desktop\UsuariosPorDescricao_20260603_110007\Usuarios_Descricao_Consulta Todas as REV.xlsx
2026-06-03 11:01:13 | INFO | Gerando arquivo da lista processada para descricao: Consulta Ultima Rev
2026-06-03 11:01:13 | OK | Arquivo gerado: C:\Users\Peterson\OneDrive\Desktop\UsuariosPorDescricao_20260603_110007\Usuarios_Descricao_Consulta Ultima Rev.xlsx
2026-06-03 11:01:13 | INFO | Gerando arquivo da lista processada para descricao: Especialista
2026-06-03 11:01:13 | OK | Arquivo gerado: C:\Users\Peterson\OneDrive\Desktop\UsuariosPorDescricao_20260603_110007\Usuarios_Descricao_Especialista.xlsx
2026-06-03 11:01:13 | INFO | Gerando arquivo da lista processada para descricao: Gestor Unidade
2026-06-03 11:01:13 | OK | Arquivo gerado: C:\Users\Peterson\OneDrive\Desktop\UsuariosPorDescricao_20260603_110007\Usuarios_Descricao_Gestor Unidade.xlsx
2026-06-03 11:01:13 | INFO | Gerando arquivo da lista processada para descricao: Consulta Ultima Ver
2026-06-03 11:01:13 | OK | Arquivo gerado: C:\Users\Peterson\OneDrive\Desktop\UsuariosPorDescricao_20260603_110007\Usuarios_Descricao_Consulta Ultima Ver.xlsx
2026-06-03 11:01:13 | INFO | Gerando arquivo da lista processada para descricao: Consulta Todas as Rev
2026-06-03 11:01:13 | OK | Arquivo gerado: C:\Users\Peterson\OneDrive\Desktop\UsuariosPorDescricao_20260603_110007\Usuarios_Descricao_Consulta Todas as Rev_2.xlsx
2026-06-03 11:01:13 | INFO | Gerando arquivo da lista processada para descricao: Projetista
2026-06-03 11:01:13 | OK | Arquivo gerado: C:\Users\Peterson\OneDrive\Desktop\UsuariosPorDescricao_20260603_110007\Usuarios_Descricao_Projetista.xlsx
2026-06-03 11:01:13 | INFO | Gerando arquivo da lista processada para descricao: Consulta Todas as Ver.
2026-06-03 11:01:13 | OK | Arquivo gerado: C:\Users\Peterson\OneDrive\Desktop\UsuariosPorDescricao_20260603_110007\Usuarios_Descricao_Consulta Todas as Ver..xlsx
2026-06-03 11:01:14 | INFO | Sessao ProjectWise encerrada.
2026-06-03 11:01:14 | INFO | 
2026-06-03 11:01:14 | INFO | ================ RESUMO FINAL ================
2026-06-03 11:01:14 | INFO | Total de linhas processadas : 99
2026-06-03 11:01:14 | OK | Usuarios criados            : 0
2026-06-03 11:01:14 | OK | Usuarios atualizados        : 0
2026-06-03 11:01:14 | WARN | Usuarios ja existentes      : 99
2026-06-03 11:01:14 | INFO | Linhas apenas validadas     : 0
2026-06-03 11:01:14 | OK | Linhas invalidas            : 0
2026-06-03 11:01:14 | OK | Erros de processamento      : 0
2026-06-03 11:01:14 | OK | Relatorio completo          : C:\Users\Peterson\OneDrive - Grupo Ecorodovias\Área de Trabalho\Scritps_novos\Scripts\ProjectWise\ExecucaoManualUsuario\Logs\PW_CriarUsuariosLote_Relatorio_20260603_110007.csv
2026-06-03 11:01:14 | OK | Arquivos Excel por descricao:
2026-06-03 11:01:14 | OK | - C:\Users\Peterson\OneDrive\Desktop\UsuariosPorDescricao_20260603_110007\Usuarios_Descricao_Consulta Todas as REV.xlsx
2026-06-03 11:01:14 | OK | - C:\Users\Peterson\OneDrive\Desktop\UsuariosPorDescricao_20260603_110007\Usuarios_Descricao_Consulta Ultima Rev.xlsx
2026-06-03 11:01:14 | OK | - C:\Users\Peterson\OneDrive\Desktop\UsuariosPorDescricao_20260603_110007\Usuarios_Descricao_Especialista.xlsx
2026-06-03 11:01:14 | OK | - C:\Users\Peterson\OneDrive\Desktop\UsuariosPorDescricao_20260603_110007\Usuarios_Descricao_Gestor Unidade.xlsx
2026-06-03 11:01:14 | OK | - C:\Users\Peterson\OneDrive\Desktop\UsuariosPorDescricao_20260603_110007\Usuarios_Descricao_Consulta Ultima Ver.xlsx
2026-06-03 11:01:14 | OK | - C:\Users\Peterson\OneDrive\Desktop\UsuariosPorDescricao_20260603_110007\Usuarios_Descricao_Consulta Todas as Rev_2.xlsx
2026-06-03 11:01:14 | OK | - C:\Users\Peterson\OneDrive\Desktop\UsuariosPorDescricao_20260603_110007\Usuarios_Descricao_Projetista.xlsx
2026-06-03 11:01:14 | OK | - C:\Users\Peterson\OneDrive\Desktop\UsuariosPorDescricao_20260603_110007\Usuarios_Descricao_Consulta Todas as Ver..xlsx
2026-06-03 11:01:14 | INFO | 
2026-06-03 11:01:14 | WARN | Usuarios que ja existiam e nao foram recriados:
2026-06-03 11:01:14 | WARN | - Linha 2 | Consulta Todas as REV | Airton De Melo Magalhaes | t_airton.magalhaes@ecorodovias.com.br
2026-06-03 11:01:14 | WARN | - Linha 3 | Consulta Ultima Rev | Antonio Eduardo Ferreira De Carvalho | Antonio.Carvalho@ecovias.com.br
2026-06-03 11:01:14 | WARN | - Linha 4 | Especialista | Bruno Gustavo Queiros De Oliveira | bruno.g.oliveira@ecovias.com.br
2026-06-03 11:01:14 | WARN | - Linha 5 | Consulta Todas as REV | Camila Lacerda Assis | camila.assis@ecovias.com.br
2026-06-03 11:01:14 | WARN | - Linha 6 | Consulta Ultima Rev | Carlos Eduardo Da Silva | carlos.silva@ecovias.com.br
2026-06-03 11:01:14 | WARN | - Linha 7 | Consulta Ultima Rev | Cleizer Madson Miranda | cleizer.miranda@ecovias.com.br
2026-06-03 11:01:14 | WARN | - Linha 8 | Gestor Unidade | Danillo Oliveira Dos Santos | danillo.santos@ecovias.com.br
2026-06-03 11:01:14 | WARN | - Linha 9 | Consulta Ultima Rev | Darllieli Carolina Faustino De Almeida | t_darllieli.almeida@ecorodovias.com.br
2026-06-03 11:01:14 | WARN | - Linha 10 | Consulta Ultima Rev | Diego Da Silva Theodoro | t_diego.theodoro@ecorodovias.com.br
2026-06-03 11:01:14 | WARN | - Linha 11 | Gestor Unidade | Diego Jose Rodrigues Salomon | diego.salomon@ecovias.com.br
2026-06-03 11:01:14 | WARN | - Linha 12 | Consulta Ultima Rev | Diogo Gomes Da Silva | t_diogog@ecorodovias.com.br
2026-06-03 11:01:14 | WARN | - Linha 13 | Gestor Unidade | Eduardo Mello Do Amaral | eduardo.amaral@ecovias.com.br
2026-06-03 11:01:14 | WARN | - Linha 14 | Especialista | Elker Pires Da Silva Rocha | elker.p.rocha@ecovias.com.br
2026-06-03 11:01:14 | WARN | - Linha 15 | Consulta Ultima Rev | Flavio De Castro Penna | flavio.penna@ecovias.com.br
2026-06-03 11:01:14 | WARN | - Linha 16 | Consulta Todas as REV | Gabriel Nogueira Rodrigues | t_gabriel.rodrigues@ecorodovias.com.br
2026-06-03 11:01:14 | WARN | - Linha 17 | Consulta Ultima Rev | Gerson Aparecido da Luz | gerson.luz@ecovias.com.br
2026-06-03 11:01:14 | WARN | - Linha 18 | Consulta Ultima Rev | Hugo Madeira Dias | t_hugo.dias@ecorodovias.com.br
2026-06-03 11:01:14 | WARN | - Linha 19 | Consulta Ultima Rev | Italo Fernando Couto De Sousa | italo.sousa@ecovias.com.br
2026-06-03 11:01:14 | WARN | - Linha 20 | Consulta Ultima Rev | Jairo Roberto Dos Santos | jairo.santos@ecovias.com.br
2026-06-03 11:01:14 | WARN | - Linha 21 | Gestor Unidade | Jean Morais Rodrigues | Jean.Rodrigues@ecovias.com.br
2026-06-03 11:01:14 | WARN | - Linha 22 | Gestor Unidade | Jessica Lais Dos Santos | jessica.santos@ecovias.com.br
2026-06-03 11:01:14 | WARN | - Linha 23 | Gestor Unidade | Joao Otavio Naibo Turmena | joao.turmena@ecovias.com.br
2026-06-03 11:01:14 | WARN | - Linha 24 | Consulta Ultima Rev | Joao Vitor Correa Da Costa | t_joao.costa@ecovias.com.br
2026-06-03 11:01:14 | WARN | - Linha 25 | Consulta Ultima Rev | Jose Antonio Ferreira Dos Santos | jose.an.santos@ecovias.com.br
2026-06-03 11:01:14 | WARN | - Linha 26 | Consulta Ultima Rev | Jose Ricardo Da Silva Vieira | t_jose.vieira@ecorodovias.com.br
2026-06-03 11:01:14 | WARN | - Linha 27 | Gestor Unidade | Josilene De Souza Oliveira Honorio | t_josilene.honorio@ecovias.com.br
2026-06-03 11:01:14 | WARN | - Linha 28 | Consulta Ultima Rev | Karla Natálya Mendes | t_karla.mendes@ecovias.com.br
2026-06-03 11:01:14 | WARN | - Linha 29 | Consulta Ultima Ver | Lenilcio Augusto Da Silva Filho | t_lenilcio.filho@ecorodovias.com.br
2026-06-03 11:01:14 | WARN | - Linha 30 | Consulta Todas as Rev | Leticia Pereira Silva | leticia.p.silva@ecovias.com.br
2026-06-03 11:01:14 | WARN | - Linha 31 | Consulta Ultima Rev | Luana Pereira Lemos | t_luana.lemos@ecorodovias.com.br
2026-06-03 11:01:14 | WARN | - Linha 32 | Gestor Unidade | Lucas Comarela | lucas.comarela@ecovias.com.br
2026-06-03 11:01:14 | WARN | - Linha 33 | Consulta Todas as Rev | Luis Carlos Lima Salvador | luis.salvador@ecorodovias.com.br
2026-06-03 11:01:14 | WARN | - Linha 34 | Consulta Ultima Rev | Luis Fernando Goncalves | luis.goncalves@ecovias.com.br
2026-06-03 11:01:14 | WARN | - Linha 35 | Gestor Unidade | Magdiane Do Amaral Francisco | magdiane.francisco@ecovias.com.br
2026-06-03 11:01:14 | WARN | - Linha 36 | Consulta Ultima Rev | Marcos Vinicius Aguilar Botelho | t_marcos.botelho@ecorodovias.com.br
2026-06-03 11:01:14 | WARN | - Linha 37 | Consulta Ultima Rev | Marcus Vinicius Braga Da Costa | marcus.costa@ecovias.com.br
2026-06-03 11:01:14 | WARN | - Linha 38 | Consulta Ultima Rev | Mayza Dias Pires Brito | mayza.brito@ecovias.com.br
2026-06-03 11:01:14 | WARN | - Linha 39 | Consulta Ultima Rev | Miguel Dos Santos Rodrigues | t_miguel.rodrigues@ecovias.com.br
2026-06-03 11:01:14 | WARN | - Linha 40 | Consulta Ultima Rev | Milene Pereira Da Conceicao | t_milene.conceicao@ecovias.com.br
2026-06-03 11:01:14 | WARN | - Linha 41 | Consulta Todas as Rev | Patricia Cabral Rodrigues Dos Santos | t_patricia.santos@ecovias.com.br
2026-06-03 11:01:14 | WARN | - Linha 42 | Consulta Todas as Rev | Patricia Ribas Espinosa | patricia.espinosa@ecovias.com.br
2026-06-03 11:01:14 | WARN | - Linha 43 | Consulta Ultima Rev | Patrick Silva De Oliveira | t_patrick.oliveira@ecovias.com.br
2026-06-03 11:01:14 | WARN | - Linha 44 | Consulta Ultima Rev | Paulo Andre Cassiano Da Silva | paulo.a.silva@ecovias.com.br
2026-06-03 11:01:14 | WARN | - Linha 45 | Consulta Ultima Rev | Paulo Cesar Roza | paulo.roza@ecovias.com.br
2026-06-03 11:01:14 | WARN | - Linha 46 | Especialista | Rafael Santos De Freitas | rafael.freitas@ecovias.com.br
2026-06-03 11:01:14 | WARN | - Linha 47 | Consulta Ultima Rev | Renato Aparecido Camargo | renato.camargo@ecovias.com.br
2026-06-03 11:01:14 | WARN | - Linha 48 | Gestor Unidade | Saulo Bartolomeu De Paiva Junior | t_saulo.junior@ecorodovias.com.br
2026-06-03 11:01:14 | WARN | - Linha 49 | Gestor Unidade | Saulo de Castro S. Thiago | t_saulo.thiago@ecorodovias.com.br
2026-06-03 11:01:14 | WARN | - Linha 50 | Consulta Ultima Rev | Sebastiao Jose Jardim Menezes | sebastiao.menezes@ecovias.com.br
2026-06-03 11:01:14 | WARN | - Linha 51 | Consulta Ultima Rev | Severino Clementino Do Nascimento | severino.nascimento@ecovias.com.br
2026-06-03 11:01:14 | WARN | - Linha 52 | Consulta Todas as Rev | Silvio Antonio De Souza | silvio.souza@ecovias.com.br
2026-06-03 11:01:14 | WARN | - Linha 53 | Consulta Todas as Rev | Tamara Calabria Dos Santos De Avila | tamara.avila@ecovias.com.br
2026-06-03 11:01:14 | WARN | - Linha 54 | Gestor Unidade | Thiago Freire Da Cunha | thiago.cunha@ecovias.com.br
2026-06-03 11:01:14 | WARN | - Linha 55 | Gestor Unidade | Thiago Teixeira Ramiro | thiago.ramiro@ecovias.com.br
2026-06-03 11:01:14 | WARN | - Linha 56 | Gestor Unidade | Tiago Tibirica Silva | tiago.t.silva@ecovias.com.br
2026-06-03 11:01:14 | WARN | - Linha 57 | Consulta Ultima Rev | Vagner De Melo Fonseca | vagner.fonseca@ecovias.com.br
2026-06-03 11:01:14 | WARN | - Linha 58 | Consulta Ultima Rev | Vandelino Luiz Da Silva | vandelino.silva@ecovias.com.br
2026-06-03 11:01:14 | WARN | - Linha 59 | Especialista | Vanessa Siqueira Brito | vanessa.s.brito@ecovias.com.br
2026-06-03 11:01:14 | WARN | - Linha 60 | Consulta Ultima Rev | Vinicius De Carvalho Eduardo | vinicius.eduardo@ecovias.com.br
2026-06-03 11:01:14 | WARN | - Linha 61 | Consulta Todas as Rev | Yanina Alice Gonzaga Ferreira | yanina.ferreira@ecovias.com.br
2026-06-03 11:01:14 | WARN | - Linha 62 | Projetista | EGIS BRASIL Entrega Erm Fdb | entrega-erm-fdb.brasil@egis-group.com
2026-06-03 11:01:14 | WARN | - Linha 63 | Projetista | Leticia de Moura Botan Avila | leticia.avila@egis-group.com
2026-06-03 11:01:14 | WARN | - Linha 64 | Projetista | Thiago Felipe Medeiros Pereira | thiago.pereira@egis-group.com
2026-06-03 11:01:14 | WARN | - Linha 65 | Projetista | Andrea Ferreira | andrea.ferreira@egis-group.com
2026-06-03 11:01:14 | WARN | - Linha 66 | Projetista | Israel Correira Da Silva | Israel.SILVA@egis-group.com
2026-06-03 11:01:14 | WARN | - Linha 67 | Projetista | Annelise De Oliveira Ferreira | Annelise.FERREIRA@egis-group.com
2026-06-03 11:01:14 | WARN | - Linha 68 | Projetista | Andressa Nunes Reis | Andressa.REIS@egis-group.com
2026-06-03 11:01:14 | WARN | - Linha 69 | Projetista | Rafaela Sobrinho | Rafaela.SOBRINHO@egis-group.com
2026-06-03 11:01:14 | WARN | - Linha 70 | Projetista | Jorge Gustao Shimabukuro | Jorge.SHIMABUKURO@egis-group.com
2026-06-03 11:01:14 | WARN | - Linha 71 | Projetista | Taisi Campos | Taisi.CAMPOS@egis-group.com
2026-06-03 11:01:14 | WARN | - Linha 72 | Projetista | EGIS TRANSPORTATION Qualidade Dp | qualidade-dpe-sp.transportation@egis-group.com
2026-06-03 11:01:14 | WARN | - Linha 73 | Projetista | Daniel Gregoria Albino | Daniel.ALBINO@egis-group.com
2026-06-03 11:01:14 | WARN | - Linha 74 | Projetista | Daniela Massami Ide Teixeira | Daniela.TEIXEIRA@egis-group.com
2026-06-03 11:01:14 | WARN | - Linha 75 | Projetista | Leandro Henrique Araujo | Leandro.ARAUJO@egis-group.com
2026-06-03 11:01:14 | WARN | - Linha 76 | Projetista | Isadora Gomes Barros | Isadora.BARROS@egis-group.com
2026-06-03 11:01:14 | WARN | - Linha 77 | Projetista | Kauane Aparecida Alcantara Da Silva | kauane.silva@egis-group.com
2026-06-03 11:01:14 | WARN | - Linha 78 | Projetista | Rafael Marques da Silva | Rafael.MARQUES@egis-group.com
2026-06-03 11:01:14 | WARN | - Linha 79 | Projetista | Jose Vinicius Silva Martins | jose.martins@egis-group.com
2026-06-03 11:01:14 | WARN | - Linha 80 | Projetista | Glicia Kelly de Oliveira Almeida | glicia.oliveira@egis-group.com
2026-06-03 11:01:14 | WARN | - Linha 81 | Projetista | Beatriz De Assis Torres | Beatriz.TORRES@egis-group.com
2026-06-03 11:01:14 | WARN | - Linha 82 | Projetista | Silvia Motta | silvia.motta@planservi.com.br
2026-06-03 11:01:14 | WARN | - Linha 83 | Projetista | Angela Martins Azevedo | angela.martins@planservi.com.br
2026-06-03 11:01:14 | WARN | - Linha 84 | Projetista | Maria Eduarda Odorizi Nunes | maria.nunes@planservi.com.br
2026-06-03 11:01:14 | WARN | - Linha 85 | Projetista | Lucas Moscardo | lucas.moscardo@planservi.com.br
2026-06-03 11:01:14 | WARN | - Linha 86 | Projetista | Sergio Fernando Souza de Mesquita | sergio.mesquita@planservi.com.br
2026-06-03 11:01:14 | WARN | - Linha 87 | Projetista | Gabriela Santa Cruz Neves Kwok | gabriela.kwok.ext@sondotecnica.com.br
2026-06-03 11:01:14 | WARN | - Linha 88 | Projetista | Cristiano Moreira | cristiano.moreira@sondotecnica.com.br
2026-06-03 11:01:14 | WARN | - Linha 89 | Projetista | Bianca Morcelli Ferreira | bianca.morcelli@sondotecnica.com.br
2026-06-03 11:01:14 | WARN | - Linha 90 | Projetista | Elisa Gonçalo de Sousa Ribeiro | elisa.ribeiro@sondotecnica.com.br
2026-06-03 11:01:14 | WARN | - Linha 91 | Projetista | Menahem Castro Rodrigues | menahem.rodrigues@sondotecnica.com.br
2026-06-03 11:01:14 | WARN | - Linha 92 | Projetista | Rafael Junqueira Villela | rafael.villela@sondotecnica.com.br
2026-06-03 11:01:14 | WARN | - Linha 93 | Projetista | Ana Clara Frota Quintelas | ana.quintelas@sondotecnica.com.br
2026-06-03 11:01:14 | WARN | - Linha 94 | Projetista | Fabio Cardoso da Silva | fabio.cardoso.ext@sondotecnica.com.br
2026-06-03 11:01:14 | WARN | - Linha 95 | Projetista | Antero Coimbra Alves | antero.alves@sondotecnica.com.br
2026-06-03 11:01:14 | WARN | - Linha 96 | Projetista | Vitor Lucas Bernardo Ferreira | Vitor.Ferreira.ext@sondotecnica.com.br
2026-06-03 11:01:14 | WARN | - Linha 97 | Projetista | Alexandre Camilo Simões | alexandre.camilo@sondotecnica.com.br
2026-06-03 11:01:14 | WARN | - Linha 98 | Projetista | Maria de Fatima | maria.fatima@sondotecnica.com.br
2026-06-03 11:01:14 | WARN | - Linha 99 | Projetista | Claudia Maria Alves dos Santos | Claudia.Santos@sondotecnica.com.br
2026-06-03 11:01:14 | WARN | - Linha 100 | Consulta Todas as Ver. | Walter Agostinho De Souza Neves Junior | t_walter.junior@ecorodovias.com.br
2026-06-03 11:01:14 | INFO | ==============================================
