2026-05-29 09:18:10 | INFO | ProjectWise - criacao de usuarios em lote
2026-05-29 09:18:10 | INFO | Log: C:\Users\peter\OneDrive - Grupo Ecorodovias\Área de Trabalho\Scritps_novos\Scripts\ProjectWise\ExecucaoManualUsuario\Logs\PW_CriarUsuariosLote_20260529_091810.log
2026-05-29 09:18:10 | INFO | Abrindo login no ProjectWise...
2026-05-29 09:18:28 | OK | Login realizado. Usuario atual: Peterson Caputti
2026-05-29 09:19:15 | INFO | Arquivo de entrada: C:\Users\peter\OneDrive - Grupo Ecorodovias\Área de Trabalho\Modelo_Criacao_Usuarios_ProjectWise.xlsx
2026-05-29 09:19:20 | INFO | Registros carregados: 4
2026-05-29 09:19:21 | WARN | Linha 2: usuario ja existe - Andrea Ferreira (encontrado por Name)
2026-05-29 09:19:21 | WARN | Linha 3: usuario ja existe - Daniel Queiroz (encontrado por Name)
2026-05-29 09:19:21 | WARN | Linha 4: usuario ja existe - Jéssica Mello (encontrado por E-mail)
2026-05-29 09:19:22 | WARN | Linha 5: usuario ja existe - Kauane Aparecida (encontrado por E-mail)
2026-05-29 09:19:26 | WARN | Nenhuma pasta foi selecionada para a extracao. Usando pasta padrao: C:\Users\peter\OneDrive - Grupo Ecorodovias\Área de Trabalho\Scritps_novos\Scripts\ProjectWise\ExecucaoManualUsuario\Logs\UsuariosPorDescricao_20260529_091810
2026-05-29 09:19:26 | INFO | Gerando arquivo da lista processada para descricao: Projetista
2026-05-29 09:19:27 | OK | Arquivo gerado: C:\Users\peter\OneDrive - Grupo Ecorodovias\Área de Trabalho\Scritps_novos\Scripts\ProjectWise\ExecucaoManualUsuario\Logs\UsuariosPorDescricao_20260529_091810\Usuarios_Descricao_Projetista.xlsx
2026-05-29 09:19:28 | INFO | Sessao ProjectWise encerrada.
2026-05-29 09:19:28 | INFO | 
2026-05-29 09:19:28 | INFO | ================ RESUMO FINAL ================
2026-05-29 09:19:28 | INFO | Total de linhas processadas : 4
2026-05-29 09:19:28 | OK | Usuarios criados            : 0
2026-05-29 09:19:28 | OK | Usuarios atualizados        : 0
2026-05-29 09:19:28 | WARN | Usuarios ja existentes      : 4
2026-05-29 09:19:28 | INFO | Linhas apenas validadas     : 0
2026-05-29 09:19:28 | OK | Linhas invalidas            : 0
2026-05-29 09:19:28 | OK | Erros de processamento      : 0
2026-05-29 09:19:28 | OK | Relatorio completo          : C:\Users\peter\OneDrive - Grupo Ecorodovias\Área de Trabalho\Scritps_novos\Scripts\ProjectWise\ExecucaoManualUsuario\Logs\PW_CriarUsuariosLote_Relatorio_20260529_091810.csv
2026-05-29 09:19:28 | OK | Arquivos Excel por descricao:
2026-05-29 09:19:28 | OK | - C:\Users\peter\OneDrive - Grupo Ecorodovias\Área de Trabalho\Scritps_novos\Scripts\ProjectWise\ExecucaoManualUsuario\Logs\UsuariosPorDescricao_20260529_091810\Usuarios_Descricao_Projetista.xlsx
2026-05-29 09:19:28 | INFO | 
2026-05-29 09:19:28 | WARN | Usuarios que ja existiam e nao foram recriados:
2026-05-29 09:19:28 | WARN | - Linha 2 | Projetista | Andrea Ferreira | andrea.ferreira@egis-group.com
2026-05-29 09:19:28 | WARN | - Linha 3 | Projetista | Daniel Queiroz | daniel2.queiroz@egis-group.com
2026-05-29 09:19:28 | WARN | - Linha 4 | Projetista | Jéssica Mello | jessica.mello@egis-group.com
2026-05-29 09:19:28 | WARN | - Linha 5 | Projetista | Kauane Aparecida | kauane.silva@egis-group.com
2026-05-29 09:19:28 | INFO | ==============================================
