2026-06-01 14:24:39 | INFO | ProjectWise - criacao de usuarios em lote
2026-06-01 14:24:39 | INFO | Log: C:\Users\peter\OneDrive - Grupo Ecorodovias\Área de Trabalho\Scritps_novos\Scripts\ProjectWise\ExecucaoManualUsuario\Logs\PW_CriarUsuariosLote_20260601_142439.log
2026-06-01 14:24:39 | INFO | Abrindo login no ProjectWise...
2026-06-01 14:24:56 | OK | Login realizado. Usuario atual: Peterson Caputti
2026-06-01 14:26:32 | INFO | Arquivo de entrada: C:\Users\peter\Downloads\Modelo_Criacao_Usuarios_ProjectWise 2.xlsx
2026-06-01 14:26:34 | INFO | Registros carregados: 99
2026-06-01 14:26:35 | OK | Linha 2: usuario criado - Airton De Melo Magalhaes
2026-06-01 14:26:36 | OK | Linha 3: usuario criado - Antonio Eduardo Ferreira De Carvalho
2026-06-01 14:26:37 | OK | Linha 4: usuario criado - Bruno Gustavo Queiros De Oliveira
2026-06-01 14:26:38 | OK | Linha 5: usuario criado - Camila Lacerda Assis
2026-06-01 14:26:40 | OK | Linha 6: usuario criado - Carlos Eduardo Da Silva
2026-06-01 14:26:42 | OK | Linha 7: usuario criado - Cleizer Madson Miranda
2026-06-01 14:26:43 | OK | Linha 8: usuario criado - Danillo Oliveira Dos Santos
2026-06-01 14:26:44 | OK | Linha 9: usuario criado - Darllieli Carolina Faustino De Almeida
2026-06-01 14:26:44 | OK | Linha 10: usuario criado - Diego Da Silva Theodoro
2026-06-01 14:26:45 | OK | Linha 11: usuario criado - Diego Jose Rodrigues Salomon
2026-06-01 14:26:46 | OK | Linha 12: usuario criado - Diogo Gomes Da Silva
2026-06-01 14:26:47 | OK | Linha 13: usuario criado - Eduardo Mello Do Amaral
2026-06-01 14:26:48 | OK | Linha 14: usuario criado - Elker Pires Da Silva Rocha
2026-06-01 14:26:50 | OK | Linha 15: usuario criado - Flavio De Castro Penna
2026-06-01 14:26:52 | OK | Linha 16: usuario criado - Gabriel Nogueira Rodrigues
2026-06-01 14:26:53 | OK | Linha 17: usuario criado - Gerson Aparecido da Luz
2026-06-01 14:26:54 | OK | Linha 18: usuario criado - Hugo Madeira Dias
2026-06-01 14:26:55 | OK | Linha 19: usuario criado - Italo Fernando Couto De Sousa
2026-06-01 14:26:55 | OK | Linha 20: usuario criado - Jairo Roberto Dos Santos
2026-06-01 14:26:55 | OK | Linha 21: usuario criado - Jean Morais Rodrigues
2026-06-01 14:26:56 | OK | Linha 22: usuario criado - Jessica Lais Dos Santos
2026-06-01 14:26:56 | OK | Linha 23: usuario criado - Joao Otavio Naibo Turmena
2026-06-01 14:26:56 | OK | Linha 24: usuario criado - Joao Vitor Correa Da Costa
2026-06-01 14:26:57 | OK | Linha 25: usuario criado - Jose Antonio Ferreira Dos Santos
2026-06-01 14:26:57 | OK | Linha 26: usuario criado - Jose Ricardo Da Silva Vieira
2026-06-01 14:26:57 | WARN | Linha 27: usuario ja existe - Josilene De Souza Oliveira Honorio (encontrado por Name)
2026-06-01 14:26:57 | OK | Linha 28: usuario criado - Karla Natálya Mendes
2026-06-01 14:26:57 | OK | Linha 29: usuario criado - Lenilcio Augusto Da Silva Filho
2026-06-01 14:26:57 | OK | Linha 30: usuario criado - Leticia Pereira Silva
2026-06-01 14:26:58 | OK | Linha 31: usuario criado - Luana Pereira Lemos
2026-06-01 14:26:58 | OK | Linha 32: usuario criado - Lucas Comarela
2026-06-01 14:26:58 | OK | Linha 33: usuario criado - Luis Carlos Lima Salvador
2026-06-01 14:26:59 | OK | Linha 34: usuario criado - Luis Fernando Goncalves
2026-06-01 14:26:59 | OK | Linha 35: usuario criado - Magdiane Do Amaral Francisco
2026-06-01 14:26:59 | OK | Linha 36: usuario criado - Marcos Vinicius Aguilar Botelho
2026-06-01 14:26:59 | OK | Linha 37: usuario criado - Marcus Vinicius Braga Da Costa
2026-06-01 14:27:00 | OK | Linha 38: usuario criado - Mayza Dias Pires Brito
2026-06-01 14:27:00 | OK | Linha 39: usuario criado - Miguel Dos Santos Rodrigues
2026-06-01 14:27:00 | OK | Linha 40: usuario criado - Milene Pereira Da Conceicao
2026-06-01 14:27:00 | OK | Linha 41: usuario criado - Patricia Cabral Rodrigues Dos Santos
2026-06-01 14:27:00 | OK | Linha 42: usuario criado - Patricia Ribas Espinosa
2026-06-01 14:27:01 | OK | Linha 43: usuario criado - Patrick Silva De Oliveira
2026-06-01 14:27:01 | OK | Linha 44: usuario criado - Paulo Andre Cassiano Da Silva
2026-06-01 14:27:01 | OK | Linha 45: usuario criado - Paulo Cesar Roza
2026-06-01 14:27:02 | OK | Linha 46: usuario criado - Rafael Santos De Freitas
2026-06-01 14:27:02 | OK | Linha 47: usuario criado - Renato Aparecido Camargo
2026-06-01 14:27:02 | OK | Linha 48: usuario criado - Saulo Bartolomeu De Paiva Junior
2026-06-01 14:27:03 | OK | Linha 49: usuario criado - Saulo de Castro S. Thiago
2026-06-01 14:27:03 | OK | Linha 50: usuario criado - Sebastiao Jose Jardim Menezes
2026-06-01 14:27:03 | OK | Linha 51: usuario criado - Severino Clementino Do Nascimento
2026-06-01 14:27:03 | OK | Linha 52: usuario criado - Silvio Antonio De Souza
2026-06-01 14:27:04 | OK | Linha 53: usuario criado - Tamara Calabria Dos Santos De Avila
2026-06-01 14:27:04 | OK | Linha 54: usuario criado - Thiago Freire Da Cunha
2026-06-01 14:27:04 | OK | Linha 55: usuario criado - Thiago Teixeira Ramiro
2026-06-01 14:27:04 | OK | Linha 56: usuario criado - Tiago Tibirica Silva
2026-06-01 14:27:04 | OK | Linha 57: usuario criado - Vagner De Melo Fonseca
2026-06-01 14:27:05 | OK | Linha 58: usuario criado - Vandelino Luiz Da Silva
2026-06-01 14:27:05 | OK | Linha 59: usuario criado - Vanessa Siqueira Brito
2026-06-01 14:27:05 | OK | Linha 60: usuario criado - Vinicius De Carvalho Eduardo
2026-06-01 14:27:05 | OK | Linha 61: usuario criado - Yanina Alice Gonzaga Ferreira
2026-06-01 14:27:05 | OK | Linha 62: usuario criado - EGIS BRASIL Entrega Erm Fdb
2026-06-01 14:27:06 | OK | Linha 63: usuario criado - Leticia de Moura Botan Avila
2026-06-01 14:27:06 | WARN | Linha 64: usuario ja existe - Thiago Felipe Medeiros Pereira (encontrado por E-mail)
2026-06-01 14:27:06 | WARN | Linha 65: usuario ja existe - Andrea Ferreira (encontrado por Name)
2026-06-01 14:27:07 | OK | Linha 66: usuario criado - Israel Correira Da Silva
2026-06-01 14:27:07 | OK | Linha 67: usuario criado - Annelise De Oliveira Ferreira
2026-06-01 14:27:07 | WARN | Linha 68: usuario ja existe - Andressa Nunes Reis (encontrado por E-mail)
2026-06-01 14:27:08 | OK | Linha 69: usuario criado - Rafaela Sobrinho
2026-06-01 14:27:08 | OK | Linha 70: usuario criado - Jorge Gustao Shimabukuro
2026-06-01 14:27:08 | OK | Linha 71: usuario criado - Taisi Campos
2026-06-01 14:27:08 | OK | Linha 72: usuario criado - EGIS TRANSPORTATION Qualidade Dp
2026-06-01 14:27:09 | OK | Linha 73: usuario criado - Daniel Gregoria Albino
2026-06-01 14:27:09 | OK | Linha 74: usuario criado - Daniela Massami Ide Teixeira
2026-06-01 14:27:09 | OK | Linha 75: usuario criado - Leandro Henrique Araujo
2026-06-01 14:27:09 | OK | Linha 76: usuario criado - Isadora Gomes Barros
2026-06-01 14:27:09 | WARN | Linha 77: usuario ja existe - Kauane Aparecida Alcantara Da Silva (encontrado por E-mail)
2026-06-01 14:27:10 | OK | Linha 78: usuario criado - Rafael Marques da Silva
2026-06-01 14:27:10 | WARN | Linha 79: usuario ja existe - Jose Vinicius Silva Martins (encontrado por E-mail)
2026-06-01 14:27:10 | OK | Linha 80: usuario criado - Glicia Kelly de Oliveira Almeida
2026-06-01 14:27:10 | WARN | Linha 81: usuario ja existe - Beatriz De Assis Torres (encontrado por Name)
2026-06-01 14:27:11 | OK | Linha 82: usuario criado - Silvia Motta
2026-06-01 14:27:12 | OK | Linha 83: usuario criado - Angela Martins Azevedo
2026-06-01 14:27:12 | OK | Linha 84: usuario criado - Maria Eduarda Odorizi Nunes
2026-06-01 14:27:12 | OK | Linha 85: usuario criado - Lucas Moscardo
2026-06-01 14:27:13 | OK | Linha 86: usuario criado - Sergio Fernando Souza de Mesquita
2026-06-01 14:27:13 | OK | Linha 87: usuario criado - Gabriela Santa Cruz Neves Kwok
2026-06-01 14:27:14 | OK | Linha 88: usuario criado - Cristiano Moreira
2026-06-01 14:27:14 | WARN | Linha 89: usuario ja existe - Bianca Morcelli Ferreira (encontrado por E-mail)
2026-06-01 14:27:14 | OK | Linha 90: usuario criado - Elisa Gonçalo de Sousa Ribeiro
2026-06-01 14:27:14 | OK | Linha 91: usuario criado - Menahem Castro Rodrigues
2026-06-01 14:27:15 | OK | Linha 92: usuario criado - Rafael Junqueira Villela
2026-06-01 14:27:15 | OK | Linha 93: usuario criado - Ana Clara Frota Quintelas
2026-06-01 14:27:16 | OK | Linha 94: usuario criado - Fabio Cardoso da Silva
2026-06-01 14:27:16 | OK | Linha 95: usuario criado - Antero Coimbra Alves
2026-06-01 14:27:16 | OK | Linha 96: usuario criado - Vitor Lucas Bernardo Ferreira
2026-06-01 14:27:17 | OK | Linha 97: usuario criado - Alexandre Camilo Simões
2026-06-01 14:27:17 | WARN | Linha 98: usuario ja existe - Maria de Fatima (encontrado por Name)
2026-06-01 14:27:17 | WARN | Linha 99: usuario ja existe - Claudia Maria Alves dos Santos (encontrado por Name)
2026-06-01 14:27:17 | OK | Linha 100: usuario criado - Walter Agostinho De Souza Neves Junior
2026-06-01 14:27:28 | INFO | Gerando arquivo da lista processada para descricao: Consulta Todas as REV
2026-06-01 14:27:28 | OK | Arquivo gerado: C:\Users\peter\OneDrive - Grupo Ecorodovias\Área de Trabalho\UsuariosPorDescricao_20260601_142439\Usuarios_Descricao_Consulta Todas as REV.xlsx
2026-06-01 14:27:28 | INFO | Gerando arquivo da lista processada para descricao: Consulta Ultima Rev
2026-06-01 14:27:28 | OK | Arquivo gerado: C:\Users\peter\OneDrive - Grupo Ecorodovias\Área de Trabalho\UsuariosPorDescricao_20260601_142439\Usuarios_Descricao_Consulta Ultima Rev.xlsx
2026-06-01 14:27:28 | INFO | Gerando arquivo da lista processada para descricao: Especialista
2026-06-01 14:27:28 | OK | Arquivo gerado: C:\Users\peter\OneDrive - Grupo Ecorodovias\Área de Trabalho\UsuariosPorDescricao_20260601_142439\Usuarios_Descricao_Especialista.xlsx
2026-06-01 14:27:28 | INFO | Gerando arquivo da lista processada para descricao: Gestor Unidade
2026-06-01 14:27:28 | OK | Arquivo gerado: C:\Users\peter\OneDrive - Grupo Ecorodovias\Área de Trabalho\UsuariosPorDescricao_20260601_142439\Usuarios_Descricao_Gestor Unidade.xlsx
2026-06-01 14:27:28 | INFO | Gerando arquivo da lista processada para descricao: Consulta Ultima Ver
2026-06-01 14:27:28 | OK | Arquivo gerado: C:\Users\peter\OneDrive - Grupo Ecorodovias\Área de Trabalho\UsuariosPorDescricao_20260601_142439\Usuarios_Descricao_Consulta Ultima Ver.xlsx
2026-06-01 14:27:28 | INFO | Gerando arquivo da lista processada para descricao: Consulta Todas as Rev
2026-06-01 14:27:28 | OK | Arquivo gerado: C:\Users\peter\OneDrive - Grupo Ecorodovias\Área de Trabalho\UsuariosPorDescricao_20260601_142439\Usuarios_Descricao_Consulta Todas as Rev_2.xlsx
2026-06-01 14:27:28 | INFO | Gerando arquivo da lista processada para descricao: Projetista
2026-06-01 14:27:28 | OK | Arquivo gerado: C:\Users\peter\OneDrive - Grupo Ecorodovias\Área de Trabalho\UsuariosPorDescricao_20260601_142439\Usuarios_Descricao_Projetista.xlsx
2026-06-01 14:27:28 | INFO | Gerando arquivo da lista processada para descricao: Consulta Todas as Ver.
2026-06-01 14:27:29 | OK | Arquivo gerado: C:\Users\peter\OneDrive - Grupo Ecorodovias\Área de Trabalho\UsuariosPorDescricao_20260601_142439\Usuarios_Descricao_Consulta Todas as Ver..xlsx
2026-06-01 14:27:29 | INFO | Sessao ProjectWise encerrada.
2026-06-01 14:27:29 | INFO | 
2026-06-01 14:27:29 | INFO | ================ RESUMO FINAL ================
2026-06-01 14:27:29 | INFO | Total de linhas processadas : 99
2026-06-01 14:27:29 | OK | Usuarios criados            : 89
2026-06-01 14:27:29 | OK | Usuarios atualizados        : 0
2026-06-01 14:27:29 | WARN | Usuarios ja existentes      : 10
2026-06-01 14:27:29 | INFO | Linhas apenas validadas     : 0
2026-06-01 14:27:29 | OK | Linhas invalidas            : 0
2026-06-01 14:27:29 | OK | Erros de processamento      : 0
2026-06-01 14:27:29 | OK | Relatorio completo          : C:\Users\peter\OneDrive - Grupo Ecorodovias\Área de Trabalho\Scritps_novos\Scripts\ProjectWise\ExecucaoManualUsuario\Logs\PW_CriarUsuariosLote_Relatorio_20260601_142439.csv
2026-06-01 14:27:29 | OK | Arquivos Excel por descricao:
2026-06-01 14:27:29 | OK | - C:\Users\peter\OneDrive - Grupo Ecorodovias\Área de Trabalho\UsuariosPorDescricao_20260601_142439\Usuarios_Descricao_Consulta Todas as REV.xlsx
2026-06-01 14:27:29 | OK | - C:\Users\peter\OneDrive - Grupo Ecorodovias\Área de Trabalho\UsuariosPorDescricao_20260601_142439\Usuarios_Descricao_Consulta Ultima Rev.xlsx
2026-06-01 14:27:29 | OK | - C:\Users\peter\OneDrive - Grupo Ecorodovias\Área de Trabalho\UsuariosPorDescricao_20260601_142439\Usuarios_Descricao_Especialista.xlsx
2026-06-01 14:27:29 | OK | - C:\Users\peter\OneDrive - Grupo Ecorodovias\Área de Trabalho\UsuariosPorDescricao_20260601_142439\Usuarios_Descricao_Gestor Unidade.xlsx
2026-06-01 14:27:29 | OK | - C:\Users\peter\OneDrive - Grupo Ecorodovias\Área de Trabalho\UsuariosPorDescricao_20260601_142439\Usuarios_Descricao_Consulta Ultima Ver.xlsx
2026-06-01 14:27:29 | OK | - C:\Users\peter\OneDrive - Grupo Ecorodovias\Área de Trabalho\UsuariosPorDescricao_20260601_142439\Usuarios_Descricao_Consulta Todas as Rev_2.xlsx
2026-06-01 14:27:29 | OK | - C:\Users\peter\OneDrive - Grupo Ecorodovias\Área de Trabalho\UsuariosPorDescricao_20260601_142439\Usuarios_Descricao_Projetista.xlsx
2026-06-01 14:27:29 | OK | - C:\Users\peter\OneDrive - Grupo Ecorodovias\Área de Trabalho\UsuariosPorDescricao_20260601_142439\Usuarios_Descricao_Consulta Todas as Ver..xlsx
2026-06-01 14:27:29 | INFO | 
2026-06-01 14:27:29 | WARN | Usuarios que ja existiam e nao foram recriados:
2026-06-01 14:27:29 | WARN | - Linha 27 | Gestor Unidade | Josilene De Souza Oliveira Honorio | t_josilene.honorio@ecovias.com.br
2026-06-01 14:27:29 | WARN | - Linha 64 | Projetista | Thiago Felipe Medeiros Pereira | thiago.pereira@egis-group.com
2026-06-01 14:27:29 | WARN | - Linha 65 | Projetista | Andrea Ferreira | andrea.ferreira@egis-group.com
2026-06-01 14:27:29 | WARN | - Linha 68 | Projetista | Andressa Nunes Reis | Andressa.REIS@egis-group.com
2026-06-01 14:27:29 | WARN | - Linha 77 | Projetista | Kauane Aparecida Alcantara Da Silva | kauane.silva@egis-group.com
2026-06-01 14:27:29 | WARN | - Linha 79 | Projetista | Jose Vinicius Silva Martins | jose.martins@egis-group.com
2026-06-01 14:27:29 | WARN | - Linha 81 | Projetista | Beatriz De Assis Torres | Beatriz.TORRES@egis-group.com
2026-06-01 14:27:29 | WARN | - Linha 89 | Projetista | Bianca Morcelli Ferreira | bianca.morcelli@sondotecnica.com.br
2026-06-01 14:27:29 | WARN | - Linha 98 | Projetista | Maria de Fatima | maria.fatima@sondotecnica.com.br
2026-06-01 14:27:29 | WARN | - Linha 99 | Projetista | Claudia Maria Alves dos Santos | Claudia.Santos@sondotecnica.com.br
2026-06-01 14:27:29 | INFO | ==============================================
