2026-06-25 11:15:55 | INFO | ProjectWise - criacao de usuarios em lote
2026-06-25 11:15:55 | INFO | Log: C:\Users\Peterson\OneDrive - Grupo Ecorodovias\Área de Trabalho\Scritps_novos\Scripts\ProjectWise\ExecucaoManualUsuario\Logs\PW_CriarUsuariosLote_20260625_111555.log
2026-06-25 11:15:55 | INFO | Abrindo login no ProjectWise...
2026-06-25 11:16:10 | OK | Login realizado. Usuario atual: Peterson Caputti
2026-06-25 11:16:19 | INFO | Arquivo de entrada: C:\Users\Peterson\OneDrive - Grupo Ecorodovias\Área de Trabalho\Modelo_Criacao_Usuarios_ProjectWise.xlsx
2026-06-25 11:16:21 | INFO | Registros carregados: 5
2026-06-25 11:16:22 | OK | Linha 2: usuario criado - Roosewelt Macedo
2026-06-25 11:16:24 | OK | Linha 3: usuario criado - Hugo Rosa
2026-06-25 11:16:25 | OK | Linha 4: usuario criado - Flávio Geremias Clemente
2026-06-25 11:16:25 | WARN | Linha 5: invalida - Name vazio; E-mail vazio
2026-06-25 11:16:25 | WARN | Linha 6: invalida - Name vazio; E-mail vazio
2026-06-25 11:16:28 | INFO | Gerando arquivo da lista processada para descricao: Especialista
2026-06-25 11:16:28 | OK | Arquivo gerado: C:\Users\Peterson\OneDrive\Desktop\UsuariosPorDescricao_20260625_111555\Usuarios_Descricao_Especialista.xlsx
2026-06-25 11:16:28 | INFO | Sessao ProjectWise encerrada.
2026-06-25 11:16:29 | INFO | 
2026-06-25 11:16:29 | INFO | ================ RESUMO FINAL ================
2026-06-25 11:16:29 | INFO | Total de linhas processadas : 5
2026-06-25 11:16:29 | OK | Usuarios criados            : 3
2026-06-25 11:16:29 | OK | Usuarios atualizados        : 0
2026-06-25 11:16:29 | WARN | Usuarios ja existentes      : 0
2026-06-25 11:16:29 | INFO | Linhas apenas validadas     : 0
2026-06-25 11:16:29 | WARN | Linhas invalidas            : 2
2026-06-25 11:16:29 | OK | Erros de processamento      : 0
2026-06-25 11:16:29 | OK | Relatorio completo          : C:\Users\Peterson\OneDrive - Grupo Ecorodovias\Área de Trabalho\Scritps_novos\Scripts\ProjectWise\ExecucaoManualUsuario\Logs\PW_CriarUsuariosLote_Relatorio_20260625_111555.csv
2026-06-25 11:16:29 | OK | Arquivos Excel por descricao:
2026-06-25 11:16:29 | OK | - C:\Users\Peterson\OneDrive\Desktop\UsuariosPorDescricao_20260625_111555\Usuarios_Descricao_Especialista.xlsx
2026-06-25 11:16:29 | INFO | 
2026-06-25 11:16:29 | WARN | Linhas que precisam de atencao:
2026-06-25 11:16:29 | WARN | - Linha 5 | INVALIDO |  | Name vazio; E-mail vazio
2026-06-25 11:16:29 | WARN | - Linha 6 | INVALIDO |  | Name vazio; E-mail vazio
2026-06-25 11:16:29 | INFO | ==============================================
