2026-07-15 16:34:52 | INFO | ProjectWise - criacao de usuarios em lote
2026-07-15 16:34:52 | INFO | Log: C:\Users\peter\OneDrive - Grupo Ecorodovias\Área de Trabalho\Scritps_novos\Scripts\ProjectWise\ExecucaoManualUsuario\Logs\PW_CriarUsuariosLote_20260715_163452.log
2026-07-15 16:34:52 | INFO | Abrindo login no ProjectWise...
2026-07-15 16:35:04 | OK | Login realizado. Usuario atual: Peterson Caputti
2026-07-15 16:35:12 | INFO | Arquivo de entrada: C:\Users\peter\OneDrive - Grupo Ecorodovias\Área de Trabalho\Modelo_Criacao_Usuarios_ProjectWise.xlsx
2026-07-15 16:35:14 | INFO | Registros carregados: 6
2026-07-15 16:35:14 | WARN | Linha 2: usuario ja existe - Kauane Silva (encontrado por Name)
2026-07-15 16:35:15 | WARN | Linha 3: usuario ja existe - Jessica Mello (encontrado por E-mail)
2026-07-15 16:35:17 | OK | Linha 4: usuario criado - Juliana Batista
2026-07-15 16:35:17 | WARN | Linha 5: usuario ja existe - Glicia Oliveira (encontrado por E-mail)
2026-07-15 16:35:17 | WARN | Linha 6: invalida - Name vazio; E-mail vazio
2026-07-15 16:35:17 | WARN | Linha 7: invalida - Name vazio; E-mail vazio
2026-07-15 16:35:21 | INFO | Gerando arquivo da lista processada para descricao: Projetista
2026-07-15 16:35:22 | OK | Arquivo gerado: C:\Users\peter\OneDrive\Desktop\UsuariosPorDescricao_20260715_163452\Usuarios_Descricao_Projetista.xlsx
2026-07-15 16:35:22 | INFO | Sessao ProjectWise encerrada.
2026-07-15 16:35:22 | INFO | 
2026-07-15 16:35:22 | INFO | ================ RESUMO FINAL ================
2026-07-15 16:35:22 | INFO | Total de linhas processadas : 6
2026-07-15 16:35:22 | OK | Usuarios criados            : 1
2026-07-15 16:35:22 | OK | Usuarios atualizados        : 0
2026-07-15 16:35:22 | WARN | Usuarios ja existentes      : 3
2026-07-15 16:35:22 | INFO | Linhas apenas validadas     : 0
2026-07-15 16:35:22 | WARN | Linhas invalidas            : 2
2026-07-15 16:35:22 | OK | Erros de processamento      : 0
2026-07-15 16:35:22 | OK | Relatorio completo          : C:\Users\peter\OneDrive - Grupo Ecorodovias\Área de Trabalho\Scritps_novos\Scripts\ProjectWise\ExecucaoManualUsuario\Logs\PW_CriarUsuariosLote_Relatorio_20260715_163452.csv
2026-07-15 16:35:22 | OK | Arquivos Excel por descricao:
2026-07-15 16:35:22 | OK | - C:\Users\peter\OneDrive\Desktop\UsuariosPorDescricao_20260715_163452\Usuarios_Descricao_Projetista.xlsx
2026-07-15 16:35:22 | INFO | 
2026-07-15 16:35:22 | WARN | Linhas que precisam de atencao:
2026-07-15 16:35:22 | WARN | - Linha 6 | INVALIDO |  | Name vazio; E-mail vazio
2026-07-15 16:35:22 | WARN | - Linha 7 | INVALIDO |  | Name vazio; E-mail vazio
2026-07-15 16:35:22 | INFO | 
2026-07-15 16:35:22 | WARN | Usuarios que ja existiam e nao foram recriados:
2026-07-15 16:35:22 | WARN | - Linha 2 | Projetista | Kauane Silva | kauane.silva@egis-group.com
2026-07-15 16:35:22 | WARN | - Linha 3 | Projetista | Jessica Mello | jessica.mello@egis-group.com
2026-07-15 16:35:22 | WARN | - Linha 5 | Projetista | Glicia Oliveira | glicia.oliveira@egis-group.com
2026-07-15 16:35:22 | INFO | ==============================================
