2026-06-01 15:16:20 | INFO | ProjectWise - criacao de usuarios em lote
2026-06-01 15:16:20 | INFO | Log: C:\Users\peter\OneDrive - Grupo Ecorodovias\Área de Trabalho\Scritps_novos\Scripts\ProjectWise\ExecucaoManualUsuario\Logs\PW_CriarUsuariosLote_20260601_151620.log
2026-06-01 15:16:20 | INFO | Abrindo login no ProjectWise...
2026-06-01 15:16:40 | OK | Login realizado. Usuario atual: Peterson Caputti
2026-06-01 15:17:02 | INFO | Arquivo de entrada: C:\Users\peter\Downloads\Modelo_Criacao_Usuarios_ProjectWise 2.xlsx
2026-06-01 15:17:03 | INFO | Registros carregados: 99
2026-06-01 15:17:03 | WARN | Linha 2: usuario ja existe - Airton De Melo Magalhaes (encontrado por Name)
2026-06-01 15:17:03 | WARN | Linha 3: usuario ja existe - Antonio Eduardo Ferreira De Carvalho (encontrado por Name)
2026-06-01 15:17:03 | WARN | Linha 4: usuario ja existe - Bruno Gustavo Queiros De Oliveira (encontrado por Name)
2026-06-01 15:17:04 | WARN | Linha 5: usuario ja existe - Camila Lacerda Assis (encontrado por Name)
2026-06-01 15:17:04 | WARN | Linha 6: usuario ja existe - Carlos Eduardo Da Silva (encontrado por Name)
2026-06-01 15:17:04 | WARN | Linha 7: usuario ja existe - Cleizer Madson Miranda (encontrado por Name)
2026-06-01 15:17:04 | WARN | Linha 8: usuario ja existe - Danillo Oliveira Dos Santos (encontrado por Name)
2026-06-01 15:17:04 | WARN | Linha 9: usuario ja existe - Darllieli Carolina Faustino De Almeida (encontrado por Name)
2026-06-01 15:17:04 | WARN | Linha 10: usuario ja existe - Diego Da Silva Theodoro (encontrado por Name)
2026-06-01 15:17:04 | WARN | Linha 11: usuario ja existe - Diego Jose Rodrigues Salomon (encontrado por Name)
2026-06-01 15:17:04 | WARN | Linha 12: usuario ja existe - Diogo Gomes Da Silva (encontrado por Name)
2026-06-01 15:17:04 | WARN | Linha 13: usuario ja existe - Eduardo Mello Do Amaral (encontrado por Name)
2026-06-01 15:17:04 | WARN | Linha 14: usuario ja existe - Elker Pires Da Silva Rocha (encontrado por Name)
2026-06-01 15:17:04 | WARN | Linha 15: usuario ja existe - Flavio De Castro Penna (encontrado por Name)
2026-06-01 15:17:04 | WARN | Linha 16: usuario ja existe - Gabriel Nogueira Rodrigues (encontrado por Name)
2026-06-01 15:17:04 | WARN | Linha 17: usuario ja existe - Gerson Aparecido da Luz (encontrado por Name)
2026-06-01 15:17:04 | WARN | Linha 18: usuario ja existe - Hugo Madeira Dias (encontrado por Name)
2026-06-01 15:17:04 | WARN | Linha 19: usuario ja existe - Italo Fernando Couto De Sousa (encontrado por Name)
2026-06-01 15:17:05 | WARN | Linha 20: usuario ja existe - Jairo Roberto Dos Santos (encontrado por Name)
2026-06-01 15:17:05 | WARN | Linha 21: usuario ja existe - Jean Morais Rodrigues (encontrado por Name)
2026-06-01 15:17:05 | WARN | Linha 22: usuario ja existe - Jessica Lais Dos Santos (encontrado por Name)
2026-06-01 15:17:05 | WARN | Linha 23: usuario ja existe - Joao Otavio Naibo Turmena (encontrado por Name)
2026-06-01 15:17:05 | WARN | Linha 24: usuario ja existe - Joao Vitor Correa Da Costa (encontrado por Name)
2026-06-01 15:17:05 | WARN | Linha 25: usuario ja existe - Jose Antonio Ferreira Dos Santos (encontrado por Name)
2026-06-01 15:17:05 | WARN | Linha 26: usuario ja existe - Jose Ricardo Da Silva Vieira (encontrado por Name)
2026-06-01 15:17:05 | WARN | Linha 27: usuario ja existe - Josilene De Souza Oliveira Honorio (encontrado por Name)
2026-06-01 15:17:05 | WARN | Linha 28: usuario ja existe - Karla Natálya Mendes (encontrado por Name)
2026-06-01 15:17:05 | WARN | Linha 29: usuario ja existe - Lenilcio Augusto Da Silva Filho (encontrado por Name)
2026-06-01 15:17:05 | WARN | Linha 30: usuario ja existe - Leticia Pereira Silva (encontrado por Name)
2026-06-01 15:17:05 | WARN | Linha 31: usuario ja existe - Luana Pereira Lemos (encontrado por Name)
2026-06-01 15:17:05 | WARN | Linha 32: usuario ja existe - Lucas Comarela (encontrado por Name)
2026-06-01 15:17:05 | WARN | Linha 33: usuario ja existe - Luis Carlos Lima Salvador (encontrado por Name)
2026-06-01 15:17:05 | WARN | Linha 34: usuario ja existe - Luis Fernando Goncalves (encontrado por Name)
2026-06-01 15:17:06 | WARN | Linha 35: usuario ja existe - Magdiane Do Amaral Francisco (encontrado por Name)
2026-06-01 15:17:06 | WARN | Linha 36: usuario ja existe - Marcos Vinicius Aguilar Botelho (encontrado por Name)
2026-06-01 15:17:06 | WARN | Linha 37: usuario ja existe - Marcus Vinicius Braga Da Costa (encontrado por Name)
2026-06-01 15:17:06 | WARN | Linha 38: usuario ja existe - Mayza Dias Pires Brito (encontrado por Name)
2026-06-01 15:17:06 | WARN | Linha 39: usuario ja existe - Miguel Dos Santos Rodrigues (encontrado por Name)
2026-06-01 15:17:07 | WARN | Linha 40: usuario ja existe - Milene Pereira Da Conceicao (encontrado por Name)
2026-06-01 15:17:07 | WARN | Linha 41: usuario ja existe - Patricia Cabral Rodrigues Dos Santos (encontrado por Name)
2026-06-01 15:17:07 | WARN | Linha 42: usuario ja existe - Patricia Ribas Espinosa (encontrado por Name)
2026-06-01 15:17:07 | WARN | Linha 43: usuario ja existe - Patrick Silva De Oliveira (encontrado por Name)
2026-06-01 15:17:07 | WARN | Linha 44: usuario ja existe - Paulo Andre Cassiano Da Silva (encontrado por Name)
2026-06-01 15:17:07 | WARN | Linha 45: usuario ja existe - Paulo Cesar Roza (encontrado por Name)
2026-06-01 15:17:07 | WARN | Linha 46: usuario ja existe - Rafael Santos De Freitas (encontrado por Name)
2026-06-01 15:17:07 | WARN | Linha 47: usuario ja existe - Renato Aparecido Camargo (encontrado por Name)
2026-06-01 15:17:07 | WARN | Linha 48: usuario ja existe - Saulo Bartolomeu De Paiva Junior (encontrado por Name)
2026-06-01 15:17:07 | WARN | Linha 49: usuario ja existe - Saulo de Castro S. Thiago (encontrado por Name)
2026-06-01 15:17:08 | WARN | Linha 50: usuario ja existe - Sebastiao Jose Jardim Menezes (encontrado por Name)
2026-06-01 15:17:08 | WARN | Linha 51: usuario ja existe - Severino Clementino Do Nascimento (encontrado por Name)
2026-06-01 15:17:08 | WARN | Linha 52: usuario ja existe - Silvio Antonio De Souza (encontrado por Name)
2026-06-01 15:17:08 | WARN | Linha 53: usuario ja existe - Tamara Calabria Dos Santos De Avila (encontrado por Name)
2026-06-01 15:17:08 | WARN | Linha 54: usuario ja existe - Thiago Freire Da Cunha (encontrado por Name)
2026-06-01 15:17:09 | WARN | Linha 55: usuario ja existe - Thiago Teixeira Ramiro (encontrado por Name)
2026-06-01 15:17:09 | WARN | Linha 56: usuario ja existe - Tiago Tibirica Silva (encontrado por Name)
2026-06-01 15:17:09 | WARN | Linha 57: usuario ja existe - Vagner De Melo Fonseca (encontrado por Name)
2026-06-01 15:17:09 | WARN | Linha 58: usuario ja existe - Vandelino Luiz Da Silva (encontrado por Name)
2026-06-01 15:17:09 | WARN | Linha 59: usuario ja existe - Vanessa Siqueira Brito (encontrado por Name)
2026-06-01 15:17:09 | WARN | Linha 60: usuario ja existe - Vinicius De Carvalho Eduardo (encontrado por Name)
2026-06-01 15:17:09 | WARN | Linha 61: usuario ja existe - Yanina Alice Gonzaga Ferreira (encontrado por Name)
2026-06-01 15:17:09 | WARN | Linha 62: usuario ja existe - EGIS BRASIL Entrega Erm Fdb (encontrado por Name)
2026-06-01 15:17:09 | WARN | Linha 63: usuario ja existe - Leticia de Moura Botan Avila (encontrado por Name)
2026-06-01 15:17:10 | WARN | Linha 64: usuario ja existe - Thiago Felipe Medeiros Pereira (encontrado por E-mail)
2026-06-01 15:17:10 | WARN | Linha 65: usuario ja existe - Andrea Ferreira (encontrado por Name)
2026-06-01 15:17:10 | WARN | Linha 66: usuario ja existe - Israel Correira Da Silva (encontrado por Name)
2026-06-01 15:17:10 | WARN | Linha 67: usuario ja existe - Annelise De Oliveira Ferreira (encontrado por Name)
2026-06-01 15:17:10 | WARN | Linha 68: usuario ja existe - Andressa Nunes Reis (encontrado por E-mail)
2026-06-01 15:17:10 | WARN | Linha 69: usuario ja existe - Rafaela Sobrinho (encontrado por Name)
2026-06-01 15:17:10 | WARN | Linha 70: usuario ja existe - Jorge Gustao Shimabukuro (encontrado por Name)
2026-06-01 15:17:10 | WARN | Linha 71: usuario ja existe - Taisi Campos (encontrado por Name)
2026-06-01 15:17:10 | WARN | Linha 72: usuario ja existe - EGIS TRANSPORTATION Qualidade Dp (encontrado por Name)
2026-06-01 15:17:10 | WARN | Linha 73: usuario ja existe - Daniel Gregoria Albino (encontrado por Name)
2026-06-01 15:17:10 | WARN | Linha 74: usuario ja existe - Daniela Massami Ide Teixeira (encontrado por Name)
2026-06-01 15:17:10 | WARN | Linha 75: usuario ja existe - Leandro Henrique Araujo (encontrado por Name)
2026-06-01 15:17:10 | WARN | Linha 76: usuario ja existe - Isadora Gomes Barros (encontrado por Name)
2026-06-01 15:17:10 | WARN | Linha 77: usuario ja existe - Kauane Aparecida Alcantara Da Silva (encontrado por E-mail)
2026-06-01 15:17:11 | WARN | Linha 78: usuario ja existe - Rafael Marques da Silva (encontrado por Name)
2026-06-01 15:17:11 | WARN | Linha 79: usuario ja existe - Jose Vinicius Silva Martins (encontrado por E-mail)
2026-06-01 15:17:11 | WARN | Linha 80: usuario ja existe - Glicia Kelly de Oliveira Almeida (encontrado por Name)
2026-06-01 15:17:11 | WARN | Linha 81: usuario ja existe - Beatriz De Assis Torres (encontrado por Name)
2026-06-01 15:17:11 | WARN | Linha 82: usuario ja existe - Silvia Motta (encontrado por Name)
2026-06-01 15:17:11 | WARN | Linha 83: usuario ja existe - Angela Martins Azevedo (encontrado por Name)
2026-06-01 15:17:11 | WARN | Linha 84: usuario ja existe - Maria Eduarda Odorizi Nunes (encontrado por Name)
2026-06-01 15:17:11 | WARN | Linha 85: usuario ja existe - Lucas Moscardo (encontrado por Name)
2026-06-01 15:17:11 | WARN | Linha 86: usuario ja existe - Sergio Fernando Souza de Mesquita (encontrado por Name)
2026-06-01 15:17:12 | WARN | Linha 87: usuario ja existe - Gabriela Santa Cruz Neves Kwok (encontrado por Name)
2026-06-01 15:17:12 | WARN | Linha 88: usuario ja existe - Cristiano Moreira (encontrado por Name)
2026-06-01 15:17:12 | WARN | Linha 89: usuario ja existe - Bianca Morcelli Ferreira (encontrado por E-mail)
2026-06-01 15:17:12 | WARN | Linha 90: usuario ja existe - Elisa Gonçalo de Sousa Ribeiro (encontrado por Name)
2026-06-01 15:17:12 | WARN | Linha 91: usuario ja existe - Menahem Castro Rodrigues (encontrado por Name)
2026-06-01 15:17:12 | WARN | Linha 92: usuario ja existe - Rafael Junqueira Villela (encontrado por Name)
2026-06-01 15:17:12 | WARN | Linha 93: usuario ja existe - Ana Clara Frota Quintelas (encontrado por Name)
2026-06-01 15:17:12 | WARN | Linha 94: usuario ja existe - Fabio Cardoso da Silva (encontrado por Name)
2026-06-01 15:17:12 | WARN | Linha 95: usuario ja existe - Antero Coimbra Alves (encontrado por Name)
2026-06-01 15:17:12 | WARN | Linha 96: usuario ja existe - Vitor Lucas Bernardo Ferreira (encontrado por Name)
2026-06-01 15:17:12 | WARN | Linha 97: usuario ja existe - Alexandre Camilo Simões (encontrado por Name)
2026-06-01 15:17:12 | WARN | Linha 98: usuario ja existe - Maria de Fatima (encontrado por Name)
2026-06-01 15:17:12 | WARN | Linha 99: usuario ja existe - Claudia Maria Alves dos Santos (encontrado por Name)
2026-06-01 15:17:12 | WARN | Linha 100: usuario ja existe - Walter Agostinho De Souza Neves Junior (encontrado por Name)
2026-06-01 15:17:15 | INFO | Gerando arquivo da lista processada para descricao: Consulta Todas as REV
2026-06-01 15:17:15 | OK | Arquivo gerado: C:\Users\peter\OneDrive - Grupo Ecorodovias\Área de Trabalho\UsuariosPorDescricao_20260601_151620\Usuarios_Descricao_Consulta Todas as REV.xlsx
2026-06-01 15:17:15 | INFO | Gerando arquivo da lista processada para descricao: Consulta Ultima Rev
2026-06-01 15:17:15 | OK | Arquivo gerado: C:\Users\peter\OneDrive - Grupo Ecorodovias\Área de Trabalho\UsuariosPorDescricao_20260601_151620\Usuarios_Descricao_Consulta Ultima Rev.xlsx
2026-06-01 15:17:15 | INFO | Gerando arquivo da lista processada para descricao: Especialista
2026-06-01 15:17:15 | OK | Arquivo gerado: C:\Users\peter\OneDrive - Grupo Ecorodovias\Área de Trabalho\UsuariosPorDescricao_20260601_151620\Usuarios_Descricao_Especialista.xlsx
2026-06-01 15:17:15 | INFO | Gerando arquivo da lista processada para descricao: Gestor Unidade
2026-06-01 15:17:15 | OK | Arquivo gerado: C:\Users\peter\OneDrive - Grupo Ecorodovias\Área de Trabalho\UsuariosPorDescricao_20260601_151620\Usuarios_Descricao_Gestor Unidade.xlsx
2026-06-01 15:17:15 | INFO | Gerando arquivo da lista processada para descricao: Consulta Ultima Ver
2026-06-01 15:17:16 | OK | Arquivo gerado: C:\Users\peter\OneDrive - Grupo Ecorodovias\Área de Trabalho\UsuariosPorDescricao_20260601_151620\Usuarios_Descricao_Consulta Ultima Ver.xlsx
2026-06-01 15:17:16 | INFO | Gerando arquivo da lista processada para descricao: Consulta Todas as Rev
2026-06-01 15:17:16 | OK | Arquivo gerado: C:\Users\peter\OneDrive - Grupo Ecorodovias\Área de Trabalho\UsuariosPorDescricao_20260601_151620\Usuarios_Descricao_Consulta Todas as Rev_2.xlsx
2026-06-01 15:17:16 | INFO | Gerando arquivo da lista processada para descricao: Projetista
2026-06-01 15:17:16 | OK | Arquivo gerado: C:\Users\peter\OneDrive - Grupo Ecorodovias\Área de Trabalho\UsuariosPorDescricao_20260601_151620\Usuarios_Descricao_Projetista.xlsx
2026-06-01 15:17:16 | INFO | Gerando arquivo da lista processada para descricao: Consulta Todas as Ver.
2026-06-01 15:17:16 | OK | Arquivo gerado: C:\Users\peter\OneDrive - Grupo Ecorodovias\Área de Trabalho\UsuariosPorDescricao_20260601_151620\Usuarios_Descricao_Consulta Todas as Ver..xlsx
