2026-06-12 13:12:16 | INFO | Importando modulo ProjectWise.
2026-06-12 13:12:16 | INFO | Modulo 'pwps_dab' ja carregado.
2026-06-12 13:12:16 | INFO | Conectando via Bentley IMS.
2026-06-12 13:12:16 | INFO | Tentando conexao via 'New-PWLogin'. Parametros: DatasourceName, UserName, Password, UseGui, DoNotCreateWorkingDirectory, BentleyIMS, LoadWRE, NonAdminLogin, Token, Verbose, Debug, ErrorAction, WarningAction, InformationAction, ErrorVariable, WarningVariable, InformationVariable, OutVariable, OutBuffer, PipelineVariable
2026-06-12 13:12:26 | OK | Conexao realizada via 'New-PWLogin -BentleyIMS'.
2026-06-12 13:12:26 | OK | Usuario atual: Peterson Caputti
2026-06-12 13:12:26 | OK | Conexao realizada com sucesso.
2026-06-12 13:12:27 | OK | Pasta Engenharia localizada: Engenharia
2026-06-12 13:12:27 | INFO | Listando filhos: Engenharia
2026-06-12 13:12:30 | OK | Concessoes carregadas: 14.
2026-06-12 13:12:38 | INFO | Consultando seguranca da concessao 'Ecovias Capixaba'.
2026-06-12 13:12:38 | INFO | Modo Access Control: 'Workflows'. Workflow, State e Grupo em branco trazem todos os valores encontrados.
2026-06-12 13:12:38 | INFO | Filtros: Tipo='group' | SecurityType='Document' | Workflow='' | State='' | Grupo=''.
2026-06-12 13:12:43 | INFO | Get-PWFolderSecurity retornou 56 item(ns).
2026-06-12 13:12:43 | OK | Consulta concluida. Registros encontrados: 55.
2026-06-12 13:13:13 | INFO | Listando descendentes de 'Ecovias Capixaba' para aplicar remocao.
2026-06-12 13:13:13 | INFO | Listando filhos: Ecovias Capixaba
2026-06-12 13:13:14 | INFO | Listando filhos: Projetos
2026-06-12 13:13:18 | INFO | Listando filhos: Documentos Gerais
2026-06-12 13:13:25 | INFO | Listando filhos: Contorno de Fundão - km 227 + 232 - BR101/ES
2026-06-12 13:13:26 | INFO | Listando filhos: Contorno de Vitória Dispositivo 1 - km 284,710 - BR101/ES
2026-06-12 13:13:27 | INFO | Listando filhos: Contorno de Ibiraçu - km 212 + 215 - BR101/ES
2026-06-12 13:13:28 | INFO | Listando filhos: Ciclovia de Linhares - km 138,794 +144,750 - BR101/ES
2026-06-12 13:13:29 | INFO | Listando filhos: Alteamento de Greide - km 163 - BR101/ES
2026-06-12 13:13:32 | INFO | Listando filhos: Passarelas - km 6 - BR101/ES
2026-06-12 13:13:36 | INFO | Listando filhos: Marginais de Vitória - km 278,200 - 291,500 - BR101/ES
2026-06-12 13:13:37 | INFO | Listando filhos: Duplicação SH C - km 203,6 + 222,9 - BR101/ES
2026-06-12 13:13:37 | INFO | Listando filhos: Duplicação SH D1 - km 242 + 247 - BR101/ES
2026-06-12 13:13:38 | INFO | Listando filhos: Duplicação SH D2 - km 231,9 + 242 - BR101/ES
2026-06-12 13:13:39 | INFO | Listando filhos: Duplicação SH G1A (Obras) -  km 357,7 + 373,5 - BR101/ES
2026-06-12 13:13:40 | INFO | Listando filhos: Duplicação SH G1B - km 380,3 + 396,8 - BR101/ES
2026-06-12 13:13:41 | INFO | Listando filhos: Duplicação SH G2 -  km 396,8 + 426,7 - BR101/ES
2026-06-12 13:13:42 | INFO | Listando filhos: Marginais de Viana -  km 291,5 + 304,8 - BR101/ES
2026-06-12 13:13:42 | INFO | Listando filhos: Pedro Canário (km 15 + 17) / Linhares (km 146 + 150) / Timbuí (km 237 + 239) - BR101/ES
2026-06-12 13:13:43 | INFO | Listando filhos: PPD Trecho Norte - Linhares - km 169+900 - BR101/ES
2026-06-12 13:13:45 | INFO | Listando filhos: PPD Trecho Sul - Serra - km 425+300 - BR101/ES
2026-06-12 13:13:49 | INFO | Listando filhos: HS-WIM - Ibiraçu - km 224 - BR101/ES
2026-06-12 13:13:50 | INFO | Listando filhos: Duplicação SH F - km 308,1 + 359,2 - BR101/ES
2026-06-12 13:13:51 | INFO | Listando filhos: Contorno de Vitória Dispositivo 2 - km 287,730 - BR101/ES
2026-06-12 13:13:52 | INFO | Listando filhos: Contorno de Vitória Marginais - km 278,900 + 291,000 - BR101/ES
2026-06-12 13:13:52 | INFO | Listando filhos: Duplicação SH C (Contorno de Ibiraçu) - km 210,9 + 212 - BR101/ES
2026-06-12 13:13:53 | INFO | Listando filhos: Duplicação SH C (Contorno de Fundão) - km 222,9 + 227 - BR101/ES
2026-06-12 13:13:54 | INFO | Listando filhos: Duplicação SH G1A (ANTT) -  km 357,7 + 373,5 - BR101/ES
2026-06-12 13:13:55 | INFO | Listando filhos: Ciclo Orçamentário
2026-06-12 13:13:55 | INFO | Listando filhos: Cronograma Geral
2026-06-12 13:13:56 | INFO | Listando filhos: Edital - Per
2026-06-12 13:13:56 | INFO | Listando filhos: Estudos - EVTEA
2026-06-12 13:13:56 | INFO | Listando filhos: Faixa de Domínio
2026-06-12 13:13:56 | INFO | Listando filhos: KMZ
2026-06-12 13:13:56 | INFO | Listando filhos: Marcos Topográficos
2026-06-12 13:13:57 | INFO | Listando filhos: Ofícios
2026-06-12 13:13:57 | INFO | Listando filhos: Aerolevantamento
2026-06-12 13:13:58 | INFO | Listando filhos: Plano de Negócio Projeto
2026-06-12 13:13:58 | INFO | Listando filhos: Plano de Negócio Orçamento
2026-06-12 13:13:58 | INFO | Listando filhos: Portaria - Pode Conc.
2026-06-12 13:13:58 | INFO | Listando filhos: Volume tráfego SAT's
2026-06-12 13:13:59 | INFO | Listando filhos: Volume tráfego Pedágios
2026-06-12 13:13:59 | INFO | Listando filhos: Documentos Gerais
2026-06-12 13:14:02 | INFO | Listando filhos: 1 - Area de Trabalho
2026-06-12 13:14:03 | INFO | Listando filhos: 2 - Unidade
2026-06-12 13:14:03 | INFO | Listando filhos: Area de Transferencia
2026-06-12 13:14:04 | INFO | Listando filhos: Previsao de Documentos (LD)
2026-06-12 13:14:04 | INFO | Listando filhos: 0 - Documentos Gerais
2026-06-12 13:14:06 | INFO | Listando filhos: 1 - Area de Trabalho
2026-06-12 13:14:09 | INFO | Listando filhos: 2 - Unidade
2026-06-12 13:14:11 | INFO | Listando filhos: Area de Transferencia
2026-06-12 13:14:12 | INFO | Listando filhos: Previsao de Documentos (LD)
2026-06-12 13:14:12 | INFO | Listando filhos: 0 - Documentos Gerais
2026-06-12 13:14:13 | INFO | Listando filhos: 1 - Area de Trabalho
2026-06-12 13:14:14 | INFO | Listando filhos: 2 - Unidade
2026-06-12 13:14:15 | INFO | Listando filhos: Area de Transferencia
2026-06-12 13:14:15 | INFO | Listando filhos: Previsao de Documentos (LD)
2026-06-12 13:14:15 | INFO | Listando filhos: 0 - Documentos Gerais
2026-06-12 13:14:16 | INFO | Listando filhos: 1 - Area de Trabalho
2026-06-12 13:14:17 | INFO | Listando filhos: 2 - Unidade
2026-06-12 13:14:17 | INFO | Listando filhos: Area de Transferencia
2026-06-12 13:14:18 | INFO | Listando filhos: Previsao de Documentos (LD)
2026-06-12 13:14:18 | INFO | Listando filhos: 0 - Documentos Gerais
2026-06-12 13:14:20 | INFO | Listando filhos: 1 - Area de Trabalho
2026-06-12 13:14:20 | INFO | Listando filhos: 2 - Unidade
2026-06-12 13:14:21 | INFO | Listando filhos: Area de Transferencia
2026-06-12 13:14:21 | INFO | Listando filhos: Previsao de Documentos (LD)
2026-06-12 13:14:21 | INFO | Listando filhos: 0 - Documentos Gerais
2026-06-12 13:14:23 | INFO | Listando filhos: 1 - Area de Trabalho
2026-06-12 13:14:23 | INFO | Listando filhos: 2 - Unidade
2026-06-12 13:14:24 | INFO | Listando filhos: Area de Transferencia
2026-06-12 13:14:24 | INFO | Listando filhos: Previsao de Documentos (LD)
2026-06-12 13:14:24 | INFO | Listando filhos: 0 - Documentos Gerais
2026-06-12 13:14:30 | INFO | Listando filhos: 1 - Area de Trabalho
2026-06-12 13:14:31 | INFO | Listando filhos: 2 - Unidade
2026-06-12 13:14:31 | INFO | Listando filhos: Area de Transferencia
2026-06-12 13:14:32 | INFO | Listando filhos: Previsao de Documentos (LD)
2026-06-12 13:14:32 | INFO | Listando filhos: 0 - Documentos Gerais
2026-06-12 13:14:33 | INFO | Listando filhos: 1 - Area de Trabalho
2026-06-12 13:14:34 | INFO | Listando filhos: 2 - Unidade
2026-06-12 13:14:34 | INFO | Listando filhos: Area de Transferencia
2026-06-12 13:14:35 | INFO | Listando filhos: Previsao de Documentos (LD)
2026-06-12 13:14:35 | INFO | Listando filhos: 0 - Documentos Gerais
2026-06-12 13:14:41 | INFO | Listando filhos: 1 - Area de Trabalho
2026-06-12 13:14:42 | INFO | Listando filhos: 2 - Unidade
2026-06-12 13:14:42 | INFO | Listando filhos: Area de Transferencia
2026-06-12 13:14:43 | INFO | Listando filhos: Previsao de Documentos (LD)
2026-06-12 13:14:43 | INFO | Listando filhos: 0 - Documentos Gerais
2026-06-12 13:14:44 | INFO | Listando filhos: 1 - Area de Trabalho
2026-06-12 13:14:45 | INFO | Listando filhos: 2 - Unidade
2026-06-12 13:14:46 | INFO | Listando filhos: Area de Transferencia
2026-06-12 13:14:47 | INFO | Listando filhos: Previsao de Documentos (LD)
2026-06-12 13:14:48 | INFO | Listando filhos: 0 - Documentos Gerais
2026-06-12 13:14:52 | INFO | Listando filhos: 1 - Area de Trabalho
2026-06-12 13:14:53 | INFO | Listando filhos: 2 - Unidade
2026-06-12 13:14:53 | INFO | Listando filhos: Area de Transferencia
2026-06-12 13:14:54 | INFO | Listando filhos: Previsao de Documentos (LD)
2026-06-12 13:14:54 | INFO | Listando filhos: 0 - Documentos Gerais
2026-06-12 13:14:55 | INFO | Listando filhos: 1 - Area de Trabalho
2026-06-12 13:14:56 | INFO | Listando filhos: 2 - Unidade
2026-06-12 13:14:56 | INFO | Listando filhos: Area de Transferencia
2026-06-12 13:14:57 | INFO | Listando filhos: Previsao de Documentos (LD)
2026-06-12 13:14:57 | INFO | Listando filhos: 0 - Documentos Gerais
2026-06-12 13:14:58 | INFO | Listando filhos: 1 - Area de Trabalho
2026-06-12 13:14:59 | INFO | Listando filhos: 2 - Unidade
2026-06-12 13:14:59 | INFO | Listando filhos: Area de Transferencia
2026-06-12 13:15:00 | INFO | Listando filhos: Previsao de Documentos (LD)
2026-06-12 13:15:00 | INFO | Listando filhos: 0 - Documentos Gerais
2026-06-12 13:15:01 | INFO | Listando filhos: 1 - Area de Trabalho
2026-06-12 13:15:02 | INFO | Listando filhos: 2 - Unidade
2026-06-12 13:15:02 | INFO | Listando filhos: Area de Transferencia
2026-06-12 13:15:03 | INFO | Listando filhos: Previsao de Documentos (LD)
2026-06-12 13:15:03 | INFO | Listando filhos: 0 - Documentos Gerais
2026-06-12 13:15:04 | INFO | Listando filhos: 1 - Area de Trabalho
2026-06-12 13:15:05 | INFO | Listando filhos: 2 - Unidade
2026-06-12 13:15:06 | INFO | Listando filhos: Area de Transferencia
2026-06-12 13:15:06 | INFO | Listando filhos: Previsao de Documentos (LD)
2026-06-12 13:15:06 | INFO | Listando filhos: 0 - Documentos Gerais
2026-06-12 13:15:08 | INFO | Listando filhos: 1 - Area de Trabalho
2026-06-12 13:15:08 | INFO | Listando filhos: 2 - Unidade
2026-06-12 13:15:09 | INFO | Listando filhos: Area de Transferencia
2026-06-12 13:15:10 | INFO | Listando filhos: Previsao de Documentos (LD)
2026-06-12 13:15:10 | INFO | Listando filhos: 0 - Documentos Gerais
2026-06-12 13:15:11 | INFO | Listando filhos: 1 - Area de Trabalho
2026-06-12 13:15:12 | INFO | Listando filhos: 2 - Unidade
2026-06-12 13:15:15 | INFO | Listando filhos: Area de Transferencia
2026-06-12 13:15:17 | INFO | Listando filhos: Previsao de Documentos (LD)
2026-06-12 13:15:18 | INFO | Listando filhos: 0 - Documentos Gerais
2026-06-12 13:15:20 | INFO | Listando filhos: 1 - Area de Trabalho
2026-06-12 13:15:20 | INFO | Listando filhos: 2 - Unidade
2026-06-12 13:15:21 | INFO | Listando filhos: Area de Transferencia
2026-06-12 13:15:21 | INFO | Listando filhos: Previsao de Documentos (LD)
2026-06-12 13:15:21 | INFO | Listando filhos: 0 - Documentos Gerais
2026-06-12 13:15:23 | INFO | Listando filhos: 1 - Area de Trabalho
2026-06-12 13:15:25 | INFO | Listando filhos: 2 - Unidade
2026-06-12 13:15:27 | INFO | Listando filhos: Area de Transferencia
2026-06-12 13:15:29 | INFO | Listando filhos: Previsao de Documentos (LD)
2026-06-12 13:15:29 | INFO | Listando filhos: 0 - Documentos Gerais
2026-06-12 13:15:30 | INFO | Listando filhos: 1 - Area de Trabalho
2026-06-12 13:15:31 | INFO | Listando filhos: 2 - Unidade
2026-06-12 13:15:31 | INFO | Listando filhos: Area de Transferencia
2026-06-12 13:15:32 | INFO | Listando filhos: Previsao de Documentos (LD)
2026-06-12 13:15:32 | INFO | Listando filhos: 0 - Documentos Gerais
2026-06-12 13:15:33 | INFO | Listando filhos: 1 - Area de Trabalho
2026-06-12 13:15:34 | INFO | Listando filhos: 2 - Unidade
2026-06-12 13:15:34 | INFO | Listando filhos: Area de Transferencia
2026-06-12 13:15:35 | INFO | Listando filhos: Previsao de Documentos (LD)
2026-06-12 13:15:35 | INFO | Listando filhos: 0 - Documentos Gerais
2026-06-12 13:15:36 | INFO | Listando filhos: 1 - Area de Trabalho
2026-06-12 13:15:37 | INFO | Listando filhos: 2 - Unidade
2026-06-12 13:15:37 | INFO | Listando filhos: Area de Transferencia
2026-06-12 13:15:38 | INFO | Listando filhos: Previsao de Documentos (LD)
2026-06-12 13:15:38 | INFO | Listando filhos: 1 - Area de Trabalho
2026-06-12 13:15:38 | INFO | Listando filhos: 2 - Unidade
2026-06-12 13:15:39 | INFO | Listando filhos: Area de Transferencia
2026-06-12 13:15:39 | INFO | Listando filhos: Previsao de Documentos (LD)
2026-06-12 13:15:39 | INFO | Listando filhos: 0 - Documentos Gerais
2026-06-12 13:15:41 | INFO | Listando filhos: 1 - Area de Trabalho
2026-06-12 13:15:42 | INFO | Listando filhos: 2 - Unidade
2026-06-12 13:15:42 | INFO | Listando filhos: Area de Transferencia
2026-06-12 13:15:43 | INFO | Listando filhos: Previsao de Documentos (LD)
2026-06-12 13:15:43 | INFO | Listando filhos: Ciclo Orçamentário
2026-06-12 13:15:43 | INFO | Listando filhos: Cronograma Geral
2026-06-12 13:15:43 | INFO | Listando filhos: Edital - Per
2026-06-12 13:15:43 | INFO | Listando filhos: Estudos - EVTEA
2026-06-12 13:15:43 | INFO | Listando filhos: Faixa de Domínio
2026-06-12 13:15:43 | INFO | Listando filhos: KMZ
2026-06-12 13:15:43 | INFO | Listando filhos: Marcos Topográficos
2026-06-12 13:15:43 | INFO | Listando filhos: Ofícios
2026-06-12 13:15:43 | INFO | Listando filhos: Aerolevantamento
2026-06-12 13:15:43 | INFO | Listando filhos: Plano de Negócio Projeto
2026-06-12 13:15:44 | INFO | Listando filhos: Plano de Negócio Orçamento
2026-06-12 13:15:44 | INFO | Listando filhos: Portaria - Pode Conc.
2026-06-12 13:15:44 | INFO | Listando filhos: Volume tráfego SAT's
2026-06-12 13:15:44 | INFO | Listando filhos: Volume tráfego Pedágios
2026-06-12 13:15:44 | INFO | Listando filhos: 01 - Funcional
2026-06-12 13:15:44 | INFO | Listando filhos: 02 - Anteprojeto
2026-06-12 13:15:44 | INFO | Listando filhos: 03 - Executivo
2026-06-12 13:15:46 | INFO | Listando filhos: 01 - Funcional
2026-06-12 13:15:47 | INFO | Listando filhos: 02 - Anteprojeto
2026-06-12 13:15:49 | INFO | Listando filhos: 03 - Executivo
2026-06-12 13:15:51 | INFO | Listando filhos: Entrada
2026-06-12 13:16:26 | INFO | Listando filhos: Saida
2026-06-12 13:16:26 | INFO | Listando filhos: Unidade
2026-06-12 13:16:26 | INFO | Listando filhos: Cronograma
2026-06-12 13:16:26 | INFO | Listando filhos: Atas de Reunião
2026-06-12 13:16:26 | INFO | Listando filhos: Ofícios
2026-06-12 13:16:26 | INFO | Listando filhos: EVTEA
2026-06-12 13:16:27 | INFO | Listando filhos: Checklist de Qualidade
2026-06-12 13:16:27 | INFO | Listando filhos: Stage Gate
2026-06-12 13:16:27 | INFO | Listando filhos: Cadastro de interferências
2026-06-12 13:16:27 | INFO | Listando filhos: Sondagens
2026-06-12 13:16:27 | INFO | Listando filhos: Topografia
2026-06-12 13:16:27 | INFO | Listando filhos: Meio ambiente
2026-06-12 13:16:27 | INFO | Listando filhos: 01 - Funcional
2026-06-12 13:16:27 | INFO | Listando filhos: 02 - Anteprojeto
2026-06-12 13:16:27 | INFO | Listando filhos: 03 - Executivo
2026-06-12 13:16:28 | INFO | Listando filhos: 01 - Funcional
2026-06-12 13:16:28 | INFO | Listando filhos: 02 - Anteprojeto
2026-06-12 13:16:28 | INFO | Listando filhos: 03 - Executivo
2026-06-12 13:16:29 | INFO | Listando filhos: Entrada
2026-06-12 13:16:53 | INFO | Listando filhos: Saida
2026-06-12 13:16:53 | INFO | Listando filhos: Unidade
2026-06-12 13:16:54 | INFO | Listando filhos: Cronograma
2026-06-12 13:16:54 | INFO | Listando filhos: Atas de Reunião
2026-06-12 13:16:54 | INFO | Listando filhos: Ofícios
2026-06-12 13:16:54 | INFO | Listando filhos: EVTEA
2026-06-12 13:16:54 | INFO | Listando filhos: Checklist de Qualidade
2026-06-12 13:16:54 | INFO | Listando filhos: Stage Gate
2026-06-12 13:16:54 | INFO | Listando filhos: Cadastro de interferências
2026-06-12 13:16:54 | INFO | Listando filhos: Sondagens
2026-06-12 13:16:54 | INFO | Listando filhos: Topografia
2026-06-12 13:16:54 | INFO | Listando filhos: Meio ambiente
2026-06-12 13:16:54 | INFO | Listando filhos: 01 - Funcional
2026-06-12 13:16:54 | INFO | Listando filhos: 02 - Anteprojeto
2026-06-12 13:16:54 | INFO | Listando filhos: 03 - Executivo
2026-06-12 13:16:55 | INFO | Listando filhos: 01 - Funcional
2026-06-12 13:16:55 | INFO | Listando filhos: 02 - Anteprojeto
2026-06-12 13:16:56 | INFO | Listando filhos: 03 - Executivo
2026-06-12 13:16:56 | INFO | Listando filhos: Entrada
2026-06-12 13:17:41 | INFO | Listando filhos: Saida
2026-06-12 13:17:41 | INFO | Listando filhos: Unidade
2026-06-12 13:17:41 | INFO | Listando filhos: Cronograma
2026-06-12 13:17:41 | INFO | Listando filhos: Atas de Reunião
2026-06-12 13:17:42 | INFO | Listando filhos: Ofícios
2026-06-12 13:17:42 | INFO | Listando filhos: EVTEA
2026-06-12 13:17:42 | INFO | Listando filhos: Checklist de Qualidade
2026-06-12 13:17:42 | INFO | Listando filhos: Stage Gate
2026-06-12 13:17:42 | INFO | Listando filhos: Cadastro de interferências
2026-06-12 13:17:42 | INFO | Listando filhos: Sondagens
2026-06-12 13:17:42 | INFO | Listando filhos: Topografia
2026-06-12 13:17:42 | INFO | Listando filhos: Meio ambiente
2026-06-12 13:17:42 | INFO | Listando filhos: 01 - Funcional
2026-06-12 13:17:42 | INFO | Listando filhos: 02 - Anteprojeto
2026-06-12 13:17:42 | INFO | Listando filhos: 03 - Executivo
2026-06-12 13:17:43 | INFO | Listando filhos: 01 - Funcional
2026-06-12 13:17:43 | INFO | Listando filhos: 02 - Anteprojeto
2026-06-12 13:17:43 | INFO | Listando filhos: 03 - Executivo
2026-06-12 13:17:44 | INFO | Listando filhos: Entrada
2026-06-12 13:18:19 | INFO | Listando filhos: Saida
2026-06-12 13:18:19 | INFO | Listando filhos: Unidade
2026-06-12 13:18:19 | INFO | Listando filhos: Cronograma
2026-06-12 13:18:19 | INFO | Listando filhos: Atas de Reunião
2026-06-12 13:18:19 | INFO | Listando filhos: Ofícios
2026-06-12 13:18:19 | INFO | Listando filhos: EVTEA
2026-06-12 13:18:19 | INFO | Listando filhos: Checklist de Qualidade
2026-06-12 13:18:19 | INFO | Listando filhos: Stage Gate
2026-06-12 13:18:19 | INFO | Listando filhos: Cadastro de interferências
2026-06-12 13:18:19 | INFO | Listando filhos: Sondagens
2026-06-12 13:18:19 | INFO | Listando filhos: Topografia
2026-06-12 13:18:19 | INFO | Listando filhos: Meio ambiente
2026-06-12 13:18:19 | INFO | Listando filhos: 01 - Funcional
2026-06-12 13:18:19 | INFO | Listando filhos: 02 - Anteprojeto
2026-06-12 13:18:20 | INFO | Listando filhos: 03 - Executivo
2026-06-12 13:18:20 | INFO | Listando filhos: 01 - Funcional
2026-06-12 13:18:20 | INFO | Listando filhos: 02 - Anteprojeto
2026-06-12 13:18:21 | INFO | Listando filhos: 03 - Executivo
2026-06-12 13:18:21 | INFO | Listando filhos: Entrada
2026-06-12 13:18:21 | INFO | Listando filhos: Saida
2026-06-12 13:18:21 | INFO | Listando filhos: Cronograma
2026-06-12 13:18:21 | INFO | Listando filhos: Atas de Reunião
2026-06-12 13:18:21 | INFO | Listando filhos: Ofícios
2026-06-12 13:18:21 | INFO | Listando filhos: EVTEA
2026-06-12 13:18:21 | INFO | Listando filhos: Checklist de Qualidade
2026-06-12 13:18:21 | INFO | Listando filhos: Stage Gate
2026-06-12 13:18:22 | INFO | Listando filhos: Cadastro de interferências
2026-06-12 13:18:22 | INFO | Listando filhos: Sondagens
2026-06-12 13:18:22 | INFO | Listando filhos: Topografia
2026-06-12 13:18:22 | INFO | Listando filhos: Meio ambiente
2026-06-12 13:18:22 | INFO | Listando filhos: 01 - Funcional
2026-06-12 13:18:22 | INFO | Listando filhos: 02 - Anteprojeto
2026-06-12 13:18:22 | INFO | Listando filhos: 03 - Executivo
2026-06-12 13:18:23 | INFO | Listando filhos: 01 - Funcional
2026-06-12 13:18:23 | INFO | Listando filhos: 02 - Anteprojeto
2026-06-12 13:18:23 | INFO | Listando filhos: 03 - Executivo
2026-06-12 13:18:24 | INFO | Listando filhos: Entrada
2026-06-12 13:18:24 | INFO | Listando filhos: Saida
2026-06-12 13:18:24 | INFO | Listando filhos: Cronograma
2026-06-12 13:18:24 | INFO | Listando filhos: Atas de Reunião
2026-06-12 13:18:24 | INFO | Listando filhos: Ofícios
2026-06-12 13:18:24 | INFO | Listando filhos: EVTEA
2026-06-12 13:18:24 | INFO | Listando filhos: Checklist de Qualidade
2026-06-12 13:18:24 | INFO | Listando filhos: Stage Gate
2026-06-12 13:18:24 | INFO | Listando filhos: Cadastro de interferências
2026-06-12 13:18:24 | INFO | Listando filhos: Sondagens
2026-06-12 13:18:24 | INFO | Listando filhos: Topografia
2026-06-12 13:18:24 | INFO | Listando filhos: Meio ambiente
2026-06-12 13:18:24 | INFO | Listando filhos: 01 - Funcional
2026-06-12 13:18:24 | INFO | Listando filhos: 02 - Anteprojeto
2026-06-12 13:18:24 | INFO | Listando filhos: 03 - Executivo
2026-06-12 13:18:25 | INFO | Listando filhos: 01 - Funcional
2026-06-12 13:18:25 | INFO | Listando filhos: 02 - Anteprojeto
2026-06-12 13:18:25 | INFO | Listando filhos: 03 - Executivo
2026-06-12 13:18:26 | INFO | Listando filhos: Entrada
2026-06-12 13:19:23 | INFO | Listando filhos: Saida
2026-06-12 13:19:23 | INFO | Listando filhos: Unidade
2026-06-12 13:19:23 | INFO | Listando filhos: Cronograma
2026-06-12 13:19:23 | INFO | Listando filhos: Atas de Reunião
2026-06-12 13:19:23 | INFO | Listando filhos: Ofícios
2026-06-12 13:19:23 | INFO | Listando filhos: EVTEA
2026-06-12 13:19:23 | INFO | Listando filhos: Checklist de Qualidade
2026-06-12 13:19:23 | INFO | Listando filhos: Stage Gate
2026-06-12 13:19:23 | INFO | Listando filhos: Cadastro de interferências
2026-06-12 13:19:23 | INFO | Listando filhos: Sondagens
2026-06-12 13:19:23 | INFO | Listando filhos: Topografia
2026-06-12 13:19:23 | INFO | Listando filhos: Meio ambiente
2026-06-12 13:19:23 | INFO | Listando filhos: 01 - Funcional
2026-06-12 13:19:23 | INFO | Listando filhos: 02 - Anteprojeto
2026-06-12 13:19:23 | INFO | Listando filhos: 03 - Executivo
2026-06-12 13:19:24 | INFO | Listando filhos: 01 - Funcional
2026-06-12 13:19:24 | INFO | Listando filhos: 02 - Anteprojeto
2026-06-12 13:19:24 | INFO | Listando filhos: 03 - Executivo
2026-06-12 13:19:25 | INFO | Listando filhos: Entrada
2026-06-12 13:19:30 | INFO | Listando filhos: Saida
2026-06-12 13:19:31 | INFO | Listando filhos: Unidade
2026-06-12 13:19:31 | INFO | Listando filhos: Cronograma
2026-06-12 13:19:31 | INFO | Listando filhos: Atas de Reunião
2026-06-12 13:19:31 | INFO | Listando filhos: Ofícios
2026-06-12 13:19:31 | INFO | Listando filhos: EVTEA
2026-06-12 13:19:32 | INFO | Listando filhos: Checklist de Qualidade
2026-06-12 13:19:32 | INFO | Listando filhos: Stage Gate
2026-06-12 13:19:33 | INFO | Listando filhos: Cadastro de interferências
2026-06-12 13:19:33 | INFO | Listando filhos: Sondagens
2026-06-12 13:19:33 | INFO | Listando filhos: Topografia
2026-06-12 13:19:34 | INFO | Listando filhos: Meio ambiente
2026-06-12 13:19:34 | INFO | Listando filhos: 01 - Funcional
2026-06-12 13:19:34 | INFO | Listando filhos: 02 - Anteprojeto
2026-06-12 13:19:35 | INFO | Listando filhos: 03 - Executivo
2026-06-12 13:19:36 | INFO | Listando filhos: 01 - Funcional
2026-06-12 13:19:36 | INFO | Listando filhos: 02 - Anteprojeto
2026-06-12 13:19:36 | INFO | Listando filhos: 03 - Executivo
2026-06-12 13:19:37 | INFO | Listando filhos: Entrada
2026-06-12 13:19:37 | INFO | Listando filhos: Saida
2026-06-12 13:19:37 | INFO | Listando filhos: Cronograma
2026-06-12 13:19:37 | INFO | Listando filhos: Atas de Reunião
2026-06-12 13:19:37 | INFO | Listando filhos: Ofícios
2026-06-12 13:19:37 | INFO | Listando filhos: EVTEA
2026-06-12 13:19:37 | INFO | Listando filhos: Checklist de Qualidade
2026-06-12 13:19:37 | INFO | Listando filhos: Stage Gate
2026-06-12 13:19:37 | INFO | Listando filhos: Cadastro de interferências
2026-06-12 13:19:37 | INFO | Listando filhos: Sondagens
2026-06-12 13:19:37 | INFO | Listando filhos: Topografia
2026-06-12 13:19:37 | INFO | Listando filhos: Meio ambiente
2026-06-12 13:19:37 | INFO | Listando filhos: 01 - Funcional
2026-06-12 13:19:37 | INFO | Listando filhos: 02 - Anteprojeto
2026-06-12 13:19:38 | INFO | Listando filhos: 03 - Executivo
2026-06-12 13:19:38 | INFO | Listando filhos: 01 - Funcional
2026-06-12 13:19:38 | INFO | Listando filhos: 02 - Anteprojeto
2026-06-12 13:19:39 | INFO | Listando filhos: 03 - Executivo
2026-06-12 13:19:40 | INFO | Listando filhos: Entrada
2026-06-12 13:19:51 | INFO | Listando filhos: Saida
2026-06-12 13:19:51 | INFO | Listando filhos: Unidade
2026-06-12 13:19:51 | INFO | Listando filhos: Cronograma
2026-06-12 13:19:51 | INFO | Listando filhos: Atas de Reunião
2026-06-12 13:19:51 | INFO | Listando filhos: Ofícios
2026-06-12 13:19:51 | INFO | Listando filhos: EVTEA
2026-06-12 13:19:51 | INFO | Listando filhos: Checklist de Qualidade
2026-06-12 13:19:51 | INFO | Listando filhos: Stage Gate
2026-06-12 13:19:51 | INFO | Listando filhos: Cadastro de interferências
2026-06-12 13:19:51 | INFO | Listando filhos: Sondagens
2026-06-12 13:19:51 | INFO | Listando filhos: Topografia
2026-06-12 13:19:51 | INFO | Listando filhos: Meio ambiente
2026-06-12 13:19:52 | INFO | Listando filhos: 01 - Funcional
2026-06-12 13:19:52 | INFO | Listando filhos: 02 - Anteprojeto
2026-06-12 13:19:52 | INFO | Listando filhos: 03 - Executivo
2026-06-12 13:19:53 | INFO | Listando filhos: 01 - Funcional
2026-06-12 13:19:53 | INFO | Listando filhos: 02 - Anteprojeto
2026-06-12 13:19:53 | INFO | Listando filhos: 03 - Executivo
2026-06-12 13:19:53 | INFO | Listando filhos: Entrada
2026-06-12 13:19:57 | INFO | Listando filhos: Saida
2026-06-12 13:19:57 | INFO | Listando filhos: Unidade
2026-06-12 13:19:57 | INFO | Listando filhos: Cronograma
2026-06-12 13:19:57 | INFO | Listando filhos: Atas de Reunião
2026-06-12 13:19:57 | INFO | Listando filhos: Ofícios
2026-06-12 13:19:57 | INFO | Listando filhos: EVTEA
2026-06-12 13:19:57 | INFO | Listando filhos: Checklist de Qualidade
2026-06-12 13:19:57 | INFO | Listando filhos: Stage Gate
2026-06-12 13:19:57 | INFO | Listando filhos: Cadastro de interferências
2026-06-12 13:19:57 | INFO | Listando filhos: Sondagens
2026-06-12 13:19:58 | INFO | Listando filhos: Topografia
2026-06-12 13:19:58 | INFO | Listando filhos: Meio ambiente
2026-06-12 13:19:58 | INFO | Listando filhos: 01 - Funcional
2026-06-12 13:19:58 | INFO | Listando filhos: 02 - Anteprojeto
2026-06-12 13:19:58 | INFO | Listando filhos: 03 - Executivo
2026-06-12 13:19:59 | INFO | Listando filhos: 01 - Funcional
2026-06-12 13:19:59 | INFO | Listando filhos: 02 - Anteprojeto
2026-06-12 13:19:59 | INFO | Listando filhos: 03 - Executivo
2026-06-12 13:20:00 | INFO | Listando filhos: Entrada
2026-06-12 13:20:05 | INFO | Listando filhos: Saida
2026-06-12 13:20:05 | INFO | Listando filhos: Unidade
2026-06-12 13:20:05 | INFO | Listando filhos: Cronograma
2026-06-12 13:20:05 | INFO | Listando filhos: Atas de Reunião
2026-06-12 13:20:05 | INFO | Listando filhos: Ofícios
2026-06-12 13:20:05 | INFO | Listando filhos: EVTEA
2026-06-12 13:20:05 | INFO | Listando filhos: Checklist de Qualidade
2026-06-12 13:20:05 | INFO | Listando filhos: Stage Gate
2026-06-12 13:20:06 | INFO | Listando filhos: Cadastro de interferências
2026-06-12 13:20:06 | INFO | Listando filhos: Sondagens
2026-06-12 13:20:06 | INFO | Listando filhos: Topografia
2026-06-12 13:20:06 | INFO | Listando filhos: Meio ambiente
2026-06-12 13:20:06 | INFO | Listando filhos: 01 - Funcional
2026-06-12 13:20:06 | INFO | Listando filhos: 02 - Anteprojeto
2026-06-12 13:20:06 | INFO | Listando filhos: 03 - Executivo
2026-06-12 13:20:09 | INFO | Listando filhos: 01 - Funcional
2026-06-12 13:20:10 | INFO | Listando filhos: 02 - Anteprojeto
2026-06-12 13:20:11 | INFO | Listando filhos: 03 - Executivo
2026-06-12 13:20:13 | INFO | Listando filhos: Entrada
