2026-07-16 09:59:20 | INFO | Aplicacao iniciada.
2026-07-16 09:59:20 | INFO | Tentando importar modulo do ProjectWise.
2026-07-16 09:59:20 | INFO | Modulo 'pwps_dab' importado com sucesso.
2026-07-16 09:59:20 | INFO | Tentando conectar ao datasource do ProjectWise.
2026-07-16 09:59:20 | INFO | Tentando conexao via 'New-PWLogin'. Parametros: DatasourceName, UserName, Password, UseGui, DoNotCreateWorkingDirectory, BentleyIMS, LoadWRE, NonAdminLogin, Token, Verbose, Debug, ErrorAction, WarningAction, InformationAction, ErrorVariable, WarningVariable, InformationVariable, OutVariable, OutBuffer, PipelineVariable
2026-07-16 09:59:34 | INFO | Conexao realizada via 'New-PWLogin -BentleyIMS'.
2026-07-16 09:59:34 | INFO | Conexao com ProjectWise realizada com sucesso.
2026-07-16 10:01:39 | INFO | Buscando usuario pelo email: andre.augusto@enprodes.com.br
2026-07-16 10:01:39 | INFO | Parametros encontrados no cmdlet: UserName, UserId, SecProvider, Email, Identity, Disabled, Enabled, LastLogin, LoginInfo, Verbose, Debug, ErrorAction, WarningAction, InformationAction, ErrorVariable, WarningVariable, InformationVariable, OutVariable, OutBuffer, PipelineVariable
2026-07-16 10:01:39 | INFO | Usuario localizado com correspondencia exata de email.
2026-07-16 10:01:41 | INFO | Buscando usuario pelo email: eduardo.oliveira@enprodes.com.br
2026-07-16 10:01:41 | INFO | Parametros encontrados no cmdlet: UserName, UserId, SecProvider, Email, Identity, Disabled, Enabled, LastLogin, LoginInfo, Verbose, Debug, ErrorAction, WarningAction, InformationAction, ErrorVariable, WarningVariable, InformationVariable, OutVariable, OutBuffer, PipelineVariable
2026-07-16 10:01:41 | INFO | Usuario localizado com correspondencia exata de email.
2026-07-16 10:01:42 | INFO | Buscando usuario pelo email: ivan.morais@enprodes.com.br
2026-07-16 10:01:42 | INFO | Parametros encontrados no cmdlet: UserName, UserId, SecProvider, Email, Identity, Disabled, Enabled, LastLogin, LoginInfo, Verbose, Debug, ErrorAction, WarningAction, InformationAction, ErrorVariable, WarningVariable, InformationVariable, OutVariable, OutBuffer, PipelineVariable
2026-07-16 10:01:42 | INFO | Usuario localizado com correspondencia exata de email.
2026-07-16 10:01:42 | INFO | Buscando usuario pelo email: jaine.quadros@enprodes.com.br
2026-07-16 10:01:42 | INFO | Parametros encontrados no cmdlet: UserName, UserId, SecProvider, Email, Identity, Disabled, Enabled, LastLogin, LoginInfo, Verbose, Debug, ErrorAction, WarningAction, InformationAction, ErrorVariable, WarningVariable, InformationVariable, OutVariable, OutBuffer, PipelineVariable
2026-07-16 10:01:42 | INFO | Usuario localizado com correspondencia exata de email.
2026-07-16 10:01:46 | INFO | Listando pastas da raiz por Root.
2026-07-16 10:01:50 | INFO | Listando filhos da pasta ID: 56
2026-07-16 10:02:07 | INFO | Listando filhos da pasta ID: 760
2026-07-16 10:02:09 | INFO | Listando filhos da pasta ID: 103206
2026-07-16 10:02:12 | INFO | Iniciando leitura da seguranca do projeto '062-Iluminação' (ID: 387189)
2026-07-16 10:02:13 | INFO | Get-PWFolderSecurity retornou 14 item(ns).
2026-07-16 10:02:13 | INFO | Get-PWFolderTreeAccessObjects retornou 1 item(ns).
2026-07-16 10:02:13 | WARN | Cmdlet Get-PWProjectSecurity nao encontrado no ambiente. A leitura seguira apenas com FolderSecurity/TreeAccessObjects.
2026-07-16 10:02:13 | INFO | Total consolidado de acessos encontrados: 13
2026-07-16 10:02:13 | INFO | Projeto '062 - Iluminação km 11 - 45 - SP-070' carregado para arvore. Groups=11 | UserLists=1 | Outros=1
2026-07-16 10:02:13 | INFO | Iniciando leitura da seguranca do projeto 'Marginais km 19-29' (ID: 104029)
2026-07-16 10:02:14 | INFO | Get-PWFolderSecurity retornou 14 item(ns).
2026-07-16 10:02:14 | INFO | Get-PWFolderTreeAccessObjects retornou 1 item(ns).
2026-07-16 10:02:14 | WARN | Cmdlet Get-PWProjectSecurity nao encontrado no ambiente. A leitura seguira apenas com FolderSecurity/TreeAccessObjects.
2026-07-16 10:02:14 | INFO | Total consolidado de acessos encontrados: 13
2026-07-16 10:02:14 | INFO | Projeto 'Retornos e Implantação/Ampliação de Marginais km 19-29' carregado para arvore. Groups=11 | UserLists=1 | Outros=1
2026-07-16 10:02:14 | INFO | Iniciando leitura da seguranca do projeto 'Marginal Taboão' (ID: 103618)
2026-07-16 10:02:14 | INFO | Get-PWFolderSecurity retornou 14 item(ns).
2026-07-16 10:02:14 | INFO | Get-PWFolderTreeAccessObjects retornou 1 item(ns).
2026-07-16 10:02:14 | WARN | Cmdlet Get-PWProjectSecurity nao encontrado no ambiente. A leitura seguira apenas com FolderSecurity/TreeAccessObjects.
2026-07-16 10:02:14 | INFO | Total consolidado de acessos encontrados: 13
2026-07-16 10:02:14 | INFO | Projeto 'Marginal Taboão km 45-51 + Alças km 36 e 38' carregado para arvore. Groups=11 | UserLists=1 | Outros=1
2026-07-16 10:02:15 | INFO | Iniciando leitura da seguranca do projeto 'Prolon Carvalho Pinto' (ID: 326919)
2026-07-16 10:02:15 | INFO | Get-PWFolderSecurity retornou 14 item(ns).
2026-07-16 10:02:18 | INFO | Get-PWFolderTreeAccessObjects retornou 1 item(ns).
2026-07-16 10:02:18 | WARN | Cmdlet Get-PWProjectSecurity nao encontrado no ambiente. A leitura seguira apenas com FolderSecurity/TreeAccessObjects.
2026-07-16 10:02:18 | INFO | Total consolidado de acessos encontrados: 13
2026-07-16 10:02:18 | INFO | Projeto 'Prolongamento Carvalho Pinto - km 134 - SP 070' carregado para arvore. Groups=11 | UserLists=1 | Outros=1
2026-07-16 10:02:18 | INFO | Iniciando leitura da seguranca do projeto 'Viaduto Imigrante' (ID: 103207)
2026-07-16 10:02:20 | INFO | Get-PWFolderSecurity retornou 14 item(ns).
2026-07-16 10:02:20 | INFO | Get-PWFolderTreeAccessObjects retornou 1 item(ns).
2026-07-16 10:02:20 | WARN | Cmdlet Get-PWProjectSecurity nao encontrado no ambiente. A leitura seguira apenas com FolderSecurity/TreeAccessObjects.
2026-07-16 10:02:20 | INFO | Total consolidado de acessos encontrados: 13
2026-07-16 10:02:20 | INFO | Projeto 'Viaduto Imigrante Nordestino e Monteiro Lobato' carregado para arvore. Groups=11 | UserLists=1 | Outros=1
2026-07-16 10:02:38 | INFO | Resumo final da execução | Total=8 | Sucesso=8 | JaExiste=0 | Erro=0
2026-07-16 10:06:19 | INFO | Sessao encerrada com 'Undo-PWLogin'.
