2026-06-22 11:51:52 | INFO | Aplicacao iniciada.
2026-06-22 11:51:52 | INFO | Tentando importar modulo do ProjectWise.
2026-06-22 11:51:52 | INFO | Modulo 'pwps_dab' importado com sucesso.
2026-06-22 11:51:52 | INFO | Tentando conectar ao datasource do ProjectWise.
2026-06-22 11:51:52 | INFO | Tentando conexao via 'New-PWLogin'. Parametros: DatasourceName, UserName, Password, UseGui, DoNotCreateWorkingDirectory, BentleyIMS, LoadWRE, NonAdminLogin, Token, Verbose, Debug, ErrorAction, WarningAction, InformationAction, ErrorVariable, WarningVariable, InformationVariable, OutVariable, OutBuffer, PipelineVariable
2026-06-22 11:52:31 | INFO | Conexao realizada via 'New-PWLogin -BentleyIMS'.
2026-06-22 11:52:31 | INFO | Conexao com ProjectWise realizada com sucesso.
2026-06-22 11:52:40 | INFO | Buscando usuario pelo email: Vitor.R.Silva@ecovias.com.br
2026-06-22 11:52:40 | INFO | Parametros encontrados no cmdlet: UserName, UserId, SecProvider, Email, Identity, Disabled, Enabled, LastLogin, LoginInfo, Verbose, Debug, ErrorAction, WarningAction, InformationAction, ErrorVariable, WarningVariable, InformationVariable, OutVariable, OutBuffer, PipelineVariable
2026-06-22 11:52:41 | INFO | Usuario localizado com correspondencia exata de email.
2026-06-22 11:52:50 | INFO | Buscando usuario pelo email: Luiz.R.Simoes@ecovias.com.br
2026-06-22 11:52:50 | INFO | Parametros encontrados no cmdlet: UserName, UserId, SecProvider, Email, Identity, Disabled, Enabled, LastLogin, LoginInfo, Verbose, Debug, ErrorAction, WarningAction, InformationAction, ErrorVariable, WarningVariable, InformationVariable, OutVariable, OutBuffer, PipelineVariable
2026-06-22 11:52:50 | INFO | Usuario localizado com correspondencia exata de email.
2026-06-22 11:52:55 | INFO | Listando pastas da raiz por Root.
2026-06-22 11:52:56 | INFO | Listando filhos da pasta ID: 56
2026-06-22 11:55:00 | INFO | Listando filhos da pasta ID: 758
2026-06-22 11:55:02 | INFO | Listando filhos da pasta ID: 2126
2026-06-22 11:55:03 | INFO | Iniciando leitura da seguranca do projeto 'Adequação do Dispositivo - Km 180' (ID: 364435)
2026-06-22 11:55:04 | INFO | Get-PWFolderSecurity retornou 1 item(ns).
2026-06-22 11:55:04 | INFO | Get-PWFolderTreeAccessObjects retornou 0 item(ns).
2026-06-22 11:55:04 | WARN | Cmdlet Get-PWProjectSecurity nao encontrado no ambiente. A leitura seguira apenas com FolderSecurity/TreeAccessObjects.
2026-06-22 11:55:04 | INFO | Total consolidado de acessos encontrados: 
2026-06-22 11:55:04 | WARN | Projeto 'Adequação do Dispositivo - km 180 - BR050/MG' retornou apenas 0 group(s) pela API. Tentando fallback por nome...
2026-06-22 11:55:04 | INFO | Cache de grupos carregado via Get-PWGroups: 6181 item(ns).
2026-06-22 11:55:16 | WARN | Fallback por nome nao encontrou groups para projeto 'Adequação do Dispositivo - km 180 - BR050/MG'. Apelidos usados: adequacao do dispositivo - km 180 - br050/mg | adequacao do dispositivo - km 180 | adequacao do dispositivo km 180 | adequacao do dispositivo
2026-06-22 11:55:16 | WARN | Projeto 'Adequação do Dispositivo - km 180 - BR050/MG' possui apenas outros acessos. Sera exibido somente para diagnostico visual.
2026-06-22 11:55:16 | INFO | Projeto 'Adequação do Dispositivo - km 180 - BR050/MG' carregado para arvore. Groups=0 | UserLists=0 | Outros=1
2026-06-22 11:55:16 | INFO | Iniciando leitura da seguranca do projeto 'Adequações Viárias' (ID: 268721)
2026-06-22 11:55:16 | INFO | Get-PWFolderSecurity retornou 14 item(ns).
2026-06-22 11:55:16 | INFO | Get-PWFolderTreeAccessObjects retornou 1 item(ns).
2026-06-22 11:55:17 | WARN | Cmdlet Get-PWProjectSecurity nao encontrado no ambiente. A leitura seguira apenas com FolderSecurity/TreeAccessObjects.
2026-06-22 11:55:17 | INFO | Total consolidado de acessos encontrados: 13
2026-06-22 11:55:17 | INFO | Projeto 'Adequações Viárias Uberaba - km 178,150 + 179,500 - BR050/MG' carregado para arvore. Groups=11 | UserLists=1 | Outros=1
2026-06-22 11:55:17 | INFO | Iniciando leitura da seguranca do projeto 'Duplicação Catalão' (ID: 260577)
2026-06-22 11:55:17 | INFO | Get-PWFolderSecurity retornou 14 item(ns).
2026-06-22 11:55:17 | INFO | Get-PWFolderTreeAccessObjects retornou 1 item(ns).
2026-06-22 11:55:17 | WARN | Cmdlet Get-PWProjectSecurity nao encontrado no ambiente. A leitura seguira apenas com FolderSecurity/TreeAccessObjects.
2026-06-22 11:55:17 | INFO | Total consolidado de acessos encontrados: 13
2026-06-22 11:55:17 | INFO | Projeto 'Duplicação Catalão - km 275,400 + 286,800 - BR050/GO' carregado para arvore. Groups=11 | UserLists=1 | Outros=1
2026-06-22 11:55:17 | INFO | Iniciando leitura da seguranca do projeto 'Duplicação Cristalina' (ID: 262139)
2026-06-22 11:55:18 | INFO | Get-PWFolderSecurity retornou 14 item(ns).
2026-06-22 11:55:19 | INFO | Get-PWFolderTreeAccessObjects retornou 1 item(ns).
2026-06-22 11:55:19 | WARN | Cmdlet Get-PWProjectSecurity nao encontrado no ambiente. A leitura seguira apenas com FolderSecurity/TreeAccessObjects.
2026-06-22 11:55:19 | INFO | Total consolidado de acessos encontrados: 13
2026-06-22 11:55:19 | INFO | Projeto 'Duplicação Cristalina - km 95,700 + 101,200 - BR050/GO' carregado para arvore. Groups=11 | UserLists=1 | Outros=1
2026-06-22 11:55:19 | INFO | Iniciando leitura da seguranca do projeto 'Escape km 54+300' (ID: 263373)
2026-06-22 11:55:20 | INFO | Get-PWFolderSecurity retornou 14 item(ns).
2026-06-22 11:55:21 | INFO | Get-PWFolderTreeAccessObjects retornou 1 item(ns).
2026-06-22 11:55:21 | WARN | Cmdlet Get-PWProjectSecurity nao encontrado no ambiente. A leitura seguira apenas com FolderSecurity/TreeAccessObjects.
2026-06-22 11:55:21 | INFO | Total consolidado de acessos encontrados: 13
2026-06-22 11:55:21 | INFO | Projeto 'Área de Escape - km 54+300 - BR050/MG' carregado para arvore. Groups=11 | UserLists=1 | Outros=1
2026-06-22 11:55:21 | INFO | Iniciando leitura da seguranca do projeto 'Escape km 56+100' (ID: 264613)
2026-06-22 11:55:22 | INFO | Get-PWFolderSecurity retornou 14 item(ns).
2026-06-22 11:55:22 | INFO | Get-PWFolderTreeAccessObjects retornou 1 item(ns).
2026-06-22 11:55:22 | WARN | Cmdlet Get-PWProjectSecurity nao encontrado no ambiente. A leitura seguira apenas com FolderSecurity/TreeAccessObjects.
2026-06-22 11:55:22 | INFO | Total consolidado de acessos encontrados: 13
2026-06-22 11:55:22 | INFO | Projeto 'Área de Escape - km 56+100 - BR050/MG' carregado para arvore. Groups=11 | UserLists=1 | Outros=1
2026-06-22 11:55:22 | INFO | Iniciando leitura da seguranca do projeto 'PPD km 6+500' (ID: 267486)
2026-06-22 11:55:23 | INFO | Get-PWFolderSecurity retornou 14 item(ns).
2026-06-22 11:55:24 | INFO | Get-PWFolderTreeAccessObjects retornou 1 item(ns).
2026-06-22 11:55:24 | WARN | Cmdlet Get-PWProjectSecurity nao encontrado no ambiente. A leitura seguira apenas com FolderSecurity/TreeAccessObjects.
2026-06-22 11:55:24 | INFO | Total consolidado de acessos encontrados: 13
2026-06-22 11:55:24 | INFO | Projeto 'PPD - km 6+500 - BR050/MG' carregado para arvore. Groups=11 | UserLists=1 | Outros=1
2026-06-22 11:55:24 | INFO | Iniciando leitura da seguranca do projeto 'Recuperação Uberaba' (ID: 269949)
2026-06-22 11:55:24 | INFO | Get-PWFolderSecurity retornou 14 item(ns).
2026-06-22 11:55:24 | INFO | Get-PWFolderTreeAccessObjects retornou 1 item(ns).
2026-06-22 11:55:24 | WARN | Cmdlet Get-PWProjectSecurity nao encontrado no ambiente. A leitura seguira apenas com FolderSecurity/TreeAccessObjects.
2026-06-22 11:55:24 | INFO | Total consolidado de acessos encontrados: 13
2026-06-22 11:55:24 | INFO | Projeto 'Recuperação Uberaba - km 178,150 + 179,500 - BR050/MG' carregado para arvore. Groups=11 | UserLists=1 | Outros=1
2026-06-22 11:55:24 | INFO | Iniciando leitura da seguranca do projeto 'Retorno em Nível' (ID: 266044)
2026-06-22 11:55:25 | INFO | Get-PWFolderSecurity retornou 14 item(ns).
2026-06-22 11:55:25 | INFO | Get-PWFolderTreeAccessObjects retornou 1 item(ns).
2026-06-22 11:55:25 | WARN | Cmdlet Get-PWProjectSecurity nao encontrado no ambiente. A leitura seguira apenas com FolderSecurity/TreeAccessObjects.
2026-06-22 11:55:25 | INFO | Total consolidado de acessos encontrados: 13
2026-06-22 11:55:25 | INFO | Projeto 'Retorno em Nível - km 302+500 - BR050/GO' carregado para arvore. Groups=11 | UserLists=1 | Outros=1
2026-06-22 11:56:00 | INFO | Resumo final da execução | Total=16 | Sucesso=16 | JaExiste=0 | Erro=0
2026-06-22 11:56:48 | INFO | Listando pastas da raiz por Root.
2026-06-22 11:56:50 | INFO | Listando filhos da pasta ID: 56
2026-06-22 11:57:21 | INFO | Listando filhos da pasta ID: 286
2026-06-22 11:57:23 | INFO | Listando filhos da pasta ID: 14023
2026-06-22 11:57:32 | INFO | Iniciando leitura da seguranca do projeto 'Acesso 13° Ano 736+555' (ID: 322419)
2026-06-22 11:57:33 | INFO | Get-PWFolderSecurity retornou 14 item(ns).
2026-06-22 11:57:33 | INFO | Get-PWFolderTreeAccessObjects retornou 1 item(ns).
2026-06-22 11:57:33 | WARN | Cmdlet Get-PWProjectSecurity nao encontrado no ambiente. A leitura seguira apenas com FolderSecurity/TreeAccessObjects.
2026-06-22 11:57:33 | INFO | Total consolidado de acessos encontrados: 13
2026-06-22 11:57:33 | INFO | Projeto 'Acesso 13° Ano - km 736+555 - BR365/MG' carregado para arvore. Groups=11 | UserLists=1 | Outros=1
2026-06-22 11:57:33 | INFO | Iniciando leitura da seguranca do projeto 'Acesso 13° Ano 736+735' (ID: 323203)
2026-06-22 11:57:34 | INFO | Get-PWFolderSecurity retornou 14 item(ns).
2026-06-22 11:57:34 | INFO | Get-PWFolderTreeAccessObjects retornou 1 item(ns).
2026-06-22 11:57:34 | WARN | Cmdlet Get-PWProjectSecurity nao encontrado no ambiente. A leitura seguira apenas com FolderSecurity/TreeAccessObjects.
2026-06-22 11:57:34 | INFO | Total consolidado de acessos encontrados: 13
2026-06-22 11:57:34 | INFO | Projeto 'Acesso 13° Ano - km 736+735 - BR365/MG' carregado para arvore. Groups=11 | UserLists=1 | Outros=1
2026-06-22 11:57:34 | INFO | Iniciando leitura da seguranca do projeto 'Acesso 13° Ano 745+420' (ID: 323963)
2026-06-22 11:57:34 | INFO | Get-PWFolderSecurity retornou 14 item(ns).
2026-06-22 11:57:34 | INFO | Get-PWFolderTreeAccessObjects retornou 1 item(ns).
2026-06-22 11:57:34 | WARN | Cmdlet Get-PWProjectSecurity nao encontrado no ambiente. A leitura seguira apenas com FolderSecurity/TreeAccessObjects.
2026-06-22 11:57:34 | INFO | Total consolidado de acessos encontrados: 13
2026-06-22 11:57:34 | INFO | Projeto 'Acesso 13° Ano - km 745+420 - BR365/MG' carregado para arvore. Groups=11 | UserLists=1 | Outros=1
2026-06-22 11:57:34 | INFO | Iniciando leitura da seguranca do projeto 'Acesso 5° Ano 167+140' (ID: 313954)
2026-06-22 11:57:35 | INFO | Get-PWFolderSecurity retornou 14 item(ns).
2026-06-22 11:57:35 | INFO | Get-PWFolderTreeAccessObjects retornou 1 item(ns).
2026-06-22 11:57:35 | WARN | Cmdlet Get-PWProjectSecurity nao encontrado no ambiente. A leitura seguira apenas com FolderSecurity/TreeAccessObjects.
2026-06-22 11:57:35 | INFO | Total consolidado de acessos encontrados: 13
2026-06-22 11:57:35 | INFO | Projeto 'Acesso 5° Ano - km 167+140 - BR364/GO' carregado para arvore. Groups=11 | UserLists=1 | Outros=1
2026-06-22 11:57:35 | INFO | Iniciando leitura da seguranca do projeto 'Acesso 5° Ano 626+050' (ID: 314740)
2026-06-22 11:57:36 | INFO | Get-PWFolderSecurity retornou 14 item(ns).
2026-06-22 11:57:36 | INFO | Get-PWFolderTreeAccessObjects retornou 1 item(ns).
2026-06-22 11:57:36 | WARN | Cmdlet Get-PWProjectSecurity nao encontrado no ambiente. A leitura seguira apenas com FolderSecurity/TreeAccessObjects.
2026-06-22 11:57:36 | INFO | Total consolidado de acessos encontrados: 13
2026-06-22 11:57:36 | INFO | Projeto 'Acesso 5° Ano - km 626+050 - BR365/MG' carregado para arvore. Groups=11 | UserLists=1 | Outros=1
2026-06-22 11:57:36 | INFO | Iniciando leitura da seguranca do projeto 'Acesso 5° Ano 630+312' (ID: 315526)
2026-06-22 11:57:38 | INFO | Get-PWFolderSecurity retornou 14 item(ns).
2026-06-22 11:57:38 | INFO | Get-PWFolderTreeAccessObjects retornou 1 item(ns).
2026-06-22 11:57:38 | WARN | Cmdlet Get-PWProjectSecurity nao encontrado no ambiente. A leitura seguira apenas com FolderSecurity/TreeAccessObjects.
2026-06-22 11:57:38 | INFO | Total consolidado de acessos encontrados: 13
2026-06-22 11:57:38 | INFO | Projeto 'Acesso 5° Ano - km 630+312 - BR365/MG' carregado para arvore. Groups=11 | UserLists=1 | Outros=1
2026-06-22 11:57:38 | INFO | Iniciando leitura da seguranca do projeto 'Acesso 5° Ano 637+000' (ID: 316309)
2026-06-22 11:57:39 | INFO | Get-PWFolderSecurity retornou 14 item(ns).
2026-06-22 11:57:40 | INFO | Get-PWFolderTreeAccessObjects retornou 1 item(ns).
2026-06-22 11:57:40 | WARN | Cmdlet Get-PWProjectSecurity nao encontrado no ambiente. A leitura seguira apenas com FolderSecurity/TreeAccessObjects.
2026-06-22 11:57:40 | INFO | Total consolidado de acessos encontrados: 13
2026-06-22 11:57:40 | INFO | Projeto 'Acesso 5° Ano - km 637+000 - BR365/MG' carregado para arvore. Groups=11 | UserLists=1 | Outros=1
2026-06-22 11:57:40 | INFO | Iniciando leitura da seguranca do projeto 'Acesso 5° Ano 642+340' (ID: 317095)
2026-06-22 11:57:41 | INFO | Get-PWFolderSecurity retornou 14 item(ns).
2026-06-22 11:57:41 | INFO | Get-PWFolderTreeAccessObjects retornou 1 item(ns).
2026-06-22 11:57:41 | WARN | Cmdlet Get-PWProjectSecurity nao encontrado no ambiente. A leitura seguira apenas com FolderSecurity/TreeAccessObjects.
2026-06-22 11:57:41 | INFO | Total consolidado de acessos encontrados: 13
2026-06-22 11:57:41 | INFO | Projeto 'Acesso 5° Ano - km 642+340 - BR365/MG' carregado para arvore. Groups=11 | UserLists=1 | Outros=1
2026-06-22 11:57:41 | INFO | Iniciando leitura da seguranca do projeto 'Acesso 5° Ano 642+726' (ID: 317877)
2026-06-22 11:57:42 | INFO | Get-PWFolderSecurity retornou 14 item(ns).
2026-06-22 11:57:42 | INFO | Get-PWFolderTreeAccessObjects retornou 1 item(ns).
2026-06-22 11:57:42 | WARN | Cmdlet Get-PWProjectSecurity nao encontrado no ambiente. A leitura seguira apenas com FolderSecurity/TreeAccessObjects.
2026-06-22 11:57:42 | INFO | Total consolidado de acessos encontrados: 13
2026-06-22 11:57:42 | INFO | Projeto 'Acesso 5° Ano - km 642+726 - BR365/MG' carregado para arvore. Groups=11 | UserLists=1 | Outros=1
2026-06-22 11:57:42 | INFO | Iniciando leitura da seguranca do projeto 'Acesso 5° Ano 648+345' (ID: 318658)
2026-06-22 11:57:43 | INFO | Get-PWFolderSecurity retornou 14 item(ns).
2026-06-22 11:57:43 | INFO | Get-PWFolderTreeAccessObjects retornou 1 item(ns).
2026-06-22 11:57:43 | WARN | Cmdlet Get-PWProjectSecurity nao encontrado no ambiente. A leitura seguira apenas com FolderSecurity/TreeAccessObjects.
2026-06-22 11:57:43 | INFO | Total consolidado de acessos encontrados: 13
2026-06-22 11:57:43 | INFO | Projeto 'Acesso 5° Ano - km 648+345 - BR365/MG' carregado para arvore. Groups=11 | UserLists=1 | Outros=1
2026-06-22 11:57:43 | INFO | Iniciando leitura da seguranca do projeto 'Acesso 5° Ano 655+320' (ID: 319295)
2026-06-22 11:57:43 | INFO | Get-PWFolderSecurity retornou 14 item(ns).
2026-06-22 11:57:43 | INFO | Get-PWFolderTreeAccessObjects retornou 1 item(ns).
2026-06-22 11:57:43 | WARN | Cmdlet Get-PWProjectSecurity nao encontrado no ambiente. A leitura seguira apenas com FolderSecurity/TreeAccessObjects.
2026-06-22 11:57:43 | INFO | Total consolidado de acessos encontrados: 13
2026-06-22 11:57:43 | INFO | Projeto 'Acesso 5° Ano - km 655+320 - BR365/MG' carregado para arvore. Groups=11 | UserLists=1 | Outros=1
2026-06-22 11:57:43 | INFO | Iniciando leitura da seguranca do projeto 'Acesso 5° Ano 668+288' (ID: 320076)
2026-06-22 11:57:44 | INFO | Get-PWFolderSecurity retornou 14 item(ns).
2026-06-22 11:57:44 | INFO | Get-PWFolderTreeAccessObjects retornou 1 item(ns).
2026-06-22 11:57:44 | WARN | Cmdlet Get-PWProjectSecurity nao encontrado no ambiente. A leitura seguira apenas com FolderSecurity/TreeAccessObjects.
2026-06-22 11:57:44 | INFO | Total consolidado de acessos encontrados: 13
2026-06-22 11:57:44 | INFO | Projeto 'Acesso 5° Ano - km 668+288 - BR365/MG' carregado para arvore. Groups=11 | UserLists=1 | Outros=1
2026-06-22 11:57:44 | INFO | Iniciando leitura da seguranca do projeto 'Acesso 5° Ano 694+848' (ID: 320857)
2026-06-22 11:57:45 | INFO | Get-PWFolderSecurity retornou 14 item(ns).
2026-06-22 11:57:45 | INFO | Get-PWFolderTreeAccessObjects retornou 1 item(ns).
2026-06-22 11:57:45 | WARN | Cmdlet Get-PWProjectSecurity nao encontrado no ambiente. A leitura seguira apenas com FolderSecurity/TreeAccessObjects.
2026-06-22 11:57:45 | INFO | Total consolidado de acessos encontrados: 13
2026-06-22 11:57:45 | INFO | Projeto 'Acesso 5° Ano - km 694+848 - BR365/MG' carregado para arvore. Groups=11 | UserLists=1 | Outros=1
2026-06-22 11:57:45 | INFO | Iniciando leitura da seguranca do projeto 'Acesso 5° Ano 697+300' (ID: 321638)
2026-06-22 11:57:45 | INFO | Get-PWFolderSecurity retornou 14 item(ns).
2026-06-22 11:57:45 | INFO | Get-PWFolderTreeAccessObjects retornou 1 item(ns).
2026-06-22 11:57:45 | WARN | Cmdlet Get-PWProjectSecurity nao encontrado no ambiente. A leitura seguira apenas com FolderSecurity/TreeAccessObjects.
2026-06-22 11:57:45 | INFO | Total consolidado de acessos encontrados: 13
2026-06-22 11:57:45 | INFO | Projeto 'Acesso 5° Ano - km 697+300 - BR365/MG' carregado para arvore. Groups=11 | UserLists=1 | Outros=1
2026-06-22 11:57:45 | INFO | Iniciando leitura da seguranca do projeto 'Acesso 5° Ano 759+400' (ID: 324744)
2026-06-22 11:57:46 | INFO | Get-PWFolderSecurity retornou 14 item(ns).
2026-06-22 11:57:46 | INFO | Get-PWFolderTreeAccessObjects retornou 1 item(ns).
2026-06-22 11:57:46 | WARN | Cmdlet Get-PWProjectSecurity nao encontrado no ambiente. A leitura seguira apenas com FolderSecurity/TreeAccessObjects.
2026-06-22 11:57:46 | INFO | Total consolidado de acessos encontrados: 13
2026-06-22 11:57:46 | INFO | Projeto 'Acesso 5° Ano - km 759+400 - BR365/MG' carregado para arvore. Groups=11 | UserLists=1 | Outros=1
2026-06-22 11:57:46 | INFO | Iniciando leitura da seguranca do projeto 'Acesso 5° Ano 772+640' (ID: 325722)
2026-06-22 11:57:47 | INFO | Get-PWFolderSecurity retornou 14 item(ns).
2026-06-22 11:57:47 | INFO | Get-PWFolderTreeAccessObjects retornou 1 item(ns).
2026-06-22 11:57:47 | WARN | Cmdlet Get-PWProjectSecurity nao encontrado no ambiente. A leitura seguira apenas com FolderSecurity/TreeAccessObjects.
2026-06-22 11:57:47 | INFO | Total consolidado de acessos encontrados: 13
2026-06-22 11:57:47 | INFO | Projeto 'Acesso 5° Ano - km 772+640 - BR365/MG' carregado para arvore. Groups=11 | UserLists=1 | Outros=1
2026-06-22 11:57:47 | INFO | Iniciando leitura da seguranca do projeto 'Duplicação TH 13 e 14' (ID: 274303)
2026-06-22 11:57:48 | INFO | Get-PWFolderSecurity retornou 14 item(ns).
2026-06-22 11:57:49 | INFO | Get-PWFolderTreeAccessObjects retornou 1 item(ns).
2026-06-22 11:57:49 | WARN | Cmdlet Get-PWProjectSecurity nao encontrado no ambiente. A leitura seguira apenas com FolderSecurity/TreeAccessObjects.
2026-06-22 11:57:49 | INFO | Total consolidado de acessos encontrados: 13
2026-06-22 11:57:49 | INFO | Projeto 'Duplicação TH 13 e 14 - km 735,6 + 753,2 - BR-365/MG' carregado para arvore. Groups=11 | UserLists=1 | Outros=1
2026-06-22 11:57:49 | INFO | Iniciando leitura da seguranca do projeto 'Faixas Adicionais - TH 05' (ID: 272917)
2026-06-22 11:57:50 | INFO | Get-PWFolderSecurity retornou 14 item(ns).
2026-06-22 11:57:51 | INFO | Get-PWFolderTreeAccessObjects retornou 1 item(ns).
2026-06-22 11:57:51 | WARN | Cmdlet Get-PWProjectSecurity nao encontrado no ambiente. A leitura seguira apenas com FolderSecurity/TreeAccessObjects.
2026-06-22 11:57:51 | INFO | Total consolidado de acessos encontrados: 13
2026-06-22 11:57:51 | INFO | Projeto 'Faixas adicionais TH 05 - km 64,700 + 113,200 - BR364/GO' carregado para arvore. Groups=11 | UserLists=1 | Outros=1
2026-06-22 11:59:46 | INFO | Resumo final da execução | Total=36 | Sucesso=36 | JaExiste=0 | Erro=0
2026-06-22 12:00:42 | INFO | Buscando usuario pelo email: Rodrigo.Rego@ecovias.com.br
2026-06-22 12:00:42 | INFO | Parametros encontrados no cmdlet: UserName, UserId, SecProvider, Email, Identity, Disabled, Enabled, LastLogin, LoginInfo, Verbose, Debug, ErrorAction, WarningAction, InformationAction, ErrorVariable, WarningVariable, InformationVariable, OutVariable, OutBuffer, PipelineVariable
2026-06-22 12:00:42 | ERROR | Erro ao buscar usuario. Detalhe: Nenhum usuario encontrado para o e-mail informado.
2026-06-22 12:00:44 | INFO | Sessao encerrada com 'Undo-PWLogin'.
