2026-06-25 13:45:51 | INFO | Aplicacao iniciada.
2026-06-25 13:45:51 | INFO | Tentando importar modulo do ProjectWise.
2026-06-25 13:45:51 | INFO | Modulo 'pwps_dab' importado com sucesso.
2026-06-25 13:45:51 | INFO | Tentando conectar ao datasource do ProjectWise.
2026-06-25 13:45:51 | INFO | Tentando conexao via 'New-PWLogin'. Parametros: DatasourceName, UserName, Password, UseGui, DoNotCreateWorkingDirectory, BentleyIMS, LoadWRE, NonAdminLogin, Token, Verbose, Debug, ErrorAction, WarningAction, InformationAction, ErrorVariable, WarningVariable, InformationVariable, OutVariable, OutBuffer, PipelineVariable
2026-06-25 13:46:04 | INFO | Conexao realizada via 'New-PWLogin -BentleyIMS'.
2026-06-25 13:46:04 | INFO | Conexao com ProjectWise realizada com sucesso.
2026-06-25 13:46:10 | INFO | Buscando usuario pelo email: Alice.Silveira@ecovias.com.br
2026-06-25 13:46:10 | INFO | Parametros encontrados no cmdlet: UserName, UserId, SecProvider, Email, Identity, Disabled, Enabled, LastLogin, LoginInfo, Verbose, Debug, ErrorAction, WarningAction, InformationAction, ErrorVariable, WarningVariable, InformationVariable, OutVariable, OutBuffer, PipelineVariable
2026-06-25 13:46:11 | INFO | Usuario localizado com correspondencia exata de email.
2026-06-25 13:46:13 | INFO | Listando pastas da raiz por Root.
2026-06-25 13:46:16 | INFO | Listando filhos da pasta ID: 56
2026-06-25 13:46:40 | INFO | Listando filhos da pasta ID: 759
2026-06-25 13:46:40 | INFO | Listando filhos da pasta ID: 933
2026-06-25 13:47:08 | INFO | Iniciando leitura da seguranca do projeto '105-Estação Elevatória km 64' (ID: 358826)
2026-06-25 13:47:09 | INFO | Get-PWFolderSecurity retornou 14 item(ns).
2026-06-25 13:47:10 | INFO | Get-PWFolderTreeAccessObjects retornou 1 item(ns).
2026-06-25 13:47:10 | WARN | Cmdlet Get-PWProjectSecurity nao encontrado no ambiente. A leitura seguira apenas com FolderSecurity/TreeAccessObjects.
2026-06-25 13:47:10 | INFO | Total consolidado de acessos encontrados: 13
2026-06-25 13:47:10 | INFO | Projeto '105 - Estação Elevatória - km 64 - SP-150' carregado para arvore. Groups=11 | UserLists=1 | Outros=1
2026-06-25 13:47:10 | INFO | Iniciando leitura da seguranca do projeto '126-Iluminação' (ID: 395240)
2026-06-25 13:47:10 | INFO | Get-PWFolderSecurity retornou 14 item(ns).
2026-06-25 13:47:11 | INFO | Get-PWFolderTreeAccessObjects retornou 1 item(ns).
2026-06-25 13:47:11 | WARN | Cmdlet Get-PWProjectSecurity nao encontrado no ambiente. A leitura seguira apenas com FolderSecurity/TreeAccessObjects.
2026-06-25 13:47:11 | INFO | Total consolidado de acessos encontrados: 13
2026-06-25 13:47:11 | INFO | Projeto '126 - Iluminação km 0 - 8 SPA- 248-055 km 0 ao 8' carregado para arvore. Groups=11 | UserLists=1 | Outros=1
2026-06-25 13:47:11 | INFO | Iniciando leitura da seguranca do projeto '132 - Curva do S - Adequação Viária Dispositivo' (ID: 296000)
2026-06-25 13:47:12 | INFO | Get-PWFolderSecurity retornou 0 item(ns).
2026-06-25 13:47:12 | INFO | Get-PWFolderTreeAccessObjects retornou 0 item(ns).
2026-06-25 13:47:12 | WARN | Cmdlet Get-PWProjectSecurity nao encontrado no ambiente. A leitura seguira apenas com FolderSecurity/TreeAccessObjects.
2026-06-25 13:47:12 | INFO | Total consolidado de acessos encontrados: 0
2026-06-25 13:47:12 | WARN | Projeto '132 - Curva do S - Dispositivos - Km 291 - SP-055' retornou apenas 0 group(s) pela API. Tentando fallback por nome...
2026-06-25 13:47:12 | INFO | Cache de grupos carregado via Get-PWGroups: 6181 item(ns).
2026-06-25 13:47:26 | WARN | Fallback por nome encontrou 10 group(s) para projeto '132 - Curva do S - Dispositivos - Km 291 - SP-055'. Apelidos usados: 132 - curva do s - dispositivos - km 291 - sp-055 | 132 - curva do s - adequacao viaria dispositivo | 132 - curva do s - dispositivos | 132 - curva do s | 132 curva do s
2026-06-25 13:47:26 | WARN |     [GROUP INFERIDO] IMI-132 - Curva do S-ASSISTENTE ENG
2026-06-25 13:47:26 | WARN |     [GROUP INFERIDO] IMI-132 - Curva do S-CONSULTA TODAS REV
2026-06-25 13:47:26 | WARN |     [GROUP INFERIDO] IMI-132 - Curva do S-CONSULTA ULTIMA REV
2026-06-25 13:47:26 | WARN |     [GROUP INFERIDO] IMI-132 - Curva do S-ENG CONSULTA TODAS REV
2026-06-25 13:47:26 | WARN |     [GROUP INFERIDO] IMI-132 - Curva do S-ENG CONSULTA ULTIMA REV
2026-06-25 13:47:26 | WARN |     [GROUP INFERIDO] IMI-132 - Curva do S-ESPECIALISTA
2026-06-25 13:47:26 | WARN |     [GROUP INFERIDO] IMI-132 - Curva do S-GESTOR ENG
2026-06-25 13:47:26 | WARN |     [GROUP INFERIDO] IMI-132 - Curva do S-GESTOR UNIDADE
2026-06-25 13:47:26 | WARN |     [GROUP INFERIDO] IMI-132 - Curva do S-PODER CONCEDENTE
2026-06-25 13:47:26 | WARN |     [GROUP INFERIDO] IMI-132 - Curva do S-PROJETISTA
2026-06-25 13:47:26 | INFO | Projeto '132 - Curva do S - Dispositivos - Km 291 - SP-055' carregado para arvore. Groups=10 | UserLists=0 | Outros=0
2026-06-25 13:47:26 | INFO | Iniciando leitura da seguranca do projeto '133-Marginal Hidro-3ªPista' (ID: 398253)
2026-06-25 13:47:27 | INFO | Get-PWFolderSecurity retornou 14 item(ns).
2026-06-25 13:47:27 | INFO | Get-PWFolderTreeAccessObjects retornou 1 item(ns).
2026-06-25 13:47:27 | WARN | Cmdlet Get-PWProjectSecurity nao encontrado no ambiente. A leitura seguira apenas com FolderSecurity/TreeAccessObjects.
2026-06-25 13:47:27 | INFO | Total consolidado de acessos encontrados: 13
2026-06-25 13:47:27 | INFO | Projeto '133-Marg. Hidromar-3ª Pista-km 264 ao 265-SP-055' carregado para arvore. Groups=11 | UserLists=1 | Outros=1
2026-06-25 13:47:27 | INFO | Iniciando leitura da seguranca do projeto '137 - Curva 1 - km 41+700' (ID: 358892)
2026-06-25 13:47:28 | INFO | Get-PWFolderSecurity retornou 14 item(ns).
2026-06-25 13:47:28 | INFO | Get-PWFolderTreeAccessObjects retornou 1 item(ns).
2026-06-25 13:47:28 | WARN | Cmdlet Get-PWProjectSecurity nao encontrado no ambiente. A leitura seguira apenas com FolderSecurity/TreeAccessObjects.
2026-06-25 13:47:28 | INFO | Total consolidado de acessos encontrados: 13
2026-06-25 13:47:28 | INFO | Projeto '137 - Curva 1 - km 41+700 - SP-150' carregado para arvore. Groups=11 | UserLists=1 | Outros=1
2026-06-25 13:47:28 | INFO | Iniciando leitura da seguranca do projeto '137 - Curva 2 - km 44+580' (ID: 358925)
2026-06-25 13:47:28 | INFO | Get-PWFolderSecurity retornou 14 item(ns).
2026-06-25 13:47:29 | INFO | Get-PWFolderTreeAccessObjects retornou 1 item(ns).
2026-06-25 13:47:29 | WARN | Cmdlet Get-PWProjectSecurity nao encontrado no ambiente. A leitura seguira apenas com FolderSecurity/TreeAccessObjects.
2026-06-25 13:47:29 | INFO | Total consolidado de acessos encontrados: 13
2026-06-25 13:47:29 | INFO | Projeto '137 - Curva 2 - km 44+580 - SP-150' carregado para arvore. Groups=11 | UserLists=1 | Outros=1
2026-06-25 13:47:29 | INFO | Iniciando leitura da seguranca do projeto '137 - Curva 3 - km 46+920' (ID: 358958)
2026-06-25 13:47:29 | INFO | Get-PWFolderSecurity retornou 14 item(ns).
2026-06-25 13:47:29 | INFO | Get-PWFolderTreeAccessObjects retornou 1 item(ns).
2026-06-25 13:47:29 | WARN | Cmdlet Get-PWProjectSecurity nao encontrado no ambiente. A leitura seguira apenas com FolderSecurity/TreeAccessObjects.
2026-06-25 13:47:29 | INFO | Total consolidado de acessos encontrados: 13
2026-06-25 13:47:29 | INFO | Projeto '137 - Curva 3 - km 46+920 - SP-150' carregado para arvore. Groups=11 | UserLists=1 | Outros=1
2026-06-25 13:47:29 | INFO | Iniciando leitura da seguranca do projeto '137 - Curva 4 - km 44+410' (ID: 358991)
2026-06-25 13:47:30 | INFO | Get-PWFolderSecurity retornou 14 item(ns).
2026-06-25 13:47:30 | INFO | Get-PWFolderTreeAccessObjects retornou 1 item(ns).
2026-06-25 13:47:30 | WARN | Cmdlet Get-PWProjectSecurity nao encontrado no ambiente. A leitura seguira apenas com FolderSecurity/TreeAccessObjects.
2026-06-25 13:47:30 | INFO | Total consolidado de acessos encontrados: 13
2026-06-25 13:47:30 | INFO | Projeto '137 - Curva 4 - km 44+410 - SP-150' carregado para arvore. Groups=11 | UserLists=1 | Outros=1
2026-06-25 13:47:30 | INFO | Iniciando leitura da seguranca do projeto '137 - Curva 5 - km 43+260' (ID: 359024)
2026-06-25 13:47:31 | INFO | Get-PWFolderSecurity retornou 14 item(ns).
2026-06-25 13:47:31 | INFO | Get-PWFolderTreeAccessObjects retornou 1 item(ns).
2026-06-25 13:47:31 | WARN | Cmdlet Get-PWProjectSecurity nao encontrado no ambiente. A leitura seguira apenas com FolderSecurity/TreeAccessObjects.
2026-06-25 13:47:31 | INFO | Total consolidado de acessos encontrados: 13
2026-06-25 13:47:31 | INFO | Projeto '137 - Curva 5 - km 43+260 - SP-150' carregado para arvore. Groups=11 | UserLists=1 | Outros=1
2026-06-25 13:47:31 | INFO | Iniciando leitura da seguranca do projeto '137 - Curva 6 - km 41+730' (ID: 359057)
2026-06-25 13:47:31 | INFO | Get-PWFolderSecurity retornou 14 item(ns).
2026-06-25 13:47:31 | INFO | Get-PWFolderTreeAccessObjects retornou 1 item(ns).
2026-06-25 13:47:31 | WARN | Cmdlet Get-PWProjectSecurity nao encontrado no ambiente. A leitura seguira apenas com FolderSecurity/TreeAccessObjects.
2026-06-25 13:47:31 | INFO | Total consolidado de acessos encontrados: 13
2026-06-25 13:47:31 | INFO | Projeto '137 - Curva 6 - km 41+730 - SP-150' carregado para arvore. Groups=11 | UserLists=1 | Outros=1
2026-06-25 13:47:31 | INFO | Iniciando leitura da seguranca do projeto '140  - ANPC - Dispositivos' (ID: 102795)
2026-06-25 13:47:33 | INFO | Get-PWFolderSecurity retornou 35 item(ns).
2026-06-25 13:47:33 | INFO | Get-PWFolderTreeAccessObjects retornou 1 item(ns).
2026-06-25 13:47:33 | WARN | Cmdlet Get-PWProjectSecurity nao encontrado no ambiente. A leitura seguira apenas com FolderSecurity/TreeAccessObjects.
2026-06-25 13:47:33 | INFO | Total consolidado de acessos encontrados: 23
2026-06-25 13:47:33 | INFO | Projeto '140 - ANPC - Dispositivo 1 - km 16 - SP-150' carregado para arvore. Groups=21 | UserLists=1 | Outros=1
2026-06-25 13:47:33 | INFO | Iniciando leitura da seguranca do projeto '140 - ANPC - Disp 3' (ID: 345859)
2026-06-25 13:47:35 | INFO | Get-PWFolderSecurity retornou 35 item(ns).
2026-06-25 13:47:36 | INFO | Get-PWFolderTreeAccessObjects retornou 1 item(ns).
2026-06-25 13:47:36 | WARN | Cmdlet Get-PWProjectSecurity nao encontrado no ambiente. A leitura seguira apenas com FolderSecurity/TreeAccessObjects.
2026-06-25 13:47:36 | INFO | Total consolidado de acessos encontrados: 23
2026-06-25 13:47:36 | INFO | Projeto '140 - ANPC - Dispositivo 2 - km 18 - SP-150' carregado para arvore. Groups=21 | UserLists=1 | Outros=1
2026-06-25 13:47:36 | INFO | Iniciando leitura da seguranca do projeto '140 - ANPC - Dispositivo de Segurança' (ID: 299988)
2026-06-25 13:47:37 | INFO | Get-PWFolderSecurity retornou 20 item(ns).
2026-06-25 13:47:38 | INFO | Get-PWFolderTreeAccessObjects retornou 1 item(ns).
2026-06-25 13:47:38 | WARN | Cmdlet Get-PWProjectSecurity nao encontrado no ambiente. A leitura seguira apenas com FolderSecurity/TreeAccessObjects.
2026-06-25 13:47:38 | INFO | Total consolidado de acessos encontrados: 10
2026-06-25 13:47:38 | INFO | Projeto 'ANPC - Dispositivo de Segurança 1 - Km 12 - 24 - SP-160' carregado para arvore. Groups=10 | UserLists=0 | Outros=0
2026-06-25 13:47:38 | INFO | Iniciando leitura da seguranca do projeto '140 - ANPC - Iluminação e EPS-SP-160' (ID: 298379)
2026-06-25 13:47:38 | INFO | Get-PWFolderSecurity retornou 0 item(ns).
2026-06-25 13:47:38 | INFO | Get-PWFolderTreeAccessObjects retornou 0 item(ns).
2026-06-25 13:47:38 | WARN | Cmdlet Get-PWProjectSecurity nao encontrado no ambiente. A leitura seguira apenas com FolderSecurity/TreeAccessObjects.
2026-06-25 13:47:38 | INFO | Total consolidado de acessos encontrados: 0
2026-06-25 13:47:38 | WARN | Projeto '140 - ANPC - Iluminação e EPS - km 12 - 24 - SP-160' retornou apenas 0 group(s) pela API. Tentando fallback por nome...
2026-06-25 13:47:51 | WARN | Fallback por nome encontrou 20 group(s) para projeto '140 - ANPC - Iluminação e EPS - km 12 - 24 - SP-160'. Apelidos usados: 140 - anpc - iluminacao e eps - km 12 - 24 - sp-160 | 140 - anpc - iluminacao e eps-sp-160 | 140 - anpc - iluminacao e eps | 140 - anpc | 140 anpc
2026-06-25 13:47:51 | WARN |     [GROUP INFERIDO] IMI-140  - ANPC - Dispositivos-ASSISTENTE ENG
2026-06-25 13:47:51 | WARN |     [GROUP INFERIDO] IMI-140  - ANPC - Dispositivos-CONSULTA TODAS REV
2026-06-25 13:47:51 | WARN |     [GROUP INFERIDO] IMI-140  - ANPC - Dispositivos-CONSULTA ULTIMA REV
2026-06-25 13:47:51 | WARN |     [GROUP INFERIDO] IMI-140  - ANPC - Dispositivos-ENG CONSULTA TODAS REV
2026-06-25 13:47:51 | WARN |     [GROUP INFERIDO] IMI-140  - ANPC - Dispositivos-ENG CONSULTA ULTIMA REV
2026-06-25 13:47:51 | WARN |     [GROUP INFERIDO] IMI-140  - ANPC - Dispositivos-ESPECIALISTA
2026-06-25 13:47:51 | WARN |     [GROUP INFERIDO] IMI-140  - ANPC - Dispositivos-GESTOR ENG
2026-06-25 13:47:51 | WARN |     [GROUP INFERIDO] IMI-140  - ANPC - Dispositivos-GESTOR UNIDADE
2026-06-25 13:47:51 | WARN |     [GROUP INFERIDO] IMI-140  - ANPC - Dispositivos-PODER CONCEDENTE
2026-06-25 13:47:51 | WARN |     [GROUP INFERIDO] IMI-140  - ANPC - Dispositivos-PROJETISTA
2026-06-25 13:47:51 | WARN |     [GROUP INFERIDO] IMI-140 - ANPC - Disp 3-ASSISTENTE ENG
2026-06-25 13:47:51 | WARN |     [GROUP INFERIDO] IMI-140 - ANPC - Disp 3-CONSULTA TODAS REV
2026-06-25 13:47:51 | WARN |     [GROUP INFERIDO] IMI-140 - ANPC - Disp 3-CONSULTA ULTIMA REV
2026-06-25 13:47:51 | WARN |     [GROUP INFERIDO] IMI-140 - ANPC - Disp 3-ENG CONSULTA TODAS REV
2026-06-25 13:47:51 | WARN |     [GROUP INFERIDO] IMI-140 - ANPC - Disp 3-ENG CONSULTA ULTIMA REV
2026-06-25 13:47:51 | WARN |     [GROUP INFERIDO] IMI-140 - ANPC - Disp 3-ESPECIALISTA
2026-06-25 13:47:51 | WARN |     [GROUP INFERIDO] IMI-140 - ANPC - Disp 3-GESTOR ENG
2026-06-25 13:47:51 | WARN |     [GROUP INFERIDO] IMI-140 - ANPC - Disp 3-GESTOR UNIDADE
2026-06-25 13:47:51 | WARN |     [GROUP INFERIDO] IMI-140 - ANPC - Disp 3-PODER CONCEDENTE
2026-06-25 13:47:51 | WARN |     [GROUP INFERIDO] IMI-140 - ANPC - Disp 3-PROJETISTA
2026-06-25 13:47:51 | INFO | Projeto '140 - ANPC - Iluminação e EPS - km 12 - 24 - SP-160' carregado para arvore. Groups=20 | UserLists=0 | Outros=0
2026-06-25 13:47:51 | INFO | Iniciando leitura da seguranca do projeto '147-FIP-Novo Acesso Porto' (ID: 394974)
2026-06-25 13:47:52 | INFO | Get-PWFolderSecurity retornou 14 item(ns).
2026-06-25 13:47:52 | INFO | Get-PWFolderTreeAccessObjects retornou 1 item(ns).
2026-06-25 13:47:52 | WARN | Cmdlet Get-PWProjectSecurity nao encontrado no ambiente. A leitura seguira apenas com FolderSecurity/TreeAccessObjects.
2026-06-25 13:47:52 | INFO | Total consolidado de acessos encontrados: 13
2026-06-25 13:47:52 | INFO | Projeto '147 - Porto de Santos  - FIPS km 64 - SP - 150' carregado para arvore. Groups=11 | UserLists=1 | Outros=1
2026-06-25 13:47:52 | INFO | Iniciando leitura da seguranca do projeto 'Acesso Reprinco km 22' (ID: 358859)
2026-06-25 13:47:53 | INFO | Get-PWFolderSecurity retornou 14 item(ns).
2026-06-25 13:47:53 | INFO | Get-PWFolderTreeAccessObjects retornou 1 item(ns).
2026-06-25 13:47:53 | WARN | Cmdlet Get-PWProjectSecurity nao encontrado no ambiente. A leitura seguira apenas com FolderSecurity/TreeAccessObjects.
2026-06-25 13:47:53 | INFO | Total consolidado de acessos encontrados: 13
2026-06-25 13:47:53 | INFO | Projeto 'Acesso Reprinco - km 22 - SP-150' carregado para arvore. Groups=11 | UserLists=1 | Outros=1
2026-06-25 13:47:53 | INFO | Iniciando leitura da seguranca do projeto 'ADC Sul' (ID: 343227)
2026-06-25 13:47:54 | INFO | Get-PWFolderSecurity retornou 14 item(ns).
2026-06-25 13:47:54 | INFO | Get-PWFolderTreeAccessObjects retornou 1 item(ns).
2026-06-25 13:47:54 | WARN | Cmdlet Get-PWProjectSecurity nao encontrado no ambiente. A leitura seguira apenas com FolderSecurity/TreeAccessObjects.
2026-06-25 13:47:54 | INFO | Total consolidado de acessos encontrados: 13
2026-06-25 13:47:54 | INFO | Projeto 'ADC - km 40,8 Sul - SP-160' carregado para arvore. Groups=11 | UserLists=1 | Outros=1
2026-06-25 13:47:54 | INFO | Iniciando leitura da seguranca do projeto 'Alemoa 3ª Faixa' (ID: 359090)
2026-06-25 13:47:55 | INFO | Get-PWFolderSecurity retornou 14 item(ns).
2026-06-25 13:47:56 | INFO | Get-PWFolderTreeAccessObjects retornou 1 item(ns).
2026-06-25 13:47:56 | WARN | Cmdlet Get-PWProjectSecurity nao encontrado no ambiente. A leitura seguira apenas com FolderSecurity/TreeAccessObjects.
2026-06-25 13:47:56 | INFO | Total consolidado de acessos encontrados: 13
2026-06-25 13:47:56 | INFO | Projeto 'Ligação Alemoa 3ª Faixa - km 59+000 - 61+000 - SP-150' carregado para arvore. Groups=11 | UserLists=1 | Outros=1
2026-06-25 13:47:56 | INFO | Iniciando leitura da seguranca do projeto 'Alemoa Dispositivo' (ID: 359189)
2026-06-25 13:47:57 | INFO | Get-PWFolderSecurity retornou 14 item(ns).
2026-06-25 13:47:57 | INFO | Get-PWFolderTreeAccessObjects retornou 1 item(ns).
2026-06-25 13:47:57 | WARN | Cmdlet Get-PWProjectSecurity nao encontrado no ambiente. A leitura seguira apenas com FolderSecurity/TreeAccessObjects.
2026-06-25 13:47:57 | INFO | Total consolidado de acessos encontrados: 13
2026-06-25 13:47:57 | INFO | Projeto 'Ligação Alemoa Dispositivo - km 61+000 - SP-150' carregado para arvore. Groups=11 | UserLists=1 | Outros=1
2026-06-25 13:47:57 | INFO | Iniciando leitura da seguranca do projeto 'Alemoa Passarela' (ID: 359156)
2026-06-25 13:47:59 | INFO | Get-PWFolderSecurity retornou 14 item(ns).
2026-06-25 13:47:59 | INFO | Get-PWFolderTreeAccessObjects retornou 1 item(ns).
2026-06-25 13:47:59 | WARN | Cmdlet Get-PWProjectSecurity nao encontrado no ambiente. A leitura seguira apenas com FolderSecurity/TreeAccessObjects.
2026-06-25 13:47:59 | INFO | Total consolidado de acessos encontrados: 13
2026-06-25 13:47:59 | INFO | Projeto 'Ligação Alemoa Passarela - km 60+520 - SP-150' carregado para arvore. Groups=11 | UserLists=1 | Outros=1
2026-06-25 13:47:59 | INFO | Iniciando leitura da seguranca do projeto 'Alemoa Rotatória' (ID: 359123)
2026-06-25 13:48:00 | INFO | Get-PWFolderSecurity retornou 14 item(ns).
2026-06-25 13:48:00 | INFO | Get-PWFolderTreeAccessObjects retornou 1 item(ns).
2026-06-25 13:48:00 | WARN | Cmdlet Get-PWProjectSecurity nao encontrado no ambiente. A leitura seguira apenas com FolderSecurity/TreeAccessObjects.
2026-06-25 13:48:00 | INFO | Total consolidado de acessos encontrados: 13
2026-06-25 13:48:00 | INFO | Projeto 'Ligação Alemoa Rotatória - km 62+000 - SP-150' carregado para arvore. Groups=11 | UserLists=1 | Outros=1
2026-06-25 13:48:00 | INFO | Iniciando leitura da seguranca do projeto 'ANPC - Área de Escape' (ID: 356474)
2026-06-25 13:48:00 | INFO | Get-PWFolderSecurity retornou 14 item(ns).
2026-06-25 13:48:00 | INFO | Get-PWFolderTreeAccessObjects retornou 1 item(ns).
2026-06-25 13:48:00 | WARN | Cmdlet Get-PWProjectSecurity nao encontrado no ambiente. A leitura seguira apenas com FolderSecurity/TreeAccessObjects.
2026-06-25 13:48:00 | INFO | Total consolidado de acessos encontrados: 13
2026-06-25 13:48:00 | INFO | Projeto 'ANPC - Área de Escape - km 45+46 - SP-150' carregado para arvore. Groups=11 | UserLists=1 | Outros=1
2026-06-25 13:48:00 | INFO | Iniciando leitura da seguranca do projeto 'ANPC - BSO (Com SAU)' (ID: 356507)
2026-06-25 13:48:01 | INFO | Get-PWFolderSecurity retornou 14 item(ns).
2026-06-25 13:48:01 | INFO | Get-PWFolderTreeAccessObjects retornou 1 item(ns).
2026-06-25 13:48:01 | WARN | Cmdlet Get-PWProjectSecurity nao encontrado no ambiente. A leitura seguira apenas com FolderSecurity/TreeAccessObjects.
2026-06-25 13:48:01 | INFO | Total consolidado de acessos encontrados: 13
2026-06-25 13:48:01 | INFO | Projeto 'ANPC - BSO (Com SAU) - km 47+750 - SP-150' carregado para arvore. Groups=11 | UserLists=1 | Outros=1
2026-06-25 13:48:01 | INFO | Iniciando leitura da seguranca do projeto 'Ciclovia Baixada Santista' (ID: 100224)
2026-06-25 13:48:02 | INFO | Get-PWFolderSecurity retornou 14 item(ns).
2026-06-25 13:48:02 | INFO | Get-PWFolderTreeAccessObjects retornou 1 item(ns).
2026-06-25 13:48:02 | WARN | Cmdlet Get-PWProjectSecurity nao encontrado no ambiente. A leitura seguira apenas com FolderSecurity/TreeAccessObjects.
2026-06-25 13:48:02 | INFO | Total consolidado de acessos encontrados: 13
2026-06-25 13:48:02 | INFO | Projeto 'Ciclovia Trecho 1 - km 59 - 65 - SP-160' carregado para arvore. Groups=11 | UserLists=1 | Outros=1
2026-06-25 13:48:02 | INFO | Iniciando leitura da seguranca do projeto 'Ciclovia Norte' (ID: 342816)
2026-06-25 13:48:03 | INFO | Get-PWFolderSecurity retornou 14 item(ns).
2026-06-25 13:48:03 | INFO | Get-PWFolderTreeAccessObjects retornou 1 item(ns).
2026-06-25 13:48:03 | WARN | Cmdlet Get-PWProjectSecurity nao encontrado no ambiente. A leitura seguira apenas com FolderSecurity/TreeAccessObjects.
2026-06-25 13:48:03 | INFO | Total consolidado de acessos encontrados: 13
2026-06-25 13:48:03 | INFO | Projeto 'Ciclovia - km 41,8 - 44,5 Norte - SP-160' carregado para arvore. Groups=11 | UserLists=1 | Outros=1
2026-06-25 13:48:03 | INFO | Iniciando leitura da seguranca do projeto 'Ciclovia Trecho 2' (ID: 347096)
2026-06-25 13:48:03 | INFO | Get-PWFolderSecurity retornou 0 item(ns).
2026-06-25 13:48:03 | INFO | Get-PWFolderTreeAccessObjects retornou 0 item(ns).
2026-06-25 13:48:03 | WARN | Cmdlet Get-PWProjectSecurity nao encontrado no ambiente. A leitura seguira apenas com FolderSecurity/TreeAccessObjects.
2026-06-25 13:48:03 | INFO | Total consolidado de acessos encontrados: 0
2026-06-25 13:48:03 | WARN | Projeto 'Ciclovia Trecho 2 - km 56 - 60 - SP-150' retornou apenas 0 group(s) pela API. Tentando fallback por nome...
2026-06-25 13:48:14 | WARN | Fallback por nome encontrou 10 group(s) para projeto 'Ciclovia Trecho 2 - km 56 - 60 - SP-150'. Apelidos usados: ciclovia trecho 2 - km 56 - 60 - sp-150 | ciclovia trecho 2 - km 56 | ciclovia trecho 2 km 56 | ciclovia trecho 2
2026-06-25 13:48:14 | WARN |     [GROUP INFERIDO] ECVI-Ciclovia Trecho 2-ASSISTENTE ENG
2026-06-25 13:48:14 | WARN |     [GROUP INFERIDO] ECVI-Ciclovia Trecho 2-CONSULTA TODAS REV
2026-06-25 13:48:14 | WARN |     [GROUP INFERIDO] ECVI-Ciclovia Trecho 2-CONSULTA ULTIMA REV
2026-06-25 13:48:14 | WARN |     [GROUP INFERIDO] ECVI-Ciclovia Trecho 2-ENG CONSULTA TODAS REV
2026-06-25 13:48:14 | WARN |     [GROUP INFERIDO] ECVI-Ciclovia Trecho 2-ENG CONSULTA ULTIMA REV
2026-06-25 13:48:14 | WARN |     [GROUP INFERIDO] ECVI-Ciclovia Trecho 2-ESPECIALISTA
2026-06-25 13:48:14 | WARN |     [GROUP INFERIDO] ECVI-Ciclovia Trecho 2-GESTOR ENG
2026-06-25 13:48:14 | WARN |     [GROUP INFERIDO] ECVI-Ciclovia Trecho 2-GESTOR UNIDADE
2026-06-25 13:48:14 | WARN |     [GROUP INFERIDO] ECVI-Ciclovia Trecho 2-PODER CONCEDENTE
2026-06-25 13:48:14 | WARN |     [GROUP INFERIDO] ECVI-Ciclovia Trecho 2-PROJETISTA
2026-06-25 13:48:14 | INFO | Projeto 'Ciclovia Trecho 2 - km 56 - 60 - SP-150' carregado para arvore. Groups=10 | UserLists=0 | Outros=0
2026-06-25 13:48:14 | INFO | Iniciando leitura da seguranca do projeto 'Ciclovia Trecho 3' (ID: 347507)
2026-06-25 13:48:14 | INFO | Get-PWFolderSecurity retornou 0 item(ns).
2026-06-25 13:48:14 | INFO | Get-PWFolderTreeAccessObjects retornou 0 item(ns).
2026-06-25 13:48:15 | WARN | Cmdlet Get-PWProjectSecurity nao encontrado no ambiente. A leitura seguira apenas com FolderSecurity/TreeAccessObjects.
2026-06-25 13:48:15 | INFO | Total consolidado de acessos encontrados: 0
2026-06-25 13:48:15 | WARN | Projeto 'Ciclovia Trecho 3 - km 0 - 2 - SPI-059' retornou apenas 0 group(s) pela API. Tentando fallback por nome...
2026-06-25 13:48:25 | WARN | Fallback por nome encontrou 10 group(s) para projeto 'Ciclovia Trecho 3 - km 0 - 2 - SPI-059'. Apelidos usados: ciclovia trecho 3 - km 0 - 2 - spi-059 | ciclovia trecho 3 - km 0 | ciclovia trecho 3 km 0 | ciclovia trecho 3
2026-06-25 13:48:25 | WARN |     [GROUP INFERIDO] ECVI-Ciclovia Trecho 3-ASSISTENTE ENG
2026-06-25 13:48:25 | WARN |     [GROUP INFERIDO] ECVI-Ciclovia Trecho 3-CONSULTA TODAS REV
2026-06-25 13:48:25 | WARN |     [GROUP INFERIDO] ECVI-Ciclovia Trecho 3-CONSULTA ULTIMA REV
2026-06-25 13:48:25 | WARN |     [GROUP INFERIDO] ECVI-Ciclovia Trecho 3-ENG CONSULTA TODAS REV
2026-06-25 13:48:25 | WARN |     [GROUP INFERIDO] ECVI-Ciclovia Trecho 3-ENG CONSULTA ULTIMA REV
2026-06-25 13:48:25 | WARN |     [GROUP INFERIDO] ECVI-Ciclovia Trecho 3-ESPECIALISTA
2026-06-25 13:48:25 | WARN |     [GROUP INFERIDO] ECVI-Ciclovia Trecho 3-GESTOR ENG
2026-06-25 13:48:25 | WARN |     [GROUP INFERIDO] ECVI-Ciclovia Trecho 3-GESTOR UNIDADE
2026-06-25 13:48:25 | WARN |     [GROUP INFERIDO] ECVI-Ciclovia Trecho 3-PODER CONCEDENTE
2026-06-25 13:48:25 | WARN |     [GROUP INFERIDO] ECVI-Ciclovia Trecho 3-PROJETISTA
2026-06-25 13:48:25 | INFO | Projeto 'Ciclovia Trecho 3 - km 0 - 2 - SPI-059' carregado para arvore. Groups=10 | UserLists=0 | Outros=0
2026-06-25 13:48:25 | INFO | Iniciando leitura da seguranca do projeto 'Corpo de Bombeiro' (ID: 359222)
2026-06-25 13:48:27 | INFO | Get-PWFolderSecurity retornou 14 item(ns).
2026-06-25 13:48:27 | INFO | Get-PWFolderTreeAccessObjects retornou 1 item(ns).
2026-06-25 13:48:27 | WARN | Cmdlet Get-PWProjectSecurity nao encontrado no ambiente. A leitura seguira apenas com FolderSecurity/TreeAccessObjects.
2026-06-25 13:48:27 | INFO | Total consolidado de acessos encontrados: 13
2026-06-25 13:48:27 | INFO | Projeto 'Ligação Planalto - Baixada - Corpo de Bombeiro - SP-160' carregado para arvore. Groups=11 | UserLists=1 | Outros=1
2026-06-25 13:48:27 | INFO | Iniciando leitura da seguranca do projeto 'Correção 6 Curvas' (ID: 101056)
2026-06-25 13:48:28 | INFO | Get-PWFolderSecurity retornou 14 item(ns).
2026-06-25 13:48:29 | INFO | Get-PWFolderTreeAccessObjects retornou 1 item(ns).
2026-06-25 13:48:29 | WARN | Cmdlet Get-PWProjectSecurity nao encontrado no ambiente. A leitura seguira apenas com FolderSecurity/TreeAccessObjects.
2026-06-25 13:48:29 | INFO | Total consolidado de acessos encontrados: 13
2026-06-25 13:48:29 | INFO | Projeto 'Correção 6 Curvas Trecho Serra- km 40 - 54 - SP-150' carregado para arvore. Groups=11 | UserLists=1 | Outros=1
2026-06-25 13:48:29 | INFO | Iniciando leitura da seguranca do projeto 'Estação de bombeamento' (ID: 345282)
2026-06-25 13:48:30 | INFO | Get-PWFolderSecurity retornou 14 item(ns).
2026-06-25 13:48:31 | INFO | Get-PWFolderTreeAccessObjects retornou 1 item(ns).
2026-06-25 13:48:31 | WARN | Cmdlet Get-PWProjectSecurity nao encontrado no ambiente. A leitura seguira apenas com FolderSecurity/TreeAccessObjects.
2026-06-25 13:48:31 | INFO | Total consolidado de acessos encontrados: 13
2026-06-25 13:48:31 | INFO | Projeto 'Estação de bombeamento - km 42+43 - SP-160' carregado para arvore. Groups=11 | UserLists=1 | Outros=1
2026-06-25 13:48:31 | INFO | Iniciando leitura da seguranca do projeto 'Gabarito Vertical km 12' (ID: 98356)
2026-06-25 13:48:32 | INFO | Get-PWFolderSecurity retornou 14 item(ns).
2026-06-25 13:48:32 | INFO | Get-PWFolderTreeAccessObjects retornou 1 item(ns).
2026-06-25 13:48:32 | WARN | Cmdlet Get-PWProjectSecurity nao encontrado no ambiente. A leitura seguira apenas com FolderSecurity/TreeAccessObjects.
2026-06-25 13:48:32 | INFO | Total consolidado de acessos encontrados: 13
2026-06-25 13:48:32 | INFO | Projeto 'Gabarito Vertical -  km 12 - SP-160' carregado para arvore. Groups=11 | UserLists=1 | Outros=1
2026-06-25 13:48:32 | INFO | Iniciando leitura da seguranca do projeto 'HS-WIM Leste' (ID: 344460)
2026-06-25 13:48:32 | INFO | Get-PWFolderSecurity retornou 14 item(ns).
2026-06-25 13:48:32 | INFO | Get-PWFolderTreeAccessObjects retornou 1 item(ns).
2026-06-25 13:48:32 | WARN | Cmdlet Get-PWProjectSecurity nao encontrado no ambiente. A leitura seguira apenas com FolderSecurity/TreeAccessObjects.
2026-06-25 13:48:32 | INFO | Total consolidado de acessos encontrados: 13
2026-06-25 13:48:32 | INFO | Projeto 'HS-WIM - km 265,50 Leste - SP-160' carregado para arvore. Groups=11 | UserLists=1 | Outros=1
2026-06-25 13:48:32 | INFO | Iniciando leitura da seguranca do projeto 'HS-WIM Oeste' (ID: 344871)
2026-06-25 13:48:33 | INFO | Get-PWFolderSecurity retornou 14 item(ns).
2026-06-25 13:48:33 | INFO | Get-PWFolderTreeAccessObjects retornou 1 item(ns).
2026-06-25 13:48:33 | WARN | Cmdlet Get-PWProjectSecurity nao encontrado no ambiente. A leitura seguira apenas com FolderSecurity/TreeAccessObjects.
2026-06-25 13:48:33 | INFO | Total consolidado de acessos encontrados: 13
2026-06-25 13:48:33 | INFO | Projeto 'HS-WIM - km 264,50 Oeste - SP-160' carregado para arvore. Groups=11 | UserLists=1 | Outros=1
2026-06-25 13:48:33 | INFO | Iniciando leitura da seguranca do projeto 'Ligação Alemoa' (ID: 98767)
2026-06-25 13:48:34 | INFO | Get-PWFolderSecurity retornou 14 item(ns).
2026-06-25 13:48:34 | INFO | Get-PWFolderTreeAccessObjects retornou 1 item(ns).
2026-06-25 13:48:34 | WARN | Cmdlet Get-PWProjectSecurity nao encontrado no ambiente. A leitura seguira apenas com FolderSecurity/TreeAccessObjects.
2026-06-25 13:48:34 | INFO | Total consolidado de acessos encontrados: 13
2026-06-25 13:48:34 | INFO | Projeto 'Ligação Alemoa - km 64 - SP-150' carregado para arvore. Groups=11 | UserLists=1 | Outros=1
2026-06-25 13:48:34 | INFO | Iniciando leitura da seguranca do projeto 'Ligação Planalto - Baixada' (ID: 49632)
2026-06-25 13:48:35 | INFO | Get-PWFolderSecurity retornou 14 item(ns).
2026-06-25 13:48:35 | INFO | Get-PWFolderTreeAccessObjects retornou 1 item(ns).
2026-06-25 13:48:35 | WARN | Cmdlet Get-PWProjectSecurity nao encontrado no ambiente. A leitura seguira apenas com FolderSecurity/TreeAccessObjects.
2026-06-25 13:48:35 | INFO | Total consolidado de acessos encontrados: 13
2026-06-25 13:48:35 | INFO | Projeto 'Ligação Planalto - Baixada - SP-160' carregado para arvore. Groups=11 | UserLists=1 | Outros=1
2026-06-25 13:48:35 | INFO | Iniciando leitura da seguranca do projeto 'Marginal Hidromar' (ID: 334483)
2026-06-25 13:48:36 | INFO | Get-PWFolderSecurity retornou 14 item(ns).
2026-06-25 13:48:36 | INFO | Get-PWFolderTreeAccessObjects retornou 1 item(ns).
2026-06-25 13:48:36 | WARN | Cmdlet Get-PWProjectSecurity nao encontrado no ambiente. A leitura seguira apenas com FolderSecurity/TreeAccessObjects.
2026-06-25 13:48:36 | INFO | Total consolidado de acessos encontrados: 13
2026-06-25 13:48:36 | INFO | Projeto 'Marginal Hidromar - Km 263 + 268 - SP-055' carregado para arvore. Groups=11 | UserLists=1 | Outros=1
2026-06-25 13:48:36 | INFO | Iniciando leitura da seguranca do projeto 'PMRv + Retorno' (ID: 344049)
2026-06-25 13:48:37 | INFO | Get-PWFolderSecurity retornou 14 item(ns).
2026-06-25 13:48:38 | INFO | Get-PWFolderTreeAccessObjects retornou 1 item(ns).
2026-06-25 13:48:38 | WARN | Cmdlet Get-PWProjectSecurity nao encontrado no ambiente. A leitura seguira apenas com FolderSecurity/TreeAccessObjects.
2026-06-25 13:48:38 | INFO | Total consolidado de acessos encontrados: 13
2026-06-25 13:48:38 | INFO | Projeto 'PMRv + Retorno - km 43,25 Sul - SP-160' carregado para arvore. Groups=11 | UserLists=1 | Outros=1
2026-06-25 13:48:38 | INFO | Iniciando leitura da seguranca do projeto 'SAU Sul' (ID: 343638)
2026-06-25 13:48:39 | INFO | Get-PWFolderSecurity retornou 14 item(ns).
2026-06-25 13:48:40 | INFO | Get-PWFolderTreeAccessObjects retornou 1 item(ns).
2026-06-25 13:48:40 | WARN | Cmdlet Get-PWProjectSecurity nao encontrado no ambiente. A leitura seguira apenas com FolderSecurity/TreeAccessObjects.
2026-06-25 13:48:40 | INFO | Total consolidado de acessos encontrados: 13
2026-06-25 13:48:40 | INFO | Projeto 'SAU - km 40,8 Sul - SP-160' carregado para arvore. Groups=11 | UserLists=1 | Outros=1
2026-06-25 13:48:40 | INFO | Iniciando leitura da seguranca do projeto 'TA-001 - AVCB Túneis' (ID: 355902)
2026-06-25 13:48:41 | INFO | Get-PWFolderSecurity retornou 14 item(ns).
2026-06-25 13:48:41 | INFO | Get-PWFolderTreeAccessObjects retornou 1 item(ns).
2026-06-25 13:48:41 | WARN | Cmdlet Get-PWProjectSecurity nao encontrado no ambiente. A leitura seguira apenas com FolderSecurity/TreeAccessObjects.
2026-06-25 13:48:41 | INFO | Total consolidado de acessos encontrados: 13
2026-06-25 13:48:41 | INFO | Projeto 'TA-01 - AVCB Túneis -SCI - Km 46+410 - SP-160' carregado para arvore. Groups=11 | UserLists=1 | Outros=1
2026-06-25 13:48:41 | INFO | Iniciando leitura da seguranca do projeto 'TA-002 - AVCB Túneis' (ID: 355935)
2026-06-25 13:48:42 | INFO | Get-PWFolderSecurity retornou 14 item(ns).
2026-06-25 13:48:42 | INFO | Get-PWFolderTreeAccessObjects retornou 1 item(ns).
2026-06-25 13:48:42 | WARN | Cmdlet Get-PWProjectSecurity nao encontrado no ambiente. A leitura seguira apenas com FolderSecurity/TreeAccessObjects.
2026-06-25 13:48:42 | INFO | Total consolidado de acessos encontrados: 13
2026-06-25 13:48:42 | INFO | Projeto 'TA-02 - AVCB Túneis -SCI - Km 46+893 - SP-160' carregado para arvore. Groups=11 | UserLists=1 | Outros=1
2026-06-25 13:48:42 | INFO | Iniciando leitura da seguranca do projeto 'TA-01 - AVCB Túneis' (ID: 355373)
2026-06-25 13:48:43 | INFO | Get-PWFolderSecurity retornou 14 item(ns).
2026-06-25 13:48:43 | INFO | Get-PWFolderTreeAccessObjects retornou 1 item(ns).
2026-06-25 13:48:43 | WARN | Cmdlet Get-PWProjectSecurity nao encontrado no ambiente. A leitura seguira apenas com FolderSecurity/TreeAccessObjects.
2026-06-25 13:48:43 | INFO | Total consolidado de acessos encontrados: 13
2026-06-25 13:48:43 | INFO | Projeto 'TA-01 - AVCB Túneis -SCI - Km 45+468 - SP-150' carregado para arvore. Groups=11 | UserLists=1 | Outros=1
2026-06-25 13:48:43 | INFO | Iniciando leitura da seguranca do projeto 'TA-02 - AVCB Túneis' (ID: 355406)
2026-06-25 13:48:44 | INFO | Get-PWFolderSecurity retornou 14 item(ns).
2026-06-25 13:48:44 | INFO | Get-PWFolderTreeAccessObjects retornou 1 item(ns).
2026-06-25 13:48:44 | WARN | Cmdlet Get-PWProjectSecurity nao encontrado no ambiente. A leitura seguira apenas com FolderSecurity/TreeAccessObjects.
2026-06-25 13:48:44 | INFO | Total consolidado de acessos encontrados: 13
2026-06-25 13:48:44 | INFO | Projeto 'TA-02 - AVCB Túneis -SCI - Km 46+462 - SP-150' carregado para arvore. Groups=11 | UserLists=1 | Outros=1
2026-06-25 13:48:44 | INFO | Iniciando leitura da seguranca do projeto 'TA-03 - AVCB Túneis' (ID: 355836)
2026-06-25 13:48:45 | INFO | Get-PWFolderSecurity retornou 14 item(ns).
2026-06-25 13:48:45 | INFO | Get-PWFolderTreeAccessObjects retornou 1 item(ns).
2026-06-25 13:48:45 | WARN | Cmdlet Get-PWProjectSecurity nao encontrado no ambiente. A leitura seguira apenas com FolderSecurity/TreeAccessObjects.
2026-06-25 13:48:45 | INFO | Total consolidado de acessos encontrados: 13
2026-06-25 13:48:45 | INFO | Projeto 'TA-03 - AVCB Túneis -SCI - Km 47+828 - SP-150' carregado para arvore. Groups=11 | UserLists=1 | Outros=1
2026-06-25 13:48:45 | INFO | Iniciando leitura da seguranca do projeto 'TA-04 - AVCB Túneis' (ID: 355439)
2026-06-25 13:48:45 | INFO | Get-PWFolderSecurity retornou 14 item(ns).
2026-06-25 13:48:45 | INFO | Get-PWFolderTreeAccessObjects retornou 1 item(ns).
2026-06-25 13:48:45 | WARN | Cmdlet Get-PWProjectSecurity nao encontrado no ambiente. A leitura seguira apenas com FolderSecurity/TreeAccessObjects.
2026-06-25 13:48:45 | INFO | Total consolidado de acessos encontrados: 13
2026-06-25 13:48:45 | INFO | Projeto 'TA-04 - AVCB Túneis -SCI - Km 47+793 - SP-160' carregado para arvore. Groups=11 | UserLists=1 | Outros=1
2026-06-25 13:48:45 | INFO | Iniciando leitura da seguranca do projeto 'TA-05 - AVCB Túneis' (ID: 355472)
2026-06-25 13:48:46 | INFO | Get-PWFolderSecurity retornou 14 item(ns).
2026-06-25 13:48:46 | INFO | Get-PWFolderTreeAccessObjects retornou 1 item(ns).
2026-06-25 13:48:46 | WARN | Cmdlet Get-PWProjectSecurity nao encontrado no ambiente. A leitura seguira apenas com FolderSecurity/TreeAccessObjects.
2026-06-25 13:48:46 | INFO | Total consolidado de acessos encontrados: 13
2026-06-25 13:48:46 | INFO | Projeto 'TA-05 - AVCB Túneis -SCI - Km 48+366 - SP-160' carregado para arvore. Groups=11 | UserLists=1 | Outros=1
2026-06-25 13:48:46 | INFO | Iniciando leitura da seguranca do projeto 'TA-06 - AVCB Túneis' (ID: 355505)
2026-06-25 13:48:47 | INFO | Get-PWFolderSecurity retornou 14 item(ns).
2026-06-25 13:48:47 | INFO | Get-PWFolderTreeAccessObjects retornou 1 item(ns).
2026-06-25 13:48:47 | WARN | Cmdlet Get-PWProjectSecurity nao encontrado no ambiente. A leitura seguira apenas com FolderSecurity/TreeAccessObjects.
2026-06-25 13:48:47 | INFO | Total consolidado de acessos encontrados: 13
2026-06-25 13:48:48 | INFO | Projeto 'TA-06 - AVCB Túneis -SCI - Km 48+816 - SP-160' carregado para arvore. Groups=11 | UserLists=1 | Outros=1
2026-06-25 13:48:48 | INFO | Iniciando leitura da seguranca do projeto 'TA-07 - AVCB Túneis' (ID: 355538)
2026-06-25 13:48:49 | INFO | Get-PWFolderSecurity retornou 14 item(ns).
2026-06-25 13:48:49 | INFO | Get-PWFolderTreeAccessObjects retornou 1 item(ns).
2026-06-25 13:48:49 | WARN | Cmdlet Get-PWProjectSecurity nao encontrado no ambiente. A leitura seguira apenas com FolderSecurity/TreeAccessObjects.
2026-06-25 13:48:49 | INFO | Total consolidado de acessos encontrados: 13
2026-06-25 13:48:49 | INFO | Projeto 'TA-07 - AVCB Túneis -SCI - Km 49+336 - SP-160' carregado para arvore. Groups=11 | UserLists=1 | Outros=1
2026-06-25 13:48:49 | INFO | Iniciando leitura da seguranca do projeto 'TA-09 - AVCB Túneis' (ID: 355571)
2026-06-25 13:48:51 | INFO | Get-PWFolderSecurity retornou 14 item(ns).
2026-06-25 13:48:51 | INFO | Get-PWFolderTreeAccessObjects retornou 1 item(ns).
2026-06-25 13:48:51 | WARN | Cmdlet Get-PWProjectSecurity nao encontrado no ambiente. A leitura seguira apenas com FolderSecurity/TreeAccessObjects.
2026-06-25 13:48:51 | INFO | Total consolidado de acessos encontrados: 13
2026-06-25 13:48:51 | INFO | Projeto 'TA-09 - AVCB Túneis -SCI - Km 50+473 - SP-160' carregado para arvore. Groups=11 | UserLists=1 | Outros=1
2026-06-25 13:48:51 | INFO | Iniciando leitura da seguranca do projeto 'TA-10/11 - AVCB Túneis' (ID: 355604)
2026-06-25 13:48:52 | INFO | Get-PWFolderSecurity retornou 14 item(ns).
2026-06-25 13:48:52 | INFO | Get-PWFolderTreeAccessObjects retornou 1 item(ns).
2026-06-25 13:48:52 | WARN | Cmdlet Get-PWProjectSecurity nao encontrado no ambiente. A leitura seguira apenas com FolderSecurity/TreeAccessObjects.
2026-06-25 13:48:52 | INFO | Total consolidado de acessos encontrados: 13
2026-06-25 13:48:53 | INFO | Projeto 'TA-10/11 - AVCB Túneis -SCI - Km 51+495 - SP-160' carregado para arvore. Groups=11 | UserLists=1 | Outros=1
2026-06-25 13:48:53 | INFO | Iniciando leitura da seguranca do projeto 'TA-12 - AVCB Túneis' (ID: 355637)
2026-06-25 13:48:53 | INFO | Get-PWFolderSecurity retornou 14 item(ns).
2026-06-25 13:48:53 | INFO | Get-PWFolderTreeAccessObjects retornou 1 item(ns).
2026-06-25 13:48:53 | WARN | Cmdlet Get-PWProjectSecurity nao encontrado no ambiente. A leitura seguira apenas com FolderSecurity/TreeAccessObjects.
2026-06-25 13:48:53 | INFO | Total consolidado de acessos encontrados: 13
2026-06-25 13:48:53 | INFO | Projeto 'TA-12 - AVCB Túneis -SCI - Km 52+842 - SP-160' carregado para arvore. Groups=11 | UserLists=1 | Outros=1
2026-06-25 13:48:53 | INFO | Iniciando leitura da seguranca do projeto 'TA-13 - AVCB Túneis' (ID: 355671)
2026-06-25 13:48:54 | INFO | Get-PWFolderSecurity retornou 14 item(ns).
2026-06-25 13:48:54 | INFO | Get-PWFolderTreeAccessObjects retornou 1 item(ns).
2026-06-25 13:48:54 | WARN | Cmdlet Get-PWProjectSecurity nao encontrado no ambiente. A leitura seguira apenas com FolderSecurity/TreeAccessObjects.
2026-06-25 13:48:54 | INFO | Total consolidado de acessos encontrados: 13
2026-06-25 13:48:54 | INFO | Projeto 'TA-13 - AVCB Túneis -SCI - Km 53+511 - SP-160' carregado para arvore. Groups=11 | UserLists=1 | Outros=1
2026-06-25 13:48:54 | INFO | Iniciando leitura da seguranca do projeto 'TA-14 - AVCB Túneis' (ID: 355704)
2026-06-25 13:48:55 | INFO | Get-PWFolderSecurity retornou 14 item(ns).
2026-06-25 13:48:55 | INFO | Get-PWFolderTreeAccessObjects retornou 1 item(ns).
2026-06-25 13:48:55 | WARN | Cmdlet Get-PWProjectSecurity nao encontrado no ambiente. A leitura seguira apenas com FolderSecurity/TreeAccessObjects.
2026-06-25 13:48:55 | INFO | Total consolidado de acessos encontrados: 13
2026-06-25 13:48:55 | INFO | Projeto 'TA-14 - AVCB Túneis -SCI - Km 54+339 - SP-160' carregado para arvore. Groups=11 | UserLists=1 | Outros=1
2026-06-25 13:48:55 | INFO | Iniciando leitura da seguranca do projeto 'TD-00 - AVCB Túneis' (ID: 368109)
2026-06-25 13:48:55 | INFO | Get-PWFolderSecurity retornou 14 item(ns).
2026-06-25 13:48:55 | INFO | Get-PWFolderTreeAccessObjects retornou 1 item(ns).
2026-06-25 13:48:55 | WARN | Cmdlet Get-PWProjectSecurity nao encontrado no ambiente. A leitura seguira apenas com FolderSecurity/TreeAccessObjects.
2026-06-25 13:48:55 | INFO | Total consolidado de acessos encontrados: 13
2026-06-25 13:48:55 | INFO | Projeto 'TD-00 - AVCB Túneis - SCI - Km 47+383 - SP-160' carregado para arvore. Groups=11 | UserLists=1 | Outros=1
2026-06-25 13:48:55 | INFO | Iniciando leitura da seguranca do projeto 'TD-01 - AVCB' (ID: 368076)
2026-06-25 13:48:56 | INFO | Get-PWFolderSecurity retornou 14 item(ns).
2026-06-25 13:48:56 | INFO | Get-PWFolderTreeAccessObjects retornou 1 item(ns).
2026-06-25 13:48:56 | WARN | Cmdlet Get-PWProjectSecurity nao encontrado no ambiente. A leitura seguira apenas com FolderSecurity/TreeAccessObjects.
2026-06-25 13:48:56 | INFO | Total consolidado de acessos encontrados: 13
2026-06-25 13:48:56 | INFO | Projeto 'TD-01 - AVCB Túneis - SCI - Km 45+693 - SP-150' carregado para arvore. Groups=11 | UserLists=1 | Outros=1
2026-06-25 13:48:56 | INFO | Iniciando leitura da seguranca do projeto 'TD-01 - AVCB Túneis' (ID: 355770)
2026-06-25 13:48:57 | INFO | Get-PWFolderSecurity retornou 14 item(ns).
2026-06-25 13:48:57 | INFO | Get-PWFolderTreeAccessObjects retornou 1 item(ns).
2026-06-25 13:48:57 | WARN | Cmdlet Get-PWProjectSecurity nao encontrado no ambiente. A leitura seguira apenas com FolderSecurity/TreeAccessObjects.
2026-06-25 13:48:57 | INFO | Total consolidado de acessos encontrados: 13
2026-06-25 13:48:57 | INFO | Projeto 'TD-01 - AVCB Túneis -SCI - Km 47+383 - SP-160' carregado para arvore. Groups=11 | UserLists=1 | Outros=1
2026-06-25 13:48:57 | INFO | Iniciando leitura da seguranca do projeto 'TD-02 - AVCB Túneis' (ID: 355803)
2026-06-25 13:48:57 | INFO | Get-PWFolderSecurity retornou 14 item(ns).
2026-06-25 13:48:58 | INFO | Get-PWFolderTreeAccessObjects retornou 1 item(ns).
2026-06-25 13:48:58 | WARN | Cmdlet Get-PWProjectSecurity nao encontrado no ambiente. A leitura seguira apenas com FolderSecurity/TreeAccessObjects.
2026-06-25 13:48:58 | INFO | Total consolidado de acessos encontrados: 13
2026-06-25 13:48:58 | INFO | Projeto 'TD-02 - AVCB Túneis -SCI - Km 46+758 - SP-150' carregado para arvore. Groups=11 | UserLists=1 | Outros=1
2026-06-25 13:48:58 | INFO | Iniciando leitura da seguranca do projeto 'Túnel Quilombo' (ID: 355869)
2026-06-25 13:48:59 | INFO | Get-PWFolderSecurity retornou 14 item(ns).
2026-06-25 13:48:59 | INFO | Get-PWFolderTreeAccessObjects retornou 1 item(ns).
2026-06-25 13:48:59 | WARN | Cmdlet Get-PWProjectSecurity nao encontrado no ambiente. A leitura seguira apenas com FolderSecurity/TreeAccessObjects.
2026-06-25 13:48:59 | INFO | Total consolidado de acessos encontrados: 13
2026-06-25 13:48:59 | INFO | Projeto 'Túnel Quilombo - Km 252+980 - SP-055' carregado para arvore. Groups=11 | UserLists=1 | Outros=1
2026-06-25 13:57:28 | INFO | Resumo final da execução | Total=60 | Sucesso=57 | JaExiste=3 | Erro=0
2026-06-25 13:57:32 | INFO | Listando pastas da raiz por Root.
2026-06-25 13:57:36 | INFO | Listando filhos da pasta ID: 56
2026-06-25 13:57:46 | INFO | Listando filhos da pasta ID: 760
2026-06-25 13:57:50 | INFO | Listando filhos da pasta ID: 103206
2026-06-25 13:57:57 | INFO | Iniciando leitura da seguranca do projeto '062-Iluminação' (ID: 387189)
2026-06-25 13:57:58 | INFO | Get-PWFolderSecurity retornou 14 item(ns).
2026-06-25 13:57:58 | INFO | Get-PWFolderTreeAccessObjects retornou 1 item(ns).
2026-06-25 13:57:58 | WARN | Cmdlet Get-PWProjectSecurity nao encontrado no ambiente. A leitura seguira apenas com FolderSecurity/TreeAccessObjects.
2026-06-25 13:57:58 | INFO | Total consolidado de acessos encontrados: 13
2026-06-25 13:57:58 | INFO | Projeto '062 - Iluminação km 11 - 45 - SP-070' carregado para arvore. Groups=11 | UserLists=1 | Outros=1
2026-06-25 13:57:58 | INFO | Iniciando leitura da seguranca do projeto 'Marginais km 19-29' (ID: 104029)
2026-06-25 13:57:59 | INFO | Get-PWFolderSecurity retornou 14 item(ns).
2026-06-25 13:57:59 | INFO | Get-PWFolderTreeAccessObjects retornou 1 item(ns).
2026-06-25 13:57:59 | WARN | Cmdlet Get-PWProjectSecurity nao encontrado no ambiente. A leitura seguira apenas com FolderSecurity/TreeAccessObjects.
2026-06-25 13:57:59 | INFO | Total consolidado de acessos encontrados: 13
2026-06-25 13:57:59 | INFO | Projeto 'Retornos e Implantação/Ampliação de Marginais km 19-29' carregado para arvore. Groups=11 | UserLists=1 | Outros=1
2026-06-25 13:57:59 | INFO | Iniciando leitura da seguranca do projeto 'Marginal Taboão' (ID: 103618)
2026-06-25 13:58:00 | INFO | Get-PWFolderSecurity retornou 14 item(ns).
2026-06-25 13:58:00 | INFO | Get-PWFolderTreeAccessObjects retornou 1 item(ns).
2026-06-25 13:58:00 | WARN | Cmdlet Get-PWProjectSecurity nao encontrado no ambiente. A leitura seguira apenas com FolderSecurity/TreeAccessObjects.
2026-06-25 13:58:00 | INFO | Total consolidado de acessos encontrados: 13
2026-06-25 13:58:00 | INFO | Projeto 'Marginal Taboão km 45-51 + Alças km 36 e 38' carregado para arvore. Groups=11 | UserLists=1 | Outros=1
2026-06-25 13:58:00 | INFO | Iniciando leitura da seguranca do projeto 'Prolon Carvalho Pinto' (ID: 326919)
2026-06-25 13:58:01 | INFO | Get-PWFolderSecurity retornou 14 item(ns).
2026-06-25 13:58:01 | INFO | Get-PWFolderTreeAccessObjects retornou 1 item(ns).
2026-06-25 13:58:01 | WARN | Cmdlet Get-PWProjectSecurity nao encontrado no ambiente. A leitura seguira apenas com FolderSecurity/TreeAccessObjects.
2026-06-25 13:58:01 | INFO | Total consolidado de acessos encontrados: 13
2026-06-25 13:58:01 | INFO | Projeto 'Prolongamento Carvalho Pinto - km 134 - SP 070' carregado para arvore. Groups=11 | UserLists=1 | Outros=1
2026-06-25 13:58:01 | INFO | Iniciando leitura da seguranca do projeto 'Viaduto Imigrante' (ID: 103207)
2026-06-25 13:58:03 | INFO | Get-PWFolderSecurity retornou 14 item(ns).
2026-06-25 13:58:03 | INFO | Get-PWFolderTreeAccessObjects retornou 1 item(ns).
2026-06-25 13:58:03 | WARN | Cmdlet Get-PWProjectSecurity nao encontrado no ambiente. A leitura seguira apenas com FolderSecurity/TreeAccessObjects.
2026-06-25 13:58:03 | INFO | Total consolidado de acessos encontrados: 13
2026-06-25 13:58:03 | INFO | Projeto 'Viaduto Imigrante Nordestino e Monteiro Lobato' carregado para arvore. Groups=11 | UserLists=1 | Outros=1
2026-06-25 13:59:18 | INFO | Resumo final da execução | Total=5 | Sucesso=5 | JaExiste=0 | Erro=0
2026-06-25 14:00:32 | INFO | Sessao encerrada com 'Undo-PWLogin'.
