2026-07-15 17:00:00 | INFO | Aplicacao iniciada.
2026-07-15 17:00:00 | INFO | Tentando importar modulo do ProjectWise.
2026-07-15 17:00:00 | INFO | Modulo 'pwps_dab' importado com sucesso.
2026-07-15 17:00:00 | INFO | Tentando conectar ao datasource do ProjectWise.
2026-07-15 17:00:00 | INFO | Tentando conexao via 'New-PWLogin'. Parametros: DatasourceName, UserName, Password, UseGui, DoNotCreateWorkingDirectory, BentleyIMS, LoadWRE, NonAdminLogin, Token, Verbose, Debug, ErrorAction, WarningAction, InformationAction, ErrorVariable, WarningVariable, InformationVariable, OutVariable, OutBuffer, PipelineVariable
2026-07-15 17:00:14 | INFO | Conexao realizada via 'New-PWLogin -BentleyIMS'.
2026-07-15 17:00:14 | INFO | Conexao com ProjectWise realizada com sucesso.
2026-07-15 17:00:30 | INFO | Buscando usuario pelo email: glicia.oliveira@egis-group.com
2026-07-15 17:00:30 | INFO | Parametros encontrados no cmdlet: UserName, UserId, SecProvider, Email, Identity, Disabled, Enabled, LastLogin, LoginInfo, Verbose, Debug, ErrorAction, WarningAction, InformationAction, ErrorVariable, WarningVariable, InformationVariable, OutVariable, OutBuffer, PipelineVariable
2026-07-15 17:00:30 | INFO | Usuario localizado com correspondencia exata de email.
2026-07-15 17:00:32 | INFO | Buscando usuario pelo email: jessica.mello@egis-group.com
2026-07-15 17:00:32 | INFO | Parametros encontrados no cmdlet: UserName, UserId, SecProvider, Email, Identity, Disabled, Enabled, LastLogin, LoginInfo, Verbose, Debug, ErrorAction, WarningAction, InformationAction, ErrorVariable, WarningVariable, InformationVariable, OutVariable, OutBuffer, PipelineVariable
2026-07-15 17:00:32 | INFO | Usuario localizado com correspondencia exata de email.
2026-07-15 17:00:32 | INFO | Buscando usuario pelo email: juliana.batista@egis-group.com
2026-07-15 17:00:32 | INFO | Parametros encontrados no cmdlet: UserName, UserId, SecProvider, Email, Identity, Disabled, Enabled, LastLogin, LoginInfo, Verbose, Debug, ErrorAction, WarningAction, InformationAction, ErrorVariable, WarningVariable, InformationVariable, OutVariable, OutBuffer, PipelineVariable
2026-07-15 17:00:32 | INFO | Usuario localizado com correspondencia exata de email.
2026-07-15 17:00:32 | INFO | Buscando usuario pelo email: kauane.silva@egis-group.com
2026-07-15 17:00:32 | INFO | Parametros encontrados no cmdlet: UserName, UserId, SecProvider, Email, Identity, Disabled, Enabled, LastLogin, LoginInfo, Verbose, Debug, ErrorAction, WarningAction, InformationAction, ErrorVariable, WarningVariable, InformationVariable, OutVariable, OutBuffer, PipelineVariable
2026-07-15 17:00:33 | INFO | Usuario localizado com correspondencia exata de email.
2026-07-15 17:00:36 | INFO | Listando pastas da raiz por Root.
2026-07-15 17:00:37 | INFO | Listando filhos da pasta ID: 56
2026-07-15 17:00:44 | INFO | Listando filhos da pasta ID: 293
2026-07-15 17:00:47 | INFO | Listando filhos da pasta ID: 354300
2026-07-15 17:00:47 | INFO | Iniciando leitura da seguranca do projeto 'Faixa Adicional km 321' (ID: 354301)
2026-07-15 17:00:48 | INFO | Get-PWFolderSecurity retornou 14 item(ns).
2026-07-15 17:00:48 | INFO | Get-PWFolderTreeAccessObjects retornou 1 item(ns).
2026-07-15 17:00:48 | WARN | Cmdlet Get-PWProjectSecurity nao encontrado no ambiente. A leitura seguira apenas com FolderSecurity/TreeAccessObjects.
2026-07-15 17:00:48 | INFO | Total consolidado de acessos encontrados: 13
2026-07-15 17:00:49 | INFO | Projeto 'Faixa Adicional Baia e Alargamento - km 321+600 - 322+500 - BR101/RJ' carregado para arvore. Groups=11 | UserLists=1 | Outros=1
2026-07-15 17:07:25 | INFO | Sessao encerrada com 'Undo-PWLogin'.
