2026-06-18 10:28:47 | INFO | Aplicacao iniciada.
2026-06-18 10:28:47 | INFO | Tentando importar modulo do ProjectWise.
2026-06-18 10:28:47 | INFO | Modulo 'pwps_dab' importado com sucesso.
2026-06-18 10:28:47 | INFO | Tentando conectar ao datasource do ProjectWise.
2026-06-18 10:28:47 | INFO | Tentando conexao via 'New-PWLogin'. Parametros: DatasourceName, UserName, Password, UseGui, DoNotCreateWorkingDirectory, BentleyIMS, LoadWRE, NonAdminLogin, Token, Verbose, Debug, ErrorAction, WarningAction, InformationAction, ErrorVariable, WarningVariable, InformationVariable, OutVariable, OutBuffer, PipelineVariable
2026-06-18 10:28:56 | INFO | Conexao realizada via 'New-PWLogin -BentleyIMS'.
2026-06-18 10:28:56 | INFO | Conexao com ProjectWise realizada com sucesso.
2026-06-18 10:29:05 | INFO | Buscando usuario pelo email: camila.assis@ecovias.com.br
2026-06-18 10:29:05 | INFO | Parametros encontrados no cmdlet: UserName, UserId, SecProvider, Email, Identity, Disabled, Enabled, LastLogin, LoginInfo, Verbose, Debug, ErrorAction, WarningAction, InformationAction, ErrorVariable, WarningVariable, InformationVariable, OutVariable, OutBuffer, PipelineVariable
2026-06-18 10:29:05 | INFO | Usuario localizado com correspondencia exata de email.
2026-06-18 10:29:07 | INFO | Buscando usuario pelo email: leticia.p.silva@ecovias.com.br
2026-06-18 10:29:07 | INFO | Parametros encontrados no cmdlet: UserName, UserId, SecProvider, Email, Identity, Disabled, Enabled, LastLogin, LoginInfo, Verbose, Debug, ErrorAction, WarningAction, InformationAction, ErrorVariable, WarningVariable, InformationVariable, OutVariable, OutBuffer, PipelineVariable
2026-06-18 10:29:07 | INFO | Usuario localizado com correspondencia exata de email.
2026-06-18 10:29:07 | INFO | Buscando usuario pelo email: luis.salvador@ecorodovias.com.br
2026-06-18 10:29:07 | INFO | Parametros encontrados no cmdlet: UserName, UserId, SecProvider, Email, Identity, Disabled, Enabled, LastLogin, LoginInfo, Verbose, Debug, ErrorAction, WarningAction, InformationAction, ErrorVariable, WarningVariable, InformationVariable, OutVariable, OutBuffer, PipelineVariable
2026-06-18 10:29:07 | INFO | Usuario localizado com correspondencia exata de email.
2026-06-18 10:29:08 | INFO | Buscando usuario pelo email: patricia.espinosa@ecovias.com.br
2026-06-18 10:29:08 | INFO | Parametros encontrados no cmdlet: UserName, UserId, SecProvider, Email, Identity, Disabled, Enabled, LastLogin, LoginInfo, Verbose, Debug, ErrorAction, WarningAction, InformationAction, ErrorVariable, WarningVariable, InformationVariable, OutVariable, OutBuffer, PipelineVariable
2026-06-18 10:29:08 | INFO | Usuario localizado com correspondencia exata de email.
2026-06-18 10:29:08 | INFO | Buscando usuario pelo email: silvio.souza@ecovias.com.br
2026-06-18 10:29:08 | INFO | Parametros encontrados no cmdlet: UserName, UserId, SecProvider, Email, Identity, Disabled, Enabled, LastLogin, LoginInfo, Verbose, Debug, ErrorAction, WarningAction, InformationAction, ErrorVariable, WarningVariable, InformationVariable, OutVariable, OutBuffer, PipelineVariable
2026-06-18 10:29:08 | INFO | Usuario localizado com correspondencia exata de email.
2026-06-18 10:29:08 | INFO | Buscando usuario pelo email: t_airton.magalhaes@ecorodovias.com.br
2026-06-18 10:29:08 | INFO | Parametros encontrados no cmdlet: UserName, UserId, SecProvider, Email, Identity, Disabled, Enabled, LastLogin, LoginInfo, Verbose, Debug, ErrorAction, WarningAction, InformationAction, ErrorVariable, WarningVariable, InformationVariable, OutVariable, OutBuffer, PipelineVariable
2026-06-18 10:29:08 | INFO | Usuario localizado com correspondencia exata de email.
2026-06-18 10:29:09 | INFO | Buscando usuario pelo email: t_gabriel.rodrigues@ecorodovias.com.br
2026-06-18 10:29:09 | INFO | Parametros encontrados no cmdlet: UserName, UserId, SecProvider, Email, Identity, Disabled, Enabled, LastLogin, LoginInfo, Verbose, Debug, ErrorAction, WarningAction, InformationAction, ErrorVariable, WarningVariable, InformationVariable, OutVariable, OutBuffer, PipelineVariable
2026-06-18 10:29:09 | INFO | Usuario localizado com correspondencia exata de email.
2026-06-18 10:29:10 | INFO | Buscando usuario pelo email: t_patricia.santos@ecovias.com.br
2026-06-18 10:29:10 | INFO | Parametros encontrados no cmdlet: UserName, UserId, SecProvider, Email, Identity, Disabled, Enabled, LastLogin, LoginInfo, Verbose, Debug, ErrorAction, WarningAction, InformationAction, ErrorVariable, WarningVariable, InformationVariable, OutVariable, OutBuffer, PipelineVariable
2026-06-18 10:29:10 | INFO | Usuario localizado com correspondencia exata de email.
2026-06-18 10:29:10 | INFO | Buscando usuario pelo email: tamara.avila@ecovias.com.br
2026-06-18 10:29:10 | INFO | Parametros encontrados no cmdlet: UserName, UserId, SecProvider, Email, Identity, Disabled, Enabled, LastLogin, LoginInfo, Verbose, Debug, ErrorAction, WarningAction, InformationAction, ErrorVariable, WarningVariable, InformationVariable, OutVariable, OutBuffer, PipelineVariable
2026-06-18 10:29:10 | INFO | Usuario localizado com correspondencia exata de email.
2026-06-18 10:29:10 | INFO | Buscando usuario pelo email: yanina.ferreira@ecovias.com.br
2026-06-18 10:29:10 | INFO | Parametros encontrados no cmdlet: UserName, UserId, SecProvider, Email, Identity, Disabled, Enabled, LastLogin, LoginInfo, Verbose, Debug, ErrorAction, WarningAction, InformationAction, ErrorVariable, WarningVariable, InformationVariable, OutVariable, OutBuffer, PipelineVariable
2026-06-18 10:29:10 | INFO | Usuario localizado com correspondencia exata de email.
2026-06-18 10:29:20 | INFO | Buscando usuario pelo email: t_walter.junior@ecorodovias.com.br
2026-06-18 10:29:20 | INFO | Parametros encontrados no cmdlet: UserName, UserId, SecProvider, Email, Identity, Disabled, Enabled, LastLogin, LoginInfo, Verbose, Debug, ErrorAction, WarningAction, InformationAction, ErrorVariable, WarningVariable, InformationVariable, OutVariable, OutBuffer, PipelineVariable
2026-06-18 10:29:20 | INFO | Usuario localizado com correspondencia exata de email.
2026-06-18 10:29:23 | INFO | Listando pastas da raiz por Root.
2026-06-18 10:29:23 | INFO | Listando filhos da pasta ID: 56
2026-06-18 10:29:31 | INFO | Listando filhos da pasta ID: 1101
2026-06-18 10:29:31 | INFO | Listando filhos da pasta ID: 1118
2026-06-18 10:29:52 | INFO | Iniciando leitura da seguranca do projeto 'Ampliações 4° Ano Linha' (ID: 410315)
2026-06-18 10:29:52 | INFO | Get-PWFolderSecurity retornou 14 item(ns).
2026-06-18 10:29:53 | INFO | Get-PWFolderTreeAccessObjects retornou 1 item(ns).
2026-06-18 10:29:53 | WARN | Cmdlet Get-PWProjectSecurity nao encontrado no ambiente. A leitura seguira apenas com FolderSecurity/TreeAccessObjects.
2026-06-18 10:29:53 | INFO | Total consolidado de acessos encontrados: 13
2026-06-18 10:29:53 | INFO | Projeto 'Ampliações 4° Ano - Lote 19 - Linha Férrea - km 189+640 - BR116/RJ' carregado para arvore. Groups=11 | UserLists=1 | Outros=1
2026-06-18 10:29:53 | INFO | Iniciando leitura da seguranca do projeto 'Ampliações 4° Ano SH 01' (ID: 410130)
2026-06-18 10:29:53 | INFO | Get-PWFolderSecurity retornou 14 item(ns).
2026-06-18 10:29:53 | INFO | Get-PWFolderTreeAccessObjects retornou 1 item(ns).
2026-06-18 10:29:53 | WARN | Cmdlet Get-PWProjectSecurity nao encontrado no ambiente. A leitura seguira apenas com FolderSecurity/TreeAccessObjects.
2026-06-18 10:29:53 | INFO | Total consolidado de acessos encontrados: 13
2026-06-18 10:29:53 | INFO | Projeto 'Ampliações 4° Ano SH 01 - km 408,580 + 412,830 - BR116/MG' carregado para arvore. Groups=11 | UserLists=1 | Outros=1
2026-06-18 10:29:53 | INFO | Iniciando leitura da seguranca do projeto 'Ampliações 4° Ano SH 01-Pref' (ID: 410167)
2026-06-18 10:29:54 | INFO | Get-PWFolderSecurity retornou 14 item(ns).
2026-06-18 10:29:54 | INFO | Get-PWFolderTreeAccessObjects retornou 1 item(ns).
2026-06-18 10:29:54 | WARN | Cmdlet Get-PWProjectSecurity nao encontrado no ambiente. A leitura seguira apenas com FolderSecurity/TreeAccessObjects.
2026-06-18 10:29:54 | INFO | Total consolidado de acessos encontrados: 13
2026-06-18 10:29:54 | INFO | Projeto 'Ampliações 4° Ano SH 01 - Prefeitura - km 408,580 + 412,830 - BR116/MG' carregado para arvore. Groups=11 | UserLists=1 | Outros=1
2026-06-18 10:29:54 | INFO | Iniciando leitura da seguranca do projeto 'Ampliações 4° Ano SH 02' (ID: 410204)
2026-06-18 10:29:54 | INFO | Get-PWFolderSecurity retornou 14 item(ns).
2026-06-18 10:29:55 | INFO | Get-PWFolderTreeAccessObjects retornou 1 item(ns).
2026-06-18 10:29:55 | WARN | Cmdlet Get-PWProjectSecurity nao encontrado no ambiente. A leitura seguira apenas com FolderSecurity/TreeAccessObjects.
2026-06-18 10:29:55 | INFO | Total consolidado de acessos encontrados: 13
2026-06-18 10:29:55 | INFO | Projeto 'Ampliações 4° Ano SH 02 - km 412,830 + 421,170 - BR116/MG' carregado para arvore. Groups=11 | UserLists=1 | Outros=1
2026-06-18 10:29:55 | INFO | Iniciando leitura da seguranca do projeto 'Ampliações 4° Ano SH 38' (ID: 141260)
2026-06-18 10:29:55 | INFO | Get-PWFolderSecurity retornou 14 item(ns).
2026-06-18 10:29:55 | INFO | Get-PWFolderTreeAccessObjects retornou 1 item(ns).
2026-06-18 10:29:55 | WARN | Cmdlet Get-PWProjectSecurity nao encontrado no ambiente. A leitura seguira apenas com FolderSecurity/TreeAccessObjects.
2026-06-18 10:29:55 | INFO | Total consolidado de acessos encontrados: 13
2026-06-18 10:29:55 | INFO | Projeto 'Ampliações 4° Ano SH 38 - km 0,000 + 15,480 - BR493/RJ' carregado para arvore. Groups=11 | UserLists=1 | Outros=1
2026-06-18 10:29:55 | INFO | Iniciando leitura da seguranca do projeto 'Ampliações 4° Ano SH 39' (ID: 142041)
2026-06-18 10:29:56 | INFO | Get-PWFolderSecurity retornou 14 item(ns).
2026-06-18 10:29:56 | INFO | Get-PWFolderTreeAccessObjects retornou 1 item(ns).
2026-06-18 10:29:56 | WARN | Cmdlet Get-PWProjectSecurity nao encontrado no ambiente. A leitura seguira apenas com FolderSecurity/TreeAccessObjects.
2026-06-18 10:29:56 | INFO | Total consolidado de acessos encontrados: 13
2026-06-18 10:29:56 | INFO | Projeto 'Ampliações 4° Ano SH 39 - km 15,480 + 19,640 - BR493/RJ' carregado para arvore. Groups=11 | UserLists=1 | Outros=1
2026-06-18 10:29:56 | INFO | Iniciando leitura da seguranca do projeto 'Ampliações 4° Ano SH 40' (ID: 142822)
2026-06-18 10:29:57 | INFO | Get-PWFolderSecurity retornou 14 item(ns).
2026-06-18 10:29:57 | INFO | Get-PWFolderTreeAccessObjects retornou 1 item(ns).
2026-06-18 10:29:57 | WARN | Cmdlet Get-PWProjectSecurity nao encontrado no ambiente. A leitura seguira apenas com FolderSecurity/TreeAccessObjects.
2026-06-18 10:29:57 | INFO | Total consolidado de acessos encontrados: 13
2026-06-18 10:29:57 | INFO | Projeto 'Ampliações 4° Ano SH 40 - km 19,640 + 25,370 - BR493/RJ' carregado para arvore. Groups=11 | UserLists=1 | Outros=1
2026-06-18 10:29:57 | INFO | Iniciando leitura da seguranca do projeto 'Ampliações 4° Ano SH 49' (ID: 410278)
2026-06-18 10:29:57 | INFO | Get-PWFolderSecurity retornou 14 item(ns).
2026-06-18 10:29:57 | INFO | Get-PWFolderTreeAccessObjects retornou 1 item(ns).
2026-06-18 10:29:57 | WARN | Cmdlet Get-PWProjectSecurity nao encontrado no ambiente. A leitura seguira apenas com FolderSecurity/TreeAccessObjects.
2026-06-18 10:29:57 | INFO | Total consolidado de acessos encontrados: 13
2026-06-18 10:29:57 | INFO | Projeto 'Ampliações 4° Ano SH 49 - km 168,720 + 171,930 - BR116/RJ' carregado para arvore. Groups=11 | UserLists=1 | Outros=1
2026-06-18 10:29:57 | INFO | Iniciando leitura da seguranca do projeto 'Ampliações 4° Ano SH 50' (ID: 150633)
2026-06-18 10:29:58 | INFO | Get-PWFolderSecurity retornou 14 item(ns).
2026-06-18 10:29:58 | INFO | Get-PWFolderTreeAccessObjects retornou 1 item(ns).
2026-06-18 10:29:58 | WARN | Cmdlet Get-PWProjectSecurity nao encontrado no ambiente. A leitura seguira apenas com FolderSecurity/TreeAccessObjects.
2026-06-18 10:29:58 | INFO | Total consolidado de acessos encontrados: 13
2026-06-18 10:29:58 | INFO | Projeto 'Ampliações 4° Ano SH 50 - km 171,930 + 174,320 - BR116/RJ' carregado para arvore. Groups=11 | UserLists=1 | Outros=1
2026-06-18 10:29:58 | INFO | Iniciando leitura da seguranca do projeto 'Ampliações 4° Ano SH 51' (ID: 151414)
2026-06-18 10:29:59 | INFO | Get-PWFolderSecurity retornou 14 item(ns).
2026-06-18 10:29:59 | INFO | Get-PWFolderTreeAccessObjects retornou 1 item(ns).
2026-06-18 10:29:59 | WARN | Cmdlet Get-PWProjectSecurity nao encontrado no ambiente. A leitura seguira apenas com FolderSecurity/TreeAccessObjects.
2026-06-18 10:29:59 | INFO | Total consolidado de acessos encontrados: 13
2026-06-18 10:29:59 | INFO | Projeto 'Ampliações 4° Ano SH 51 - km 174,320 + 178,420 - BR116/RJ' carregado para arvore. Groups=11 | UserLists=1 | Outros=1
2026-06-18 10:29:59 | INFO | Iniciando leitura da seguranca do projeto 'Ampliações 4° Ano SH 52' (ID: 152195)
2026-06-18 10:29:59 | INFO | Get-PWFolderSecurity retornou 14 item(ns).
2026-06-18 10:29:59 | INFO | Get-PWFolderTreeAccessObjects retornou 1 item(ns).
2026-06-18 10:29:59 | WARN | Cmdlet Get-PWProjectSecurity nao encontrado no ambiente. A leitura seguira apenas com FolderSecurity/TreeAccessObjects.
2026-06-18 10:29:59 | INFO | Total consolidado de acessos encontrados: 13
2026-06-18 10:29:59 | INFO | Projeto 'Ampliações 4° Ano SH 52 - km 178,420 + 181,630 - BR116/RJ' carregado para arvore. Groups=11 | UserLists=1 | Outros=1
2026-06-18 10:29:59 | INFO | Iniciando leitura da seguranca do projeto 'Ampliações 4° Ano SH 53' (ID: 152977)
2026-06-18 10:30:00 | INFO | Get-PWFolderSecurity retornou 14 item(ns).
2026-06-18 10:30:00 | INFO | Get-PWFolderTreeAccessObjects retornou 1 item(ns).
2026-06-18 10:30:00 | WARN | Cmdlet Get-PWProjectSecurity nao encontrado no ambiente. A leitura seguira apenas com FolderSecurity/TreeAccessObjects.
2026-06-18 10:30:00 | INFO | Total consolidado de acessos encontrados: 13
2026-06-18 10:30:00 | INFO | Projeto 'Ampliações 4° Ano SH 53 - km 181,630 + 185,530 - BR116/RJ' carregado para arvore. Groups=11 | UserLists=1 | Outros=1
2026-06-18 10:30:00 | INFO | Iniciando leitura da seguranca do projeto 'Ampliações 4° Ano SH 54' (ID: 153758)
2026-06-18 10:30:01 | INFO | Get-PWFolderSecurity retornou 14 item(ns).
2026-06-18 10:30:01 | INFO | Get-PWFolderTreeAccessObjects retornou 1 item(ns).
2026-06-18 10:30:01 | WARN | Cmdlet Get-PWProjectSecurity nao encontrado no ambiente. A leitura seguira apenas com FolderSecurity/TreeAccessObjects.
2026-06-18 10:30:01 | INFO | Total consolidado de acessos encontrados: 13
2026-06-18 10:30:01 | INFO | Projeto 'Ampliações 4° Ano SH 54 - km 185,530 + 189,620 - BR116/RJ' carregado para arvore. Groups=11 | UserLists=1 | Outros=1
2026-06-18 10:30:01 | INFO | Iniciando leitura da seguranca do projeto 'Ampliações 4° Ano SH 55' (ID: 154539)
2026-06-18 10:30:01 | INFO | Get-PWFolderSecurity retornou 14 item(ns).
2026-06-18 10:30:01 | INFO | Get-PWFolderTreeAccessObjects retornou 1 item(ns).
2026-06-18 10:30:01 | WARN | Cmdlet Get-PWProjectSecurity nao encontrado no ambiente. A leitura seguira apenas com FolderSecurity/TreeAccessObjects.
2026-06-18 10:30:02 | INFO | Total consolidado de acessos encontrados: 13
2026-06-18 10:30:02 | INFO | Projeto 'Ampliações 4° Ano SH 55 - km 189,620 + 196,120 - BR116/RJ' carregado para arvore. Groups=11 | UserLists=1 | Outros=1
2026-06-18 10:30:02 | INFO | Iniciando leitura da seguranca do projeto 'Ampliações 4° Ano SH 56' (ID: 155320)
2026-06-18 10:30:02 | INFO | Get-PWFolderSecurity retornou 14 item(ns).
2026-06-18 10:30:02 | INFO | Get-PWFolderTreeAccessObjects retornou 1 item(ns).
2026-06-18 10:30:02 | WARN | Cmdlet Get-PWProjectSecurity nao encontrado no ambiente. A leitura seguira apenas com FolderSecurity/TreeAccessObjects.
2026-06-18 10:30:02 | INFO | Total consolidado de acessos encontrados: 13
2026-06-18 10:30:02 | INFO | Projeto 'Ampliações 4° Ano SH 56 - km 196,120 + 204,320 - BR116/RJ' carregado para arvore. Groups=11 | UserLists=1 | Outros=1
2026-06-18 10:30:02 | INFO | Iniciando leitura da seguranca do projeto 'Ampliações 4°Ano SH 02-Pref' (ID: 410241)
2026-06-18 10:30:03 | INFO | Get-PWFolderSecurity retornou 14 item(ns).
2026-06-18 10:30:03 | INFO | Get-PWFolderTreeAccessObjects retornou 1 item(ns).
2026-06-18 10:30:03 | WARN | Cmdlet Get-PWProjectSecurity nao encontrado no ambiente. A leitura seguira apenas com FolderSecurity/TreeAccessObjects.
2026-06-18 10:30:03 | INFO | Total consolidado de acessos encontrados: 13
2026-06-18 10:30:03 | INFO | Projeto 'Ampliações 4° Ano SH 02 - Prefeitura - km 412,830 + 421,170 - BR116/MG' carregado para arvore. Groups=11 | UserLists=1 | Outros=1
2026-06-18 10:30:03 | INFO | Iniciando leitura da seguranca do projeto 'Ampliações 5° Ano SH 07' (ID: 105224)
2026-06-18 10:30:04 | INFO | Get-PWFolderSecurity retornou 14 item(ns).
2026-06-18 10:30:04 | INFO | Get-PWFolderTreeAccessObjects retornou 1 item(ns).
2026-06-18 10:30:04 | WARN | Cmdlet Get-PWProjectSecurity nao encontrado no ambiente. A leitura seguira apenas com FolderSecurity/TreeAccessObjects.
2026-06-18 10:30:04 | INFO | Total consolidado de acessos encontrados: 13
2026-06-18 10:30:04 | INFO | Projeto 'Ampliações 5° Ano SH 07 - km 499,330 + 519,730 - BR116/MG' carregado para arvore. Groups=11 | UserLists=1 | Outros=1
2026-06-18 10:30:04 | INFO | Iniciando leitura da seguranca do projeto 'Ampliações 5° Ano SH 08' (ID: 106344)
2026-06-18 10:30:04 | INFO | Get-PWFolderSecurity retornou 14 item(ns).
2026-06-18 10:30:05 | INFO | Get-PWFolderTreeAccessObjects retornou 1 item(ns).
2026-06-18 10:30:05 | WARN | Cmdlet Get-PWProjectSecurity nao encontrado no ambiente. A leitura seguira apenas com FolderSecurity/TreeAccessObjects.
2026-06-18 10:30:05 | INFO | Total consolidado de acessos encontrados: 13
2026-06-18 10:30:05 | INFO | Projeto 'Ampliações 5° Ano SH 08 - km 519,730 + 522,730 - BR116/MG' carregado para arvore. Groups=11 | UserLists=1 | Outros=1
2026-06-18 10:30:05 | INFO | Iniciando leitura da seguranca do projeto 'Ampliações 5° Ano SH 09' (ID: 107740)
2026-06-18 10:30:05 | INFO | Get-PWFolderSecurity retornou 14 item(ns).
2026-06-18 10:30:05 | INFO | Get-PWFolderTreeAccessObjects retornou 1 item(ns).
2026-06-18 10:30:05 | WARN | Cmdlet Get-PWProjectSecurity nao encontrado no ambiente. A leitura seguira apenas com FolderSecurity/TreeAccessObjects.
2026-06-18 10:30:05 | INFO | Total consolidado de acessos encontrados: 13
2026-06-18 10:30:05 | INFO | Projeto 'Ampliações 5° Ano SH 09 - km 522,730 + 525,840 - BR116/MG' carregado para arvore. Groups=11 | UserLists=1 | Outros=1
2026-06-18 10:30:05 | INFO | Iniciando leitura da seguranca do projeto 'Ampliações 5° Ano SH 10' (ID: 109211)
2026-06-18 10:30:06 | INFO | Get-PWFolderSecurity retornou 14 item(ns).
2026-06-18 10:30:06 | INFO | Get-PWFolderTreeAccessObjects retornou 1 item(ns).
2026-06-18 10:30:06 | WARN | Cmdlet Get-PWProjectSecurity nao encontrado no ambiente. A leitura seguira apenas com FolderSecurity/TreeAccessObjects.
2026-06-18 10:30:06 | INFO | Total consolidado de acessos encontrados: 13
2026-06-18 10:30:06 | INFO | Projeto 'Ampliações 5° Ano SH 10 - km 525,840 + 527,530 - BR116/MG' carregado para arvore. Groups=11 | UserLists=1 | Outros=1
2026-06-18 10:30:06 | INFO | Iniciando leitura da seguranca do projeto 'Ampliações 5° Ano SH 57' (ID: 156101)
2026-06-18 10:30:07 | INFO | Get-PWFolderSecurity retornou 14 item(ns).
2026-06-18 10:30:07 | INFO | Get-PWFolderTreeAccessObjects retornou 1 item(ns).
2026-06-18 10:30:07 | WARN | Cmdlet Get-PWProjectSecurity nao encontrado no ambiente. A leitura seguira apenas com FolderSecurity/TreeAccessObjects.
2026-06-18 10:30:07 | INFO | Total consolidado de acessos encontrados: 13
2026-06-18 10:30:07 | INFO | Projeto 'Ampliações 5° Ano SH 57 - km 204,320 + 211,820 - BR116/RJ' carregado para arvore. Groups=11 | UserLists=1 | Outros=1
2026-06-18 10:30:07 | INFO | Iniciando leitura da seguranca do projeto 'Ampliações 5° Ano SH 58' (ID: 156882)
2026-06-18 10:30:07 | INFO | Get-PWFolderSecurity retornou 14 item(ns).
2026-06-18 10:30:07 | INFO | Get-PWFolderTreeAccessObjects retornou 1 item(ns).
2026-06-18 10:30:07 | WARN | Cmdlet Get-PWProjectSecurity nao encontrado no ambiente. A leitura seguira apenas com FolderSecurity/TreeAccessObjects.
2026-06-18 10:30:07 | INFO | Total consolidado de acessos encontrados: 13
2026-06-18 10:30:07 | INFO | Projeto 'Ampliações 5° Ano SH 58 - km 211,820 + 214,700 - BR116/RJ' carregado para arvore. Groups=11 | UserLists=1 | Outros=1
2026-06-18 10:30:07 | INFO | Iniciando leitura da seguranca do projeto 'Ampliações 6° Ano SH 03' (ID: 94037)
2026-06-18 10:30:08 | INFO | Get-PWFolderSecurity retornou 14 item(ns).
2026-06-18 10:30:08 | INFO | Get-PWFolderTreeAccessObjects retornou 1 item(ns).
2026-06-18 10:30:08 | WARN | Cmdlet Get-PWProjectSecurity nao encontrado no ambiente. A leitura seguira apenas com FolderSecurity/TreeAccessObjects.
2026-06-18 10:30:08 | INFO | Total consolidado de acessos encontrados: 13
2026-06-18 10:30:08 | INFO | Projeto 'Ampliações 6° Ano SH 03 - km 421,170 + 456,260 - BR116/MG' carregado para arvore. Groups=11 | UserLists=1 | Outros=1
2026-06-18 10:30:08 | INFO | Iniciando leitura da seguranca do projeto 'Ampliações 6° Ano SH 06' (ID: 97162)
2026-06-18 10:30:09 | INFO | Get-PWFolderSecurity retornou 14 item(ns).
2026-06-18 10:30:09 | INFO | Get-PWFolderTreeAccessObjects retornou 1 item(ns).
2026-06-18 10:30:09 | WARN | Cmdlet Get-PWProjectSecurity nao encontrado no ambiente. A leitura seguira apenas com FolderSecurity/TreeAccessObjects.
2026-06-18 10:30:09 | INFO | Total consolidado de acessos encontrados: 13
2026-06-18 10:30:09 | INFO | Projeto 'Ampliações 6° Ano SH 06 - km 485,540 + 499,330 - BR116/MG' carregado para arvore. Groups=11 | UserLists=1 | Outros=1
2026-06-18 10:30:09 | INFO | Iniciando leitura da seguranca do projeto 'Ampliações 6° Ano SH 12' (ID: 112069)
2026-06-18 10:30:09 | INFO | Get-PWFolderSecurity retornou 14 item(ns).
2026-06-18 10:30:09 | INFO | Get-PWFolderTreeAccessObjects retornou 1 item(ns).
2026-06-18 10:30:09 | WARN | Cmdlet Get-PWProjectSecurity nao encontrado no ambiente. A leitura seguira apenas com FolderSecurity/TreeAccessObjects.
2026-06-18 10:30:09 | INFO | Total consolidado de acessos encontrados: 13
2026-06-18 10:30:09 | INFO | Projeto 'Ampliações 6° Ano SH 12 - km 561,400 + 586,570 - BR116/MG' carregado para arvore. Groups=11 | UserLists=1 | Outros=1
2026-06-18 10:30:09 | INFO | Iniciando leitura da seguranca do projeto 'Ampliações 6° Ano SH 13' (ID: 113597)
2026-06-18 10:30:10 | INFO | Get-PWFolderSecurity retornou 14 item(ns).
2026-06-18 10:30:10 | INFO | Get-PWFolderTreeAccessObjects retornou 1 item(ns).
2026-06-18 10:30:10 | WARN | Cmdlet Get-PWProjectSecurity nao encontrado no ambiente. A leitura seguira apenas com FolderSecurity/TreeAccessObjects.
2026-06-18 10:30:10 | INFO | Total consolidado de acessos encontrados: 13
2026-06-18 10:30:10 | INFO | Projeto 'Ampliações 6° Ano SH 13 - km 588,700 + 606,830 - BR116/MG' carregado para arvore. Groups=11 | UserLists=1 | Outros=1
2026-06-18 10:30:10 | INFO | Iniciando leitura da seguranca do projeto 'Ampliações 6° Ano SH 17' (ID: 117972)
2026-06-18 10:30:11 | INFO | Get-PWFolderSecurity retornou 14 item(ns).
2026-06-18 10:30:11 | INFO | Get-PWFolderTreeAccessObjects retornou 1 item(ns).
2026-06-18 10:30:11 | WARN | Cmdlet Get-PWProjectSecurity nao encontrado no ambiente. A leitura seguira apenas com FolderSecurity/TreeAccessObjects.
2026-06-18 10:30:11 | INFO | Total consolidado de acessos encontrados: 13
2026-06-18 10:30:11 | INFO | Projeto 'Ampliações 6° Ano SH 17 - km 702,260 + 703,450 - BR116/MG' carregado para arvore. Groups=11 | UserLists=1 | Outros=1
2026-06-18 10:30:11 | INFO | Iniciando leitura da seguranca do projeto 'Ampliações 6° Ano SH 29' (ID: 127889)
2026-06-18 10:30:11 | INFO | Get-PWFolderSecurity retornou 14 item(ns).
2026-06-18 10:30:11 | INFO | Get-PWFolderTreeAccessObjects retornou 1 item(ns).
2026-06-18 10:30:12 | WARN | Cmdlet Get-PWProjectSecurity nao encontrado no ambiente. A leitura seguira apenas com FolderSecurity/TreeAccessObjects.
2026-06-18 10:30:12 | INFO | Total consolidado de acessos encontrados: 13
2026-06-18 10:30:12 | INFO | Projeto 'Ampliações 6° Ano SH 29 - km 59,430 + 80,520 - BR116/RJ' carregado para arvore. Groups=11 | UserLists=1 | Outros=1
2026-06-18 10:30:12 | INFO | Iniciando leitura da seguranca do projeto 'Ampliações 6° Ano SH 30' (ID: 128672)
2026-06-18 10:30:12 | INFO | Get-PWFolderSecurity retornou 14 item(ns).
2026-06-18 10:30:12 | INFO | Get-PWFolderTreeAccessObjects retornou 1 item(ns).
2026-06-18 10:30:12 | WARN | Cmdlet Get-PWProjectSecurity nao encontrado no ambiente. A leitura seguira apenas com FolderSecurity/TreeAccessObjects.
2026-06-18 10:30:12 | INFO | Total consolidado de acessos encontrados: 13
2026-06-18 10:30:12 | INFO | Projeto 'Ampliações 6° Ano SH 30 - km 80,520 + 93,180 - BR116/RJ' carregado para arvore. Groups=11 | UserLists=1 | Outros=1
2026-06-18 10:30:12 | INFO | Iniciando leitura da seguranca do projeto 'Ampliações 6° Ano SH 31' (ID: 135793)
2026-06-18 10:30:13 | INFO | Get-PWFolderSecurity retornou 14 item(ns).
2026-06-18 10:30:13 | INFO | Get-PWFolderTreeAccessObjects retornou 1 item(ns).
2026-06-18 10:30:13 | WARN | Cmdlet Get-PWProjectSecurity nao encontrado no ambiente. A leitura seguira apenas com FolderSecurity/TreeAccessObjects.
2026-06-18 10:30:13 | INFO | Total consolidado de acessos encontrados: 13
2026-06-18 10:30:13 | INFO | Projeto 'Ampliações 6° Ano SH 31 - km 93,180 + 108,430 -  BR116/RJ' carregado para arvore. Groups=11 | UserLists=1 | Outros=1
2026-06-18 10:30:13 | INFO | Iniciando leitura da seguranca do projeto 'Ampliações 6° Ano SH 35' (ID: 138917)
2026-06-18 10:30:14 | INFO | Get-PWFolderSecurity retornou 14 item(ns).
2026-06-18 10:30:14 | INFO | Get-PWFolderTreeAccessObjects retornou 1 item(ns).
2026-06-18 10:30:14 | WARN | Cmdlet Get-PWProjectSecurity nao encontrado no ambiente. A leitura seguira apenas com FolderSecurity/TreeAccessObjects.
2026-06-18 10:30:14 | INFO | Total consolidado de acessos encontrados: 13
2026-06-18 10:30:14 | INFO | Projeto 'Ampliações 6° Ano SH 35 - km 126,500 + 137,110 - BR116/RJ' carregado para arvore. Groups=11 | UserLists=1 | Outros=1
2026-06-18 10:30:14 | INFO | Iniciando leitura da seguranca do projeto 'Ampliações 6° Ano SH 36' (ID: 139698)
2026-06-18 10:30:14 | INFO | Get-PWFolderSecurity retornou 14 item(ns).
2026-06-18 10:30:14 | INFO | Get-PWFolderTreeAccessObjects retornou 1 item(ns).
2026-06-18 10:30:14 | WARN | Cmdlet Get-PWProjectSecurity nao encontrado no ambiente. A leitura seguira apenas com FolderSecurity/TreeAccessObjects.
2026-06-18 10:30:14 | INFO | Total consolidado de acessos encontrados: 13
2026-06-18 10:30:14 | INFO | Projeto 'Ampliações 6° Ano SH 36 - km 137,110 + 141,530 - BR116/RJ' carregado para arvore. Groups=11 | UserLists=1 | Outros=1
2026-06-18 10:30:14 | INFO | Iniciando leitura da seguranca do projeto 'Ampliações 6° Ano SH 37' (ID: 140479)
2026-06-18 10:30:15 | INFO | Get-PWFolderSecurity retornou 14 item(ns).
2026-06-18 10:30:15 | INFO | Get-PWFolderTreeAccessObjects retornou 1 item(ns).
2026-06-18 10:30:15 | WARN | Cmdlet Get-PWProjectSecurity nao encontrado no ambiente. A leitura seguira apenas com FolderSecurity/TreeAccessObjects.
2026-06-18 10:30:15 | INFO | Total consolidado de acessos encontrados: 13
2026-06-18 10:30:15 | INFO | Projeto 'Ampliações 6° Ano SH 37 - km 141,530 + 148,660 - BR116/RJ' carregado para arvore. Groups=11 | UserLists=1 | Outros=1
2026-06-18 10:30:15 | INFO | Iniciando leitura da seguranca do projeto 'Ampliações 6° Ano SH 41' (ID: 143603)
2026-06-18 10:30:16 | INFO | Get-PWFolderSecurity retornou 14 item(ns).
2026-06-18 10:30:16 | INFO | Get-PWFolderTreeAccessObjects retornou 1 item(ns).
2026-06-18 10:30:16 | WARN | Cmdlet Get-PWProjectSecurity nao encontrado no ambiente. A leitura seguira apenas com FolderSecurity/TreeAccessObjects.
2026-06-18 10:30:16 | INFO | Total consolidado de acessos encontrados: 13
2026-06-18 10:30:16 | INFO | Projeto 'Ampliações 6° Ano SH 41 - km 48,100 + 55,080 - BR493/RJ' carregado para arvore. Groups=11 | UserLists=1 | Outros=1
2026-06-18 10:30:16 | INFO | Iniciando leitura da seguranca do projeto 'Ampliações 6° Ano SH 42' (ID: 144384)
2026-06-18 10:30:17 | INFO | Get-PWFolderSecurity retornou 14 item(ns).
2026-06-18 10:30:17 | INFO | Get-PWFolderTreeAccessObjects retornou 1 item(ns).
2026-06-18 10:30:17 | WARN | Cmdlet Get-PWProjectSecurity nao encontrado no ambiente. A leitura seguira apenas com FolderSecurity/TreeAccessObjects.
2026-06-18 10:30:17 | INFO | Total consolidado de acessos encontrados: 13
2026-06-18 10:30:17 | INFO | Projeto 'Ampliações 6° Ano SH 42 - km 55,080 + 65,880 - BR493/RJ' carregado para arvore. Groups=11 | UserLists=1 | Outros=1
2026-06-18 10:30:17 | INFO | Iniciando leitura da seguranca do projeto 'Ampliações 6° Ano SH 43' (ID: 145165)
2026-06-18 10:30:17 | INFO | Get-PWFolderSecurity retornou 14 item(ns).
2026-06-18 10:30:18 | INFO | Get-PWFolderTreeAccessObjects retornou 1 item(ns).
2026-06-18 10:30:18 | WARN | Cmdlet Get-PWProjectSecurity nao encontrado no ambiente. A leitura seguira apenas com FolderSecurity/TreeAccessObjects.
2026-06-18 10:30:18 | INFO | Total consolidado de acessos encontrados: 13
2026-06-18 10:30:18 | INFO | Projeto 'Ampliações 6° Ano SH 43 - km 65,880 + 84,400 - BR493/RJ' carregado para arvore. Groups=11 | UserLists=1 | Outros=1
2026-06-18 10:30:18 | INFO | Iniciando leitura da seguranca do projeto 'Ampliações 7° Ano Acesso' (ID: 410352)
2026-06-18 10:30:18 | INFO | Get-PWFolderSecurity retornou 14 item(ns).
2026-06-18 10:30:18 | INFO | Get-PWFolderTreeAccessObjects retornou 1 item(ns).
2026-06-18 10:30:18 | WARN | Cmdlet Get-PWProjectSecurity nao encontrado no ambiente. A leitura seguira apenas com FolderSecurity/TreeAccessObjects.
2026-06-18 10:30:18 | INFO | Total consolidado de acessos encontrados: 13
2026-06-18 10:30:18 | INFO | Projeto 'Ampliações 7° Ano - Lote 15 - Acesso km 057 - BR116/RJ' carregado para arvore. Groups=11 | UserLists=1 | Outros=1
2026-06-18 10:30:18 | INFO | Iniciando leitura da seguranca do projeto 'Ampliações 7° Ano SH 05' (ID: 96381)
2026-06-18 10:30:19 | INFO | Get-PWFolderSecurity retornou 14 item(ns).
2026-06-18 10:30:19 | INFO | Get-PWFolderTreeAccessObjects retornou 1 item(ns).
2026-06-18 10:30:19 | WARN | Cmdlet Get-PWProjectSecurity nao encontrado no ambiente. A leitura seguira apenas com FolderSecurity/TreeAccessObjects.
2026-06-18 10:30:19 | INFO | Total consolidado de acessos encontrados: 13
2026-06-18 10:30:19 | INFO | Projeto 'Ampliações 7° Ano SH 05 - km 469,630 + 485,540 - BR116/MG' carregado para arvore. Groups=11 | UserLists=1 | Outros=1
2026-06-18 10:30:19 | INFO | Iniciando leitura da seguranca do projeto 'Ampliações 7° Ano SH 11' (ID: 110629)
2026-06-18 10:30:20 | INFO | Get-PWFolderSecurity retornou 14 item(ns).
2026-06-18 10:30:20 | INFO | Get-PWFolderTreeAccessObjects retornou 1 item(ns).
2026-06-18 10:30:20 | WARN | Cmdlet Get-PWProjectSecurity nao encontrado no ambiente. A leitura seguira apenas com FolderSecurity/TreeAccessObjects.
2026-06-18 10:30:20 | INFO | Total consolidado de acessos encontrados: 13
2026-06-18 10:30:20 | INFO | Projeto 'Ampliações 7° Ano SH 11 - km 527,530 + 561,400 - BR116/MG' carregado para arvore. Groups=11 | UserLists=1 | Outros=1
2026-06-18 10:30:20 | INFO | Iniciando leitura da seguranca do projeto 'Ampliações 7° Ano SH 14' (ID: 115629)
2026-06-18 10:30:21 | INFO | Get-PWFolderSecurity retornou 14 item(ns).
2026-06-18 10:30:21 | INFO | Get-PWFolderTreeAccessObjects retornou 1 item(ns).
2026-06-18 10:30:21 | WARN | Cmdlet Get-PWProjectSecurity nao encontrado no ambiente. A leitura seguira apenas com FolderSecurity/TreeAccessObjects.
2026-06-18 10:30:21 | INFO | Total consolidado de acessos encontrados: 13
2026-06-18 10:30:21 | INFO | Projeto 'Ampliações 7° Ano SH 14 - km 606,830 + 634,860 - BR116/MG' carregado para arvore. Groups=11 | UserLists=1 | Outros=1
2026-06-18 10:30:21 | INFO | Iniciando leitura da seguranca do projeto 'Ampliações 7° Ano SH 15' (ID: 116410)
2026-06-18 10:30:21 | INFO | Get-PWFolderSecurity retornou 14 item(ns).
2026-06-18 10:30:21 | INFO | Get-PWFolderTreeAccessObjects retornou 1 item(ns).
2026-06-18 10:30:21 | WARN | Cmdlet Get-PWProjectSecurity nao encontrado no ambiente. A leitura seguira apenas com FolderSecurity/TreeAccessObjects.
2026-06-18 10:30:21 | INFO | Total consolidado de acessos encontrados: 13
2026-06-18 10:30:21 | INFO | Projeto 'Ampliações 7° Ano SH 15 - km 634,860 + 650,270 - BR116/MG' carregado para arvore. Groups=11 | UserLists=1 | Outros=1
2026-06-18 10:30:21 | INFO | Iniciando leitura da seguranca do projeto 'Ampliações 7° Ano SH 16' (ID: 117191)
2026-06-18 10:30:22 | INFO | Get-PWFolderSecurity retornou 14 item(ns).
2026-06-18 10:30:22 | INFO | Get-PWFolderTreeAccessObjects retornou 1 item(ns).
2026-06-18 10:30:22 | WARN | Cmdlet Get-PWProjectSecurity nao encontrado no ambiente. A leitura seguira apenas com FolderSecurity/TreeAccessObjects.
2026-06-18 10:30:22 | INFO | Total consolidado de acessos encontrados: 13
2026-06-18 10:30:22 | INFO | Projeto 'Ampliações 7° Ano SH 16 - km 650,280 + 702,260 - BR116/MG' carregado para arvore. Groups=11 | UserLists=1 | Outros=1
2026-06-18 10:30:22 | INFO | Iniciando leitura da seguranca do projeto 'Ampliações 7° Ano SH 18' (ID: 118777)
2026-06-18 10:30:23 | INFO | Get-PWFolderSecurity retornou 14 item(ns).
2026-06-18 10:30:23 | INFO | Get-PWFolderTreeAccessObjects retornou 1 item(ns).
2026-06-18 10:30:23 | WARN | Cmdlet Get-PWProjectSecurity nao encontrado no ambiente. A leitura seguira apenas com FolderSecurity/TreeAccessObjects.
2026-06-18 10:30:23 | INFO | Total consolidado de acessos encontrados: 13
2026-06-18 10:30:23 | INFO | Projeto 'Ampliações 7° Ano SH 18 - km 703,450 + 736,400 - BR116/MG' carregado para arvore. Groups=11 | UserLists=1 | Outros=1
2026-06-18 10:30:23 | INFO | Iniciando leitura da seguranca do projeto 'Ampliações 7° Ano SH 19' (ID: 119562)
2026-06-18 10:30:23 | INFO | Get-PWFolderSecurity retornou 14 item(ns).
2026-06-18 10:30:23 | INFO | Get-PWFolderTreeAccessObjects retornou 1 item(ns).
2026-06-18 10:30:23 | WARN | Cmdlet Get-PWProjectSecurity nao encontrado no ambiente. A leitura seguira apenas com FolderSecurity/TreeAccessObjects.
2026-06-18 10:30:23 | INFO | Total consolidado de acessos encontrados: 13
2026-06-18 10:30:23 | INFO | Projeto 'Ampliações 7° Ano SH 19 - km 736,400 + 744,580 - BR116/MG' carregado para arvore. Groups=11 | UserLists=1 | Outros=1
2026-06-18 10:30:23 | INFO | Iniciando leitura da seguranca do projeto 'Ampliações 7° Ano SH 27' (ID: 125874)
2026-06-18 10:30:24 | INFO | Get-PWFolderSecurity retornou 14 item(ns).
2026-06-18 10:30:24 | INFO | Get-PWFolderTreeAccessObjects retornou 1 item(ns).
2026-06-18 10:30:24 | WARN | Cmdlet Get-PWProjectSecurity nao encontrado no ambiente. A leitura seguira apenas com FolderSecurity/TreeAccessObjects.
2026-06-18 10:30:24 | INFO | Total consolidado de acessos encontrados: 13
2026-06-18 10:30:24 | INFO | Projeto 'Ampliações 7° Ano SH 27 - km 40,370 + 56,520 - BR116/RJ' carregado para arvore. Groups=11 | UserLists=1 | Outros=1
2026-06-18 10:30:24 | INFO | Iniciando leitura da seguranca do projeto 'Ampliações 7° Ano SH 28' (ID: 127093)
2026-06-18 10:30:25 | INFO | Get-PWFolderSecurity retornou 14 item(ns).
2026-06-18 10:30:25 | INFO | Get-PWFolderTreeAccessObjects retornou 1 item(ns).
2026-06-18 10:30:25 | WARN | Cmdlet Get-PWProjectSecurity nao encontrado no ambiente. A leitura seguira apenas com FolderSecurity/TreeAccessObjects.
2026-06-18 10:30:25 | INFO | Total consolidado de acessos encontrados: 13
2026-06-18 10:30:25 | INFO | Projeto 'Ampliações 7° Ano SH 28 - km 56,520 + 59,430 - BR116/RJ' carregado para arvore. Groups=11 | UserLists=1 | Outros=1
2026-06-18 10:30:25 | INFO | Iniciando leitura da seguranca do projeto 'Ampliações 8° Ano Ciclovia' (ID: 410389)
2026-06-18 10:30:25 | INFO | Get-PWFolderSecurity retornou 14 item(ns).
2026-06-18 10:30:25 | INFO | Get-PWFolderTreeAccessObjects retornou 1 item(ns).
2026-06-18 10:30:25 | WARN | Cmdlet Get-PWProjectSecurity nao encontrado no ambiente. A leitura seguira apenas com FolderSecurity/TreeAccessObjects.
2026-06-18 10:30:25 | INFO | Total consolidado de acessos encontrados: 13
2026-06-18 10:30:25 | INFO | Projeto 'Ampliações 8° Ano - SH-32 - Ciclovia - km 108-110 - BR116RJ' carregado para arvore. Groups=11 | UserLists=1 | Outros=1
2026-06-18 10:30:25 | INFO | Iniciando leitura da seguranca do projeto 'Ampliações 8° Ano Diamante' (ID: 410426)
2026-06-18 10:30:26 | INFO | Get-PWFolderSecurity retornou 14 item(ns).
2026-06-18 10:30:26 | INFO | Get-PWFolderTreeAccessObjects retornou 1 item(ns).
2026-06-18 10:30:26 | WARN | Cmdlet Get-PWProjectSecurity nao encontrado no ambiente. A leitura seguira apenas com FolderSecurity/TreeAccessObjects.
2026-06-18 10:30:26 | INFO | Total consolidado de acessos encontrados: 13
2026-06-18 10:30:26 | INFO | Projeto 'Ampliações 8° Ano - SH-33 - Diamante - km 116+010 - BR116RJ' carregado para arvore. Groups=11 | UserLists=1 | Outros=1
2026-06-18 10:30:26 | INFO | Iniciando leitura da seguranca do projeto 'Ampliações 8° Ano SH 04' (ID: 94818)
2026-06-18 10:30:27 | INFO | Get-PWFolderSecurity retornou 14 item(ns).
2026-06-18 10:30:27 | INFO | Get-PWFolderTreeAccessObjects retornou 1 item(ns).
2026-06-18 10:30:27 | WARN | Cmdlet Get-PWProjectSecurity nao encontrado no ambiente. A leitura seguira apenas com FolderSecurity/TreeAccessObjects.
2026-06-18 10:30:27 | INFO | Total consolidado de acessos encontrados: 13
2026-06-18 10:30:27 | INFO | Projeto 'Ampliações 8° Ano SH 04 - km 456,260 + 469,630 - BR116/MG' carregado para arvore. Groups=11 | UserLists=1 | Outros=1
2026-06-18 10:30:27 | INFO | Iniciando leitura da seguranca do projeto 'Ampliações 8° Ano SH 20' (ID: 120343)
2026-06-18 10:30:27 | INFO | Get-PWFolderSecurity retornou 14 item(ns).
2026-06-18 10:30:27 | INFO | Get-PWFolderTreeAccessObjects retornou 1 item(ns).
2026-06-18 10:30:27 | WARN | Cmdlet Get-PWProjectSecurity nao encontrado no ambiente. A leitura seguira apenas com FolderSecurity/TreeAccessObjects.
2026-06-18 10:30:27 | INFO | Total consolidado de acessos encontrados: 13
2026-06-18 10:30:27 | INFO | Projeto 'Ampliações 8° Ano SH 20 - km 744,580 + 764,890 - BR116/MG' carregado para arvore. Groups=11 | UserLists=1 | Outros=1
2026-06-18 10:30:27 | INFO | Iniciando leitura da seguranca do projeto 'Ampliações 8° Ano SH 21' (ID: 121125)
2026-06-18 10:30:28 | INFO | Get-PWFolderSecurity retornou 14 item(ns).
2026-06-18 10:30:28 | INFO | Get-PWFolderTreeAccessObjects retornou 1 item(ns).
2026-06-18 10:30:28 | WARN | Cmdlet Get-PWProjectSecurity nao encontrado no ambiente. A leitura seguira apenas com FolderSecurity/TreeAccessObjects.
2026-06-18 10:30:28 | INFO | Total consolidado de acessos encontrados: 13
2026-06-18 10:30:28 | INFO | Projeto 'Ampliações 8° Ano SH 21 - km 764,890 + 772,490 - BR116/MG' carregado para arvore. Groups=11 | UserLists=1 | Outros=1
2026-06-18 10:30:28 | INFO | Iniciando leitura da seguranca do projeto 'Ampliações 8° Ano SH 22' (ID: 121907)
2026-06-18 10:30:29 | INFO | Get-PWFolderSecurity retornou 14 item(ns).
2026-06-18 10:30:29 | INFO | Get-PWFolderTreeAccessObjects retornou 1 item(ns).
2026-06-18 10:30:29 | WARN | Cmdlet Get-PWProjectSecurity nao encontrado no ambiente. A leitura seguira apenas com FolderSecurity/TreeAccessObjects.
2026-06-18 10:30:29 | INFO | Total consolidado de acessos encontrados: 13
2026-06-18 10:30:29 | INFO | Projeto 'Ampliações 8° Ano SH 22 - km 772,490 + 814,210 - BR116/MG' carregado para arvore. Groups=11 | UserLists=1 | Outros=1
2026-06-18 10:30:29 | INFO | Iniciando leitura da seguranca do projeto 'Ampliações 8° Ano SH 23' (ID: 122689)
2026-06-18 10:30:29 | INFO | Get-PWFolderSecurity retornou 14 item(ns).
2026-06-18 10:30:29 | INFO | Get-PWFolderTreeAccessObjects retornou 1 item(ns).
2026-06-18 10:30:29 | WARN | Cmdlet Get-PWProjectSecurity nao encontrado no ambiente. A leitura seguira apenas com FolderSecurity/TreeAccessObjects.
2026-06-18 10:30:29 | INFO | Total consolidado de acessos encontrados: 13
2026-06-18 10:30:29 | INFO | Projeto 'Ampliações 8° Ano SH 23 - km 814,210 + 816,320 - BR116/MG' carregado para arvore. Groups=11 | UserLists=1 | Outros=1
2026-06-18 10:30:29 | INFO | Iniciando leitura da seguranca do projeto 'Ampliações 8° Ano SH 24' (ID: 123479)
2026-06-18 10:30:30 | INFO | Get-PWFolderSecurity retornou 14 item(ns).
2026-06-18 10:30:30 | INFO | Get-PWFolderTreeAccessObjects retornou 1 item(ns).
2026-06-18 10:30:30 | WARN | Cmdlet Get-PWProjectSecurity nao encontrado no ambiente. A leitura seguira apenas com FolderSecurity/TreeAccessObjects.
2026-06-18 10:30:30 | INFO | Total consolidado de acessos encontrados: 13
2026-06-18 10:30:30 | INFO | Projeto 'Ampliações 8° Ano SH 24 - km 2,100 + 24,460 - BR116/RJ' carregado para arvore. Groups=11 | UserLists=1 | Outros=1
2026-06-18 10:30:30 | INFO | Iniciando leitura da seguranca do projeto 'Ampliações 8° Ano SH 25' (ID: 124261)
2026-06-18 10:30:31 | INFO | Get-PWFolderSecurity retornou 14 item(ns).
2026-06-18 10:30:31 | INFO | Get-PWFolderTreeAccessObjects retornou 1 item(ns).
2026-06-18 10:30:31 | WARN | Cmdlet Get-PWProjectSecurity nao encontrado no ambiente. A leitura seguira apenas com FolderSecurity/TreeAccessObjects.
2026-06-18 10:30:31 | INFO | Total consolidado de acessos encontrados: 13
2026-06-18 10:30:31 | INFO | Projeto 'Ampliações 8° Ano SH 25 - km 24,460 + 24,770 - BR116/RJ' carregado para arvore. Groups=11 | UserLists=1 | Outros=1
2026-06-18 10:30:31 | INFO | Iniciando leitura da seguranca do projeto 'Ampliações 8° Ano SH 26' (ID: 125066)
2026-06-18 10:30:31 | INFO | Get-PWFolderSecurity retornou 14 item(ns).
2026-06-18 10:30:31 | INFO | Get-PWFolderTreeAccessObjects retornou 1 item(ns).
2026-06-18 10:30:32 | WARN | Cmdlet Get-PWProjectSecurity nao encontrado no ambiente. A leitura seguira apenas com FolderSecurity/TreeAccessObjects.
2026-06-18 10:30:32 | INFO | Total consolidado de acessos encontrados: 13
2026-06-18 10:30:32 | INFO | Projeto 'Ampliações 8° Ano SH 26 - km 24,770 + 40,370 - BR116/RJ' carregado para arvore. Groups=11 | UserLists=1 | Outros=1
2026-06-18 10:30:32 | INFO | Iniciando leitura da seguranca do projeto 'Ampliações 8° Ano SH 32' (ID: 136574)
2026-06-18 10:30:32 | INFO | Get-PWFolderSecurity retornou 14 item(ns).
2026-06-18 10:30:32 | INFO | Get-PWFolderTreeAccessObjects retornou 1 item(ns).
2026-06-18 10:30:32 | WARN | Cmdlet Get-PWProjectSecurity nao encontrado no ambiente. A leitura seguira apenas com FolderSecurity/TreeAccessObjects.
2026-06-18 10:30:32 | INFO | Total consolidado de acessos encontrados: 13
2026-06-18 10:30:32 | INFO | Projeto 'Ampliações 8° Ano SH 32 - km 108,430 + 110,120 - BR116/RJ' carregado para arvore. Groups=11 | UserLists=1 | Outros=1
2026-06-18 10:30:32 | INFO | Iniciando leitura da seguranca do projeto 'Ampliações 8° Ano SH 33' (ID: 137355)
2026-06-18 10:30:33 | INFO | Get-PWFolderSecurity retornou 14 item(ns).
2026-06-18 10:30:33 | INFO | Get-PWFolderTreeAccessObjects retornou 1 item(ns).
2026-06-18 10:30:33 | WARN | Cmdlet Get-PWProjectSecurity nao encontrado no ambiente. A leitura seguira apenas com FolderSecurity/TreeAccessObjects.
2026-06-18 10:30:33 | INFO | Total consolidado de acessos encontrados: 13
2026-06-18 10:30:33 | INFO | Projeto 'Ampliações 8° Ano SH 33 - km 110,120 + 116,150 - BR116/RJ' carregado para arvore. Groups=11 | UserLists=1 | Outros=1
2026-06-18 10:30:33 | INFO | Iniciando leitura da seguranca do projeto 'Ampliações 8° Ano SH 34' (ID: 138136)
2026-06-18 10:30:33 | INFO | Get-PWFolderSecurity retornou 14 item(ns).
2026-06-18 10:30:33 | INFO | Get-PWFolderTreeAccessObjects retornou 1 item(ns).
2026-06-18 10:30:34 | WARN | Cmdlet Get-PWProjectSecurity nao encontrado no ambiente. A leitura seguira apenas com FolderSecurity/TreeAccessObjects.
2026-06-18 10:30:34 | INFO | Total consolidado de acessos encontrados: 13
2026-06-18 10:30:34 | INFO | Projeto 'Ampliações 8° Ano SH 34 - km 116,150 + 126,500 - BR116/RJ' carregado para arvore. Groups=11 | UserLists=1 | Outros=1
2026-06-18 10:30:34 | INFO | Iniciando leitura da seguranca do projeto 'Ampliações 8° Ano SH 44' (ID: 145946)
2026-06-18 10:30:34 | INFO | Get-PWFolderSecurity retornou 14 item(ns).
2026-06-18 10:30:34 | INFO | Get-PWFolderTreeAccessObjects retornou 1 item(ns).
2026-06-18 10:30:34 | WARN | Cmdlet Get-PWProjectSecurity nao encontrado no ambiente. A leitura seguira apenas com FolderSecurity/TreeAccessObjects.
2026-06-18 10:30:34 | INFO | Total consolidado de acessos encontrados: 13
2026-06-18 10:30:34 | INFO | Projeto 'Ampliações 8° Ano SH 44 - km 84,400 + 95,580 - BR493/RJ' carregado para arvore. Groups=11 | UserLists=1 | Outros=1
2026-06-18 10:30:34 | INFO | Iniciando leitura da seguranca do projeto 'Ampliações 8° Ano SH 45' (ID: 146727)
2026-06-18 10:30:35 | INFO | Get-PWFolderSecurity retornou 14 item(ns).
2026-06-18 10:30:35 | INFO | Get-PWFolderTreeAccessObjects retornou 1 item(ns).
2026-06-18 10:30:35 | WARN | Cmdlet Get-PWProjectSecurity nao encontrado no ambiente. A leitura seguira apenas com FolderSecurity/TreeAccessObjects.
2026-06-18 10:30:35 | INFO | Total consolidado de acessos encontrados: 13
2026-06-18 10:30:35 | INFO | Projeto 'Ampliações 8° Ano SH 45 - km 95,580 + 96,800 - BR493/RJ' carregado para arvore. Groups=11 | UserLists=1 | Outros=1
2026-06-18 10:30:35 | INFO | Iniciando leitura da seguranca do projeto 'Ampliações 8° Ano SH 46' (ID: 147508)
2026-06-18 10:30:35 | INFO | Get-PWFolderSecurity retornou 14 item(ns).
2026-06-18 10:30:36 | INFO | Get-PWFolderTreeAccessObjects retornou 1 item(ns).
2026-06-18 10:30:36 | WARN | Cmdlet Get-PWProjectSecurity nao encontrado no ambiente. A leitura seguira apenas com FolderSecurity/TreeAccessObjects.
2026-06-18 10:30:36 | INFO | Total consolidado de acessos encontrados: 13
2026-06-18 10:30:36 | INFO | Projeto 'Ampliações 8° Ano SH 46 - km 96,800 + 98,520 - BR493/RJ' carregado para arvore. Groups=11 | UserLists=1 | Outros=1
2026-06-18 10:30:36 | INFO | Iniciando leitura da seguranca do projeto 'Ampliações 8° Ano SH 47' (ID: 148289)
2026-06-18 10:30:36 | INFO | Get-PWFolderSecurity retornou 14 item(ns).
2026-06-18 10:30:36 | INFO | Get-PWFolderTreeAccessObjects retornou 1 item(ns).
2026-06-18 10:30:36 | WARN | Cmdlet Get-PWProjectSecurity nao encontrado no ambiente. A leitura seguira apenas com FolderSecurity/TreeAccessObjects.
2026-06-18 10:30:36 | INFO | Total consolidado de acessos encontrados: 13
2026-06-18 10:30:36 | INFO | Projeto 'Ampliações 8° Ano SH 47 - km 98,520 + 120,130 - BR493/RJ' carregado para arvore. Groups=11 | UserLists=1 | Outros=1
2026-06-18 10:30:36 | INFO | Iniciando leitura da seguranca do projeto 'Ampliações 8° Ano SH 48' (ID: 149070)
2026-06-18 10:30:37 | INFO | Get-PWFolderSecurity retornou 14 item(ns).
2026-06-18 10:30:37 | INFO | Get-PWFolderTreeAccessObjects retornou 1 item(ns).
2026-06-18 10:30:37 | WARN | Cmdlet Get-PWProjectSecurity nao encontrado no ambiente. A leitura seguira apenas com FolderSecurity/TreeAccessObjects.
2026-06-18 10:30:37 | INFO | Total consolidado de acessos encontrados: 13
2026-06-18 10:30:37 | INFO | Projeto 'Ampliações 8° Ano SH 48 -  km 120,130 + 122,700 - BR493/RJ' carregado para arvore. Groups=11 | UserLists=1 | Outros=1
2026-06-18 10:30:37 | INFO | Iniciando leitura da seguranca do projeto 'Ampliações 8° Ano SH 59' (ID: 157664)
2026-06-18 10:30:37 | INFO | Get-PWFolderSecurity retornou 14 item(ns).
2026-06-18 10:30:38 | INFO | Get-PWFolderTreeAccessObjects retornou 1 item(ns).
2026-06-18 10:30:38 | WARN | Cmdlet Get-PWProjectSecurity nao encontrado no ambiente. A leitura seguira apenas com FolderSecurity/TreeAccessObjects.
2026-06-18 10:30:38 | INFO | Total consolidado de acessos encontrados: 13
2026-06-18 10:30:38 | INFO | Projeto 'Ampliações 8° Ano SH 59 - km 0,000 + 2,820 - BR465/RJ' carregado para arvore. Groups=11 | UserLists=1 | Outros=1
2026-06-18 10:30:38 | INFO | Iniciando leitura da seguranca do projeto 'Ampliações 8° Ano SH 60' (ID: 158447)
2026-06-18 10:30:38 | INFO | Get-PWFolderSecurity retornou 14 item(ns).
2026-06-18 10:30:38 | INFO | Get-PWFolderTreeAccessObjects retornou 1 item(ns).
2026-06-18 10:30:38 | WARN | Cmdlet Get-PWProjectSecurity nao encontrado no ambiente. A leitura seguira apenas com FolderSecurity/TreeAccessObjects.
2026-06-18 10:30:38 | INFO | Total consolidado de acessos encontrados: 13
2026-06-18 10:30:38 | INFO | Projeto 'Ampliações 8° Ano SH 60 -  km 2,820 + 5,910 - BR465/RJ' carregado para arvore. Groups=11 | UserLists=1 | Outros=1
2026-06-18 10:30:38 | INFO | Iniciando leitura da seguranca do projeto 'Ampliações 8° Ano SH 61' (ID: 159228)
2026-06-18 10:30:39 | INFO | Get-PWFolderSecurity retornou 14 item(ns).
2026-06-18 10:30:39 | INFO | Get-PWFolderTreeAccessObjects retornou 1 item(ns).
2026-06-18 10:30:39 | WARN | Cmdlet Get-PWProjectSecurity nao encontrado no ambiente. A leitura seguira apenas com FolderSecurity/TreeAccessObjects.
2026-06-18 10:30:39 | INFO | Total consolidado de acessos encontrados: 13
2026-06-18 10:30:39 | INFO | Projeto 'Ampliações 8° Ano SH 61 - km 5,910 + 8,000 - BR465/RJ' carregado para arvore. Groups=11 | UserLists=1 | Outros=1
2026-06-18 10:30:39 | INFO | Iniciando leitura da seguranca do projeto 'Ampliações 8° Ano SH 62' (ID: 160009)
2026-06-18 10:30:40 | INFO | Get-PWFolderSecurity retornou 14 item(ns).
2026-06-18 10:30:40 | INFO | Get-PWFolderTreeAccessObjects retornou 1 item(ns).
2026-06-18 10:30:40 | WARN | Cmdlet Get-PWProjectSecurity nao encontrado no ambiente. A leitura seguira apenas com FolderSecurity/TreeAccessObjects.
2026-06-18 10:30:40 | INFO | Total consolidado de acessos encontrados: 13
2026-06-18 10:30:40 | INFO | Projeto 'Ampliações 8° Ano SH 62 -  km 8,000 + 12,780 - BR465/RJ' carregado para arvore. Groups=11 | UserLists=1 | Outros=1
2026-06-18 10:30:40 | INFO | Iniciando leitura da seguranca do projeto 'Ampliações 8° Ano SH 63' (ID: 160790)
2026-06-18 10:30:40 | INFO | Get-PWFolderSecurity retornou 14 item(ns).
2026-06-18 10:30:40 | INFO | Get-PWFolderTreeAccessObjects retornou 1 item(ns).
2026-06-18 10:30:40 | WARN | Cmdlet Get-PWProjectSecurity nao encontrado no ambiente. A leitura seguira apenas com FolderSecurity/TreeAccessObjects.
2026-06-18 10:30:40 | INFO | Total consolidado de acessos encontrados: 13
2026-06-18 10:30:40 | INFO | Projeto 'Ampliações 8° Ano SH 63 - km 12,780 + 20,260 - BR465/RJ' carregado para arvore. Groups=11 | UserLists=1 | Outros=1
2026-06-18 10:30:40 | INFO | Iniciando leitura da seguranca do projeto 'Ampliações 8° Ano SH 64' (ID: 161571)
2026-06-18 10:30:41 | INFO | Get-PWFolderSecurity retornou 14 item(ns).
2026-06-18 10:30:41 | INFO | Get-PWFolderTreeAccessObjects retornou 1 item(ns).
2026-06-18 10:30:41 | WARN | Cmdlet Get-PWProjectSecurity nao encontrado no ambiente. A leitura seguira apenas com FolderSecurity/TreeAccessObjects.
2026-06-18 10:30:41 | INFO | Total consolidado de acessos encontrados: 13
2026-06-18 10:30:41 | INFO | Projeto 'Ampliações 8° Ano SH 64 - km 20,260 + 23,160 - BR465/RJ' carregado para arvore. Groups=11 | UserLists=1 | Outros=1
2026-06-18 10:30:41 | INFO | Iniciando leitura da seguranca do projeto 'BSO 1 - Alpercata' (ID: 404090)
2026-06-18 10:30:42 | INFO | Get-PWFolderSecurity retornou 14 item(ns).
2026-06-18 10:30:42 | INFO | Get-PWFolderTreeAccessObjects retornou 1 item(ns).
2026-06-18 10:30:42 | WARN | Cmdlet Get-PWProjectSecurity nao encontrado no ambiente. A leitura seguira apenas com FolderSecurity/TreeAccessObjects.
2026-06-18 10:30:42 | INFO | Total consolidado de acessos encontrados: 13
2026-06-18 10:30:42 | INFO | Projeto 'BSO 1 - Alpercata - BR-116/MG - km 420+830 - Sul' carregado para arvore. Groups=11 | UserLists=1 | Outros=1
2026-06-18 10:30:42 | INFO | Iniciando leitura da seguranca do projeto 'BSO 10 - Além Paraíba' (ID: 404808)
2026-06-18 10:30:43 | INFO | Get-PWFolderSecurity retornou 33 item(ns).
2026-06-18 10:30:43 | INFO | Get-PWFolderTreeAccessObjects retornou 1 item(ns).
2026-06-18 10:30:43 | WARN | Cmdlet Get-PWProjectSecurity nao encontrado no ambiente. A leitura seguira apenas com FolderSecurity/TreeAccessObjects.
2026-06-18 10:30:43 | INFO | Total consolidado de acessos encontrados: 22
2026-06-18 10:30:43 | INFO | Projeto 'BSO 10 - Além Paraíba - BR-116/MG - km 797+930 - Sul' carregado para arvore. Groups=20 | UserLists=1 | Outros=1
2026-06-18 10:30:43 | INFO | Iniciando leitura da seguranca do projeto 'BSO 11 - Sapucaia' (ID: 404959)
2026-06-18 10:30:44 | INFO | Get-PWFolderSecurity retornou 14 item(ns).
2026-06-18 10:30:44 | INFO | Get-PWFolderTreeAccessObjects retornou 1 item(ns).
2026-06-18 10:30:44 | WARN | Cmdlet Get-PWProjectSecurity nao encontrado no ambiente. A leitura seguira apenas com FolderSecurity/TreeAccessObjects.
2026-06-18 10:30:44 | INFO | Total consolidado de acessos encontrados: 13
2026-06-18 10:30:44 | INFO | Projeto 'BSO 11 - Sapucaia - BR-116/RJ  - km 29+900 - Norte' carregado para arvore. Groups=11 | UserLists=1 | Outros=1
2026-06-18 10:30:44 | INFO | Iniciando leitura da seguranca do projeto 'BSO 12 - Teresópolis' (ID: 405122)
2026-06-18 10:30:45 | INFO | Get-PWFolderSecurity retornou 14 item(ns).
2026-06-18 10:30:45 | INFO | Get-PWFolderTreeAccessObjects retornou 1 item(ns).
2026-06-18 10:30:45 | WARN | Cmdlet Get-PWProjectSecurity nao encontrado no ambiente. A leitura seguira apenas com FolderSecurity/TreeAccessObjects.
2026-06-18 10:30:45 | INFO | Total consolidado de acessos encontrados: 13
2026-06-18 10:30:45 | INFO | Projeto 'BSO 12 - Teresópolis - BR-116/RJ - km 77+800 - Sul' carregado para arvore. Groups=11 | UserLists=1 | Outros=1
2026-06-18 10:30:45 | INFO | Iniciando leitura da seguranca do projeto 'BSO 13 - Guapimirim' (ID: 405159)
2026-06-18 10:30:45 | INFO | Get-PWFolderSecurity retornou 14 item(ns).
2026-06-18 10:30:45 | INFO | Get-PWFolderTreeAccessObjects retornou 1 item(ns).
2026-06-18 10:30:45 | WARN | Cmdlet Get-PWProjectSecurity nao encontrado no ambiente. A leitura seguira apenas com FolderSecurity/TreeAccessObjects.
2026-06-18 10:30:45 | INFO | Total consolidado de acessos encontrados: 13
2026-06-18 10:30:45 | INFO | Projeto 'BSO 13 - Guapimirim - BR-116/RJ - km 109+190 - Sul' carregado para arvore. Groups=11 | UserLists=1 | Outros=1
2026-06-18 10:30:45 | INFO | Iniciando leitura da seguranca do projeto 'BSO 14 - Rio de Janeiro' (ID: 405197)
2026-06-18 10:30:46 | INFO | Get-PWFolderSecurity retornou 14 item(ns).
2026-06-18 10:30:46 | INFO | Get-PWFolderTreeAccessObjects retornou 1 item(ns).
2026-06-18 10:30:46 | WARN | Cmdlet Get-PWProjectSecurity nao encontrado no ambiente. A leitura seguira apenas com FolderSecurity/TreeAccessObjects.
2026-06-18 10:30:46 | INFO | Total consolidado de acessos encontrados: 13
2026-06-18 10:30:46 | INFO | Projeto 'BSO 14 - Rio de Janeiro - BR-116/RJ - km 172+000 - Sul' carregado para arvore. Groups=11 | UserLists=1 | Outros=1
2026-06-18 10:30:46 | INFO | Iniciando leitura da seguranca do projeto 'BSO 15 - Seropédica' (ID: 405234)
2026-06-18 10:30:47 | INFO | Get-PWFolderSecurity retornou 14 item(ns).
2026-06-18 10:30:47 | INFO | Get-PWFolderTreeAccessObjects retornou 1 item(ns).
2026-06-18 10:30:47 | WARN | Cmdlet Get-PWProjectSecurity nao encontrado no ambiente. A leitura seguira apenas com FolderSecurity/TreeAccessObjects.
2026-06-18 10:30:47 | INFO | Total consolidado de acessos encontrados: 13
2026-06-18 10:30:47 | INFO | Projeto 'BSO 15 - Seropédica - BR-116/RJ - km 211+670 - Sul' carregado para arvore. Groups=11 | UserLists=1 | Outros=1
2026-06-18 10:30:47 | INFO | Iniciando leitura da seguranca do projeto 'BSO 16 - Itaboraí' (ID: 405271)
2026-06-18 10:30:47 | INFO | Get-PWFolderSecurity retornou 14 item(ns).
2026-06-18 10:30:48 | INFO | Get-PWFolderTreeAccessObjects retornou 1 item(ns).
2026-06-18 10:30:48 | WARN | Cmdlet Get-PWProjectSecurity nao encontrado no ambiente. A leitura seguira apenas com FolderSecurity/TreeAccessObjects.
2026-06-18 10:30:48 | INFO | Total consolidado de acessos encontrados: 13
2026-06-18 10:30:48 | INFO | Projeto 'BSO 16 - Itaboraí - BR-493/RJ - km 7+040 - Sul' carregado para arvore. Groups=11 | UserLists=1 | Outros=1
2026-06-18 10:30:48 | INFO | Iniciando leitura da seguranca do projeto 'BSO 17 - Duque de Caxias' (ID: 405308)
2026-06-18 10:30:48 | INFO | Get-PWFolderSecurity retornou 14 item(ns).
2026-06-18 10:30:48 | INFO | Get-PWFolderTreeAccessObjects retornou 1 item(ns).
2026-06-18 10:30:48 | WARN | Cmdlet Get-PWProjectSecurity nao encontrado no ambiente. A leitura seguira apenas com FolderSecurity/TreeAccessObjects.
2026-06-18 10:30:48 | INFO | Total consolidado de acessos encontrados: 13
2026-06-18 10:30:48 | INFO | Projeto 'BSO 17 - Duque de Caxias - BR-493/RJ - km 51+180 - Sul' carregado para arvore. Groups=11 | UserLists=1 | Outros=1
2026-06-18 10:30:48 | INFO | Iniciando leitura da seguranca do projeto 'BSO 18 - Seropédica' (ID: 405345)
2026-06-18 10:30:49 | INFO | Get-PWFolderSecurity retornou 14 item(ns).
2026-06-18 10:30:49 | INFO | Get-PWFolderTreeAccessObjects retornou 1 item(ns).
2026-06-18 10:30:49 | WARN | Cmdlet Get-PWProjectSecurity nao encontrado no ambiente. A leitura seguira apenas com FolderSecurity/TreeAccessObjects.
2026-06-18 10:30:49 | INFO | Total consolidado de acessos encontrados: 13
2026-06-18 10:30:49 | INFO | Projeto 'BSO 18 - Seropédica - BR-465/RJ - km 10-720 - Norte' carregado para arvore. Groups=11 | UserLists=1 | Outros=1
2026-06-18 10:30:49 | INFO | Iniciando leitura da seguranca do projeto 'BSO 2 - Tarumirim' (ID: 404127)
2026-06-18 10:30:50 | INFO | Get-PWFolderSecurity retornou 14 item(ns).
2026-06-18 10:30:50 | INFO | Get-PWFolderTreeAccessObjects retornou 1 item(ns).
2026-06-18 10:30:50 | WARN | Cmdlet Get-PWProjectSecurity nao encontrado no ambiente. A leitura seguira apenas com FolderSecurity/TreeAccessObjects.
2026-06-18 10:30:50 | INFO | Total consolidado de acessos encontrados: 13
2026-06-18 10:30:50 | INFO | Projeto 'BSO 2 - Tarumirim - BR-116/MG - km 461+600 - Sul' carregado para arvore. Groups=11 | UserLists=1 | Outros=1
2026-06-18 10:30:50 | INFO | Iniciando leitura da seguranca do projeto 'BSO 3 - Ubaporanga' (ID: 404164)
2026-06-18 10:30:50 | INFO | Get-PWFolderSecurity retornou 14 item(ns).
2026-06-18 10:30:50 | INFO | Get-PWFolderTreeAccessObjects retornou 1 item(ns).
2026-06-18 10:30:50 | WARN | Cmdlet Get-PWProjectSecurity nao encontrado no ambiente. A leitura seguira apenas com FolderSecurity/TreeAccessObjects.
2026-06-18 10:30:50 | INFO | Total consolidado de acessos encontrados: 13
2026-06-18 10:30:50 | INFO | Projeto 'BSO 3 - Ubaporanga - BR-116/MG - km 511+130 - Norte' carregado para arvore. Groups=11 | UserLists=1 | Outros=1
2026-06-18 10:30:50 | INFO | Iniciando leitura da seguranca do projeto 'BSO 4 - Santa Bárbara do Leste' (ID: 404219)
2026-06-18 10:30:50 | INFO | Get-PWFolderSecurity retornou 1 item(ns).
2026-06-18 10:30:50 | INFO | Get-PWFolderTreeAccessObjects retornou 0 item(ns).
2026-06-18 10:30:51 | WARN | Cmdlet Get-PWProjectSecurity nao encontrado no ambiente. A leitura seguira apenas com FolderSecurity/TreeAccessObjects.
2026-06-18 10:30:51 | INFO | Total consolidado de acessos encontrados: 
2026-06-18 10:30:51 | WARN | Projeto 'BSO 4 - Santa Bárbara do Leste - BR-116/MG - km 549+320' retornou apenas 0 group(s) pela API. Tentando fallback por nome...
2026-06-18 10:30:51 | INFO | Cache de grupos carregado via Get-PWGroups: 6021 item(ns).
2026-06-18 10:31:03 | WARN | Fallback por nome encontrou 10 group(s) para projeto 'BSO 4 - Santa Bárbara do Leste - BR-116/MG - km 549+320'. Apelidos usados: bso 4 - santa barbara do leste - br-116/mg - km 549+320 | bso 4 - santa barbara do leste - br-116/mg | bso 4 - santa barbara do leste | bso 4 santa barbara do leste
2026-06-18 10:31:03 | WARN |     [GROUP INFERIDO] RM-BSO4-Santa Bárbara do Leste-ASSISTENTE ENG
2026-06-18 10:31:03 | WARN |     [GROUP INFERIDO] RM-BSO4-Santa Bárbara do Leste-CONSULTA TODAS REV
2026-06-18 10:31:03 | WARN |     [GROUP INFERIDO] RM-BSO4-Santa Bárbara do Leste-CONSULTA ULTIMA REV
2026-06-18 10:31:03 | WARN |     [GROUP INFERIDO] RM-BSO4-Santa Bárbara do Leste-ENG CONSULTA TODAS REV
2026-06-18 10:31:03 | WARN |     [GROUP INFERIDO] RM-BSO4-Santa Bárbara do Leste-ENG CONSULTA ULTIMA REV
2026-06-18 10:31:03 | WARN |     [GROUP INFERIDO] RM-BSO4-Santa Bárbara do Leste-ESPECIALISTA
2026-06-18 10:31:03 | WARN |     [GROUP INFERIDO] RM-BSO4-Santa Bárbara do Leste-GESTOR ENG
2026-06-18 10:31:03 | WARN |     [GROUP INFERIDO] RM-BSO4-Santa Bárbara do Leste-GESTOR UNIDADE
2026-06-18 10:31:03 | WARN |     [GROUP INFERIDO] RM-BSO4-Santa Bárbara do Leste-PODER CONCEDENTE
2026-06-18 10:31:03 | WARN |     [GROUP INFERIDO] RM-BSO4-Santa Bárbara do Leste-PROJETISTA
2026-06-18 10:31:03 | INFO | Projeto 'BSO 4 - Santa Bárbara do Leste - BR-116/MG - km 549+320' carregado para arvore. Groups=10 | UserLists=0 | Outros=1
2026-06-18 10:31:03 | INFO | Iniciando leitura da seguranca do projeto 'BSO 5 - Manhuaçu' (ID: 404340)
2026-06-18 10:31:04 | INFO | Get-PWFolderSecurity retornou 14 item(ns).
2026-06-18 10:31:04 | INFO | Get-PWFolderTreeAccessObjects retornou 1 item(ns).
2026-06-18 10:31:04 | WARN | Cmdlet Get-PWProjectSecurity nao encontrado no ambiente. A leitura seguira apenas com FolderSecurity/TreeAccessObjects.
2026-06-18 10:31:04 | INFO | Total consolidado de acessos encontrados: 13
2026-06-18 10:31:04 | INFO | Projeto 'BSO 5 - Manhuaçu - BR-116/MG - km 593+320 - Sul' carregado para arvore. Groups=11 | UserLists=1 | Outros=1
2026-06-18 10:31:04 | INFO | Iniciando leitura da seguranca do projeto 'BSO 6 - Divino' (ID: 404413)
2026-06-18 10:31:05 | INFO | Get-PWFolderSecurity retornou 14 item(ns).
2026-06-18 10:31:05 | INFO | Get-PWFolderTreeAccessObjects retornou 1 item(ns).
2026-06-18 10:31:05 | WARN | Cmdlet Get-PWProjectSecurity nao encontrado no ambiente. A leitura seguira apenas com FolderSecurity/TreeAccessObjects.
2026-06-18 10:31:05 | INFO | Total consolidado de acessos encontrados: 13
2026-06-18 10:31:05 | INFO | Projeto 'BSO 6 - Divino - BR-116/MG - km 632+850 - Sul' carregado para arvore. Groups=11 | UserLists=1 | Outros=1
2026-06-18 10:31:05 | INFO | Iniciando leitura da seguranca do projeto 'BSO 7 - Miradouro' (ID: 404450)
2026-06-18 10:31:06 | INFO | Get-PWFolderSecurity retornou 34 item(ns).
2026-06-18 10:31:06 | INFO | Get-PWFolderTreeAccessObjects retornou 1 item(ns).
2026-06-18 10:31:06 | WARN | Cmdlet Get-PWProjectSecurity nao encontrado no ambiente. A leitura seguira apenas com FolderSecurity/TreeAccessObjects.
2026-06-18 10:31:06 | INFO | Total consolidado de acessos encontrados: 23
2026-06-18 10:31:06 | INFO | Projeto 'BSO 7 - Miradouro - BR-116/MG - km 676+000 - Sul' carregado para arvore. Groups=21 | UserLists=1 | Outros=1
2026-06-18 10:31:06 | INFO | Iniciando leitura da seguranca do projeto 'BSO 8 - Muriaé' (ID: 404550)
2026-06-18 10:31:07 | INFO | Get-PWFolderSecurity retornou 35 item(ns).
2026-06-18 10:31:07 | INFO | Get-PWFolderTreeAccessObjects retornou 1 item(ns).
2026-06-18 10:31:07 | WARN | Cmdlet Get-PWProjectSecurity nao encontrado no ambiente. A leitura seguira apenas com FolderSecurity/TreeAccessObjects.
2026-06-18 10:31:07 | INFO | Total consolidado de acessos encontrados: 23
2026-06-18 10:31:07 | INFO | Projeto 'BSO 8 - Muriaé - BR-116/MG - km 714+540 - Norte' carregado para arvore. Groups=21 | UserLists=1 | Outros=1
2026-06-18 10:31:07 | INFO | Iniciando leitura da seguranca do projeto 'BSO 9 - Leopoldina' (ID: 404687)
2026-06-18 10:31:09 | INFO | Get-PWFolderSecurity retornou 33 item(ns).
2026-06-18 10:31:09 | INFO | Get-PWFolderTreeAccessObjects retornou 1 item(ns).
2026-06-18 10:31:09 | WARN | Cmdlet Get-PWProjectSecurity nao encontrado no ambiente. A leitura seguira apenas com FolderSecurity/TreeAccessObjects.
2026-06-18 10:31:09 | INFO | Total consolidado de acessos encontrados: 22
2026-06-18 10:31:09 | INFO | Projeto 'BSO 9 - Leopoldina - BR-116/MG - km 747+930 - Norte' carregado para arvore. Groups=20 | UserLists=1 | Outros=1
2026-06-18 10:31:09 | INFO | Iniciando leitura da seguranca do projeto 'BSO4-Santa Bárbara do Leste' (ID: 419949)
2026-06-18 10:31:09 | INFO | Get-PWFolderSecurity retornou 14 item(ns).
2026-06-18 10:31:09 | INFO | Get-PWFolderTreeAccessObjects retornou 1 item(ns).
2026-06-18 10:31:09 | WARN | Cmdlet Get-PWProjectSecurity nao encontrado no ambiente. A leitura seguira apenas com FolderSecurity/TreeAccessObjects.
2026-06-18 10:31:09 | INFO | Total consolidado de acessos encontrados: 13
2026-06-18 10:31:09 | INFO | Projeto 'BSO 4 - Santa Bárbara do Leste - BR-116/MG - km 549+320' carregado para arvore. Groups=11 | UserLists=1 | Outros=1
2026-06-18 10:31:09 | INFO | Iniciando leitura da seguranca do projeto 'HS-WIM 1 - Magé' (ID: 410019)
2026-06-18 10:31:10 | INFO | Get-PWFolderSecurity retornou 14 item(ns).
2026-06-18 10:31:10 | INFO | Get-PWFolderTreeAccessObjects retornou 1 item(ns).
2026-06-18 10:31:10 | WARN | Cmdlet Get-PWProjectSecurity nao encontrado no ambiente. A leitura seguira apenas com FolderSecurity/TreeAccessObjects.
2026-06-18 10:31:10 | INFO | Total consolidado de acessos encontrados: 13
2026-06-18 10:31:10 | INFO | Projeto 'HS-WIM 1 - Magé - km 133+000' carregado para arvore. Groups=11 | UserLists=1 | Outros=1
2026-06-18 10:31:10 | INFO | Iniciando leitura da seguranca do projeto 'HS-WIM 2 - Leopoldina' (ID: 410056)
2026-06-18 10:31:11 | INFO | Get-PWFolderSecurity retornou 14 item(ns).
2026-06-18 10:31:11 | INFO | Get-PWFolderTreeAccessObjects retornou 1 item(ns).
2026-06-18 10:31:11 | WARN | Cmdlet Get-PWProjectSecurity nao encontrado no ambiente. A leitura seguira apenas com FolderSecurity/TreeAccessObjects.
2026-06-18 10:31:11 | INFO | Total consolidado de acessos encontrados: 13
2026-06-18 10:31:11 | INFO | Projeto 'HS-WIM 2 - Leopoldina - km 750+350' carregado para arvore. Groups=11 | UserLists=1 | Outros=1
2026-06-18 10:31:11 | INFO | Iniciando leitura da seguranca do projeto 'HS-WIM 3 - Ale-Paraíba' (ID: 410093)
2026-06-18 10:31:11 | INFO | Get-PWFolderSecurity retornou 14 item(ns).
2026-06-18 10:31:11 | INFO | Get-PWFolderTreeAccessObjects retornou 1 item(ns).
2026-06-18 10:31:12 | WARN | Cmdlet Get-PWProjectSecurity nao encontrado no ambiente. A leitura seguira apenas com FolderSecurity/TreeAccessObjects.
2026-06-18 10:31:12 | INFO | Total consolidado de acessos encontrados: 13
2026-06-18 10:31:12 | INFO | Projeto 'HS-WIM 3 - Ale-Paraíba - km 802+200' carregado para arvore. Groups=11 | UserLists=1 | Outros=1
2026-06-18 10:31:12 | INFO | Iniciando leitura da seguranca do projeto 'Nova Praça P11' (ID: 401260)
2026-06-18 10:31:12 | INFO | Get-PWFolderSecurity retornou 14 item(ns).
2026-06-18 10:31:12 | INFO | Get-PWFolderTreeAccessObjects retornou 1 item(ns).
2026-06-18 10:31:12 | WARN | Cmdlet Get-PWProjectSecurity nao encontrado no ambiente. A leitura seguira apenas com FolderSecurity/TreeAccessObjects.
2026-06-18 10:31:12 | INFO | Total consolidado de acessos encontrados: 13
2026-06-18 10:31:12 | INFO | Projeto 'Nova Praça de Pedágio P11' carregado para arvore. Groups=11 | UserLists=1 | Outros=1
2026-06-18 10:31:12 | INFO | Iniciando leitura da seguranca do projeto 'Nova Praça P8' (ID: 401223)
2026-06-18 10:31:13 | INFO | Get-PWFolderSecurity retornou 14 item(ns).
2026-06-18 10:31:13 | INFO | Get-PWFolderTreeAccessObjects retornou 1 item(ns).
2026-06-18 10:31:13 | WARN | Cmdlet Get-PWProjectSecurity nao encontrado no ambiente. A leitura seguira apenas com FolderSecurity/TreeAccessObjects.
2026-06-18 10:31:13 | INFO | Total consolidado de acessos encontrados: 13
2026-06-18 10:31:13 | INFO | Projeto 'Nova Praça de Pedágio P8' carregado para arvore. Groups=11 | UserLists=1 | Outros=1
2026-06-18 10:31:13 | INFO | Iniciando leitura da seguranca do projeto 'PPD - km 215+600' (ID: 403828)
2026-06-18 10:31:14 | INFO | Get-PWFolderSecurity retornou 14 item(ns).
2026-06-18 10:31:14 | INFO | Get-PWFolderTreeAccessObjects retornou 1 item(ns).
2026-06-18 10:31:14 | WARN | Cmdlet Get-PWProjectSecurity nao encontrado no ambiente. A leitura seguira apenas com FolderSecurity/TreeAccessObjects.
2026-06-18 10:31:14 | INFO | Total consolidado de acessos encontrados: 13
2026-06-18 10:31:14 | INFO | Projeto 'PPD - km 215+600' carregado para arvore. Groups=11 | UserLists=1 | Outros=1
2026-06-18 10:31:14 | INFO | Iniciando leitura da seguranca do projeto 'PPD - km 513+600' (ID: 403931)
2026-06-18 10:31:14 | INFO | Get-PWFolderSecurity retornou 14 item(ns).
2026-06-18 10:31:14 | INFO | Get-PWFolderTreeAccessObjects retornou 1 item(ns).
2026-06-18 10:31:14 | WARN | Cmdlet Get-PWProjectSecurity nao encontrado no ambiente. A leitura seguira apenas com FolderSecurity/TreeAccessObjects.
2026-06-18 10:31:14 | INFO | Total consolidado de acessos encontrados: 13
2026-06-18 10:31:15 | INFO | Projeto 'PPD - km 513+600' carregado para arvore. Groups=11 | UserLists=1 | Outros=1
2026-06-18 10:31:15 | INFO | Iniciando leitura da seguranca do projeto 'Praça P10' (ID: 400993)
2026-06-18 10:31:15 | INFO | Get-PWFolderSecurity retornou 14 item(ns).
2026-06-18 10:31:15 | INFO | Get-PWFolderTreeAccessObjects retornou 1 item(ns).
2026-06-18 10:31:15 | WARN | Cmdlet Get-PWProjectSecurity nao encontrado no ambiente. A leitura seguira apenas com FolderSecurity/TreeAccessObjects.
2026-06-18 10:31:15 | INFO | Total consolidado de acessos encontrados: 13
2026-06-18 10:31:15 | INFO | Projeto 'Praça de Pedágio P10' carregado para arvore. Groups=11 | UserLists=1 | Outros=1
2026-06-18 10:31:15 | INFO | Iniciando leitura da seguranca do projeto 'Praça P11' (ID: 401034)
2026-06-18 10:31:16 | INFO | Get-PWFolderSecurity retornou 14 item(ns).
2026-06-18 10:31:16 | INFO | Get-PWFolderTreeAccessObjects retornou 1 item(ns).
2026-06-18 10:31:16 | WARN | Cmdlet Get-PWProjectSecurity nao encontrado no ambiente. A leitura seguira apenas com FolderSecurity/TreeAccessObjects.
2026-06-18 10:31:16 | INFO | Total consolidado de acessos encontrados: 13
2026-06-18 10:31:16 | INFO | Projeto 'Praça de Pedágio P11' carregado para arvore. Groups=11 | UserLists=1 | Outros=1
2026-06-18 10:31:16 | INFO | Iniciando leitura da seguranca do projeto 'Praça P12' (ID: 401071)
2026-06-18 10:31:16 | INFO | Get-PWFolderSecurity retornou 14 item(ns).
2026-06-18 10:31:16 | INFO | Get-PWFolderTreeAccessObjects retornou 1 item(ns).
2026-06-18 10:31:17 | WARN | Cmdlet Get-PWProjectSecurity nao encontrado no ambiente. A leitura seguira apenas com FolderSecurity/TreeAccessObjects.
2026-06-18 10:31:17 | INFO | Total consolidado de acessos encontrados: 13
2026-06-18 10:31:17 | INFO | Projeto 'Praça de Pedágio P12' carregado para arvore. Groups=11 | UserLists=1 | Outros=1
2026-06-18 10:31:17 | INFO | Iniciando leitura da seguranca do projeto 'Praça P13' (ID: 401108)
2026-06-18 10:31:17 | INFO | Get-PWFolderSecurity retornou 14 item(ns).
2026-06-18 10:31:17 | INFO | Get-PWFolderTreeAccessObjects retornou 1 item(ns).
2026-06-18 10:31:17 | WARN | Cmdlet Get-PWProjectSecurity nao encontrado no ambiente. A leitura seguira apenas com FolderSecurity/TreeAccessObjects.
2026-06-18 10:31:17 | INFO | Total consolidado de acessos encontrados: 13
2026-06-18 10:31:17 | INFO | Projeto 'Praça de Pedágio P13' carregado para arvore. Groups=11 | UserLists=1 | Outros=1
2026-06-18 10:31:17 | INFO | Iniciando leitura da seguranca do projeto 'Praça P14' (ID: 401147)
2026-06-18 10:31:18 | INFO | Get-PWFolderSecurity retornou 14 item(ns).
2026-06-18 10:31:18 | INFO | Get-PWFolderTreeAccessObjects retornou 1 item(ns).
2026-06-18 10:31:18 | WARN | Cmdlet Get-PWProjectSecurity nao encontrado no ambiente. A leitura seguira apenas com FolderSecurity/TreeAccessObjects.
2026-06-18 10:31:18 | INFO | Total consolidado de acessos encontrados: 13
2026-06-18 10:31:18 | INFO | Projeto 'Praça de Pedágio P14' carregado para arvore. Groups=11 | UserLists=1 | Outros=1
2026-06-18 10:31:18 | INFO | Iniciando leitura da seguranca do projeto 'Praça P15' (ID: 401184)
2026-06-18 10:31:19 | INFO | Get-PWFolderSecurity retornou 14 item(ns).
2026-06-18 10:31:19 | INFO | Get-PWFolderTreeAccessObjects retornou 1 item(ns).
2026-06-18 10:31:19 | WARN | Cmdlet Get-PWProjectSecurity nao encontrado no ambiente. A leitura seguira apenas com FolderSecurity/TreeAccessObjects.
2026-06-18 10:31:19 | INFO | Total consolidado de acessos encontrados: 13
2026-06-18 10:31:19 | INFO | Projeto 'Praça de Pedágio P15' carregado para arvore. Groups=11 | UserLists=1 | Outros=1
2026-06-18 10:31:19 | INFO | Iniciando leitura da seguranca do projeto 'Praça P6' (ID: 399872)
2026-06-18 10:31:19 | INFO | Get-PWFolderSecurity retornou 14 item(ns).
2026-06-18 10:31:19 | INFO | Get-PWFolderTreeAccessObjects retornou 1 item(ns).
2026-06-18 10:31:19 | WARN | Cmdlet Get-PWProjectSecurity nao encontrado no ambiente. A leitura seguira apenas com FolderSecurity/TreeAccessObjects.
2026-06-18 10:31:19 | INFO | Total consolidado de acessos encontrados: 13
2026-06-18 10:31:19 | INFO | Projeto 'Praça de Pedágio P6' carregado para arvore. Groups=11 | UserLists=1 | Outros=1
2026-06-18 10:31:19 | INFO | Iniciando leitura da seguranca do projeto 'Praça P7' (ID: 399960)
2026-06-18 10:31:20 | INFO | Get-PWFolderSecurity retornou 14 item(ns).
2026-06-18 10:31:20 | INFO | Get-PWFolderTreeAccessObjects retornou 1 item(ns).
2026-06-18 10:31:20 | WARN | Cmdlet Get-PWProjectSecurity nao encontrado no ambiente. A leitura seguira apenas com FolderSecurity/TreeAccessObjects.
2026-06-18 10:31:20 | INFO | Total consolidado de acessos encontrados: 13
2026-06-18 10:31:20 | INFO | Projeto 'Praça de Pedágio P7' carregado para arvore. Groups=11 | UserLists=1 | Outros=1
2026-06-18 10:31:20 | INFO | Iniciando leitura da seguranca do projeto 'Praça P8' (ID: 400918)
2026-06-18 10:31:21 | INFO | Get-PWFolderSecurity retornou 14 item(ns).
2026-06-18 10:31:21 | INFO | Get-PWFolderTreeAccessObjects retornou 1 item(ns).
2026-06-18 10:31:21 | WARN | Cmdlet Get-PWProjectSecurity nao encontrado no ambiente. A leitura seguira apenas com FolderSecurity/TreeAccessObjects.
2026-06-18 10:31:21 | INFO | Total consolidado de acessos encontrados: 13
2026-06-18 10:31:21 | INFO | Projeto 'Praça de Pedágio P8' carregado para arvore. Groups=11 | UserLists=1 | Outros=1
2026-06-18 10:31:21 | INFO | Iniciando leitura da seguranca do projeto 'Praça P9' (ID: 400955)
2026-06-18 10:31:21 | INFO | Get-PWFolderSecurity retornou 14 item(ns).
2026-06-18 10:31:21 | INFO | Get-PWFolderTreeAccessObjects retornou 1 item(ns).
2026-06-18 10:31:21 | WARN | Cmdlet Get-PWProjectSecurity nao encontrado no ambiente. A leitura seguira apenas com FolderSecurity/TreeAccessObjects.
2026-06-18 10:31:21 | INFO | Total consolidado de acessos encontrados: 13
2026-06-18 10:31:21 | INFO | Projeto 'Praça de Pedágio P9' carregado para arvore. Groups=11 | UserLists=1 | Outros=1
2026-06-18 10:31:21 | INFO | Iniciando leitura da seguranca do projeto 'PRF-1' (ID: 410463)
2026-06-18 10:31:22 | INFO | Get-PWFolderSecurity retornou 14 item(ns).
2026-06-18 10:31:22 | INFO | Get-PWFolderTreeAccessObjects retornou 1 item(ns).
2026-06-18 10:31:22 | WARN | Cmdlet Get-PWProjectSecurity nao encontrado no ambiente. A leitura seguira apenas com FolderSecurity/TreeAccessObjects.
2026-06-18 10:31:22 | INFO | Total consolidado de acessos encontrados: 13
2026-06-18 10:31:22 | INFO | Projeto 'PRF-1-RJ-074+300' carregado para arvore. Groups=11 | UserLists=1 | Outros=1
2026-06-18 10:31:22 | INFO | Iniciando leitura da seguranca do projeto 'PRF-11' (ID: 410611)
2026-06-18 10:31:23 | INFO | Get-PWFolderSecurity retornou 14 item(ns).
2026-06-18 10:31:23 | INFO | Get-PWFolderTreeAccessObjects retornou 1 item(ns).
2026-06-18 10:31:23 | WARN | Cmdlet Get-PWProjectSecurity nao encontrado no ambiente. A leitura seguira apenas com FolderSecurity/TreeAccessObjects.
2026-06-18 10:31:23 | INFO | Total consolidado de acessos encontrados: 13
2026-06-18 10:31:23 | INFO | Projeto 'PRF-11-MG-705+500' carregado para arvore. Groups=11 | UserLists=1 | Outros=1
2026-06-18 10:31:23 | INFO | Iniciando leitura da seguranca do projeto 'PRF-12' (ID: 410648)
2026-06-18 10:31:23 | INFO | Get-PWFolderSecurity retornou 14 item(ns).
2026-06-18 10:31:23 | INFO | Get-PWFolderTreeAccessObjects retornou 1 item(ns).
2026-06-18 10:31:23 | WARN | Cmdlet Get-PWProjectSecurity nao encontrado no ambiente. A leitura seguira apenas com FolderSecurity/TreeAccessObjects.
2026-06-18 10:31:23 | INFO | Total consolidado de acessos encontrados: 13
2026-06-18 10:31:23 | INFO | Projeto 'PRF-12-MG-771+250' carregado para arvore. Groups=11 | UserLists=1 | Outros=1
2026-06-18 10:31:23 | INFO | Iniciando leitura da seguranca do projeto 'PRF-3' (ID: 410500)
2026-06-18 10:31:24 | INFO | Get-PWFolderSecurity retornou 14 item(ns).
2026-06-18 10:31:24 | INFO | Get-PWFolderTreeAccessObjects retornou 1 item(ns).
2026-06-18 10:31:24 | WARN | Cmdlet Get-PWProjectSecurity nao encontrado no ambiente. A leitura seguira apenas com FolderSecurity/TreeAccessObjects.
2026-06-18 10:31:24 | INFO | Total consolidado de acessos encontrados: 13
2026-06-18 10:31:24 | INFO | Projeto 'PRF-3-RJ-127+000' carregado para arvore. Groups=11 | UserLists=1 | Outros=1
2026-06-18 10:31:24 | INFO | Iniciando leitura da seguranca do projeto 'PRF-8' (ID: 410537)
2026-06-18 10:31:25 | INFO | Get-PWFolderSecurity retornou 14 item(ns).
2026-06-18 10:31:25 | INFO | Get-PWFolderTreeAccessObjects retornou 1 item(ns).
2026-06-18 10:31:25 | WARN | Cmdlet Get-PWProjectSecurity nao encontrado no ambiente. A leitura seguira apenas com FolderSecurity/TreeAccessObjects.
2026-06-18 10:31:25 | INFO | Total consolidado de acessos encontrados: 13
2026-06-18 10:31:25 | INFO | Projeto 'PRF-8-MG-520+160' carregado para arvore. Groups=11 | UserLists=1 | Outros=1
2026-06-18 10:31:25 | INFO | Iniciando leitura da seguranca do projeto 'PRF-9' (ID: 410574)
2026-06-18 10:31:25 | INFO | Get-PWFolderSecurity retornou 14 item(ns).
2026-06-18 10:31:25 | INFO | Get-PWFolderTreeAccessObjects retornou 1 item(ns).
2026-06-18 10:31:25 | WARN | Cmdlet Get-PWProjectSecurity nao encontrado no ambiente. A leitura seguira apenas com FolderSecurity/TreeAccessObjects.
2026-06-18 10:31:25 | INFO | Total consolidado de acessos encontrados: 13
2026-06-18 10:31:25 | INFO | Projeto 'PRF-9-MG-589+000' carregado para arvore. Groups=11 | UserLists=1 | Outros=1
2026-06-18 10:36:42 | INFO | Sessao encerrada com 'Undo-PWLogin'.
