2026-06-02 11:41:30 | INFO | Aplicacao iniciada.
2026-06-02 11:41:30 | INFO | Tentando importar modulo do ProjectWise.
2026-06-02 11:41:30 | INFO | Modulo 'pwps_dab' importado com sucesso.
2026-06-02 11:41:30 | INFO | Tentando conectar ao datasource do ProjectWise.
2026-06-02 11:41:30 | INFO | Tentando conexao via 'New-PWLogin'. Parametros: DatasourceName, UserName, Password, UseGui, DoNotCreateWorkingDirectory, BentleyIMS, LoadWRE, NonAdminLogin, Token, Verbose, Debug, ErrorAction, WarningAction, InformationAction, ErrorVariable, WarningVariable, InformationVariable, OutVariable, OutBuffer, PipelineVariable
2026-06-02 11:41:42 | INFO | Conexao realizada via 'New-PWLogin -BentleyIMS'.
2026-06-02 11:41:44 | INFO | Conexao com ProjectWise realizada com sucesso.
2026-06-02 11:42:50 | INFO | Buscando usuario pelo email: bianca.lelis@ecorodovias.com.br
2026-06-02 11:42:50 | INFO | Parametros encontrados no cmdlet: UserName, UserId, SecProvider, Email, Identity, Disabled, Enabled, LastLogin, LoginInfo, Verbose, Debug, ErrorAction, WarningAction, InformationAction, ErrorVariable, WarningVariable, InformationVariable, OutVariable, OutBuffer, PipelineVariable
2026-06-02 11:42:50 | INFO | Usuario localizado com correspondencia exata de email.
2026-06-02 11:44:20 | INFO | Listando pastas da raiz por Root.
2026-06-02 11:44:21 | INFO | Listando filhos da pasta ID: 56
2026-06-02 11:44:46 | INFO | Listando filhos da pasta ID: 292
2026-06-02 11:44:46 | INFO | Listando filhos da pasta ID: 14120
2026-06-02 11:44:52 | INFO | Iniciando leitura da seguranca do projeto 'Alteamento de Greide' (ID: 245710)
2026-06-02 11:44:53 | INFO | Get-PWFolderSecurity retornou 14 item(ns).
2026-06-02 11:44:53 | INFO | Get-PWFolderTreeAccessObjects retornou 1 item(ns).
2026-06-02 11:44:53 | WARN | Cmdlet Get-PWProjectSecurity nao encontrado no ambiente. A leitura seguira apenas com FolderSecurity/TreeAccessObjects.
2026-06-02 11:44:53 | INFO | Total consolidado de acessos encontrados: 13
2026-06-02 11:44:53 | INFO | Projeto 'Alteamento de Greide - km 163 - BR101/ES' carregado para arvore. Groups=11 | UserLists=1 | Outros=1
2026-06-02 11:44:53 | INFO | Iniciando leitura da seguranca do projeto 'Ciclovia de Linhares' (ID: 244929)
2026-06-02 11:44:54 | INFO | Get-PWFolderSecurity retornou 14 item(ns).
2026-06-02 11:44:54 | INFO | Get-PWFolderTreeAccessObjects retornou 1 item(ns).
2026-06-02 11:44:54 | WARN | Cmdlet Get-PWProjectSecurity nao encontrado no ambiente. A leitura seguira apenas com FolderSecurity/TreeAccessObjects.
2026-06-02 11:44:54 | INFO | Total consolidado de acessos encontrados: 13
2026-06-02 11:44:54 | INFO | Projeto 'Ciclovia de Linhares - km 138,794 +144,750 - BR101/ES' carregado para arvore. Groups=11 | UserLists=1 | Outros=1
2026-06-02 11:44:54 | INFO | Iniciando leitura da seguranca do projeto 'Contorno de Fundão' (ID: 242586)
2026-06-02 11:44:55 | INFO | Get-PWFolderSecurity retornou 14 item(ns).
2026-06-02 11:44:55 | INFO | Get-PWFolderTreeAccessObjects retornou 1 item(ns).
2026-06-02 11:44:55 | WARN | Cmdlet Get-PWProjectSecurity nao encontrado no ambiente. A leitura seguira apenas com FolderSecurity/TreeAccessObjects.
2026-06-02 11:44:55 | INFO | Total consolidado de acessos encontrados: 13
2026-06-02 11:44:55 | INFO | Projeto 'Contorno de Fundão - km 227 + 232 - BR101/ES' carregado para arvore. Groups=11 | UserLists=1 | Outros=1
2026-06-02 11:44:55 | INFO | Iniciando leitura da seguranca do projeto 'Contorno de Ibiraçu' (ID: 244148)
2026-06-02 11:44:55 | INFO | Get-PWFolderSecurity retornou 14 item(ns).
2026-06-02 11:44:56 | INFO | Get-PWFolderTreeAccessObjects retornou 1 item(ns).
2026-06-02 11:44:56 | WARN | Cmdlet Get-PWProjectSecurity nao encontrado no ambiente. A leitura seguira apenas com FolderSecurity/TreeAccessObjects.
2026-06-02 11:44:56 | INFO | Total consolidado de acessos encontrados: 13
2026-06-02 11:44:56 | INFO | Projeto 'Contorno de Ibiraçu - km 212 + 215 - BR101/ES' carregado para arvore. Groups=11 | UserLists=1 | Outros=1
2026-06-02 11:44:56 | INFO | Iniciando leitura da seguranca do projeto 'Contorno de Vitória' (ID: 243367)
2026-06-02 11:44:57 | INFO | Get-PWFolderSecurity retornou 14 item(ns).
2026-06-02 11:44:57 | INFO | Get-PWFolderTreeAccessObjects retornou 1 item(ns).
2026-06-02 11:44:57 | WARN | Cmdlet Get-PWProjectSecurity nao encontrado no ambiente. A leitura seguira apenas com FolderSecurity/TreeAccessObjects.
2026-06-02 11:44:57 | INFO | Total consolidado de acessos encontrados: 13
2026-06-02 11:44:57 | INFO | Projeto 'Contorno de Vitória Dispositivo 1 - km 284,710 - BR101/ES' carregado para arvore. Groups=11 | UserLists=1 | Outros=1
2026-06-02 11:44:57 | INFO | Iniciando leitura da seguranca do projeto 'Contorno Dis.' (ID: 332794)
2026-06-02 11:44:58 | INFO | Get-PWFolderSecurity retornou 14 item(ns).
2026-06-02 11:44:58 | INFO | Get-PWFolderTreeAccessObjects retornou 1 item(ns).
2026-06-02 11:44:58 | WARN | Cmdlet Get-PWProjectSecurity nao encontrado no ambiente. A leitura seguira apenas com FolderSecurity/TreeAccessObjects.
2026-06-02 11:44:58 | INFO | Total consolidado de acessos encontrados: 13
2026-06-02 11:44:58 | INFO | Projeto 'Contorno de Vitória Dispositivo 2 - km 287,730 - BR101/ES' carregado para arvore. Groups=11 | UserLists=1 | Outros=1
2026-06-02 11:44:58 | INFO | Iniciando leitura da seguranca do projeto 'Contorno Marg.' (ID: 333576)
2026-06-02 11:44:59 | INFO | Get-PWFolderSecurity retornou 14 item(ns).
2026-06-02 11:44:59 | INFO | Get-PWFolderTreeAccessObjects retornou 1 item(ns).
2026-06-02 11:44:59 | WARN | Cmdlet Get-PWProjectSecurity nao encontrado no ambiente. A leitura seguira apenas com FolderSecurity/TreeAccessObjects.
2026-06-02 11:44:59 | INFO | Total consolidado de acessos encontrados: 13
2026-06-02 11:44:59 | INFO | Projeto 'Contorno de Vitória Marginais - km 278,900 + 291,000 - BR101/ES' carregado para arvore. Groups=11 | UserLists=1 | Outros=1
2026-06-02 11:44:59 | INFO | Iniciando leitura da seguranca do projeto 'Dupli. Contor. de Fundão' (ID: 351230)
2026-06-02 11:44:59 | INFO | Get-PWFolderSecurity retornou 14 item(ns).
2026-06-02 11:44:59 | INFO | Get-PWFolderTreeAccessObjects retornou 1 item(ns).
2026-06-02 11:44:59 | WARN | Cmdlet Get-PWProjectSecurity nao encontrado no ambiente. A leitura seguira apenas com FolderSecurity/TreeAccessObjects.
2026-06-02 11:44:59 | INFO | Total consolidado de acessos encontrados: 13
2026-06-02 11:44:59 | INFO | Projeto 'Duplicação SH C (Contorno de Fundão) - km 222,9 + 227 - BR101/ES' carregado para arvore. Groups=11 | UserLists=1 | Outros=1
2026-06-02 11:45:00 | INFO | Iniciando leitura da seguranca do projeto 'Dupli. Contor. de Ibiraçu' (ID: 350448)
2026-06-02 11:45:00 | INFO | Get-PWFolderSecurity retornou 14 item(ns).
2026-06-02 11:45:00 | INFO | Get-PWFolderTreeAccessObjects retornou 1 item(ns).
2026-06-02 11:45:00 | WARN | Cmdlet Get-PWProjectSecurity nao encontrado no ambiente. A leitura seguira apenas com FolderSecurity/TreeAccessObjects.
2026-06-02 11:45:00 | INFO | Total consolidado de acessos encontrados: 13
2026-06-02 11:45:00 | INFO | Projeto 'Duplicação SH C (Contorno de Ibiraçu) - km 210,9 + 212 - BR101/ES' carregado para arvore. Groups=11 | UserLists=1 | Outros=1
2026-06-02 11:45:00 | INFO | Iniciando leitura da seguranca do projeto 'Duplicação C' (ID: 248054)
2026-06-02 11:45:01 | INFO | Get-PWFolderSecurity retornou 14 item(ns).
2026-06-02 11:45:01 | INFO | Get-PWFolderTreeAccessObjects retornou 1 item(ns).
2026-06-02 11:45:01 | WARN | Cmdlet Get-PWProjectSecurity nao encontrado no ambiente. A leitura seguira apenas com FolderSecurity/TreeAccessObjects.
2026-06-02 11:45:01 | INFO | Total consolidado de acessos encontrados: 13
2026-06-02 11:45:01 | INFO | Projeto 'Duplicação SH C - km 203,6 + 222,9 - BR101/ES' carregado para arvore. Groups=11 | UserLists=1 | Outros=1
2026-06-02 11:45:01 | INFO | Iniciando leitura da seguranca do projeto 'Duplicação D1' (ID: 248835)
2026-06-02 11:45:02 | INFO | Get-PWFolderSecurity retornou 14 item(ns).
2026-06-02 11:45:02 | INFO | Get-PWFolderTreeAccessObjects retornou 1 item(ns).
2026-06-02 11:45:02 | WARN | Cmdlet Get-PWProjectSecurity nao encontrado no ambiente. A leitura seguira apenas com FolderSecurity/TreeAccessObjects.
2026-06-02 11:45:02 | INFO | Total consolidado de acessos encontrados: 13
2026-06-02 11:45:02 | INFO | Projeto 'Duplicação SH D1 - km 242 + 247 - BR101/ES' carregado para arvore. Groups=11 | UserLists=1 | Outros=1
2026-06-02 11:45:02 | INFO | Iniciando leitura da seguranca do projeto 'Duplicação D2' (ID: 249616)
2026-06-02 11:45:03 | INFO | Get-PWFolderSecurity retornou 14 item(ns).
2026-06-02 11:45:03 | INFO | Get-PWFolderTreeAccessObjects retornou 1 item(ns).
2026-06-02 11:45:03 | WARN | Cmdlet Get-PWProjectSecurity nao encontrado no ambiente. A leitura seguira apenas com FolderSecurity/TreeAccessObjects.
2026-06-02 11:45:03 | INFO | Total consolidado de acessos encontrados: 13
2026-06-02 11:45:03 | INFO | Projeto 'Duplicação SH D2 - km 231,9 + 242 - BR101/ES' carregado para arvore. Groups=11 | UserLists=1 | Outros=1
2026-06-02 11:45:03 | INFO | Iniciando leitura da seguranca do projeto 'Duplicação F' (ID: 259324)
2026-06-02 11:45:04 | INFO | Get-PWFolderSecurity retornou 14 item(ns).
2026-06-02 11:45:04 | INFO | Get-PWFolderTreeAccessObjects retornou 1 item(ns).
2026-06-02 11:45:04 | WARN | Cmdlet Get-PWProjectSecurity nao encontrado no ambiente. A leitura seguira apenas com FolderSecurity/TreeAccessObjects.
2026-06-02 11:45:04 | INFO | Total consolidado de acessos encontrados: 13
2026-06-02 11:45:04 | INFO | Projeto 'Duplicação SH F - km 308,1 + 359,2 - BR101/ES' carregado para arvore. Groups=11 | UserLists=1 | Outros=1
2026-06-02 11:45:04 | INFO | Iniciando leitura da seguranca do projeto 'Duplicação G1A' (ID: 250397)
2026-06-02 11:45:05 | INFO | Get-PWFolderSecurity retornou 16 item(ns).
2026-06-02 11:45:05 | INFO | Get-PWFolderTreeAccessObjects retornou 1 item(ns).
2026-06-02 11:45:05 | WARN | Cmdlet Get-PWProjectSecurity nao encontrado no ambiente. A leitura seguira apenas com FolderSecurity/TreeAccessObjects.
2026-06-02 11:45:05 | INFO | Total consolidado de acessos encontrados: 14
2026-06-02 11:45:05 | INFO | Projeto 'Duplicação SH G1A (Obras) -  km 357,7 + 373,5 - BR101/ES' carregado para arvore. Groups=12 | UserLists=1 | Outros=1
2026-06-02 11:45:05 | INFO | Iniciando leitura da seguranca do projeto 'Duplicação G1A ANTT' (ID: 360783)
2026-06-02 11:45:05 | INFO | Get-PWFolderSecurity retornou 14 item(ns).
2026-06-02 11:45:05 | INFO | Get-PWFolderTreeAccessObjects retornou 1 item(ns).
2026-06-02 11:45:05 | WARN | Cmdlet Get-PWProjectSecurity nao encontrado no ambiente. A leitura seguira apenas com FolderSecurity/TreeAccessObjects.
2026-06-02 11:45:05 | INFO | Total consolidado de acessos encontrados: 13
2026-06-02 11:45:05 | INFO | Projeto 'Duplicação SH G1A (ANTT) -  km 357,7 + 373,5 - BR101/ES' carregado para arvore. Groups=11 | UserLists=1 | Outros=1
2026-06-02 11:45:05 | INFO | Iniciando leitura da seguranca do projeto 'Duplicação G1B' (ID: 251178)
2026-06-02 11:45:06 | INFO | Get-PWFolderSecurity retornou 14 item(ns).
2026-06-02 11:45:06 | INFO | Get-PWFolderTreeAccessObjects retornou 1 item(ns).
2026-06-02 11:45:06 | WARN | Cmdlet Get-PWProjectSecurity nao encontrado no ambiente. A leitura seguira apenas com FolderSecurity/TreeAccessObjects.
2026-06-02 11:45:06 | INFO | Total consolidado de acessos encontrados: 13
2026-06-02 11:45:06 | INFO | Projeto 'Duplicação SH G1B - km 380,3 + 396,8 - BR101/ES' carregado para arvore. Groups=11 | UserLists=1 | Outros=1
2026-06-02 11:45:06 | INFO | Iniciando leitura da seguranca do projeto 'Duplicação G2' (ID: 251959)
2026-06-02 11:45:07 | INFO | Get-PWFolderSecurity retornou 14 item(ns).
2026-06-02 11:45:07 | INFO | Get-PWFolderTreeAccessObjects retornou 1 item(ns).
2026-06-02 11:45:07 | WARN | Cmdlet Get-PWProjectSecurity nao encontrado no ambiente. A leitura seguira apenas com FolderSecurity/TreeAccessObjects.
2026-06-02 11:45:08 | INFO | Total consolidado de acessos encontrados: 13
2026-06-02 11:45:08 | INFO | Projeto 'Duplicação SH G2 -  km 396,8 + 426,7 - BR101/ES' carregado para arvore. Groups=11 | UserLists=1 | Outros=1
2026-06-02 11:45:08 | INFO | Iniciando leitura da seguranca do projeto 'HS-WIM' (ID: 258071)
2026-06-02 11:45:09 | INFO | Get-PWFolderSecurity retornou 14 item(ns).
2026-06-02 11:45:09 | INFO | Get-PWFolderTreeAccessObjects retornou 1 item(ns).
2026-06-02 11:45:09 | WARN | Cmdlet Get-PWProjectSecurity nao encontrado no ambiente. A leitura seguira apenas com FolderSecurity/TreeAccessObjects.
2026-06-02 11:45:09 | INFO | Total consolidado de acessos encontrados: 13
2026-06-02 11:45:09 | INFO | Projeto 'HS-WIM - Ibiraçu - km 224 - BR101/ES' carregado para arvore. Groups=11 | UserLists=1 | Outros=1
2026-06-02 11:45:09 | INFO | Iniciando leitura da seguranca do projeto 'Marginais de Viana' (ID: 252740)
2026-06-02 11:45:09 | INFO | Get-PWFolderSecurity retornou 14 item(ns).
2026-06-02 11:45:09 | INFO | Get-PWFolderTreeAccessObjects retornou 1 item(ns).
2026-06-02 11:45:09 | WARN | Cmdlet Get-PWProjectSecurity nao encontrado no ambiente. A leitura seguira apenas com FolderSecurity/TreeAccessObjects.
2026-06-02 11:45:09 | INFO | Total consolidado de acessos encontrados: 13
2026-06-02 11:45:09 | INFO | Projeto 'Marginais de Viana -  km 291,5 + 304,8 - BR101/ES' carregado para arvore. Groups=11 | UserLists=1 | Outros=1
2026-06-02 11:45:09 | INFO | Iniciando leitura da seguranca do projeto 'Passarelas 6 km' (ID: 246491)
2026-06-02 11:45:10 | INFO | Get-PWFolderSecurity retornou 14 item(ns).
2026-06-02 11:45:10 | INFO | Get-PWFolderTreeAccessObjects retornou 1 item(ns).
2026-06-02 11:45:10 | WARN | Cmdlet Get-PWProjectSecurity nao encontrado no ambiente. A leitura seguira apenas com FolderSecurity/TreeAccessObjects.
2026-06-02 11:45:10 | INFO | Total consolidado de acessos encontrados: 13
2026-06-02 11:45:10 | INFO | Projeto 'Passarelas - km 6 - BR101/ES' carregado para arvore. Groups=11 | UserLists=1 | Outros=1
2026-06-02 11:45:10 | INFO | Iniciando leitura da seguranca do projeto 'Pedro Canário' (ID: 253973)
2026-06-02 11:45:11 | INFO | Get-PWFolderSecurity retornou 14 item(ns).
2026-06-02 11:45:11 | INFO | Get-PWFolderTreeAccessObjects retornou 1 item(ns).
2026-06-02 11:45:11 | WARN | Cmdlet Get-PWProjectSecurity nao encontrado no ambiente. A leitura seguira apenas com FolderSecurity/TreeAccessObjects.
2026-06-02 11:45:11 | INFO | Total consolidado de acessos encontrados: 13
2026-06-02 11:45:11 | INFO | Projeto 'Pedro Canário (km 15 + 17) / Linhares (km 146 + 150) / Timbuí (km 237 + 239) - BR101/ES' carregado para arvore. Groups=11 | UserLists=1 | Outros=1
2026-06-02 11:45:11 | INFO | Iniciando leitura da seguranca do projeto 'PPD Norte' (ID: 255227)
2026-06-02 11:45:12 | INFO | Get-PWFolderSecurity retornou 23 item(ns).
2026-06-02 11:45:12 | INFO | Get-PWFolderTreeAccessObjects retornou 1 item(ns).
2026-06-02 11:45:12 | WARN | Cmdlet Get-PWProjectSecurity nao encontrado no ambiente. A leitura seguira apenas com FolderSecurity/TreeAccessObjects.
2026-06-02 11:45:12 | INFO | Total consolidado de acessos encontrados: 22
2026-06-02 11:45:12 | INFO | Projeto 'PPD Trecho Norte - Linhares - km 169+900 - BR101/ES' carregado para arvore. Groups=20 | UserLists=1 | Outros=1
2026-06-02 11:45:12 | INFO | Iniciando leitura da seguranca do projeto 'PPD Sul' (ID: 256672)
2026-06-02 11:45:14 | INFO | Get-PWFolderSecurity retornou 23 item(ns).
2026-06-02 11:45:14 | INFO | Get-PWFolderTreeAccessObjects retornou 1 item(ns).
2026-06-02 11:45:14 | WARN | Cmdlet Get-PWProjectSecurity nao encontrado no ambiente. A leitura seguira apenas com FolderSecurity/TreeAccessObjects.
2026-06-02 11:45:14 | INFO | Total consolidado de acessos encontrados: 22
2026-06-02 11:45:14 | INFO | Projeto 'PPD Trecho Sul - Serra - km 425+300 - BR101/ES' carregado para arvore. Groups=20 | UserLists=1 | Outros=1
2026-06-02 11:45:14 | INFO | Iniciando leitura da seguranca do projeto 'Vias Marginais' (ID: 247272)
2026-06-02 11:45:14 | INFO | Get-PWFolderSecurity retornou 14 item(ns).
2026-06-02 11:45:14 | INFO | Get-PWFolderTreeAccessObjects retornou 1 item(ns).
2026-06-02 11:45:14 | WARN | Cmdlet Get-PWProjectSecurity nao encontrado no ambiente. A leitura seguira apenas com FolderSecurity/TreeAccessObjects.
2026-06-02 11:45:15 | INFO | Total consolidado de acessos encontrados: 13
2026-06-02 11:45:15 | INFO | Projeto 'Marginais de Vitória - km 278,200 - 291,500 - BR101/ES' carregado para arvore. Groups=11 | UserLists=1 | Outros=1
2026-06-02 11:54:44 | INFO | Sessao encerrada com 'Undo-PWLogin'.
