2026-07-23 10:16:27 | INFO | Aplicacao iniciada.
2026-07-23 10:16:27 | INFO | Tentando importar modulo do ProjectWise.
2026-07-23 10:16:27 | INFO | Modulo 'pwps_dab' importado com sucesso.
2026-07-23 10:16:27 | INFO | Tentando conectar ao datasource do ProjectWise.
2026-07-23 10:16:27 | INFO | Tentando conexao via 'New-PWLogin'. Parametros: DatasourceName, UserName, Password, UseGui, DoNotCreateWorkingDirectory, BentleyIMS, LoadWRE, NonAdminLogin, Token, Verbose, Debug, ErrorAction, WarningAction, InformationAction, ErrorVariable, WarningVariable, InformationVariable, OutVariable, OutBuffer, PipelineVariable
2026-07-23 10:16:41 | INFO | Conexao realizada via 'New-PWLogin -BentleyIMS'.
2026-07-23 10:16:41 | INFO | Conexao com ProjectWise realizada com sucesso.
2026-07-23 10:16:55 | INFO | Buscando usuario pelo email: italo.souza@novaengevix.com.br
2026-07-23 10:16:55 | INFO | Parametros encontrados no cmdlet: UserName, UserId, SecProvider, Email, Identity, Disabled, Enabled, LastLogin, LoginInfo, Verbose, Debug, ErrorAction, WarningAction, InformationAction, ErrorVariable, WarningVariable, InformationVariable, OutVariable, OutBuffer, PipelineVariable
2026-07-23 10:16:56 | INFO | Usuario localizado com correspondencia exata de email.
2026-07-23 10:17:04 | INFO | Listando pastas da raiz por Root.
2026-07-23 10:17:10 | INFO | Listando filhos da pasta ID: 56
2026-07-23 10:18:07 | INFO | Listando filhos da pasta ID: 292
2026-07-23 10:18:07 | INFO | Listando filhos da pasta ID: 14120
2026-07-23 10:18:38 | INFO | Iniciando leitura da seguranca do projeto 'Adequação OAE - 205+150' (ID: 421725)
2026-07-23 10:18:39 | INFO | Get-PWFolderSecurity retornou 14 item(ns).
2026-07-23 10:18:39 | INFO | Get-PWFolderTreeAccessObjects retornou 1 item(ns).
2026-07-23 10:18:39 | WARN | Cmdlet Get-PWProjectSecurity nao encontrado no ambiente. A leitura seguira apenas com FolderSecurity/TreeAccessObjects.
2026-07-23 10:18:39 | INFO | Total consolidado de acessos encontrados: 13
2026-07-23 10:18:39 | INFO | Projeto 'Adequação de OAE - 205+150 NS - Ponte - Rio Piraqueaçu - BR101/ES' carregado para arvore. Groups=11 | UserLists=1 | Outros=1
2026-07-23 10:18:39 | INFO | Iniciando leitura da seguranca do projeto 'Adequação OAE - 215+650' (ID: 421762)
2026-07-23 10:18:40 | INFO | Get-PWFolderSecurity retornou 14 item(ns).
2026-07-23 10:18:40 | INFO | Get-PWFolderTreeAccessObjects retornou 1 item(ns).
2026-07-23 10:18:40 | WARN | Cmdlet Get-PWProjectSecurity nao encontrado no ambiente. A leitura seguira apenas com FolderSecurity/TreeAccessObjects.
2026-07-23 10:18:40 | INFO | Total consolidado de acessos encontrados: 13
2026-07-23 10:18:40 | INFO | Projeto 'Adequação de OAE - 215+650 NS - Ponte - Bueiro - BR101/ES' carregado para arvore. Groups=11 | UserLists=1 | Outros=1
2026-07-23 10:18:40 | INFO | Iniciando leitura da seguranca do projeto 'Adequação OAE - 222+430' (ID: 421799)
2026-07-23 10:18:42 | INFO | Get-PWFolderSecurity retornou 14 item(ns).
2026-07-23 10:18:42 | INFO | Get-PWFolderTreeAccessObjects retornou 1 item(ns).
2026-07-23 10:18:42 | WARN | Cmdlet Get-PWProjectSecurity nao encontrado no ambiente. A leitura seguira apenas com FolderSecurity/TreeAccessObjects.
2026-07-23 10:18:42 | INFO | Total consolidado de acessos encontrados: 13
2026-07-23 10:18:42 | INFO | Projeto 'Adequação de OAE - 222+430 NS - Ponte - Rio Itapira - BR101/ES' carregado para arvore. Groups=11 | UserLists=1 | Outros=1
2026-07-23 10:18:42 | INFO | Iniciando leitura da seguranca do projeto 'Adequação OAE - 239+900' (ID: 421303)
2026-07-23 10:18:44 | INFO | Get-PWFolderSecurity retornou 14 item(ns).
2026-07-23 10:18:45 | INFO | Get-PWFolderTreeAccessObjects retornou 1 item(ns).
2026-07-23 10:18:45 | WARN | Cmdlet Get-PWProjectSecurity nao encontrado no ambiente. A leitura seguira apenas com FolderSecurity/TreeAccessObjects.
2026-07-23 10:18:45 | INFO | Total consolidado de acessos encontrados: 13
2026-07-23 10:18:45 | INFO | Projeto 'Adequação de OAE - 239+900 NS - Ponte - Rio Timbuí - BR101/ES' carregado para arvore. Groups=11 | UserLists=1 | Outros=1
2026-07-23 10:18:45 | INFO | Iniciando leitura da seguranca do projeto 'Adequação OAE - 380+000' (ID: 421341)
2026-07-23 10:18:46 | INFO | Get-PWFolderSecurity retornou 14 item(ns).
2026-07-23 10:18:46 | INFO | Get-PWFolderTreeAccessObjects retornou 1 item(ns).
2026-07-23 10:18:46 | WARN | Cmdlet Get-PWProjectSecurity nao encontrado no ambiente. A leitura seguira apenas com FolderSecurity/TreeAccessObjects.
2026-07-23 10:18:46 | INFO | Total consolidado de acessos encontrados: 13
2026-07-23 10:18:46 | INFO | Projeto 'Adequação de OAE - 380+000 N - Ponte - Córrego Tocaia - BR101/ES' carregado para arvore. Groups=11 | UserLists=1 | Outros=1
2026-07-23 10:18:46 | INFO | Iniciando leitura da seguranca do projeto 'Adequação OAE - 381+200' (ID: 421379)
2026-07-23 10:18:47 | INFO | Get-PWFolderSecurity retornou 14 item(ns).
2026-07-23 10:18:47 | INFO | Get-PWFolderTreeAccessObjects retornou 1 item(ns).
2026-07-23 10:18:47 | WARN | Cmdlet Get-PWProjectSecurity nao encontrado no ambiente. A leitura seguira apenas com FolderSecurity/TreeAccessObjects.
2026-07-23 10:18:47 | INFO | Total consolidado de acessos encontrados: 13
2026-07-23 10:18:47 | INFO | Projeto 'Adequação de OAE - 381+200 NS - Ponte - Rio Itapoama - BR101/ES' carregado para arvore. Groups=11 | UserLists=1 | Outros=1
2026-07-23 10:18:47 | INFO | Iniciando leitura da seguranca do projeto 'Adequação OAE - 396+500' (ID: 421422)
2026-07-23 10:18:48 | INFO | Get-PWFolderSecurity retornou 14 item(ns).
2026-07-23 10:18:48 | INFO | Get-PWFolderTreeAccessObjects retornou 1 item(ns).
2026-07-23 10:18:48 | WARN | Cmdlet Get-PWProjectSecurity nao encontrado no ambiente. A leitura seguira apenas com FolderSecurity/TreeAccessObjects.
2026-07-23 10:18:48 | INFO | Total consolidado de acessos encontrados: 13
2026-07-23 10:18:48 | INFO | Projeto 'Adequação de OAE - 396+500 N - Ponte - Rio Pau D’Alho - BR101/ES' carregado para arvore. Groups=11 | UserLists=1 | Outros=1
2026-07-23 10:18:48 | INFO | Iniciando leitura da seguranca do projeto 'Adequação OAE - 397+300' (ID: 421460)
2026-07-23 10:18:49 | INFO | Get-PWFolderSecurity retornou 14 item(ns).
2026-07-23 10:18:49 | INFO | Get-PWFolderTreeAccessObjects retornou 1 item(ns).
2026-07-23 10:18:49 | WARN | Cmdlet Get-PWProjectSecurity nao encontrado no ambiente. A leitura seguira apenas com FolderSecurity/TreeAccessObjects.
2026-07-23 10:18:49 | INFO | Total consolidado de acessos encontrados: 13
2026-07-23 10:18:49 | INFO | Projeto 'Adequação de OAE - 397+300 NS - Ponte - Córrego Rio Novo do Sul - BR101/ES' carregado para arvore. Groups=11 | UserLists=1 | Outros=1
2026-07-23 10:18:49 | INFO | Iniciando leitura da seguranca do projeto 'Adequação OAE - 398+600' (ID: 421503)
2026-07-23 10:18:50 | INFO | Get-PWFolderSecurity retornou 14 item(ns).
2026-07-23 10:18:50 | INFO | Get-PWFolderTreeAccessObjects retornou 1 item(ns).
2026-07-23 10:18:50 | WARN | Cmdlet Get-PWProjectSecurity nao encontrado no ambiente. A leitura seguira apenas com FolderSecurity/TreeAccessObjects.
2026-07-23 10:18:50 | INFO | Total consolidado de acessos encontrados: 13
2026-07-23 10:18:50 | INFO | Projeto 'Adequação de OAE - 398+600 NS - Ponte - Rio Mauá - BR101/ES' carregado para arvore. Groups=11 | UserLists=1 | Outros=1
2026-07-23 10:18:50 | INFO | Iniciando leitura da seguranca do projeto 'Adequação OAE - 409+210' (ID: 421540)
2026-07-23 10:18:50 | INFO | Get-PWFolderSecurity retornou 14 item(ns).
2026-07-23 10:18:50 | INFO | Get-PWFolderTreeAccessObjects retornou 1 item(ns).
2026-07-23 10:18:51 | WARN | Cmdlet Get-PWProjectSecurity nao encontrado no ambiente. A leitura seguira apenas com FolderSecurity/TreeAccessObjects.
2026-07-23 10:18:51 | INFO | Total consolidado de acessos encontrados: 13
2026-07-23 10:18:51 | INFO | Projeto 'Adequação de OAE - 409+210 NS - Ponte - Córrego Safra I - BR101/ES' carregado para arvore. Groups=11 | UserLists=1 | Outros=1
2026-07-23 10:18:51 | INFO | Iniciando leitura da seguranca do projeto 'Adequação OAE - 409+260' (ID: 421577)
2026-07-23 10:18:52 | INFO | Get-PWFolderSecurity retornou 14 item(ns).
2026-07-23 10:18:53 | INFO | Get-PWFolderTreeAccessObjects retornou 1 item(ns).
2026-07-23 10:18:53 | WARN | Cmdlet Get-PWProjectSecurity nao encontrado no ambiente. A leitura seguira apenas com FolderSecurity/TreeAccessObjects.
2026-07-23 10:18:53 | INFO | Total consolidado de acessos encontrados: 13
2026-07-23 10:18:53 | INFO | Projeto 'Adequação de OAE - 409+260 NS - Ponte - Córrego Barra do Frade - BR101/ES' carregado para arvore. Groups=11 | UserLists=1 | Outros=1
2026-07-23 10:18:53 | INFO | Iniciando leitura da seguranca do projeto 'Adequação OAE - 410+900' (ID: 421614)
2026-07-23 10:18:55 | INFO | Get-PWFolderSecurity retornou 14 item(ns).
2026-07-23 10:18:56 | INFO | Get-PWFolderTreeAccessObjects retornou 1 item(ns).
2026-07-23 10:18:56 | WARN | Cmdlet Get-PWProjectSecurity nao encontrado no ambiente. A leitura seguira apenas com FolderSecurity/TreeAccessObjects.
2026-07-23 10:18:56 | INFO | Total consolidado de acessos encontrados: 13
2026-07-23 10:18:56 | INFO | Projeto 'Adequação de OAE - 410+900 NS - Ponte - Córrego Safra II - BR101/ES' carregado para arvore. Groups=11 | UserLists=1 | Outros=1
2026-07-23 10:18:56 | INFO | Iniciando leitura da seguranca do projeto 'Adequação OAE - 424+010' (ID: 421651)
2026-07-23 10:18:57 | INFO | Get-PWFolderSecurity retornou 14 item(ns).
2026-07-23 10:18:57 | INFO | Get-PWFolderTreeAccessObjects retornou 1 item(ns).
2026-07-23 10:18:57 | WARN | Cmdlet Get-PWProjectSecurity nao encontrado no ambiente. A leitura seguira apenas com FolderSecurity/TreeAccessObjects.
2026-07-23 10:18:57 | INFO | Total consolidado de acessos encontrados: 13
2026-07-23 10:18:57 | INFO | Projeto 'Adequação de OAE - 424+010 NS - Ponte - Córrego Muqui - BR101/ES' carregado para arvore. Groups=11 | UserLists=1 | Outros=1
2026-07-23 10:18:57 | INFO | Iniciando leitura da seguranca do projeto 'Adequação OAE - 424+290' (ID: 421688)
2026-07-23 10:18:58 | INFO | Get-PWFolderSecurity retornou 14 item(ns).
2026-07-23 10:18:58 | INFO | Get-PWFolderTreeAccessObjects retornou 1 item(ns).
2026-07-23 10:18:58 | WARN | Cmdlet Get-PWProjectSecurity nao encontrado no ambiente. A leitura seguira apenas com FolderSecurity/TreeAccessObjects.
2026-07-23 10:18:58 | INFO | Total consolidado de acessos encontrados: 13
2026-07-23 10:18:58 | INFO | Projeto 'Adequação de OAE - 424+290 NS - Ponte - Rio Muqui - BR101/ES' carregado para arvore. Groups=11 | UserLists=1 | Outros=1
2026-07-23 10:18:58 | INFO | Iniciando leitura da seguranca do projeto 'Alteamento de Greide' (ID: 245710)
2026-07-23 10:18:59 | INFO | Get-PWFolderSecurity retornou 28 item(ns).
2026-07-23 10:18:59 | INFO | Get-PWFolderTreeAccessObjects retornou 1 item(ns).
2026-07-23 10:18:59 | WARN | Cmdlet Get-PWProjectSecurity nao encontrado no ambiente. A leitura seguira apenas com FolderSecurity/TreeAccessObjects.
2026-07-23 10:18:59 | INFO | Total consolidado de acessos encontrados: 14
2026-07-23 10:18:59 | INFO | Projeto 'Alteamento de Greide - km 163 - BR101/ES' carregado para arvore. Groups=12 | UserLists=1 | Outros=1
2026-07-23 10:18:59 | INFO | Iniciando leitura da seguranca do projeto 'Ciclovia de Linhares' (ID: 244929)
2026-07-23 10:19:01 | INFO | Get-PWFolderSecurity retornou 28 item(ns).
2026-07-23 10:19:01 | INFO | Get-PWFolderTreeAccessObjects retornou 1 item(ns).
2026-07-23 10:19:01 | WARN | Cmdlet Get-PWProjectSecurity nao encontrado no ambiente. A leitura seguira apenas com FolderSecurity/TreeAccessObjects.
2026-07-23 10:19:01 | INFO | Total consolidado de acessos encontrados: 14
2026-07-23 10:19:01 | INFO | Projeto 'Ciclovia de Linhares - km 138,794 +144,750 - BR101/ES' carregado para arvore. Groups=12 | UserLists=1 | Outros=1
2026-07-23 10:19:01 | INFO | Iniciando leitura da seguranca do projeto 'Contorno de Fundão' (ID: 242586)
2026-07-23 10:19:02 | INFO | Get-PWFolderSecurity retornou 28 item(ns).
2026-07-23 10:19:02 | INFO | Get-PWFolderTreeAccessObjects retornou 1 item(ns).
2026-07-23 10:19:02 | WARN | Cmdlet Get-PWProjectSecurity nao encontrado no ambiente. A leitura seguira apenas com FolderSecurity/TreeAccessObjects.
2026-07-23 10:19:02 | INFO | Total consolidado de acessos encontrados: 14
2026-07-23 10:19:02 | INFO | Projeto 'Contorno de Fundão - km 227 + 232 - BR101/ES' carregado para arvore. Groups=12 | UserLists=1 | Outros=1
2026-07-23 10:19:02 | INFO | Iniciando leitura da seguranca do projeto 'Contorno de Ibiraçu' (ID: 244148)
2026-07-23 10:19:04 | INFO | Get-PWFolderSecurity retornou 28 item(ns).
2026-07-23 10:19:04 | INFO | Get-PWFolderTreeAccessObjects retornou 1 item(ns).
2026-07-23 10:19:04 | WARN | Cmdlet Get-PWProjectSecurity nao encontrado no ambiente. A leitura seguira apenas com FolderSecurity/TreeAccessObjects.
2026-07-23 10:19:04 | INFO | Total consolidado de acessos encontrados: 14
2026-07-23 10:19:04 | INFO | Projeto 'Contorno de Ibiraçu - km 212 + 215 - BR101/ES' carregado para arvore. Groups=12 | UserLists=1 | Outros=1
2026-07-23 10:19:04 | INFO | Iniciando leitura da seguranca do projeto 'Contorno de Vitória' (ID: 243367)
2026-07-23 10:19:06 | INFO | Get-PWFolderSecurity retornou 14 item(ns).
2026-07-23 10:19:07 | INFO | Get-PWFolderTreeAccessObjects retornou 1 item(ns).
2026-07-23 10:19:07 | WARN | Cmdlet Get-PWProjectSecurity nao encontrado no ambiente. A leitura seguira apenas com FolderSecurity/TreeAccessObjects.
2026-07-23 10:19:07 | INFO | Total consolidado de acessos encontrados: 13
2026-07-23 10:19:07 | INFO | Projeto 'Contorno de Vitória Dispositivo 1 - km 284,710 - BR101/ES' carregado para arvore. Groups=11 | UserLists=1 | Outros=1
2026-07-23 10:19:07 | INFO | Iniciando leitura da seguranca do projeto 'Contorno Dis.' (ID: 332794)
2026-07-23 10:19:09 | INFO | Get-PWFolderSecurity retornou 28 item(ns).
2026-07-23 10:19:09 | INFO | Get-PWFolderTreeAccessObjects retornou 1 item(ns).
2026-07-23 10:19:09 | WARN | Cmdlet Get-PWProjectSecurity nao encontrado no ambiente. A leitura seguira apenas com FolderSecurity/TreeAccessObjects.
2026-07-23 10:19:09 | INFO | Total consolidado de acessos encontrados: 14
2026-07-23 10:19:09 | INFO | Projeto 'Contorno de Vitória Dispositivo 2 - km 287,730 - BR101/ES' carregado para arvore. Groups=12 | UserLists=1 | Outros=1
2026-07-23 10:19:09 | INFO | Iniciando leitura da seguranca do projeto 'Contorno Marg.' (ID: 333576)
2026-07-23 10:19:10 | INFO | Get-PWFolderSecurity retornou 28 item(ns).
2026-07-23 10:19:10 | INFO | Get-PWFolderTreeAccessObjects retornou 1 item(ns).
2026-07-23 10:19:10 | WARN | Cmdlet Get-PWProjectSecurity nao encontrado no ambiente. A leitura seguira apenas com FolderSecurity/TreeAccessObjects.
2026-07-23 10:19:10 | INFO | Total consolidado de acessos encontrados: 14
2026-07-23 10:19:10 | INFO | Projeto 'Contorno de Vitória Marginais - km 278,900 + 291,000 - BR101/ES' carregado para arvore. Groups=12 | UserLists=1 | Outros=1
2026-07-23 10:19:10 | INFO | Iniciando leitura da seguranca do projeto 'Dupli. Contor. de Fundão' (ID: 351230)
2026-07-23 10:19:11 | INFO | Get-PWFolderSecurity retornou 14 item(ns).
2026-07-23 10:19:11 | INFO | Get-PWFolderTreeAccessObjects retornou 1 item(ns).
2026-07-23 10:19:11 | WARN | Cmdlet Get-PWProjectSecurity nao encontrado no ambiente. A leitura seguira apenas com FolderSecurity/TreeAccessObjects.
2026-07-23 10:19:11 | INFO | Total consolidado de acessos encontrados: 13
2026-07-23 10:19:11 | INFO | Projeto 'Duplicação SH C (Contorno de Fundão) - km 222,9 + 227 - BR101/ES' carregado para arvore. Groups=11 | UserLists=1 | Outros=1
2026-07-23 10:19:11 | INFO | Iniciando leitura da seguranca do projeto 'Dupli. Contor. de Ibiraçu' (ID: 350448)
2026-07-23 10:19:12 | INFO | Get-PWFolderSecurity retornou 14 item(ns).
2026-07-23 10:19:12 | INFO | Get-PWFolderTreeAccessObjects retornou 1 item(ns).
2026-07-23 10:19:12 | WARN | Cmdlet Get-PWProjectSecurity nao encontrado no ambiente. A leitura seguira apenas com FolderSecurity/TreeAccessObjects.
2026-07-23 10:19:12 | INFO | Total consolidado de acessos encontrados: 13
2026-07-23 10:19:12 | INFO | Projeto 'Duplicação SH C (Contorno de Ibiraçu) - km 210,9 + 212 - BR101/ES' carregado para arvore. Groups=11 | UserLists=1 | Outros=1
2026-07-23 10:19:12 | INFO | Iniciando leitura da seguranca do projeto 'Duplicação C' (ID: 248054)
2026-07-23 10:19:12 | INFO | Get-PWFolderSecurity retornou 14 item(ns).
2026-07-23 10:19:13 | INFO | Get-PWFolderTreeAccessObjects retornou 1 item(ns).
2026-07-23 10:19:13 | WARN | Cmdlet Get-PWProjectSecurity nao encontrado no ambiente. A leitura seguira apenas com FolderSecurity/TreeAccessObjects.
2026-07-23 10:19:13 | INFO | Total consolidado de acessos encontrados: 13
2026-07-23 10:19:13 | INFO | Projeto 'Duplicação SH C - km 203,6 + 222,9 - BR101/ES' carregado para arvore. Groups=11 | UserLists=1 | Outros=1
2026-07-23 10:19:13 | INFO | Iniciando leitura da seguranca do projeto 'Duplicação D1' (ID: 248835)
2026-07-23 10:19:15 | INFO | Get-PWFolderSecurity retornou 14 item(ns).
2026-07-23 10:19:15 | INFO | Get-PWFolderTreeAccessObjects retornou 1 item(ns).
2026-07-23 10:19:16 | WARN | Cmdlet Get-PWProjectSecurity nao encontrado no ambiente. A leitura seguira apenas com FolderSecurity/TreeAccessObjects.
2026-07-23 10:19:16 | INFO | Total consolidado de acessos encontrados: 13
2026-07-23 10:19:16 | INFO | Projeto 'Duplicação SH D1 - km 242 + 247 - BR101/ES' carregado para arvore. Groups=11 | UserLists=1 | Outros=1
2026-07-23 10:19:16 | INFO | Iniciando leitura da seguranca do projeto 'Duplicação D2' (ID: 249616)
2026-07-23 10:19:18 | INFO | Get-PWFolderSecurity retornou 14 item(ns).
2026-07-23 10:19:18 | INFO | Get-PWFolderTreeAccessObjects retornou 1 item(ns).
2026-07-23 10:19:18 | WARN | Cmdlet Get-PWProjectSecurity nao encontrado no ambiente. A leitura seguira apenas com FolderSecurity/TreeAccessObjects.
2026-07-23 10:19:18 | INFO | Total consolidado de acessos encontrados: 13
2026-07-23 10:19:18 | INFO | Projeto 'Duplicação SH D2 - km 231,9 + 242 - BR101/ES' carregado para arvore. Groups=11 | UserLists=1 | Outros=1
2026-07-23 10:19:18 | INFO | Iniciando leitura da seguranca do projeto 'Duplicação F' (ID: 259324)
2026-07-23 10:19:19 | INFO | Get-PWFolderSecurity retornou 14 item(ns).
2026-07-23 10:19:19 | INFO | Get-PWFolderTreeAccessObjects retornou 1 item(ns).
2026-07-23 10:19:19 | WARN | Cmdlet Get-PWProjectSecurity nao encontrado no ambiente. A leitura seguira apenas com FolderSecurity/TreeAccessObjects.
2026-07-23 10:19:19 | INFO | Total consolidado de acessos encontrados: 13
2026-07-23 10:19:19 | INFO | Projeto 'Duplicação SH F - km 308,1 + 359,2 - BR101/ES' carregado para arvore. Groups=11 | UserLists=1 | Outros=1
2026-07-23 10:19:19 | INFO | Iniciando leitura da seguranca do projeto 'Duplicação G1A' (ID: 250397)
2026-07-23 10:19:20 | INFO | Get-PWFolderSecurity retornou 14 item(ns).
2026-07-23 10:19:20 | INFO | Get-PWFolderTreeAccessObjects retornou 1 item(ns).
2026-07-23 10:19:20 | WARN | Cmdlet Get-PWProjectSecurity nao encontrado no ambiente. A leitura seguira apenas com FolderSecurity/TreeAccessObjects.
2026-07-23 10:19:20 | INFO | Total consolidado de acessos encontrados: 13
2026-07-23 10:19:20 | INFO | Projeto 'Duplicação SH G1A (Obras) -  km 357,7 + 373,5 - BR101/ES' carregado para arvore. Groups=11 | UserLists=1 | Outros=1
2026-07-23 10:19:20 | INFO | Iniciando leitura da seguranca do projeto 'Duplicação G1A ANTT' (ID: 360783)
2026-07-23 10:19:21 | INFO | Get-PWFolderSecurity retornou 14 item(ns).
2026-07-23 10:19:21 | INFO | Get-PWFolderTreeAccessObjects retornou 1 item(ns).
2026-07-23 10:19:21 | WARN | Cmdlet Get-PWProjectSecurity nao encontrado no ambiente. A leitura seguira apenas com FolderSecurity/TreeAccessObjects.
2026-07-23 10:19:21 | INFO | Total consolidado de acessos encontrados: 13
2026-07-23 10:19:21 | INFO | Projeto 'Duplicação SH G1A (ANTT) -  km 357,7 + 373,5 - BR101/ES' carregado para arvore. Groups=11 | UserLists=1 | Outros=1
2026-07-23 10:19:21 | INFO | Iniciando leitura da seguranca do projeto 'Duplicação G1B' (ID: 251178)
2026-07-23 10:19:22 | INFO | Get-PWFolderSecurity retornou 14 item(ns).
2026-07-23 10:19:22 | INFO | Get-PWFolderTreeAccessObjects retornou 1 item(ns).
2026-07-23 10:19:22 | WARN | Cmdlet Get-PWProjectSecurity nao encontrado no ambiente. A leitura seguira apenas com FolderSecurity/TreeAccessObjects.
2026-07-23 10:19:22 | INFO | Total consolidado de acessos encontrados: 13
2026-07-23 10:19:22 | INFO | Projeto 'Duplicação SH G1B - km 380,3 + 396,8 - BR101/ES' carregado para arvore. Groups=11 | UserLists=1 | Outros=1
2026-07-23 10:19:22 | INFO | Iniciando leitura da seguranca do projeto 'Duplicação G2' (ID: 251959)
2026-07-23 10:19:23 | INFO | Get-PWFolderSecurity retornou 14 item(ns).
2026-07-23 10:19:23 | INFO | Get-PWFolderTreeAccessObjects retornou 1 item(ns).
2026-07-23 10:19:23 | WARN | Cmdlet Get-PWProjectSecurity nao encontrado no ambiente. A leitura seguira apenas com FolderSecurity/TreeAccessObjects.
2026-07-23 10:19:23 | INFO | Total consolidado de acessos encontrados: 13
2026-07-23 10:19:23 | INFO | Projeto 'Duplicação SH G2 -  km 396,8 + 426,7 - BR101/ES' carregado para arvore. Groups=11 | UserLists=1 | Outros=1
2026-07-23 10:19:23 | INFO | Iniciando leitura da seguranca do projeto 'HS-WIM' (ID: 258071)
2026-07-23 10:19:24 | INFO | Get-PWFolderSecurity retornou 14 item(ns).
2026-07-23 10:19:24 | INFO | Get-PWFolderTreeAccessObjects retornou 1 item(ns).
2026-07-23 10:19:24 | WARN | Cmdlet Get-PWProjectSecurity nao encontrado no ambiente. A leitura seguira apenas com FolderSecurity/TreeAccessObjects.
2026-07-23 10:19:24 | INFO | Total consolidado de acessos encontrados: 13
2026-07-23 10:19:24 | INFO | Projeto 'HS-WIM - Ibiraçu - km 224 - BR101/ES' carregado para arvore. Groups=11 | UserLists=1 | Outros=1
2026-07-23 10:19:24 | INFO | Iniciando leitura da seguranca do projeto 'Marginais de Viana' (ID: 252740)
2026-07-23 10:19:26 | INFO | Get-PWFolderSecurity retornou 14 item(ns).
2026-07-23 10:19:27 | INFO | Get-PWFolderTreeAccessObjects retornou 1 item(ns).
2026-07-23 10:19:27 | WARN | Cmdlet Get-PWProjectSecurity nao encontrado no ambiente. A leitura seguira apenas com FolderSecurity/TreeAccessObjects.
2026-07-23 10:19:27 | INFO | Total consolidado de acessos encontrados: 13
2026-07-23 10:19:27 | INFO | Projeto 'Marginais de Viana -  km 291,5 + 304,8 - BR101/ES' carregado para arvore. Groups=11 | UserLists=1 | Outros=1
2026-07-23 10:19:27 | INFO | Iniciando leitura da seguranca do projeto 'Passarelas 6 km' (ID: 246491)
2026-07-23 10:19:29 | INFO | Get-PWFolderSecurity retornou 14 item(ns).
2026-07-23 10:19:29 | INFO | Get-PWFolderTreeAccessObjects retornou 1 item(ns).
2026-07-23 10:19:29 | WARN | Cmdlet Get-PWProjectSecurity nao encontrado no ambiente. A leitura seguira apenas com FolderSecurity/TreeAccessObjects.
2026-07-23 10:19:29 | INFO | Total consolidado de acessos encontrados: 13
2026-07-23 10:19:29 | INFO | Projeto 'Passarelas - km 6 - BR101/ES' carregado para arvore. Groups=11 | UserLists=1 | Outros=1
2026-07-23 10:19:29 | INFO | Iniciando leitura da seguranca do projeto 'Pedro Canário' (ID: 253973)
2026-07-23 10:19:30 | INFO | Get-PWFolderSecurity retornou 14 item(ns).
2026-07-23 10:19:30 | INFO | Get-PWFolderTreeAccessObjects retornou 1 item(ns).
2026-07-23 10:19:30 | WARN | Cmdlet Get-PWProjectSecurity nao encontrado no ambiente. A leitura seguira apenas com FolderSecurity/TreeAccessObjects.
2026-07-23 10:19:30 | INFO | Total consolidado de acessos encontrados: 13
2026-07-23 10:19:30 | INFO | Projeto 'Pedro Canário (km 15 + 17) / Linhares (km 146 + 150) / Timbuí (km 237 + 239) - BR101/ES' carregado para arvore. Groups=11 | UserLists=1 | Outros=1
2026-07-23 10:19:30 | INFO | Iniciando leitura da seguranca do projeto 'PPD Norte' (ID: 255227)
2026-07-23 10:19:31 | INFO | Get-PWFolderSecurity retornou 14 item(ns).
2026-07-23 10:19:31 | INFO | Get-PWFolderTreeAccessObjects retornou 1 item(ns).
2026-07-23 10:19:31 | WARN | Cmdlet Get-PWProjectSecurity nao encontrado no ambiente. A leitura seguira apenas com FolderSecurity/TreeAccessObjects.
2026-07-23 10:19:31 | INFO | Total consolidado de acessos encontrados: 13
2026-07-23 10:19:31 | INFO | Projeto 'PPD Trecho Norte - Linhares - km 169+900 - BR101/ES' carregado para arvore. Groups=11 | UserLists=1 | Outros=1
2026-07-23 10:19:31 | INFO | Iniciando leitura da seguranca do projeto 'PPD Sul' (ID: 256672)
2026-07-23 10:19:32 | INFO | Get-PWFolderSecurity retornou 14 item(ns).
2026-07-23 10:19:32 | INFO | Get-PWFolderTreeAccessObjects retornou 1 item(ns).
2026-07-23 10:19:32 | WARN | Cmdlet Get-PWProjectSecurity nao encontrado no ambiente. A leitura seguira apenas com FolderSecurity/TreeAccessObjects.
2026-07-23 10:19:32 | INFO | Total consolidado de acessos encontrados: 13
2026-07-23 10:19:32 | INFO | Projeto 'PPD Trecho Sul - Serra - km 425+300 - BR101/ES' carregado para arvore. Groups=11 | UserLists=1 | Outros=1
2026-07-23 10:19:32 | INFO | Iniciando leitura da seguranca do projeto 'Vias Marginais' (ID: 247272)
2026-07-23 10:19:33 | INFO | Get-PWFolderSecurity retornou 14 item(ns).
2026-07-23 10:19:33 | INFO | Get-PWFolderTreeAccessObjects retornou 1 item(ns).
2026-07-23 10:19:33 | WARN | Cmdlet Get-PWProjectSecurity nao encontrado no ambiente. A leitura seguira apenas com FolderSecurity/TreeAccessObjects.
2026-07-23 10:19:33 | INFO | Total consolidado de acessos encontrados: 13
2026-07-23 10:19:33 | INFO | Projeto 'Marginais de Vitória - km 278,200 - 291,500 - BR101/ES' carregado para arvore. Groups=11 | UserLists=1 | Outros=1
2026-07-23 10:20:07 | INFO | Resumo final da execução | Total=12 | Sucesso=12 | JaExiste=0 | Erro=0
2026-07-23 10:20:12 | INFO | Sessao encerrada com 'Undo-PWLogin'.
