2026-07-23 16:38:34 | INFO | Aplicacao iniciada.
2026-07-23 16:38:34 | INFO | Tentando importar modulo do ProjectWise.
2026-07-23 16:38:34 | INFO | Modulo 'pwps_dab' importado com sucesso.
2026-07-23 16:38:34 | INFO | Tentando conectar ao datasource do ProjectWise.
2026-07-23 16:38:34 | INFO | Tentando conexao via 'New-PWLogin'. Parametros: DatasourceName, UserName, Password, UseGui, DoNotCreateWorkingDirectory, BentleyIMS, LoadWRE, NonAdminLogin, Token, Verbose, Debug, ErrorAction, WarningAction, InformationAction, ErrorVariable, WarningVariable, InformationVariable, OutVariable, OutBuffer, PipelineVariable
2026-07-23 16:38:47 | INFO | Conexao realizada via 'New-PWLogin -BentleyIMS'.
2026-07-23 16:38:47 | INFO | Conexao com ProjectWise realizada com sucesso.
2026-07-23 16:38:54 | INFO | Buscando usuario pelo email: arthur.macedo@ecorodovias.com.br
2026-07-23 16:38:54 | INFO | Parametros encontrados no cmdlet: UserName, UserId, SecProvider, Email, Identity, Disabled, Enabled, LastLogin, LoginInfo, Verbose, Debug, ErrorAction, WarningAction, InformationAction, ErrorVariable, WarningVariable, InformationVariable, OutVariable, OutBuffer, PipelineVariable
2026-07-23 16:38:54 | INFO | Usuario localizado com correspondencia exata de email.
2026-07-23 16:38:56 | INFO | Buscando usuario pelo email: beatriz.carrato@ecorodovias.com.br
2026-07-23 16:38:56 | INFO | Parametros encontrados no cmdlet: UserName, UserId, SecProvider, Email, Identity, Disabled, Enabled, LastLogin, LoginInfo, Verbose, Debug, ErrorAction, WarningAction, InformationAction, ErrorVariable, WarningVariable, InformationVariable, OutVariable, OutBuffer, PipelineVariable
2026-07-23 16:38:56 | INFO | Usuario localizado com correspondencia exata de email.
2026-07-23 16:38:56 | INFO | Buscando usuario pelo email: bruno.n.camargo@ecorodovias.com.br
2026-07-23 16:38:56 | INFO | Parametros encontrados no cmdlet: UserName, UserId, SecProvider, Email, Identity, Disabled, Enabled, LastLogin, LoginInfo, Verbose, Debug, ErrorAction, WarningAction, InformationAction, ErrorVariable, WarningVariable, InformationVariable, OutVariable, OutBuffer, PipelineVariable
2026-07-23 16:38:56 | INFO | Usuario localizado com correspondencia exata de email.
2026-07-23 16:38:57 | INFO | Buscando usuario pelo email: Maria.I.Fujimori@ecorodovias.com.br
2026-07-23 16:38:57 | INFO | Parametros encontrados no cmdlet: UserName, UserId, SecProvider, Email, Identity, Disabled, Enabled, LastLogin, LoginInfo, Verbose, Debug, ErrorAction, WarningAction, InformationAction, ErrorVariable, WarningVariable, InformationVariable, OutVariable, OutBuffer, PipelineVariable
2026-07-23 16:38:57 | INFO | Usuario localizado com correspondencia exata de email.
2026-07-23 16:38:59 | INFO | Listando pastas da raiz por Root.
2026-07-23 16:39:04 | INFO | Listando filhos da pasta ID: 56
2026-07-23 16:39:09 | INFO | Listando filhos da pasta ID: 915
2026-07-23 16:39:13 | INFO | Listando filhos da pasta ID: 56667
2026-07-23 16:39:15 | INFO | Iniciando leitura da seguranca do projeto 'Acostamentos do SH8' (ID: 56668)
2026-07-23 16:39:17 | INFO | Get-PWFolderSecurity retornou 14 item(ns).
2026-07-23 16:39:17 | INFO | Get-PWFolderTreeAccessObjects retornou 1 item(ns).
2026-07-23 16:39:17 | WARN | Cmdlet Get-PWProjectSecurity nao encontrado no ambiente. A leitura seguira apenas com FolderSecurity/TreeAccessObjects.
2026-07-23 16:39:17 | INFO | Total consolidado de acessos encontrados: 13
2026-07-23 16:39:17 | INFO | Projeto 'Acostamentos do SH8 - km 002 - 043 - LMG-754' carregado para arvore. Groups=11 | UserLists=1 | Outros=1
2026-07-23 16:39:17 | INFO | Iniciando leitura da seguranca do projeto 'Contor. Montes Claros' (ID: 349667)
2026-07-23 16:39:18 | INFO | Get-PWFolderSecurity retornou 14 item(ns).
2026-07-23 16:39:18 | INFO | Get-PWFolderTreeAccessObjects retornou 1 item(ns).
2026-07-23 16:39:18 | WARN | Cmdlet Get-PWProjectSecurity nao encontrado no ambiente. A leitura seguira apenas com FolderSecurity/TreeAccessObjects.
2026-07-23 16:39:18 | INFO | Total consolidado de acessos encontrados: 13
2026-07-23 16:39:18 | INFO | Projeto 'Contorno de Montes Claros - Trecho D - (km á definir)' carregado para arvore. Groups=11 | UserLists=1 | Outros=1
2026-07-23 16:39:18 | INFO | Iniciando leitura da seguranca do projeto 'Faixas Adicionais SH 4' (ID: 354473)
2026-07-23 16:39:19 | INFO | Get-PWFolderSecurity retornou 14 item(ns).
2026-07-23 16:39:20 | INFO | Get-PWFolderTreeAccessObjects retornou 1 item(ns).
2026-07-23 16:39:20 | WARN | Cmdlet Get-PWProjectSecurity nao encontrado no ambiente. A leitura seguira apenas com FolderSecurity/TreeAccessObjects.
2026-07-23 16:39:20 | INFO | Total consolidado de acessos encontrados: 13
2026-07-23 16:39:20 | INFO | Projeto 'Faixas Adicionais SH 4 - km 473+870 - 473+310 - BR135/MG' carregado para arvore. Groups=11 | UserLists=1 | Outros=1
2026-07-23 16:39:20 | INFO | Iniciando leitura da seguranca do projeto 'Faixas Adicionais SH 5' (ID: 354509)
2026-07-23 16:39:22 | INFO | Get-PWFolderSecurity retornou 14 item(ns).
2026-07-23 16:39:22 | INFO | Get-PWFolderTreeAccessObjects retornou 1 item(ns).
2026-07-23 16:39:22 | WARN | Cmdlet Get-PWProjectSecurity nao encontrado no ambiente. A leitura seguira apenas com FolderSecurity/TreeAccessObjects.
2026-07-23 16:39:22 | INFO | Total consolidado de acessos encontrados: 13
2026-07-23 16:39:22 | INFO | Projeto 'Faixas Adicionais SH 5 - km 427+300 - 427+900 - BR135/MG' carregado para arvore. Groups=11 | UserLists=1 | Outros=1
2026-07-23 16:39:22 | INFO | Iniciando leitura da seguranca do projeto 'Retorno km 386' (ID: 172831)
2026-07-23 16:39:25 | INFO | Get-PWFolderSecurity retornou 14 item(ns).
2026-07-23 16:39:25 | INFO | Get-PWFolderTreeAccessObjects retornou 1 item(ns).
2026-07-23 16:39:25 | WARN | Cmdlet Get-PWProjectSecurity nao encontrado no ambiente. A leitura seguira apenas com FolderSecurity/TreeAccessObjects.
2026-07-23 16:39:25 | INFO | Total consolidado de acessos encontrados: 13
2026-07-23 16:39:25 | INFO | Projeto 'Retorno Operacional -  km 386+387 - BR135/MG' carregado para arvore. Groups=11 | UserLists=1 | Outros=1
2026-07-23 16:44:27 | INFO | Resumo final da execução | Total=20 | Sucesso=20 | JaExiste=0 | Erro=0
2026-07-23 16:44:31 | INFO | Sessao encerrada com 'Undo-PWLogin'.
