2026-06-18 11:23:05 | INFO | Aplicacao iniciada.
2026-06-18 11:23:05 | INFO | Tentando importar modulo do ProjectWise.
2026-06-18 11:23:05 | INFO | Modulo 'pwps_dab' importado com sucesso.
2026-06-18 11:23:05 | INFO | Tentando conectar ao datasource do ProjectWise.
2026-06-18 11:23:05 | INFO | Tentando conexao via 'New-PWLogin'. Parametros: DatasourceName, UserName, Password, UseGui, DoNotCreateWorkingDirectory, BentleyIMS, LoadWRE, NonAdminLogin, Token, Verbose, Debug, ErrorAction, WarningAction, InformationAction, ErrorVariable, WarningVariable, InformationVariable, OutVariable, OutBuffer, PipelineVariable
2026-06-18 11:23:19 | INFO | Conexao realizada via 'New-PWLogin -BentleyIMS'.
2026-06-18 11:23:19 | INFO | Conexao com ProjectWise realizada com sucesso.
2026-06-18 11:23:28 | INFO | Buscando usuario pelo email: danillo.santos@ecovias.com.br
2026-06-18 11:23:28 | INFO | Parametros encontrados no cmdlet: UserName, UserId, SecProvider, Email, Identity, Disabled, Enabled, LastLogin, LoginInfo, Verbose, Debug, ErrorAction, WarningAction, InformationAction, ErrorVariable, WarningVariable, InformationVariable, OutVariable, OutBuffer, PipelineVariable
2026-06-18 11:23:28 | INFO | Usuario localizado com correspondencia exata de email.
2026-06-18 11:23:30 | INFO | Buscando usuario pelo email: diego.salomon@ecovias.com.br
2026-06-18 11:23:30 | INFO | Parametros encontrados no cmdlet: UserName, UserId, SecProvider, Email, Identity, Disabled, Enabled, LastLogin, LoginInfo, Verbose, Debug, ErrorAction, WarningAction, InformationAction, ErrorVariable, WarningVariable, InformationVariable, OutVariable, OutBuffer, PipelineVariable
2026-06-18 11:23:31 | INFO | Usuario localizado com correspondencia exata de email.
2026-06-18 11:23:31 | INFO | Buscando usuario pelo email: eduardo.amaral@ecovias.com.br
2026-06-18 11:23:31 | INFO | Parametros encontrados no cmdlet: UserName, UserId, SecProvider, Email, Identity, Disabled, Enabled, LastLogin, LoginInfo, Verbose, Debug, ErrorAction, WarningAction, InformationAction, ErrorVariable, WarningVariable, InformationVariable, OutVariable, OutBuffer, PipelineVariable
2026-06-18 11:23:32 | INFO | Usuario localizado com correspondencia exata de email.
2026-06-18 11:23:33 | INFO | Buscando usuario pelo email: Jean.Rodrigues@ecovias.com.br
2026-06-18 11:23:33 | INFO | Parametros encontrados no cmdlet: UserName, UserId, SecProvider, Email, Identity, Disabled, Enabled, LastLogin, LoginInfo, Verbose, Debug, ErrorAction, WarningAction, InformationAction, ErrorVariable, WarningVariable, InformationVariable, OutVariable, OutBuffer, PipelineVariable
2026-06-18 11:23:33 | INFO | Usuario localizado com correspondencia exata de email.
2026-06-18 11:23:34 | INFO | Buscando usuario pelo email: jessica.santos@ecovias.com.br
2026-06-18 11:23:34 | INFO | Parametros encontrados no cmdlet: UserName, UserId, SecProvider, Email, Identity, Disabled, Enabled, LastLogin, LoginInfo, Verbose, Debug, ErrorAction, WarningAction, InformationAction, ErrorVariable, WarningVariable, InformationVariable, OutVariable, OutBuffer, PipelineVariable
2026-06-18 11:23:34 | INFO | Usuario localizado com correspondencia exata de email.
2026-06-18 11:23:35 | INFO | Buscando usuario pelo email: joao.turmena@ecovias.com.br
2026-06-18 11:23:35 | INFO | Parametros encontrados no cmdlet: UserName, UserId, SecProvider, Email, Identity, Disabled, Enabled, LastLogin, LoginInfo, Verbose, Debug, ErrorAction, WarningAction, InformationAction, ErrorVariable, WarningVariable, InformationVariable, OutVariable, OutBuffer, PipelineVariable
2026-06-18 11:23:35 | INFO | Usuario localizado com correspondencia exata de email.
2026-06-18 11:23:35 | INFO | Buscando usuario pelo email: lucas.comarela@ecovias.com.br
2026-06-18 11:23:35 | INFO | Parametros encontrados no cmdlet: UserName, UserId, SecProvider, Email, Identity, Disabled, Enabled, LastLogin, LoginInfo, Verbose, Debug, ErrorAction, WarningAction, InformationAction, ErrorVariable, WarningVariable, InformationVariable, OutVariable, OutBuffer, PipelineVariable
2026-06-18 11:23:36 | INFO | Usuario localizado com correspondencia exata de email.
2026-06-18 11:23:36 | INFO | Buscando usuario pelo email: magdiane.francisco@ecovias.com.br
2026-06-18 11:23:36 | INFO | Parametros encontrados no cmdlet: UserName, UserId, SecProvider, Email, Identity, Disabled, Enabled, LastLogin, LoginInfo, Verbose, Debug, ErrorAction, WarningAction, InformationAction, ErrorVariable, WarningVariable, InformationVariable, OutVariable, OutBuffer, PipelineVariable
2026-06-18 11:23:36 | INFO | Usuario localizado com correspondencia exata de email.
2026-06-18 11:23:37 | INFO | Buscando usuario pelo email: t_josilene.honorio@ecovias.com.br
2026-06-18 11:23:37 | INFO | Parametros encontrados no cmdlet: UserName, UserId, SecProvider, Email, Identity, Disabled, Enabled, LastLogin, LoginInfo, Verbose, Debug, ErrorAction, WarningAction, InformationAction, ErrorVariable, WarningVariable, InformationVariable, OutVariable, OutBuffer, PipelineVariable
2026-06-18 11:23:37 | INFO | Usuario localizado com correspondencia exata de email.
2026-06-18 11:23:38 | INFO | Buscando usuario pelo email: t_saulo.junior@ecorodovias.com.br
2026-06-18 11:23:38 | INFO | Parametros encontrados no cmdlet: UserName, UserId, SecProvider, Email, Identity, Disabled, Enabled, LastLogin, LoginInfo, Verbose, Debug, ErrorAction, WarningAction, InformationAction, ErrorVariable, WarningVariable, InformationVariable, OutVariable, OutBuffer, PipelineVariable
2026-06-18 11:23:38 | INFO | Usuario localizado com correspondencia exata de email.
2026-06-18 11:23:38 | INFO | Buscando usuario pelo email: t_saulo.thiago@ecorodovias.com.br
2026-06-18 11:23:38 | INFO | Parametros encontrados no cmdlet: UserName, UserId, SecProvider, Email, Identity, Disabled, Enabled, LastLogin, LoginInfo, Verbose, Debug, ErrorAction, WarningAction, InformationAction, ErrorVariable, WarningVariable, InformationVariable, OutVariable, OutBuffer, PipelineVariable
2026-06-18 11:23:38 | INFO | Usuario localizado com correspondencia exata de email.
2026-06-18 11:23:39 | INFO | Buscando usuario pelo email: thiago.cunha@ecovias.com.br
2026-06-18 11:23:39 | INFO | Parametros encontrados no cmdlet: UserName, UserId, SecProvider, Email, Identity, Disabled, Enabled, LastLogin, LoginInfo, Verbose, Debug, ErrorAction, WarningAction, InformationAction, ErrorVariable, WarningVariable, InformationVariable, OutVariable, OutBuffer, PipelineVariable
2026-06-18 11:23:39 | INFO | Usuario localizado com correspondencia exata de email.
2026-06-18 11:23:40 | INFO | Buscando usuario pelo email: thiago.ramiro@ecovias.com.br
2026-06-18 11:23:40 | INFO | Parametros encontrados no cmdlet: UserName, UserId, SecProvider, Email, Identity, Disabled, Enabled, LastLogin, LoginInfo, Verbose, Debug, ErrorAction, WarningAction, InformationAction, ErrorVariable, WarningVariable, InformationVariable, OutVariable, OutBuffer, PipelineVariable
2026-06-18 11:23:40 | INFO | Usuario localizado com correspondencia exata de email.
2026-06-18 11:23:40 | INFO | Buscando usuario pelo email: tiago.t.silva@ecovias.com.br
2026-06-18 11:23:40 | INFO | Parametros encontrados no cmdlet: UserName, UserId, SecProvider, Email, Identity, Disabled, Enabled, LastLogin, LoginInfo, Verbose, Debug, ErrorAction, WarningAction, InformationAction, ErrorVariable, WarningVariable, InformationVariable, OutVariable, OutBuffer, PipelineVariable
2026-06-18 11:23:41 | INFO | Usuario localizado com correspondencia exata de email.
2026-06-18 11:23:45 | INFO | Listando pastas da raiz por Root.
2026-06-18 11:23:49 | INFO | Listando filhos da pasta ID: 56
2026-06-18 11:23:56 | INFO | Listando filhos da pasta ID: 1101
2026-06-18 11:23:56 | INFO | Listando filhos da pasta ID: 1118
2026-06-18 11:24:47 | INFO | Iniciando leitura da seguranca do projeto 'Ampliações 4° Ano Linha' (ID: 410315)
2026-06-18 11:24:48 | INFO | Get-PWFolderSecurity retornou 14 item(ns).
2026-06-18 11:24:48 | INFO | Get-PWFolderTreeAccessObjects retornou 1 item(ns).
2026-06-18 11:24:49 | WARN | Cmdlet Get-PWProjectSecurity nao encontrado no ambiente. A leitura seguira apenas com FolderSecurity/TreeAccessObjects.
2026-06-18 11:24:49 | INFO | Total consolidado de acessos encontrados: 13
2026-06-18 11:24:49 | INFO | Projeto 'Ampliações 4° Ano - Lote 19 - Linha Férrea - km 189+640 - BR116/RJ' carregado para arvore. Groups=11 | UserLists=1 | Outros=1
2026-06-18 11:24:49 | INFO | Iniciando leitura da seguranca do projeto 'Ampliações 4° Ano SH 01' (ID: 410130)
2026-06-18 11:24:49 | INFO | Get-PWFolderSecurity retornou 14 item(ns).
2026-06-18 11:24:49 | INFO | Get-PWFolderTreeAccessObjects retornou 1 item(ns).
2026-06-18 11:24:49 | WARN | Cmdlet Get-PWProjectSecurity nao encontrado no ambiente. A leitura seguira apenas com FolderSecurity/TreeAccessObjects.
2026-06-18 11:24:49 | INFO | Total consolidado de acessos encontrados: 13
2026-06-18 11:24:49 | INFO | Projeto 'Ampliações 4° Ano SH 01 - km 408,580 + 412,830 - BR116/MG' carregado para arvore. Groups=11 | UserLists=1 | Outros=1
2026-06-18 11:24:49 | INFO | Iniciando leitura da seguranca do projeto 'Ampliações 4° Ano SH 01-Pref' (ID: 410167)
2026-06-18 11:24:50 | INFO | Get-PWFolderSecurity retornou 14 item(ns).
2026-06-18 11:24:50 | INFO | Get-PWFolderTreeAccessObjects retornou 1 item(ns).
2026-06-18 11:24:50 | WARN | Cmdlet Get-PWProjectSecurity nao encontrado no ambiente. A leitura seguira apenas com FolderSecurity/TreeAccessObjects.
2026-06-18 11:24:50 | INFO | Total consolidado de acessos encontrados: 13
2026-06-18 11:24:50 | INFO | Projeto 'Ampliações 4° Ano SH 01 - Prefeitura - km 408,580 + 412,830 - BR116/MG' carregado para arvore. Groups=11 | UserLists=1 | Outros=1
2026-06-18 11:24:50 | INFO | Iniciando leitura da seguranca do projeto 'Ampliações 4° Ano SH 02' (ID: 410204)
2026-06-18 11:24:51 | INFO | Get-PWFolderSecurity retornou 14 item(ns).
2026-06-18 11:24:51 | INFO | Get-PWFolderTreeAccessObjects retornou 1 item(ns).
2026-06-18 11:24:51 | WARN | Cmdlet Get-PWProjectSecurity nao encontrado no ambiente. A leitura seguira apenas com FolderSecurity/TreeAccessObjects.
2026-06-18 11:24:51 | INFO | Total consolidado de acessos encontrados: 13
2026-06-18 11:24:51 | INFO | Projeto 'Ampliações 4° Ano SH 02 - km 412,830 + 421,170 - BR116/MG' carregado para arvore. Groups=11 | UserLists=1 | Outros=1
2026-06-18 11:24:51 | INFO | Iniciando leitura da seguranca do projeto 'Ampliações 4° Ano SH 38' (ID: 141260)
2026-06-18 11:24:52 | INFO | Get-PWFolderSecurity retornou 14 item(ns).
2026-06-18 11:24:53 | INFO | Get-PWFolderTreeAccessObjects retornou 1 item(ns).
2026-06-18 11:24:53 | WARN | Cmdlet Get-PWProjectSecurity nao encontrado no ambiente. A leitura seguira apenas com FolderSecurity/TreeAccessObjects.
2026-06-18 11:24:53 | INFO | Total consolidado de acessos encontrados: 13
2026-06-18 11:24:53 | INFO | Projeto 'Ampliações 4° Ano SH 38 - km 0,000 + 15,480 - BR493/RJ' carregado para arvore. Groups=11 | UserLists=1 | Outros=1
2026-06-18 11:24:53 | INFO | Iniciando leitura da seguranca do projeto 'Ampliações 4° Ano SH 39' (ID: 142041)
2026-06-18 11:24:54 | INFO | Get-PWFolderSecurity retornou 14 item(ns).
2026-06-18 11:24:55 | INFO | Get-PWFolderTreeAccessObjects retornou 1 item(ns).
2026-06-18 11:24:55 | WARN | Cmdlet Get-PWProjectSecurity nao encontrado no ambiente. A leitura seguira apenas com FolderSecurity/TreeAccessObjects.
2026-06-18 11:24:55 | INFO | Total consolidado de acessos encontrados: 13
2026-06-18 11:24:55 | INFO | Projeto 'Ampliações 4° Ano SH 39 - km 15,480 + 19,640 - BR493/RJ' carregado para arvore. Groups=11 | UserLists=1 | Outros=1
2026-06-18 11:24:55 | INFO | Iniciando leitura da seguranca do projeto 'Ampliações 4° Ano SH 40' (ID: 142822)
2026-06-18 11:24:56 | INFO | Get-PWFolderSecurity retornou 14 item(ns).
2026-06-18 11:24:56 | INFO | Get-PWFolderTreeAccessObjects retornou 1 item(ns).
2026-06-18 11:24:56 | WARN | Cmdlet Get-PWProjectSecurity nao encontrado no ambiente. A leitura seguira apenas com FolderSecurity/TreeAccessObjects.
2026-06-18 11:24:56 | INFO | Total consolidado de acessos encontrados: 13
2026-06-18 11:24:56 | INFO | Projeto 'Ampliações 4° Ano SH 40 - km 19,640 + 25,370 - BR493/RJ' carregado para arvore. Groups=11 | UserLists=1 | Outros=1
2026-06-18 11:24:56 | INFO | Iniciando leitura da seguranca do projeto 'Ampliações 4° Ano SH 49' (ID: 410278)
2026-06-18 11:24:56 | INFO | Get-PWFolderSecurity retornou 14 item(ns).
2026-06-18 11:24:56 | INFO | Get-PWFolderTreeAccessObjects retornou 1 item(ns).
2026-06-18 11:24:57 | WARN | Cmdlet Get-PWProjectSecurity nao encontrado no ambiente. A leitura seguira apenas com FolderSecurity/TreeAccessObjects.
2026-06-18 11:24:57 | INFO | Total consolidado de acessos encontrados: 13
2026-06-18 11:24:57 | INFO | Projeto 'Ampliações 4° Ano SH 49 - km 168,720 + 171,930 - BR116/RJ' carregado para arvore. Groups=11 | UserLists=1 | Outros=1
2026-06-18 11:24:57 | INFO | Iniciando leitura da seguranca do projeto 'Ampliações 4° Ano SH 50' (ID: 150633)
2026-06-18 11:24:57 | INFO | Get-PWFolderSecurity retornou 14 item(ns).
2026-06-18 11:24:57 | INFO | Get-PWFolderTreeAccessObjects retornou 1 item(ns).
2026-06-18 11:24:57 | WARN | Cmdlet Get-PWProjectSecurity nao encontrado no ambiente. A leitura seguira apenas com FolderSecurity/TreeAccessObjects.
2026-06-18 11:24:57 | INFO | Total consolidado de acessos encontrados: 13
2026-06-18 11:24:57 | INFO | Projeto 'Ampliações 4° Ano SH 50 - km 171,930 + 174,320 - BR116/RJ' carregado para arvore. Groups=11 | UserLists=1 | Outros=1
2026-06-18 11:24:57 | INFO | Iniciando leitura da seguranca do projeto 'Ampliações 4° Ano SH 51' (ID: 151414)
2026-06-18 11:24:58 | INFO | Get-PWFolderSecurity retornou 14 item(ns).
2026-06-18 11:24:58 | INFO | Get-PWFolderTreeAccessObjects retornou 1 item(ns).
2026-06-18 11:24:58 | WARN | Cmdlet Get-PWProjectSecurity nao encontrado no ambiente. A leitura seguira apenas com FolderSecurity/TreeAccessObjects.
2026-06-18 11:24:58 | INFO | Total consolidado de acessos encontrados: 13
2026-06-18 11:24:58 | INFO | Projeto 'Ampliações 4° Ano SH 51 - km 174,320 + 178,420 - BR116/RJ' carregado para arvore. Groups=11 | UserLists=1 | Outros=1
2026-06-18 11:24:58 | INFO | Iniciando leitura da seguranca do projeto 'Ampliações 4° Ano SH 52' (ID: 152195)
2026-06-18 11:24:59 | INFO | Get-PWFolderSecurity retornou 14 item(ns).
2026-06-18 11:24:59 | INFO | Get-PWFolderTreeAccessObjects retornou 1 item(ns).
2026-06-18 11:24:59 | WARN | Cmdlet Get-PWProjectSecurity nao encontrado no ambiente. A leitura seguira apenas com FolderSecurity/TreeAccessObjects.
2026-06-18 11:24:59 | INFO | Total consolidado de acessos encontrados: 13
2026-06-18 11:24:59 | INFO | Projeto 'Ampliações 4° Ano SH 52 - km 178,420 + 181,630 - BR116/RJ' carregado para arvore. Groups=11 | UserLists=1 | Outros=1
2026-06-18 11:24:59 | INFO | Iniciando leitura da seguranca do projeto 'Ampliações 4° Ano SH 53' (ID: 152977)
2026-06-18 11:24:59 | INFO | Get-PWFolderSecurity retornou 14 item(ns).
2026-06-18 11:24:59 | INFO | Get-PWFolderTreeAccessObjects retornou 1 item(ns).
2026-06-18 11:24:59 | WARN | Cmdlet Get-PWProjectSecurity nao encontrado no ambiente. A leitura seguira apenas com FolderSecurity/TreeAccessObjects.
2026-06-18 11:24:59 | INFO | Total consolidado de acessos encontrados: 13
2026-06-18 11:24:59 | INFO | Projeto 'Ampliações 4° Ano SH 53 - km 181,630 + 185,530 - BR116/RJ' carregado para arvore. Groups=11 | UserLists=1 | Outros=1
2026-06-18 11:24:59 | INFO | Iniciando leitura da seguranca do projeto 'Ampliações 4° Ano SH 54' (ID: 153758)
2026-06-18 11:25:00 | INFO | Get-PWFolderSecurity retornou 14 item(ns).
2026-06-18 11:25:00 | INFO | Get-PWFolderTreeAccessObjects retornou 1 item(ns).
2026-06-18 11:25:00 | WARN | Cmdlet Get-PWProjectSecurity nao encontrado no ambiente. A leitura seguira apenas com FolderSecurity/TreeAccessObjects.
2026-06-18 11:25:00 | INFO | Total consolidado de acessos encontrados: 13
2026-06-18 11:25:00 | INFO | Projeto 'Ampliações 4° Ano SH 54 - km 185,530 + 189,620 - BR116/RJ' carregado para arvore. Groups=11 | UserLists=1 | Outros=1
2026-06-18 11:25:00 | INFO | Iniciando leitura da seguranca do projeto 'Ampliações 4° Ano SH 55' (ID: 154539)
2026-06-18 11:25:01 | INFO | Get-PWFolderSecurity retornou 14 item(ns).
2026-06-18 11:25:01 | INFO | Get-PWFolderTreeAccessObjects retornou 1 item(ns).
2026-06-18 11:25:01 | WARN | Cmdlet Get-PWProjectSecurity nao encontrado no ambiente. A leitura seguira apenas com FolderSecurity/TreeAccessObjects.
2026-06-18 11:25:01 | INFO | Total consolidado de acessos encontrados: 13
2026-06-18 11:25:01 | INFO | Projeto 'Ampliações 4° Ano SH 55 - km 189,620 + 196,120 - BR116/RJ' carregado para arvore. Groups=11 | UserLists=1 | Outros=1
2026-06-18 11:25:01 | INFO | Iniciando leitura da seguranca do projeto 'Ampliações 4° Ano SH 56' (ID: 155320)
2026-06-18 11:25:02 | INFO | Get-PWFolderSecurity retornou 14 item(ns).
2026-06-18 11:25:02 | INFO | Get-PWFolderTreeAccessObjects retornou 1 item(ns).
2026-06-18 11:25:02 | WARN | Cmdlet Get-PWProjectSecurity nao encontrado no ambiente. A leitura seguira apenas com FolderSecurity/TreeAccessObjects.
2026-06-18 11:25:02 | INFO | Total consolidado de acessos encontrados: 13
2026-06-18 11:25:02 | INFO | Projeto 'Ampliações 4° Ano SH 56 - km 196,120 + 204,320 - BR116/RJ' carregado para arvore. Groups=11 | UserLists=1 | Outros=1
2026-06-18 11:25:02 | INFO | Iniciando leitura da seguranca do projeto 'Ampliações 4°Ano SH 02-Pref' (ID: 410241)
2026-06-18 11:25:04 | INFO | Get-PWFolderSecurity retornou 14 item(ns).
2026-06-18 11:25:05 | INFO | Get-PWFolderTreeAccessObjects retornou 1 item(ns).
2026-06-18 11:25:05 | WARN | Cmdlet Get-PWProjectSecurity nao encontrado no ambiente. A leitura seguira apenas com FolderSecurity/TreeAccessObjects.
2026-06-18 11:25:05 | INFO | Total consolidado de acessos encontrados: 13
2026-06-18 11:25:05 | INFO | Projeto 'Ampliações 4° Ano SH 02 - Prefeitura - km 412,830 + 421,170 - BR116/MG' carregado para arvore. Groups=11 | UserLists=1 | Outros=1
2026-06-18 11:25:05 | INFO | Iniciando leitura da seguranca do projeto 'Ampliações 5° Ano SH 07' (ID: 105224)
2026-06-18 11:25:07 | INFO | Get-PWFolderSecurity retornou 14 item(ns).
2026-06-18 11:25:07 | INFO | Get-PWFolderTreeAccessObjects retornou 1 item(ns).
2026-06-18 11:25:07 | WARN | Cmdlet Get-PWProjectSecurity nao encontrado no ambiente. A leitura seguira apenas com FolderSecurity/TreeAccessObjects.
2026-06-18 11:25:07 | INFO | Total consolidado de acessos encontrados: 13
2026-06-18 11:25:07 | INFO | Projeto 'Ampliações 5° Ano SH 07 - km 499,330 + 519,730 - BR116/MG' carregado para arvore. Groups=11 | UserLists=1 | Outros=1
2026-06-18 11:25:07 | INFO | Iniciando leitura da seguranca do projeto 'Ampliações 5° Ano SH 08' (ID: 106344)
2026-06-18 11:25:08 | INFO | Get-PWFolderSecurity retornou 14 item(ns).
2026-06-18 11:25:08 | INFO | Get-PWFolderTreeAccessObjects retornou 1 item(ns).
2026-06-18 11:25:08 | WARN | Cmdlet Get-PWProjectSecurity nao encontrado no ambiente. A leitura seguira apenas com FolderSecurity/TreeAccessObjects.
2026-06-18 11:25:08 | INFO | Total consolidado de acessos encontrados: 13
2026-06-18 11:25:08 | INFO | Projeto 'Ampliações 5° Ano SH 08 - km 519,730 + 522,730 - BR116/MG' carregado para arvore. Groups=11 | UserLists=1 | Outros=1
2026-06-18 11:25:08 | INFO | Iniciando leitura da seguranca do projeto 'Ampliações 5° Ano SH 09' (ID: 107740)
2026-06-18 11:25:08 | INFO | Get-PWFolderSecurity retornou 14 item(ns).
2026-06-18 11:25:08 | INFO | Get-PWFolderTreeAccessObjects retornou 1 item(ns).
2026-06-18 11:25:08 | WARN | Cmdlet Get-PWProjectSecurity nao encontrado no ambiente. A leitura seguira apenas com FolderSecurity/TreeAccessObjects.
2026-06-18 11:25:08 | INFO | Total consolidado de acessos encontrados: 13
2026-06-18 11:25:08 | INFO | Projeto 'Ampliações 5° Ano SH 09 - km 522,730 + 525,840 - BR116/MG' carregado para arvore. Groups=11 | UserLists=1 | Outros=1
2026-06-18 11:25:08 | INFO | Iniciando leitura da seguranca do projeto 'Ampliações 5° Ano SH 10' (ID: 109211)
2026-06-18 11:25:09 | INFO | Get-PWFolderSecurity retornou 14 item(ns).
2026-06-18 11:25:09 | INFO | Get-PWFolderTreeAccessObjects retornou 1 item(ns).
2026-06-18 11:25:09 | WARN | Cmdlet Get-PWProjectSecurity nao encontrado no ambiente. A leitura seguira apenas com FolderSecurity/TreeAccessObjects.
2026-06-18 11:25:09 | INFO | Total consolidado de acessos encontrados: 13
2026-06-18 11:25:09 | INFO | Projeto 'Ampliações 5° Ano SH 10 - km 525,840 + 527,530 - BR116/MG' carregado para arvore. Groups=11 | UserLists=1 | Outros=1
2026-06-18 11:25:09 | INFO | Iniciando leitura da seguranca do projeto 'Ampliações 5° Ano SH 57' (ID: 156101)
2026-06-18 11:25:10 | INFO | Get-PWFolderSecurity retornou 14 item(ns).
2026-06-18 11:25:10 | INFO | Get-PWFolderTreeAccessObjects retornou 1 item(ns).
2026-06-18 11:25:10 | WARN | Cmdlet Get-PWProjectSecurity nao encontrado no ambiente. A leitura seguira apenas com FolderSecurity/TreeAccessObjects.
2026-06-18 11:25:10 | INFO | Total consolidado de acessos encontrados: 13
2026-06-18 11:25:10 | INFO | Projeto 'Ampliações 5° Ano SH 57 - km 204,320 + 211,820 - BR116/RJ' carregado para arvore. Groups=11 | UserLists=1 | Outros=1
2026-06-18 11:25:10 | INFO | Iniciando leitura da seguranca do projeto 'Ampliações 5° Ano SH 58' (ID: 156882)
2026-06-18 11:25:10 | INFO | Get-PWFolderSecurity retornou 14 item(ns).
2026-06-18 11:25:10 | INFO | Get-PWFolderTreeAccessObjects retornou 1 item(ns).
2026-06-18 11:25:10 | WARN | Cmdlet Get-PWProjectSecurity nao encontrado no ambiente. A leitura seguira apenas com FolderSecurity/TreeAccessObjects.
2026-06-18 11:25:10 | INFO | Total consolidado de acessos encontrados: 13
2026-06-18 11:25:10 | INFO | Projeto 'Ampliações 5° Ano SH 58 - km 211,820 + 214,700 - BR116/RJ' carregado para arvore. Groups=11 | UserLists=1 | Outros=1
2026-06-18 11:25:10 | INFO | Iniciando leitura da seguranca do projeto 'Ampliações 6° Ano SH 03' (ID: 94037)
2026-06-18 11:25:11 | INFO | Get-PWFolderSecurity retornou 14 item(ns).
2026-06-18 11:25:11 | INFO | Get-PWFolderTreeAccessObjects retornou 1 item(ns).
2026-06-18 11:25:11 | WARN | Cmdlet Get-PWProjectSecurity nao encontrado no ambiente. A leitura seguira apenas com FolderSecurity/TreeAccessObjects.
2026-06-18 11:25:11 | INFO | Total consolidado de acessos encontrados: 13
2026-06-18 11:25:11 | INFO | Projeto 'Ampliações 6° Ano SH 03 - km 421,170 + 456,260 - BR116/MG' carregado para arvore. Groups=11 | UserLists=1 | Outros=1
2026-06-18 11:25:11 | INFO | Iniciando leitura da seguranca do projeto 'Ampliações 6° Ano SH 06' (ID: 97162)
2026-06-18 11:25:12 | INFO | Get-PWFolderSecurity retornou 14 item(ns).
2026-06-18 11:25:12 | INFO | Get-PWFolderTreeAccessObjects retornou 1 item(ns).
2026-06-18 11:25:12 | WARN | Cmdlet Get-PWProjectSecurity nao encontrado no ambiente. A leitura seguira apenas com FolderSecurity/TreeAccessObjects.
2026-06-18 11:25:12 | INFO | Total consolidado de acessos encontrados: 13
2026-06-18 11:25:12 | INFO | Projeto 'Ampliações 6° Ano SH 06 - km 485,540 + 499,330 - BR116/MG' carregado para arvore. Groups=11 | UserLists=1 | Outros=1
2026-06-18 11:25:12 | INFO | Iniciando leitura da seguranca do projeto 'Ampliações 6° Ano SH 12' (ID: 112069)
2026-06-18 11:25:13 | INFO | Get-PWFolderSecurity retornou 14 item(ns).
2026-06-18 11:25:13 | INFO | Get-PWFolderTreeAccessObjects retornou 1 item(ns).
2026-06-18 11:25:13 | WARN | Cmdlet Get-PWProjectSecurity nao encontrado no ambiente. A leitura seguira apenas com FolderSecurity/TreeAccessObjects.
2026-06-18 11:25:13 | INFO | Total consolidado de acessos encontrados: 13
2026-06-18 11:25:13 | INFO | Projeto 'Ampliações 6° Ano SH 12 - km 561,400 + 586,570 - BR116/MG' carregado para arvore. Groups=11 | UserLists=1 | Outros=1
2026-06-18 11:25:13 | INFO | Iniciando leitura da seguranca do projeto 'Ampliações 6° Ano SH 13' (ID: 113597)
2026-06-18 11:25:15 | INFO | Get-PWFolderSecurity retornou 14 item(ns).
2026-06-18 11:25:15 | INFO | Get-PWFolderTreeAccessObjects retornou 1 item(ns).
2026-06-18 11:25:15 | WARN | Cmdlet Get-PWProjectSecurity nao encontrado no ambiente. A leitura seguira apenas com FolderSecurity/TreeAccessObjects.
2026-06-18 11:25:15 | INFO | Total consolidado de acessos encontrados: 13
2026-06-18 11:25:15 | INFO | Projeto 'Ampliações 6° Ano SH 13 - km 588,700 + 606,830 - BR116/MG' carregado para arvore. Groups=11 | UserLists=1 | Outros=1
2026-06-18 11:25:15 | INFO | Iniciando leitura da seguranca do projeto 'Ampliações 6° Ano SH 17' (ID: 117972)
2026-06-18 11:25:16 | INFO | Get-PWFolderSecurity retornou 14 item(ns).
2026-06-18 11:25:17 | INFO | Get-PWFolderTreeAccessObjects retornou 1 item(ns).
2026-06-18 11:25:17 | WARN | Cmdlet Get-PWProjectSecurity nao encontrado no ambiente. A leitura seguira apenas com FolderSecurity/TreeAccessObjects.
2026-06-18 11:25:17 | INFO | Total consolidado de acessos encontrados: 13
2026-06-18 11:25:17 | INFO | Projeto 'Ampliações 6° Ano SH 17 - km 702,260 + 703,450 - BR116/MG' carregado para arvore. Groups=11 | UserLists=1 | Outros=1
2026-06-18 11:25:17 | INFO | Iniciando leitura da seguranca do projeto 'Ampliações 6° Ano SH 29' (ID: 127889)
2026-06-18 11:25:18 | INFO | Get-PWFolderSecurity retornou 14 item(ns).
2026-06-18 11:25:18 | INFO | Get-PWFolderTreeAccessObjects retornou 1 item(ns).
2026-06-18 11:25:18 | WARN | Cmdlet Get-PWProjectSecurity nao encontrado no ambiente. A leitura seguira apenas com FolderSecurity/TreeAccessObjects.
2026-06-18 11:25:18 | INFO | Total consolidado de acessos encontrados: 13
2026-06-18 11:25:18 | INFO | Projeto 'Ampliações 6° Ano SH 29 - km 59,430 + 80,520 - BR116/RJ' carregado para arvore. Groups=11 | UserLists=1 | Outros=1
2026-06-18 11:25:18 | INFO | Iniciando leitura da seguranca do projeto 'Ampliações 6° Ano SH 30' (ID: 128672)
2026-06-18 11:25:19 | INFO | Get-PWFolderSecurity retornou 14 item(ns).
2026-06-18 11:25:19 | INFO | Get-PWFolderTreeAccessObjects retornou 1 item(ns).
2026-06-18 11:25:19 | WARN | Cmdlet Get-PWProjectSecurity nao encontrado no ambiente. A leitura seguira apenas com FolderSecurity/TreeAccessObjects.
2026-06-18 11:25:19 | INFO | Total consolidado de acessos encontrados: 13
2026-06-18 11:25:19 | INFO | Projeto 'Ampliações 6° Ano SH 30 - km 80,520 + 93,180 - BR116/RJ' carregado para arvore. Groups=11 | UserLists=1 | Outros=1
2026-06-18 11:25:19 | INFO | Iniciando leitura da seguranca do projeto 'Ampliações 6° Ano SH 31' (ID: 135793)
2026-06-18 11:25:19 | INFO | Get-PWFolderSecurity retornou 14 item(ns).
2026-06-18 11:25:19 | INFO | Get-PWFolderTreeAccessObjects retornou 1 item(ns).
2026-06-18 11:25:20 | WARN | Cmdlet Get-PWProjectSecurity nao encontrado no ambiente. A leitura seguira apenas com FolderSecurity/TreeAccessObjects.
2026-06-18 11:25:20 | INFO | Total consolidado de acessos encontrados: 13
2026-06-18 11:25:20 | INFO | Projeto 'Ampliações 6° Ano SH 31 - km 93,180 + 108,430 -  BR116/RJ' carregado para arvore. Groups=11 | UserLists=1 | Outros=1
2026-06-18 11:25:20 | INFO | Iniciando leitura da seguranca do projeto 'Ampliações 6° Ano SH 35' (ID: 138917)
2026-06-18 11:25:20 | INFO | Get-PWFolderSecurity retornou 14 item(ns).
2026-06-18 11:25:20 | INFO | Get-PWFolderTreeAccessObjects retornou 1 item(ns).
2026-06-18 11:25:20 | WARN | Cmdlet Get-PWProjectSecurity nao encontrado no ambiente. A leitura seguira apenas com FolderSecurity/TreeAccessObjects.
2026-06-18 11:25:20 | INFO | Total consolidado de acessos encontrados: 13
2026-06-18 11:25:20 | INFO | Projeto 'Ampliações 6° Ano SH 35 - km 126,500 + 137,110 - BR116/RJ' carregado para arvore. Groups=11 | UserLists=1 | Outros=1
2026-06-18 11:25:20 | INFO | Iniciando leitura da seguranca do projeto 'Ampliações 6° Ano SH 36' (ID: 139698)
2026-06-18 11:25:21 | INFO | Get-PWFolderSecurity retornou 14 item(ns).
2026-06-18 11:25:21 | INFO | Get-PWFolderTreeAccessObjects retornou 1 item(ns).
2026-06-18 11:25:21 | WARN | Cmdlet Get-PWProjectSecurity nao encontrado no ambiente. A leitura seguira apenas com FolderSecurity/TreeAccessObjects.
2026-06-18 11:25:21 | INFO | Total consolidado de acessos encontrados: 13
2026-06-18 11:25:21 | INFO | Projeto 'Ampliações 6° Ano SH 36 - km 137,110 + 141,530 - BR116/RJ' carregado para arvore. Groups=11 | UserLists=1 | Outros=1
2026-06-18 11:25:21 | INFO | Iniciando leitura da seguranca do projeto 'Ampliações 6° Ano SH 37' (ID: 140479)
2026-06-18 11:25:21 | INFO | Get-PWFolderSecurity retornou 14 item(ns).
2026-06-18 11:25:22 | INFO | Get-PWFolderTreeAccessObjects retornou 1 item(ns).
2026-06-18 11:25:22 | WARN | Cmdlet Get-PWProjectSecurity nao encontrado no ambiente. A leitura seguira apenas com FolderSecurity/TreeAccessObjects.
2026-06-18 11:25:22 | INFO | Total consolidado de acessos encontrados: 13
2026-06-18 11:25:22 | INFO | Projeto 'Ampliações 6° Ano SH 37 - km 141,530 + 148,660 - BR116/RJ' carregado para arvore. Groups=11 | UserLists=1 | Outros=1
2026-06-18 11:25:22 | INFO | Iniciando leitura da seguranca do projeto 'Ampliações 6° Ano SH 41' (ID: 143603)
2026-06-18 11:25:22 | INFO | Get-PWFolderSecurity retornou 14 item(ns).
2026-06-18 11:25:22 | INFO | Get-PWFolderTreeAccessObjects retornou 1 item(ns).
2026-06-18 11:25:22 | WARN | Cmdlet Get-PWProjectSecurity nao encontrado no ambiente. A leitura seguira apenas com FolderSecurity/TreeAccessObjects.
2026-06-18 11:25:22 | INFO | Total consolidado de acessos encontrados: 13
2026-06-18 11:25:22 | INFO | Projeto 'Ampliações 6° Ano SH 41 - km 48,100 + 55,080 - BR493/RJ' carregado para arvore. Groups=11 | UserLists=1 | Outros=1
2026-06-18 11:25:22 | INFO | Iniciando leitura da seguranca do projeto 'Ampliações 6° Ano SH 42' (ID: 144384)
2026-06-18 11:25:23 | INFO | Get-PWFolderSecurity retornou 14 item(ns).
2026-06-18 11:25:24 | INFO | Get-PWFolderTreeAccessObjects retornou 1 item(ns).
2026-06-18 11:25:24 | WARN | Cmdlet Get-PWProjectSecurity nao encontrado no ambiente. A leitura seguira apenas com FolderSecurity/TreeAccessObjects.
2026-06-18 11:25:24 | INFO | Total consolidado de acessos encontrados: 13
2026-06-18 11:25:24 | INFO | Projeto 'Ampliações 6° Ano SH 42 - km 55,080 + 65,880 - BR493/RJ' carregado para arvore. Groups=11 | UserLists=1 | Outros=1
2026-06-18 11:25:24 | INFO | Iniciando leitura da seguranca do projeto 'Ampliações 6° Ano SH 43' (ID: 145165)
2026-06-18 11:25:25 | INFO | Get-PWFolderSecurity retornou 14 item(ns).
2026-06-18 11:25:25 | INFO | Get-PWFolderTreeAccessObjects retornou 1 item(ns).
2026-06-18 11:25:25 | WARN | Cmdlet Get-PWProjectSecurity nao encontrado no ambiente. A leitura seguira apenas com FolderSecurity/TreeAccessObjects.
2026-06-18 11:25:25 | INFO | Total consolidado de acessos encontrados: 13
2026-06-18 11:25:25 | INFO | Projeto 'Ampliações 6° Ano SH 43 - km 65,880 + 84,400 - BR493/RJ' carregado para arvore. Groups=11 | UserLists=1 | Outros=1
2026-06-18 11:25:25 | INFO | Iniciando leitura da seguranca do projeto 'Ampliações 7° Ano Acesso' (ID: 410352)
2026-06-18 11:25:27 | INFO | Get-PWFolderSecurity retornou 14 item(ns).
2026-06-18 11:25:28 | INFO | Get-PWFolderTreeAccessObjects retornou 1 item(ns).
2026-06-18 11:25:28 | WARN | Cmdlet Get-PWProjectSecurity nao encontrado no ambiente. A leitura seguira apenas com FolderSecurity/TreeAccessObjects.
2026-06-18 11:25:28 | INFO | Total consolidado de acessos encontrados: 13
2026-06-18 11:25:28 | INFO | Projeto 'Ampliações 7° Ano - Lote 15 - Acesso km 057 - BR116/RJ' carregado para arvore. Groups=11 | UserLists=1 | Outros=1
2026-06-18 11:25:28 | INFO | Iniciando leitura da seguranca do projeto 'Ampliações 7° Ano SH 05' (ID: 96381)
2026-06-18 11:25:29 | INFO | Get-PWFolderSecurity retornou 14 item(ns).
2026-06-18 11:25:29 | INFO | Get-PWFolderTreeAccessObjects retornou 1 item(ns).
2026-06-18 11:25:29 | WARN | Cmdlet Get-PWProjectSecurity nao encontrado no ambiente. A leitura seguira apenas com FolderSecurity/TreeAccessObjects.
2026-06-18 11:25:29 | INFO | Total consolidado de acessos encontrados: 13
2026-06-18 11:25:29 | INFO | Projeto 'Ampliações 7° Ano SH 05 - km 469,630 + 485,540 - BR116/MG' carregado para arvore. Groups=11 | UserLists=1 | Outros=1
2026-06-18 11:25:29 | INFO | Iniciando leitura da seguranca do projeto 'Ampliações 7° Ano SH 11' (ID: 110629)
2026-06-18 11:25:29 | INFO | Get-PWFolderSecurity retornou 14 item(ns).
2026-06-18 11:25:30 | INFO | Get-PWFolderTreeAccessObjects retornou 1 item(ns).
2026-06-18 11:25:30 | WARN | Cmdlet Get-PWProjectSecurity nao encontrado no ambiente. A leitura seguira apenas com FolderSecurity/TreeAccessObjects.
2026-06-18 11:25:30 | INFO | Total consolidado de acessos encontrados: 13
2026-06-18 11:25:30 | INFO | Projeto 'Ampliações 7° Ano SH 11 - km 527,530 + 561,400 - BR116/MG' carregado para arvore. Groups=11 | UserLists=1 | Outros=1
2026-06-18 11:25:30 | INFO | Iniciando leitura da seguranca do projeto 'Ampliações 7° Ano SH 14' (ID: 115629)
2026-06-18 11:25:30 | INFO | Get-PWFolderSecurity retornou 14 item(ns).
2026-06-18 11:25:30 | INFO | Get-PWFolderTreeAccessObjects retornou 1 item(ns).
2026-06-18 11:25:30 | WARN | Cmdlet Get-PWProjectSecurity nao encontrado no ambiente. A leitura seguira apenas com FolderSecurity/TreeAccessObjects.
2026-06-18 11:25:30 | INFO | Total consolidado de acessos encontrados: 13
2026-06-18 11:25:30 | INFO | Projeto 'Ampliações 7° Ano SH 14 - km 606,830 + 634,860 - BR116/MG' carregado para arvore. Groups=11 | UserLists=1 | Outros=1
2026-06-18 11:25:30 | INFO | Iniciando leitura da seguranca do projeto 'Ampliações 7° Ano SH 15' (ID: 116410)
2026-06-18 11:25:31 | INFO | Get-PWFolderSecurity retornou 14 item(ns).
2026-06-18 11:25:31 | INFO | Get-PWFolderTreeAccessObjects retornou 1 item(ns).
2026-06-18 11:25:31 | WARN | Cmdlet Get-PWProjectSecurity nao encontrado no ambiente. A leitura seguira apenas com FolderSecurity/TreeAccessObjects.
2026-06-18 11:25:31 | INFO | Total consolidado de acessos encontrados: 13
2026-06-18 11:25:31 | INFO | Projeto 'Ampliações 7° Ano SH 15 - km 634,860 + 650,270 - BR116/MG' carregado para arvore. Groups=11 | UserLists=1 | Outros=1
2026-06-18 11:25:31 | INFO | Iniciando leitura da seguranca do projeto 'Ampliações 7° Ano SH 16' (ID: 117191)
2026-06-18 11:25:32 | INFO | Get-PWFolderSecurity retornou 14 item(ns).
2026-06-18 11:25:32 | INFO | Get-PWFolderTreeAccessObjects retornou 1 item(ns).
2026-06-18 11:25:32 | WARN | Cmdlet Get-PWProjectSecurity nao encontrado no ambiente. A leitura seguira apenas com FolderSecurity/TreeAccessObjects.
2026-06-18 11:25:32 | INFO | Total consolidado de acessos encontrados: 13
2026-06-18 11:25:32 | INFO | Projeto 'Ampliações 7° Ano SH 16 - km 650,280 + 702,260 - BR116/MG' carregado para arvore. Groups=11 | UserLists=1 | Outros=1
2026-06-18 11:25:32 | INFO | Iniciando leitura da seguranca do projeto 'Ampliações 7° Ano SH 18' (ID: 118777)
2026-06-18 11:25:32 | INFO | Get-PWFolderSecurity retornou 14 item(ns).
2026-06-18 11:25:32 | INFO | Get-PWFolderTreeAccessObjects retornou 1 item(ns).
2026-06-18 11:25:32 | WARN | Cmdlet Get-PWProjectSecurity nao encontrado no ambiente. A leitura seguira apenas com FolderSecurity/TreeAccessObjects.
2026-06-18 11:25:32 | INFO | Total consolidado de acessos encontrados: 13
2026-06-18 11:25:32 | INFO | Projeto 'Ampliações 7° Ano SH 18 - km 703,450 + 736,400 - BR116/MG' carregado para arvore. Groups=11 | UserLists=1 | Outros=1
2026-06-18 11:25:32 | INFO | Iniciando leitura da seguranca do projeto 'Ampliações 7° Ano SH 19' (ID: 119562)
2026-06-18 11:25:33 | INFO | Get-PWFolderSecurity retornou 14 item(ns).
2026-06-18 11:25:33 | INFO | Get-PWFolderTreeAccessObjects retornou 1 item(ns).
2026-06-18 11:25:33 | WARN | Cmdlet Get-PWProjectSecurity nao encontrado no ambiente. A leitura seguira apenas com FolderSecurity/TreeAccessObjects.
2026-06-18 11:25:33 | INFO | Total consolidado de acessos encontrados: 13
2026-06-18 11:25:33 | INFO | Projeto 'Ampliações 7° Ano SH 19 - km 736,400 + 744,580 - BR116/MG' carregado para arvore. Groups=11 | UserLists=1 | Outros=1
2026-06-18 11:25:33 | INFO | Iniciando leitura da seguranca do projeto 'Ampliações 7° Ano SH 27' (ID: 125874)
2026-06-18 11:25:34 | INFO | Get-PWFolderSecurity retornou 14 item(ns).
2026-06-18 11:25:35 | INFO | Get-PWFolderTreeAccessObjects retornou 1 item(ns).
2026-06-18 11:25:35 | WARN | Cmdlet Get-PWProjectSecurity nao encontrado no ambiente. A leitura seguira apenas com FolderSecurity/TreeAccessObjects.
2026-06-18 11:25:35 | INFO | Total consolidado de acessos encontrados: 13
2026-06-18 11:25:35 | INFO | Projeto 'Ampliações 7° Ano SH 27 - km 40,370 + 56,520 - BR116/RJ' carregado para arvore. Groups=11 | UserLists=1 | Outros=1
2026-06-18 11:25:35 | INFO | Iniciando leitura da seguranca do projeto 'Ampliações 7° Ano SH 28' (ID: 127093)
2026-06-18 11:25:36 | INFO | Get-PWFolderSecurity retornou 14 item(ns).
2026-06-18 11:25:36 | INFO | Get-PWFolderTreeAccessObjects retornou 1 item(ns).
2026-06-18 11:25:37 | WARN | Cmdlet Get-PWProjectSecurity nao encontrado no ambiente. A leitura seguira apenas com FolderSecurity/TreeAccessObjects.
2026-06-18 11:25:37 | INFO | Total consolidado de acessos encontrados: 13
2026-06-18 11:25:37 | INFO | Projeto 'Ampliações 7° Ano SH 28 - km 56,520 + 59,430 - BR116/RJ' carregado para arvore. Groups=11 | UserLists=1 | Outros=1
2026-06-18 11:25:37 | INFO | Iniciando leitura da seguranca do projeto 'Ampliações 8° Ano Ciclovia' (ID: 410389)
2026-06-18 11:25:38 | INFO | Get-PWFolderSecurity retornou 14 item(ns).
2026-06-18 11:25:38 | INFO | Get-PWFolderTreeAccessObjects retornou 1 item(ns).
2026-06-18 11:25:38 | WARN | Cmdlet Get-PWProjectSecurity nao encontrado no ambiente. A leitura seguira apenas com FolderSecurity/TreeAccessObjects.
2026-06-18 11:25:38 | INFO | Total consolidado de acessos encontrados: 13
2026-06-18 11:25:38 | INFO | Projeto 'Ampliações 8° Ano - SH-32 - Ciclovia - km 108-110 - BR116RJ' carregado para arvore. Groups=11 | UserLists=1 | Outros=1
2026-06-18 11:25:38 | INFO | Iniciando leitura da seguranca do projeto 'Ampliações 8° Ano Diamante' (ID: 410426)
2026-06-18 11:25:39 | INFO | Get-PWFolderSecurity retornou 14 item(ns).
2026-06-18 11:25:39 | INFO | Get-PWFolderTreeAccessObjects retornou 1 item(ns).
2026-06-18 11:25:39 | WARN | Cmdlet Get-PWProjectSecurity nao encontrado no ambiente. A leitura seguira apenas com FolderSecurity/TreeAccessObjects.
2026-06-18 11:25:39 | INFO | Total consolidado de acessos encontrados: 13
2026-06-18 11:25:39 | INFO | Projeto 'Ampliações 8° Ano - SH-33 - Diamante - km 116+010 - BR116RJ' carregado para arvore. Groups=11 | UserLists=1 | Outros=1
2026-06-18 11:25:39 | INFO | Iniciando leitura da seguranca do projeto 'Ampliações 8° Ano SH 04' (ID: 94818)
2026-06-18 11:25:40 | INFO | Get-PWFolderSecurity retornou 14 item(ns).
2026-06-18 11:25:40 | INFO | Get-PWFolderTreeAccessObjects retornou 1 item(ns).
2026-06-18 11:25:40 | WARN | Cmdlet Get-PWProjectSecurity nao encontrado no ambiente. A leitura seguira apenas com FolderSecurity/TreeAccessObjects.
2026-06-18 11:25:40 | INFO | Total consolidado de acessos encontrados: 13
2026-06-18 11:25:40 | INFO | Projeto 'Ampliações 8° Ano SH 04 - km 456,260 + 469,630 - BR116/MG' carregado para arvore. Groups=11 | UserLists=1 | Outros=1
2026-06-18 11:25:40 | INFO | Iniciando leitura da seguranca do projeto 'Ampliações 8° Ano SH 20' (ID: 120343)
2026-06-18 11:25:41 | INFO | Get-PWFolderSecurity retornou 14 item(ns).
2026-06-18 11:25:41 | INFO | Get-PWFolderTreeAccessObjects retornou 1 item(ns).
2026-06-18 11:25:41 | WARN | Cmdlet Get-PWProjectSecurity nao encontrado no ambiente. A leitura seguira apenas com FolderSecurity/TreeAccessObjects.
2026-06-18 11:25:41 | INFO | Total consolidado de acessos encontrados: 13
2026-06-18 11:25:41 | INFO | Projeto 'Ampliações 8° Ano SH 20 - km 744,580 + 764,890 - BR116/MG' carregado para arvore. Groups=11 | UserLists=1 | Outros=1
2026-06-18 11:25:41 | INFO | Iniciando leitura da seguranca do projeto 'Ampliações 8° Ano SH 21' (ID: 121125)
2026-06-18 11:25:41 | INFO | Get-PWFolderSecurity retornou 14 item(ns).
2026-06-18 11:25:41 | INFO | Get-PWFolderTreeAccessObjects retornou 1 item(ns).
2026-06-18 11:25:41 | WARN | Cmdlet Get-PWProjectSecurity nao encontrado no ambiente. A leitura seguira apenas com FolderSecurity/TreeAccessObjects.
2026-06-18 11:25:41 | INFO | Total consolidado de acessos encontrados: 13
2026-06-18 11:25:41 | INFO | Projeto 'Ampliações 8° Ano SH 21 - km 764,890 + 772,490 - BR116/MG' carregado para arvore. Groups=11 | UserLists=1 | Outros=1
2026-06-18 11:25:41 | INFO | Iniciando leitura da seguranca do projeto 'Ampliações 8° Ano SH 22' (ID: 121907)
2026-06-18 11:25:42 | INFO | Get-PWFolderSecurity retornou 14 item(ns).
2026-06-18 11:25:42 | INFO | Get-PWFolderTreeAccessObjects retornou 1 item(ns).
2026-06-18 11:25:42 | WARN | Cmdlet Get-PWProjectSecurity nao encontrado no ambiente. A leitura seguira apenas com FolderSecurity/TreeAccessObjects.
2026-06-18 11:25:42 | INFO | Total consolidado de acessos encontrados: 13
2026-06-18 11:25:42 | INFO | Projeto 'Ampliações 8° Ano SH 22 - km 772,490 + 814,210 - BR116/MG' carregado para arvore. Groups=11 | UserLists=1 | Outros=1
2026-06-18 11:25:42 | INFO | Iniciando leitura da seguranca do projeto 'Ampliações 8° Ano SH 23' (ID: 122689)
2026-06-18 11:25:43 | INFO | Get-PWFolderSecurity retornou 14 item(ns).
2026-06-18 11:25:43 | INFO | Get-PWFolderTreeAccessObjects retornou 1 item(ns).
2026-06-18 11:25:43 | WARN | Cmdlet Get-PWProjectSecurity nao encontrado no ambiente. A leitura seguira apenas com FolderSecurity/TreeAccessObjects.
2026-06-18 11:25:43 | INFO | Total consolidado de acessos encontrados: 13
2026-06-18 11:25:43 | INFO | Projeto 'Ampliações 8° Ano SH 23 - km 814,210 + 816,320 - BR116/MG' carregado para arvore. Groups=11 | UserLists=1 | Outros=1
2026-06-18 11:25:43 | INFO | Iniciando leitura da seguranca do projeto 'Ampliações 8° Ano SH 24' (ID: 123479)
2026-06-18 11:25:43 | INFO | Get-PWFolderSecurity retornou 14 item(ns).
2026-06-18 11:25:44 | INFO | Get-PWFolderTreeAccessObjects retornou 1 item(ns).
2026-06-18 11:25:44 | WARN | Cmdlet Get-PWProjectSecurity nao encontrado no ambiente. A leitura seguira apenas com FolderSecurity/TreeAccessObjects.
2026-06-18 11:25:44 | INFO | Total consolidado de acessos encontrados: 13
2026-06-18 11:25:44 | INFO | Projeto 'Ampliações 8° Ano SH 24 - km 2,100 + 24,460 - BR116/RJ' carregado para arvore. Groups=11 | UserLists=1 | Outros=1
2026-06-18 11:25:44 | INFO | Iniciando leitura da seguranca do projeto 'Ampliações 8° Ano SH 25' (ID: 124261)
2026-06-18 11:25:44 | INFO | Get-PWFolderSecurity retornou 14 item(ns).
2026-06-18 11:25:45 | INFO | Get-PWFolderTreeAccessObjects retornou 1 item(ns).
2026-06-18 11:25:45 | WARN | Cmdlet Get-PWProjectSecurity nao encontrado no ambiente. A leitura seguira apenas com FolderSecurity/TreeAccessObjects.
2026-06-18 11:25:45 | INFO | Total consolidado de acessos encontrados: 13
2026-06-18 11:25:45 | INFO | Projeto 'Ampliações 8° Ano SH 25 - km 24,460 + 24,770 - BR116/RJ' carregado para arvore. Groups=11 | UserLists=1 | Outros=1
2026-06-18 11:25:45 | INFO | Iniciando leitura da seguranca do projeto 'Ampliações 8° Ano SH 26' (ID: 125066)
2026-06-18 11:25:46 | INFO | Get-PWFolderSecurity retornou 14 item(ns).
2026-06-18 11:25:46 | INFO | Get-PWFolderTreeAccessObjects retornou 1 item(ns).
2026-06-18 11:25:46 | WARN | Cmdlet Get-PWProjectSecurity nao encontrado no ambiente. A leitura seguira apenas com FolderSecurity/TreeAccessObjects.
2026-06-18 11:25:46 | INFO | Total consolidado de acessos encontrados: 13
2026-06-18 11:25:46 | INFO | Projeto 'Ampliações 8° Ano SH 26 - km 24,770 + 40,370 - BR116/RJ' carregado para arvore. Groups=11 | UserLists=1 | Outros=1
2026-06-18 11:25:46 | INFO | Iniciando leitura da seguranca do projeto 'Ampliações 8° Ano SH 32' (ID: 136574)
2026-06-18 11:25:48 | INFO | Get-PWFolderSecurity retornou 14 item(ns).
2026-06-18 11:25:48 | INFO | Get-PWFolderTreeAccessObjects retornou 1 item(ns).
2026-06-18 11:25:48 | WARN | Cmdlet Get-PWProjectSecurity nao encontrado no ambiente. A leitura seguira apenas com FolderSecurity/TreeAccessObjects.
2026-06-18 11:25:48 | INFO | Total consolidado de acessos encontrados: 13
2026-06-18 11:25:48 | INFO | Projeto 'Ampliações 8° Ano SH 32 - km 108,430 + 110,120 - BR116/RJ' carregado para arvore. Groups=11 | UserLists=1 | Outros=1
2026-06-18 11:25:48 | INFO | Iniciando leitura da seguranca do projeto 'Ampliações 8° Ano SH 33' (ID: 137355)
2026-06-18 11:25:50 | INFO | Get-PWFolderSecurity retornou 14 item(ns).
2026-06-18 11:25:50 | INFO | Get-PWFolderTreeAccessObjects retornou 1 item(ns).
2026-06-18 11:25:50 | WARN | Cmdlet Get-PWProjectSecurity nao encontrado no ambiente. A leitura seguira apenas com FolderSecurity/TreeAccessObjects.
2026-06-18 11:25:50 | INFO | Total consolidado de acessos encontrados: 13
2026-06-18 11:25:50 | INFO | Projeto 'Ampliações 8° Ano SH 33 - km 110,120 + 116,150 - BR116/RJ' carregado para arvore. Groups=11 | UserLists=1 | Outros=1
2026-06-18 11:25:50 | INFO | Iniciando leitura da seguranca do projeto 'Ampliações 8° Ano SH 34' (ID: 138136)
2026-06-18 11:25:50 | INFO | Get-PWFolderSecurity retornou 14 item(ns).
2026-06-18 11:25:50 | INFO | Get-PWFolderTreeAccessObjects retornou 1 item(ns).
2026-06-18 11:25:50 | WARN | Cmdlet Get-PWProjectSecurity nao encontrado no ambiente. A leitura seguira apenas com FolderSecurity/TreeAccessObjects.
2026-06-18 11:25:50 | INFO | Total consolidado de acessos encontrados: 13
2026-06-18 11:25:50 | INFO | Projeto 'Ampliações 8° Ano SH 34 - km 116,150 + 126,500 - BR116/RJ' carregado para arvore. Groups=11 | UserLists=1 | Outros=1
2026-06-18 11:25:50 | INFO | Iniciando leitura da seguranca do projeto 'Ampliações 8° Ano SH 44' (ID: 145946)
2026-06-18 11:25:51 | INFO | Get-PWFolderSecurity retornou 14 item(ns).
2026-06-18 11:25:51 | INFO | Get-PWFolderTreeAccessObjects retornou 1 item(ns).
2026-06-18 11:25:51 | WARN | Cmdlet Get-PWProjectSecurity nao encontrado no ambiente. A leitura seguira apenas com FolderSecurity/TreeAccessObjects.
2026-06-18 11:25:51 | INFO | Total consolidado de acessos encontrados: 13
2026-06-18 11:25:51 | INFO | Projeto 'Ampliações 8° Ano SH 44 - km 84,400 + 95,580 - BR493/RJ' carregado para arvore. Groups=11 | UserLists=1 | Outros=1
2026-06-18 11:25:51 | INFO | Iniciando leitura da seguranca do projeto 'Ampliações 8° Ano SH 45' (ID: 146727)
2026-06-18 11:25:52 | INFO | Get-PWFolderSecurity retornou 14 item(ns).
2026-06-18 11:25:52 | INFO | Get-PWFolderTreeAccessObjects retornou 1 item(ns).
2026-06-18 11:25:52 | WARN | Cmdlet Get-PWProjectSecurity nao encontrado no ambiente. A leitura seguira apenas com FolderSecurity/TreeAccessObjects.
2026-06-18 11:25:52 | INFO | Total consolidado de acessos encontrados: 13
2026-06-18 11:25:52 | INFO | Projeto 'Ampliações 8° Ano SH 45 - km 95,580 + 96,800 - BR493/RJ' carregado para arvore. Groups=11 | UserLists=1 | Outros=1
2026-06-18 11:25:52 | INFO | Iniciando leitura da seguranca do projeto 'Ampliações 8° Ano SH 46' (ID: 147508)
2026-06-18 11:25:53 | INFO | Get-PWFolderSecurity retornou 14 item(ns).
2026-06-18 11:25:53 | INFO | Get-PWFolderTreeAccessObjects retornou 1 item(ns).
2026-06-18 11:25:53 | WARN | Cmdlet Get-PWProjectSecurity nao encontrado no ambiente. A leitura seguira apenas com FolderSecurity/TreeAccessObjects.
2026-06-18 11:25:53 | INFO | Total consolidado de acessos encontrados: 13
2026-06-18 11:25:53 | INFO | Projeto 'Ampliações 8° Ano SH 46 - km 96,800 + 98,520 - BR493/RJ' carregado para arvore. Groups=11 | UserLists=1 | Outros=1
2026-06-18 11:25:53 | INFO | Iniciando leitura da seguranca do projeto 'Ampliações 8° Ano SH 47' (ID: 148289)
2026-06-18 11:25:53 | INFO | Get-PWFolderSecurity retornou 14 item(ns).
2026-06-18 11:25:53 | INFO | Get-PWFolderTreeAccessObjects retornou 1 item(ns).
2026-06-18 11:25:54 | WARN | Cmdlet Get-PWProjectSecurity nao encontrado no ambiente. A leitura seguira apenas com FolderSecurity/TreeAccessObjects.
2026-06-18 11:25:54 | INFO | Total consolidado de acessos encontrados: 13
2026-06-18 11:25:54 | INFO | Projeto 'Ampliações 8° Ano SH 47 - km 98,520 + 120,130 - BR493/RJ' carregado para arvore. Groups=11 | UserLists=1 | Outros=1
2026-06-18 11:25:54 | INFO | Iniciando leitura da seguranca do projeto 'Ampliações 8° Ano SH 48' (ID: 149070)
2026-06-18 11:25:54 | INFO | Get-PWFolderSecurity retornou 14 item(ns).
2026-06-18 11:25:54 | INFO | Get-PWFolderTreeAccessObjects retornou 1 item(ns).
2026-06-18 11:25:54 | WARN | Cmdlet Get-PWProjectSecurity nao encontrado no ambiente. A leitura seguira apenas com FolderSecurity/TreeAccessObjects.
2026-06-18 11:25:54 | INFO | Total consolidado de acessos encontrados: 13
2026-06-18 11:25:54 | INFO | Projeto 'Ampliações 8° Ano SH 48 -  km 120,130 + 122,700 - BR493/RJ' carregado para arvore. Groups=11 | UserLists=1 | Outros=1
2026-06-18 11:25:54 | INFO | Iniciando leitura da seguranca do projeto 'Ampliações 8° Ano SH 59' (ID: 157664)
2026-06-18 11:25:55 | INFO | Get-PWFolderSecurity retornou 14 item(ns).
2026-06-18 11:25:55 | INFO | Get-PWFolderTreeAccessObjects retornou 1 item(ns).
2026-06-18 11:25:55 | WARN | Cmdlet Get-PWProjectSecurity nao encontrado no ambiente. A leitura seguira apenas com FolderSecurity/TreeAccessObjects.
2026-06-18 11:25:55 | INFO | Total consolidado de acessos encontrados: 13
2026-06-18 11:25:55 | INFO | Projeto 'Ampliações 8° Ano SH 59 - km 0,000 + 2,820 - BR465/RJ' carregado para arvore. Groups=11 | UserLists=1 | Outros=1
2026-06-18 11:25:55 | INFO | Iniciando leitura da seguranca do projeto 'Ampliações 8° Ano SH 60' (ID: 158447)
2026-06-18 11:25:57 | INFO | Get-PWFolderSecurity retornou 14 item(ns).
2026-06-18 11:25:57 | INFO | Get-PWFolderTreeAccessObjects retornou 1 item(ns).
2026-06-18 11:25:57 | WARN | Cmdlet Get-PWProjectSecurity nao encontrado no ambiente. A leitura seguira apenas com FolderSecurity/TreeAccessObjects.
2026-06-18 11:25:57 | INFO | Total consolidado de acessos encontrados: 13
2026-06-18 11:25:57 | INFO | Projeto 'Ampliações 8° Ano SH 60 -  km 2,820 + 5,910 - BR465/RJ' carregado para arvore. Groups=11 | UserLists=1 | Outros=1
2026-06-18 11:25:57 | INFO | Iniciando leitura da seguranca do projeto 'Ampliações 8° Ano SH 61' (ID: 159228)
2026-06-18 11:25:58 | INFO | Get-PWFolderSecurity retornou 14 item(ns).
2026-06-18 11:25:59 | INFO | Get-PWFolderTreeAccessObjects retornou 1 item(ns).
2026-06-18 11:25:59 | WARN | Cmdlet Get-PWProjectSecurity nao encontrado no ambiente. A leitura seguira apenas com FolderSecurity/TreeAccessObjects.
2026-06-18 11:25:59 | INFO | Total consolidado de acessos encontrados: 13
2026-06-18 11:25:59 | INFO | Projeto 'Ampliações 8° Ano SH 61 - km 5,910 + 8,000 - BR465/RJ' carregado para arvore. Groups=11 | UserLists=1 | Outros=1
2026-06-18 11:25:59 | INFO | Iniciando leitura da seguranca do projeto 'Ampliações 8° Ano SH 62' (ID: 160009)
2026-06-18 11:26:00 | INFO | Get-PWFolderSecurity retornou 14 item(ns).
2026-06-18 11:26:00 | INFO | Get-PWFolderTreeAccessObjects retornou 1 item(ns).
2026-06-18 11:26:01 | WARN | Cmdlet Get-PWProjectSecurity nao encontrado no ambiente. A leitura seguira apenas com FolderSecurity/TreeAccessObjects.
2026-06-18 11:26:01 | INFO | Total consolidado de acessos encontrados: 13
2026-06-18 11:26:01 | INFO | Projeto 'Ampliações 8° Ano SH 62 -  km 8,000 + 12,780 - BR465/RJ' carregado para arvore. Groups=11 | UserLists=1 | Outros=1
2026-06-18 11:26:01 | INFO | Iniciando leitura da seguranca do projeto 'Ampliações 8° Ano SH 63' (ID: 160790)
2026-06-18 11:26:01 | INFO | Get-PWFolderSecurity retornou 14 item(ns).
2026-06-18 11:26:01 | INFO | Get-PWFolderTreeAccessObjects retornou 1 item(ns).
2026-06-18 11:26:01 | WARN | Cmdlet Get-PWProjectSecurity nao encontrado no ambiente. A leitura seguira apenas com FolderSecurity/TreeAccessObjects.
2026-06-18 11:26:01 | INFO | Total consolidado de acessos encontrados: 13
2026-06-18 11:26:01 | INFO | Projeto 'Ampliações 8° Ano SH 63 - km 12,780 + 20,260 - BR465/RJ' carregado para arvore. Groups=11 | UserLists=1 | Outros=1
2026-06-18 11:26:01 | INFO | Iniciando leitura da seguranca do projeto 'Ampliações 8° Ano SH 64' (ID: 161571)
2026-06-18 11:26:02 | INFO | Get-PWFolderSecurity retornou 14 item(ns).
2026-06-18 11:26:02 | INFO | Get-PWFolderTreeAccessObjects retornou 1 item(ns).
2026-06-18 11:26:02 | WARN | Cmdlet Get-PWProjectSecurity nao encontrado no ambiente. A leitura seguira apenas com FolderSecurity/TreeAccessObjects.
2026-06-18 11:26:02 | INFO | Total consolidado de acessos encontrados: 13
2026-06-18 11:26:02 | INFO | Projeto 'Ampliações 8° Ano SH 64 - km 20,260 + 23,160 - BR465/RJ' carregado para arvore. Groups=11 | UserLists=1 | Outros=1
2026-06-18 11:26:02 | INFO | Iniciando leitura da seguranca do projeto 'BSO 1 - Alpercata' (ID: 404090)
2026-06-18 11:26:03 | INFO | Get-PWFolderSecurity retornou 14 item(ns).
2026-06-18 11:26:03 | INFO | Get-PWFolderTreeAccessObjects retornou 1 item(ns).
2026-06-18 11:26:03 | WARN | Cmdlet Get-PWProjectSecurity nao encontrado no ambiente. A leitura seguira apenas com FolderSecurity/TreeAccessObjects.
2026-06-18 11:26:03 | INFO | Total consolidado de acessos encontrados: 13
2026-06-18 11:26:03 | INFO | Projeto 'BSO 1 - Alpercata - BR-116/MG - km 420+830 - Sul' carregado para arvore. Groups=11 | UserLists=1 | Outros=1
2026-06-18 11:26:03 | INFO | Iniciando leitura da seguranca do projeto 'BSO 10 - Além Paraíba' (ID: 404808)
2026-06-18 11:26:04 | INFO | Get-PWFolderSecurity retornou 33 item(ns).
2026-06-18 11:26:04 | INFO | Get-PWFolderTreeAccessObjects retornou 1 item(ns).
2026-06-18 11:26:04 | WARN | Cmdlet Get-PWProjectSecurity nao encontrado no ambiente. A leitura seguira apenas com FolderSecurity/TreeAccessObjects.
2026-06-18 11:26:04 | INFO | Total consolidado de acessos encontrados: 22
2026-06-18 11:26:04 | INFO | Projeto 'BSO 10 - Além Paraíba - BR-116/MG - km 797+930 - Sul' carregado para arvore. Groups=20 | UserLists=1 | Outros=1
2026-06-18 11:26:04 | INFO | Iniciando leitura da seguranca do projeto 'BSO 11 - Sapucaia' (ID: 404959)
2026-06-18 11:26:05 | INFO | Get-PWFolderSecurity retornou 14 item(ns).
2026-06-18 11:26:05 | INFO | Get-PWFolderTreeAccessObjects retornou 1 item(ns).
2026-06-18 11:26:05 | WARN | Cmdlet Get-PWProjectSecurity nao encontrado no ambiente. A leitura seguira apenas com FolderSecurity/TreeAccessObjects.
2026-06-18 11:26:05 | INFO | Total consolidado de acessos encontrados: 13
2026-06-18 11:26:05 | INFO | Projeto 'BSO 11 - Sapucaia - BR-116/RJ  - km 29+900 - Norte' carregado para arvore. Groups=11 | UserLists=1 | Outros=1
2026-06-18 11:26:05 | INFO | Iniciando leitura da seguranca do projeto 'BSO 12 - Teresópolis' (ID: 405122)
