2026-07-24 15:53:43 | INFO | Aplicacao iniciada.
2026-07-24 15:53:43 | INFO | Tentando importar modulo do ProjectWise.
2026-07-24 15:53:43 | INFO | Modulo 'pwps_dab' importado com sucesso.
2026-07-24 15:53:43 | INFO | Tentando conectar ao datasource do ProjectWise.
2026-07-24 15:53:43 | INFO | Tentando conexao via 'New-PWLogin'. Parametros: DatasourceName, UserName, Password, UseGui, DoNotCreateWorkingDirectory, BentleyIMS, LoadWRE, NonAdminLogin, Token, Verbose, Debug, ErrorAction, WarningAction, InformationAction, ErrorVariable, WarningVariable, InformationVariable, OutVariable, OutBuffer, PipelineVariable
2026-07-24 15:54:02 | INFO | Conexao realizada via 'New-PWLogin -BentleyIMS'.
2026-07-24 15:54:02 | INFO | Conexao com ProjectWise realizada com sucesso.
2026-07-24 15:54:26 | INFO | Buscando usuario pelo email: henrique.coelho@ecovias.com.br
2026-07-24 15:54:26 | INFO | Parametros encontrados no cmdlet: UserName, UserId, SecProvider, Email, Identity, Disabled, Enabled, LastLogin, LoginInfo, Verbose, Debug, ErrorAction, WarningAction, InformationAction, ErrorVariable, WarningVariable, InformationVariable, OutVariable, OutBuffer, PipelineVariable
2026-07-24 15:54:27 | INFO | Usuario localizado com correspondencia exata de email.
2026-07-24 15:54:29 | INFO | Listando pastas da raiz por Root.
2026-07-24 15:54:35 | INFO | Listando filhos da pasta ID: 56
2026-07-24 15:54:59 | INFO | Listando filhos da pasta ID: 915
2026-07-24 15:55:01 | INFO | Listando filhos da pasta ID: 56667
2026-07-24 15:55:07 | INFO | Iniciando leitura da seguranca do projeto 'Acostamentos do SH8' (ID: 56668)
2026-07-24 15:55:10 | INFO | Get-PWFolderSecurity retornou 14 item(ns).
2026-07-24 15:55:10 | INFO | Get-PWFolderTreeAccessObjects retornou 1 item(ns).
2026-07-24 15:55:10 | WARN | Cmdlet Get-PWProjectSecurity nao encontrado no ambiente. A leitura seguira apenas com FolderSecurity/TreeAccessObjects.
2026-07-24 15:55:10 | INFO | Total consolidado de acessos encontrados: 13
2026-07-24 15:55:10 | INFO | Projeto 'Acostamentos do SH8 - km 002 - 043 - LMG-754' carregado para arvore. Groups=11 | UserLists=1 | Outros=1
2026-07-24 15:55:10 | INFO | Iniciando leitura da seguranca do projeto 'Contor. Montes Claros' (ID: 349667)
2026-07-24 15:55:12 | INFO | Get-PWFolderSecurity retornou 14 item(ns).
2026-07-24 15:55:13 | INFO | Get-PWFolderTreeAccessObjects retornou 1 item(ns).
2026-07-24 15:55:13 | WARN | Cmdlet Get-PWProjectSecurity nao encontrado no ambiente. A leitura seguira apenas com FolderSecurity/TreeAccessObjects.
2026-07-24 15:55:13 | INFO | Total consolidado de acessos encontrados: 13
2026-07-24 15:55:13 | INFO | Projeto 'Contorno de Montes Claros - Trecho D - (km á definir)' carregado para arvore. Groups=11 | UserLists=1 | Outros=1
2026-07-24 15:55:13 | INFO | Iniciando leitura da seguranca do projeto 'Faixas Adicionais SH 4' (ID: 354473)
2026-07-24 15:55:15 | INFO | Get-PWFolderSecurity retornou 14 item(ns).
2026-07-24 15:55:16 | INFO | Get-PWFolderTreeAccessObjects retornou 1 item(ns).
2026-07-24 15:55:16 | WARN | Cmdlet Get-PWProjectSecurity nao encontrado no ambiente. A leitura seguira apenas com FolderSecurity/TreeAccessObjects.
2026-07-24 15:55:16 | INFO | Total consolidado de acessos encontrados: 13
2026-07-24 15:55:16 | INFO | Projeto 'Faixas Adicionais SH 4 - km 473+870 - 473+310 - BR135/MG' carregado para arvore. Groups=11 | UserLists=1 | Outros=1
2026-07-24 15:55:16 | INFO | Iniciando leitura da seguranca do projeto 'Faixas Adicionais SH 5' (ID: 354509)
2026-07-24 15:55:17 | INFO | Get-PWFolderSecurity retornou 14 item(ns).
2026-07-24 15:55:17 | INFO | Get-PWFolderTreeAccessObjects retornou 1 item(ns).
2026-07-24 15:55:17 | WARN | Cmdlet Get-PWProjectSecurity nao encontrado no ambiente. A leitura seguira apenas com FolderSecurity/TreeAccessObjects.
2026-07-24 15:55:17 | INFO | Total consolidado de acessos encontrados: 13
2026-07-24 15:55:17 | INFO | Projeto 'Faixas Adicionais SH 5 - km 427+300 - 427+900 - BR135/MG' carregado para arvore. Groups=11 | UserLists=1 | Outros=1
2026-07-24 15:55:17 | INFO | Iniciando leitura da seguranca do projeto 'Retorno km 386' (ID: 172831)
2026-07-24 15:55:18 | INFO | Get-PWFolderSecurity retornou 14 item(ns).
2026-07-24 15:55:18 | INFO | Get-PWFolderTreeAccessObjects retornou 1 item(ns).
2026-07-24 15:55:18 | WARN | Cmdlet Get-PWProjectSecurity nao encontrado no ambiente. A leitura seguira apenas com FolderSecurity/TreeAccessObjects.
2026-07-24 15:55:18 | INFO | Total consolidado de acessos encontrados: 13
2026-07-24 15:55:18 | INFO | Projeto 'Retorno Operacional -  km 386+387 - BR135/MG' carregado para arvore. Groups=11 | UserLists=1 | Outros=1
2026-07-24 15:59:13 | INFO | Resumo final da execução | Total=1 | Sucesso=1 | JaExiste=0 | Erro=0
2026-07-24 15:59:17 | INFO | Sessao encerrada com 'Undo-PWLogin'.
